
> selen.it-digital-agency@0.1.0 test
> jest

FAIL src/__tests__/hooks/useContactForm.test.tsx
  ● Console

    console.error
      Submit error: Error: Network error
          at Object.<anonymous> (/Users/ppmtrue/Documents/GitHub/SelenIT-Digital-Agency/src/__tests__/hooks/useContactForm.test.tsx:343:44)
          at Promise.finally.completed (/Users/ppmtrue/Documents/GitHub/SelenIT-Digital-Agency/node_modules/jest-circus/build/jestAdapterInit.js:1557:28)
          at new Promise (<anonymous>)
          at callAsyncCircusFn (/Users/ppmtrue/Documents/GitHub/SelenIT-Digital-Agency/node_modules/jest-circus/build/jestAdapterInit.js:1497:10)
          at _callCircusTest (/Users/ppmtrue/Documents/GitHub/SelenIT-Digital-Agency/node_modules/jest-circus/build/jestAdapterInit.js:1007:40)
          at _runTest (/Users/ppmtrue/Documents/GitHub/SelenIT-Digital-Agency/node_modules/jest-circus/build/jestAdapterInit.js:947:3)
          at /Users/ppmtrue/Documents/GitHub/SelenIT-Digital-Agency/node_modules/jest-circus/build/jestAdapterInit.js:849:7
          at _runTestsForDescribeBlock (/Users/ppmtrue/Documents/GitHub/SelenIT-Digital-Agency/node_modules/jest-circus/build/jestAdapterInit.js:862:11)
          at _runTestsForDescribeBlock (/Users/ppmtrue/Documents/GitHub/SelenIT-Digital-Agency/node_modules/jest-circus/build/jestAdapterInit.js:857:11)
          at _runTestsForDescribeBlock (/Users/ppmtrue/Documents/GitHub/SelenIT-Digital-Agency/node_modules/jest-circus/build/jestAdapterInit.js:857:11)
          at run (/Users/ppmtrue/Documents/GitHub/SelenIT-Digital-Agency/node_modules/jest-circus/build/jestAdapterInit.js:761:3)
          at runAndTransformResultsToJestFormat (/Users/ppmtrue/Documents/GitHub/SelenIT-Digital-Agency/node_modules/jest-circus/build/jestAdapterInit.js:1918:21)
          at jestAdapter (/Users/ppmtrue/Documents/GitHub/SelenIT-Digital-Agency/node_modules/jest-circus/build/runner.js:101:19)
          at runTestInternal (/Users/ppmtrue/Documents/GitHub/SelenIT-Digital-Agency/node_modules/jest-runner/build/testWorker.js:275:16)
          at runTest (/Users/ppmtrue/Documents/GitHub/SelenIT-Digital-Agency/node_modules/jest-runner/build/testWorker.js:343:7)
          at Object.worker (/Users/ppmtrue/Documents/GitHub/SelenIT-Digital-Agency/node_modules/jest-runner/build/testWorker.js:497:12)

      168 |                 window.scrollTo({ top: 0, behavior: 'smooth' });
      169 |             } catch (error) {
    > 170 |                 console.error('Submit error:', error);
          |                         ^
      171 |                 setSubmitError(
      172 |                     lang === 'ru'
      173 |                         ? 'Ошибка отправки. Попробуйте позже.'

      at Object.error [as handleSubmit] (src/hooks/useContactForm.ts:170:25)
      at src/__tests__/hooks/useContactForm.test.tsx:365:17

    console.log
      Spam detected

      at Object.log [as handleSubmit] (src/hooks/useContactForm.ts:154:25)

  ● useContactForm Hook › Edge Cases › should handle multiple rapid submissions

    expect(jest.fn()).toHaveBeenCalledTimes(expected)

    Expected number of calls: 1
    Received number of calls: 3

      512 |
      513 |             expect(result.current.isSubmitted).toBe(true);
    > 514 |             expect(mockOnSubmit).toHaveBeenCalledTimes(1);
          |                                  ^
      515 |         });
      516 |     });
      517 | });

      at Object.toHaveBeenCalledTimes (src/__tests__/hooks/useContactForm.test.tsx:514:34)

FAIL src/__tests__/components/layout/Header.test.tsx
  ● Console

    console.error
      Error: Uncaught [TypeError: Cannot read properties of undefined (reading 'label')]
          at Object.<anonymous> (src/__tests__/components/layout/Header.test.tsx:153:15)
          at new Promise (<anonymous>) {
        detail: TypeError: Cannot read properties of undefined (reading 'label')
            at label (/Users/ppmtrue/Documents/GitHub/SelenIT-Digital-Agency/src/hooks/useNavigationLogic.ts:30:42)
            at Header (/Users/ppmtrue/Documents/GitHub/SelenIT-Digital-Agency/src/components/layout/Header.tsx:53:27)
            at renderWithHooks (/Users/ppmtrue/Documents/GitHub/SelenIT-Digital-Agency/node_modules/react-dom/cjs/react-dom.development.js:15486:18)
            at mountIndeterminateComponent (/Users/ppmtrue/Documents/GitHub/SelenIT-Digital-Agency/node_modules/react-dom/cjs/react-dom.development.js:20103:13)
            at beginWork (/Users/ppmtrue/Documents/GitHub/SelenIT-Digital-Agency/node_modules/react-dom/cjs/react-dom.development.js:21626:16)
            at HTMLUnknownElement.callCallback (/Users/ppmtrue/Documents/GitHub/SelenIT-Digital-Agency/node_modules/react-dom/cjs/react-dom.development.js:4164:14)
            at HTMLUnknownElement.callTheUserObjectsOperation (/Users/ppmtrue/Documents/GitHub/SelenIT-Digital-Agency/node_modules/jsdom/lib/jsdom/living/generated/EventListener.js:26:30)
            at innerInvokeEventListeners (/Users/ppmtrue/Documents/GitHub/SelenIT-Digital-Agency/node_modules/jsdom/lib/jsdom/living/events/EventTarget-impl.js:350:25)
            at invokeEventListeners (/Users/ppmtrue/Documents/GitHub/SelenIT-Digital-Agency/node_modules/jsdom/lib/jsdom/living/events/EventTarget-impl.js:286:3)
            at HTMLUnknownElementImpl._dispatch (/Users/ppmtrue/Documents/GitHub/SelenIT-Digital-Agency/node_modules/jsdom/lib/jsdom/living/events/EventTarget-impl.js:233:9)
            at HTMLUnknownElementImpl.dispatchEvent (/Users/ppmtrue/Documents/GitHub/SelenIT-Digital-Agency/node_modules/jsdom/lib/jsdom/living/events/EventTarget-impl.js:104:17)
            at HTMLUnknownElement.dispatchEvent (/Users/ppmtrue/Documents/GitHub/SelenIT-Digital-Agency/node_modules/jsdom/lib/jsdom/living/generated/EventTarget.js:241:34)
            at Object.invokeGuardedCallbackDev (/Users/ppmtrue/Documents/GitHub/SelenIT-Digital-Agency/node_modules/react-dom/cjs/react-dom.development.js:4213:16)
            at invokeGuardedCallback (/Users/ppmtrue/Documents/GitHub/SelenIT-Digital-Agency/node_modules/react-dom/cjs/react-dom.development.js:4277:31)
            at beginWork$1 (/Users/ppmtrue/Documents/GitHub/SelenIT-Digital-Agency/node_modules/react-dom/cjs/react-dom.development.js:27490:7)
            at performUnitOfWork (/Users/ppmtrue/Documents/GitHub/SelenIT-Digital-Agency/node_modules/react-dom/cjs/react-dom.development.js:26599:12)
            at workLoopSync (/Users/ppmtrue/Documents/GitHub/SelenIT-Digital-Agency/node_modules/react-dom/cjs/react-dom.development.js:26505:5)
            at renderRootSync (/Users/ppmtrue/Documents/GitHub/SelenIT-Digital-Agency/node_modules/react-dom/cjs/react-dom.development.js:26473:7)
            at performConcurrentWorkOnRoot (/Users/ppmtrue/Documents/GitHub/SelenIT-Digital-Agency/node_modules/react-dom/cjs/react-dom.development.js:25777:74)
            at flushActQueue (/Users/ppmtrue/Documents/GitHub/SelenIT-Digital-Agency/node_modules/react/cjs/react.development.js:2667:24)
            at act (/Users/ppmtrue/Documents/GitHub/SelenIT-Digital-Agency/node_modules/react/cjs/react.development.js:2582:11)
            at /Users/ppmtrue/Documents/GitHub/SelenIT-Digital-Agency/node_modules/@testing-library/react/dist/act-compat.js:46:25
            at renderRoot (/Users/ppmtrue/Documents/GitHub/SelenIT-Digital-Agency/node_modules/@testing-library/react/dist/pure.js:189:26)
            at render (/Users/ppmtrue/Documents/GitHub/SelenIT-Digital-Agency/node_modules/@testing-library/react/dist/pure.js:291:10)
            at Object.<anonymous> (/Users/ppmtrue/Documents/GitHub/SelenIT-Digital-Agency/src/__tests__/components/layout/Header.test.tsx:153:15)
            at Promise.finally.completed (/Users/ppmtrue/Documents/GitHub/SelenIT-Digital-Agency/node_modules/jest-circus/build/jestAdapterInit.js:1557:28)
            at new Promise (<anonymous>)
            at callAsyncCircusFn (/Users/ppmtrue/Documents/GitHub/SelenIT-Digital-Agency/node_modules/jest-circus/build/jestAdapterInit.js:1497:10)
            at _callCircusTest (/Users/ppmtrue/Documents/GitHub/SelenIT-Digital-Agency/node_modules/jest-circus/build/jestAdapterInit.js:1007:40)
            at processTicksAndRejections (node:internal/process/task_queues:105:5)
            at _runTest (/Users/ppmtrue/Documents/GitHub/SelenIT-Digital-Agency/node_modules/jest-circus/build/jestAdapterInit.js:947:3)
            at /Users/ppmtrue/Documents/GitHub/SelenIT-Digital-Agency/node_modules/jest-circus/build/jestAdapterInit.js:849:7
            at _runTestsForDescribeBlock (/Users/ppmtrue/Documents/GitHub/SelenIT-Digital-Agency/node_modules/jest-circus/build/jestAdapterInit.js:862:11)
            at _runTestsForDescribeBlock (/Users/ppmtrue/Documents/GitHub/SelenIT-Digital-Agency/node_modules/jest-circus/build/jestAdapterInit.js:857:11)
            at run (/Users/ppmtrue/Documents/GitHub/SelenIT-Digital-Agency/node_modules/jest-circus/build/jestAdapterInit.js:761:3)
            at runAndTransformResultsToJestFormat (/Users/ppmtrue/Documents/GitHub/SelenIT-Digital-Agency/node_modules/jest-circus/build/jestAdapterInit.js:1918:21)
            at jestAdapter (/Users/ppmtrue/Documents/GitHub/SelenIT-Digital-Agency/node_modules/jest-circus/build/runner.js:101:19)
            at runTestInternal (/Users/ppmtrue/Documents/GitHub/SelenIT-Digital-Agency/node_modules/jest-runner/build/testWorker.js:275:16)
            at runTest (/Users/ppmtrue/Documents/GitHub/SelenIT-Digital-Agency/node_modules/jest-runner/build/testWorker.js:343:7)
            at Object.worker (/Users/ppmtrue/Documents/GitHub/SelenIT-Digital-Agency/node_modules/jest-runner/build/testWorker.js:497:12),
        type: 'unhandled exception'
      }

      151 |
      152 |     it('renders header correctly', () => {
    > 153 |         render(<Header {...defaultProps} />);
          |               ^
      154 |
      155 |         expect(screen.getByTestId('logo')).toBeInTheDocument();
      156 |         expect(screen.getByTestId('theme-toggle')).toBeInTheDocument();

      at VirtualConsole.<anonymous> (node_modules/@jest/environment-jsdom-abstract/build/index.js:87:23)
      at reportException (node_modules/jsdom/lib/jsdom/living/helpers/runtime-script-errors.js:70:28)
      at innerInvokeEventListeners (node_modules/jsdom/lib/jsdom/living/events/EventTarget-impl.js:353:9)
      at invokeEventListeners (node_modules/jsdom/lib/jsdom/living/events/EventTarget-impl.js:286:3)
      at HTMLUnknownElementImpl._dispatch (node_modules/jsdom/lib/jsdom/living/events/EventTarget-impl.js:233:9)
      at HTMLUnknownElementImpl.dispatchEvent (node_modules/jsdom/lib/jsdom/living/events/EventTarget-impl.js:104:17)
      at HTMLUnknownElement.dispatchEvent (node_modules/jsdom/lib/jsdom/living/generated/EventTarget.js:241:34)
      at Object.invokeGuardedCallbackDev (node_modules/react-dom/cjs/react-dom.development.js:4213:16)
      at invokeGuardedCallback (node_modules/react-dom/cjs/react-dom.development.js:4277:31)
      at beginWork$1 (node_modules/react-dom/cjs/react-dom.development.js:27490:7)
      at performUnitOfWork (node_modules/react-dom/cjs/react-dom.development.js:26599:12)
      at workLoopSync (node_modules/react-dom/cjs/react-dom.development.js:26505:5)
      at renderRootSync (node_modules/react-dom/cjs/react-dom.development.js:26473:7)
      at performConcurrentWorkOnRoot (node_modules/react-dom/cjs/react-dom.development.js:25777:74)
      at flushActQueue (node_modules/react/cjs/react.development.js:2667:24)
      at act (node_modules/react/cjs/react.development.js:2582:11)
      at node_modules/@testing-library/react/dist/act-compat.js:46:25
      at renderRoot (node_modules/@testing-library/react/dist/pure.js:189:26)
      at render (node_modules/@testing-library/react/dist/pure.js:291:10)
      at Object.<anonymous> (src/__tests__/components/layout/Header.test.tsx:153:15)

    console.error
      Error: Uncaught [TypeError: Cannot read properties of undefined (reading 'label')]
          at Object.<anonymous> (src/__tests__/components/layout/Header.test.tsx:153:15)
          at new Promise (<anonymous>) {
        detail: TypeError: Cannot read properties of undefined (reading 'label')
            at label (/Users/ppmtrue/Documents/GitHub/SelenIT-Digital-Agency/src/hooks/useNavigationLogic.ts:30:42)
            at Header (/Users/ppmtrue/Documents/GitHub/SelenIT-Digital-Agency/src/components/layout/Header.tsx:53:27)
            at renderWithHooks (/Users/ppmtrue/Documents/GitHub/SelenIT-Digital-Agency/node_modules/react-dom/cjs/react-dom.development.js:15486:18)
            at mountIndeterminateComponent (/Users/ppmtrue/Documents/GitHub/SelenIT-Digital-Agency/node_modules/react-dom/cjs/react-dom.development.js:20103:13)
            at beginWork (/Users/ppmtrue/Documents/GitHub/SelenIT-Digital-Agency/node_modules/react-dom/cjs/react-dom.development.js:21626:16)
            at HTMLUnknownElement.callCallback (/Users/ppmtrue/Documents/GitHub/SelenIT-Digital-Agency/node_modules/react-dom/cjs/react-dom.development.js:4164:14)
            at HTMLUnknownElement.callTheUserObjectsOperation (/Users/ppmtrue/Documents/GitHub/SelenIT-Digital-Agency/node_modules/jsdom/lib/jsdom/living/generated/EventListener.js:26:30)
            at innerInvokeEventListeners (/Users/ppmtrue/Documents/GitHub/SelenIT-Digital-Agency/node_modules/jsdom/lib/jsdom/living/events/EventTarget-impl.js:350:25)
            at invokeEventListeners (/Users/ppmtrue/Documents/GitHub/SelenIT-Digital-Agency/node_modules/jsdom/lib/jsdom/living/events/EventTarget-impl.js:286:3)
            at HTMLUnknownElementImpl._dispatch (/Users/ppmtrue/Documents/GitHub/SelenIT-Digital-Agency/node_modules/jsdom/lib/jsdom/living/events/EventTarget-impl.js:233:9)
            at HTMLUnknownElementImpl.dispatchEvent (/Users/ppmtrue/Documents/GitHub/SelenIT-Digital-Agency/node_modules/jsdom/lib/jsdom/living/events/EventTarget-impl.js:104:17)
            at HTMLUnknownElement.dispatchEvent (/Users/ppmtrue/Documents/GitHub/SelenIT-Digital-Agency/node_modules/jsdom/lib/jsdom/living/generated/EventTarget.js:241:34)
            at Object.invokeGuardedCallbackDev (/Users/ppmtrue/Documents/GitHub/SelenIT-Digital-Agency/node_modules/react-dom/cjs/react-dom.development.js:4213:16)
            at invokeGuardedCallback (/Users/ppmtrue/Documents/GitHub/SelenIT-Digital-Agency/node_modules/react-dom/cjs/react-dom.development.js:4277:31)
            at beginWork$1 (/Users/ppmtrue/Documents/GitHub/SelenIT-Digital-Agency/node_modules/react-dom/cjs/react-dom.development.js:27490:7)
            at performUnitOfWork (/Users/ppmtrue/Documents/GitHub/SelenIT-Digital-Agency/node_modules/react-dom/cjs/react-dom.development.js:26599:12)
            at workLoopSync (/Users/ppmtrue/Documents/GitHub/SelenIT-Digital-Agency/node_modules/react-dom/cjs/react-dom.development.js:26505:5)
            at renderRootSync (/Users/ppmtrue/Documents/GitHub/SelenIT-Digital-Agency/node_modules/react-dom/cjs/react-dom.development.js:26473:7)
            at recoverFromConcurrentError (/Users/ppmtrue/Documents/GitHub/SelenIT-Digital-Agency/node_modules/react-dom/cjs/react-dom.development.js:25889:20)
            at performConcurrentWorkOnRoot (/Users/ppmtrue/Documents/GitHub/SelenIT-Digital-Agency/node_modules/react-dom/cjs/react-dom.development.js:25789:22)
            at flushActQueue (/Users/ppmtrue/Documents/GitHub/SelenIT-Digital-Agency/node_modules/react/cjs/react.development.js:2667:24)
            at act (/Users/ppmtrue/Documents/GitHub/SelenIT-Digital-Agency/node_modules/react/cjs/react.development.js:2582:11)
            at /Users/ppmtrue/Documents/GitHub/SelenIT-Digital-Agency/node_modules/@testing-library/react/dist/act-compat.js:46:25
            at renderRoot (/Users/ppmtrue/Documents/GitHub/SelenIT-Digital-Agency/node_modules/@testing-library/react/dist/pure.js:189:26)
            at render (/Users/ppmtrue/Documents/GitHub/SelenIT-Digital-Agency/node_modules/@testing-library/react/dist/pure.js:291:10)
            at Object.<anonymous> (/Users/ppmtrue/Documents/GitHub/SelenIT-Digital-Agency/src/__tests__/components/layout/Header.test.tsx:153:15)
            at Promise.finally.completed (/Users/ppmtrue/Documents/GitHub/SelenIT-Digital-Agency/node_modules/jest-circus/build/jestAdapterInit.js:1557:28)
            at new Promise (<anonymous>)
            at callAsyncCircusFn (/Users/ppmtrue/Documents/GitHub/SelenIT-Digital-Agency/node_modules/jest-circus/build/jestAdapterInit.js:1497:10)
            at _callCircusTest (/Users/ppmtrue/Documents/GitHub/SelenIT-Digital-Agency/node_modules/jest-circus/build/jestAdapterInit.js:1007:40)
            at processTicksAndRejections (node:internal/process/task_queues:105:5)
            at _runTest (/Users/ppmtrue/Documents/GitHub/SelenIT-Digital-Agency/node_modules/jest-circus/build/jestAdapterInit.js:947:3)
            at /Users/ppmtrue/Documents/GitHub/SelenIT-Digital-Agency/node_modules/jest-circus/build/jestAdapterInit.js:849:7
            at _runTestsForDescribeBlock (/Users/ppmtrue/Documents/GitHub/SelenIT-Digital-Agency/node_modules/jest-circus/build/jestAdapterInit.js:862:11)
            at _runTestsForDescribeBlock (/Users/ppmtrue/Documents/GitHub/SelenIT-Digital-Agency/node_modules/jest-circus/build/jestAdapterInit.js:857:11)
            at run (/Users/ppmtrue/Documents/GitHub/SelenIT-Digital-Agency/node_modules/jest-circus/build/jestAdapterInit.js:761:3)
            at runAndTransformResultsToJestFormat (/Users/ppmtrue/Documents/GitHub/SelenIT-Digital-Agency/node_modules/jest-circus/build/jestAdapterInit.js:1918:21)
            at jestAdapter (/Users/ppmtrue/Documents/GitHub/SelenIT-Digital-Agency/node_modules/jest-circus/build/runner.js:101:19)
            at runTestInternal (/Users/ppmtrue/Documents/GitHub/SelenIT-Digital-Agency/node_modules/jest-runner/build/testWorker.js:275:16)
            at runTest (/Users/ppmtrue/Documents/GitHub/SelenIT-Digital-Agency/node_modules/jest-runner/build/testWorker.js:343:7)
            at Object.worker (/Users/ppmtrue/Documents/GitHub/SelenIT-Digital-Agency/node_modules/jest-runner/build/testWorker.js:497:12),
        type: 'unhandled exception'
      }

      151 |
      152 |     it('renders header correctly', () => {
    > 153 |         render(<Header {...defaultProps} />);
          |               ^
      154 |
      155 |         expect(screen.getByTestId('logo')).toBeInTheDocument();
      156 |         expect(screen.getByTestId('theme-toggle')).toBeInTheDocument();

      at VirtualConsole.<anonymous> (node_modules/@jest/environment-jsdom-abstract/build/index.js:87:23)
      at reportException (node_modules/jsdom/lib/jsdom/living/helpers/runtime-script-errors.js:70:28)
      at innerInvokeEventListeners (node_modules/jsdom/lib/jsdom/living/events/EventTarget-impl.js:353:9)
      at invokeEventListeners (node_modules/jsdom/lib/jsdom/living/events/EventTarget-impl.js:286:3)
      at HTMLUnknownElementImpl._dispatch (node_modules/jsdom/lib/jsdom/living/events/EventTarget-impl.js:233:9)
      at HTMLUnknownElementImpl.dispatchEvent (node_modules/jsdom/lib/jsdom/living/events/EventTarget-impl.js:104:17)
      at HTMLUnknownElement.dispatchEvent (node_modules/jsdom/lib/jsdom/living/generated/EventTarget.js:241:34)
      at Object.invokeGuardedCallbackDev (node_modules/react-dom/cjs/react-dom.development.js:4213:16)
      at invokeGuardedCallback (node_modules/react-dom/cjs/react-dom.development.js:4277:31)
      at beginWork$1 (node_modules/react-dom/cjs/react-dom.development.js:27490:7)
      at performUnitOfWork (node_modules/react-dom/cjs/react-dom.development.js:26599:12)
      at workLoopSync (node_modules/react-dom/cjs/react-dom.development.js:26505:5)
      at renderRootSync (node_modules/react-dom/cjs/react-dom.development.js:26473:7)
      at recoverFromConcurrentError (node_modules/react-dom/cjs/react-dom.development.js:25889:20)
      at performConcurrentWorkOnRoot (node_modules/react-dom/cjs/react-dom.development.js:25789:22)
      at flushActQueue (node_modules/react/cjs/react.development.js:2667:24)
      at act (node_modules/react/cjs/react.development.js:2582:11)
      at node_modules/@testing-library/react/dist/act-compat.js:46:25
      at renderRoot (node_modules/@testing-library/react/dist/pure.js:189:26)
      at render (node_modules/@testing-library/react/dist/pure.js:291:10)
      at Object.<anonymous> (src/__tests__/components/layout/Header.test.tsx:153:15)

    console.error
      The above error occurred in the <Header> component:
      
          at lang (/Users/ppmtrue/Documents/GitHub/SelenIT-Digital-Agency/src/components/layout/Header.tsx:23:34)
      
      Consider adding an error boundary to your tree to customize error handling behavior.
      Visit https://reactjs.org/link/error-boundaries to learn more about error boundaries.

      151 |
      152 |     it('renders header correctly', () => {
    > 153 |         render(<Header {...defaultProps} />);
          |               ^
      154 |
      155 |         expect(screen.getByTestId('logo')).toBeInTheDocument();
      156 |         expect(screen.getByTestId('theme-toggle')).toBeInTheDocument();

      at logCapturedError (node_modules/react-dom/cjs/react-dom.development.js:18704:23)
      at update.callback (node_modules/react-dom/cjs/react-dom.development.js:18737:5)
      at callCallback (node_modules/react-dom/cjs/react-dom.development.js:15036:12)
      at commitUpdateQueue (node_modules/react-dom/cjs/react-dom.development.js:15057:9)
      at commitLayoutEffectOnFiber (node_modules/react-dom/cjs/react-dom.development.js:23430:13)
      at commitLayoutMountEffects_complete (node_modules/react-dom/cjs/react-dom.development.js:24727:9)
      at commitLayoutEffects_begin (node_modules/react-dom/cjs/react-dom.development.js:24713:7)
      at commitLayoutEffects (node_modules/react-dom/cjs/react-dom.development.js:24651:3)
      at commitRootImpl (node_modules/react-dom/cjs/react-dom.development.js:26862:5)
      at commitRoot (node_modules/react-dom/cjs/react-dom.development.js:26721:5)
      at finishConcurrentRender (node_modules/react-dom/cjs/react-dom.development.js:25931:9)
      at performConcurrentWorkOnRoot (node_modules/react-dom/cjs/react-dom.development.js:25848:7)
      at flushActQueue (node_modules/react/cjs/react.development.js:2667:24)
      at act (node_modules/react/cjs/react.development.js:2582:11)
      at node_modules/@testing-library/react/dist/act-compat.js:46:25
      at renderRoot (node_modules/@testing-library/react/dist/pure.js:189:26)
      at render (node_modules/@testing-library/react/dist/pure.js:291:10)
      at Object.<anonymous> (src/__tests__/components/layout/Header.test.tsx:153:15)

    console.error
      Error: Uncaught [TypeError: Cannot read properties of undefined (reading 'label')]
          at Object.<anonymous> (src/__tests__/components/layout/Header.test.tsx:161:15)
          at new Promise (<anonymous>) {
        detail: TypeError: Cannot read properties of undefined (reading 'label')
            at label (/Users/ppmtrue/Documents/GitHub/SelenIT-Digital-Agency/src/hooks/useNavigationLogic.ts:30:42)
            at Header (/Users/ppmtrue/Documents/GitHub/SelenIT-Digital-Agency/src/components/layout/Header.tsx:53:27)
            at renderWithHooks (/Users/ppmtrue/Documents/GitHub/SelenIT-Digital-Agency/node_modules/react-dom/cjs/react-dom.development.js:15486:18)
            at mountIndeterminateComponent (/Users/ppmtrue/Documents/GitHub/SelenIT-Digital-Agency/node_modules/react-dom/cjs/react-dom.development.js:20103:13)
            at beginWork (/Users/ppmtrue/Documents/GitHub/SelenIT-Digital-Agency/node_modules/react-dom/cjs/react-dom.development.js:21626:16)
            at HTMLUnknownElement.callCallback (/Users/ppmtrue/Documents/GitHub/SelenIT-Digital-Agency/node_modules/react-dom/cjs/react-dom.development.js:4164:14)
            at HTMLUnknownElement.callTheUserObjectsOperation (/Users/ppmtrue/Documents/GitHub/SelenIT-Digital-Agency/node_modules/jsdom/lib/jsdom/living/generated/EventListener.js:26:30)
            at innerInvokeEventListeners (/Users/ppmtrue/Documents/GitHub/SelenIT-Digital-Agency/node_modules/jsdom/lib/jsdom/living/events/EventTarget-impl.js:350:25)
            at invokeEventListeners (/Users/ppmtrue/Documents/GitHub/SelenIT-Digital-Agency/node_modules/jsdom/lib/jsdom/living/events/EventTarget-impl.js:286:3)
            at HTMLUnknownElementImpl._dispatch (/Users/ppmtrue/Documents/GitHub/SelenIT-Digital-Agency/node_modules/jsdom/lib/jsdom/living/events/EventTarget-impl.js:233:9)
            at HTMLUnknownElementImpl.dispatchEvent (/Users/ppmtrue/Documents/GitHub/SelenIT-Digital-Agency/node_modules/jsdom/lib/jsdom/living/events/EventTarget-impl.js:104:17)
            at HTMLUnknownElement.dispatchEvent (/Users/ppmtrue/Documents/GitHub/SelenIT-Digital-Agency/node_modules/jsdom/lib/jsdom/living/generated/EventTarget.js:241:34)
            at Object.invokeGuardedCallbackDev (/Users/ppmtrue/Documents/GitHub/SelenIT-Digital-Agency/node_modules/react-dom/cjs/react-dom.development.js:4213:16)
            at invokeGuardedCallback (/Users/ppmtrue/Documents/GitHub/SelenIT-Digital-Agency/node_modules/react-dom/cjs/react-dom.development.js:4277:31)
            at beginWork$1 (/Users/ppmtrue/Documents/GitHub/SelenIT-Digital-Agency/node_modules/react-dom/cjs/react-dom.development.js:27490:7)
            at performUnitOfWork (/Users/ppmtrue/Documents/GitHub/SelenIT-Digital-Agency/node_modules/react-dom/cjs/react-dom.development.js:26599:12)
            at workLoopSync (/Users/ppmtrue/Documents/GitHub/SelenIT-Digital-Agency/node_modules/react-dom/cjs/react-dom.development.js:26505:5)
            at renderRootSync (/Users/ppmtrue/Documents/GitHub/SelenIT-Digital-Agency/node_modules/react-dom/cjs/react-dom.development.js:26473:7)
            at performConcurrentWorkOnRoot (/Users/ppmtrue/Documents/GitHub/SelenIT-Digital-Agency/node_modules/react-dom/cjs/react-dom.development.js:25777:74)
            at flushActQueue (/Users/ppmtrue/Documents/GitHub/SelenIT-Digital-Agency/node_modules/react/cjs/react.development.js:2667:24)
            at act (/Users/ppmtrue/Documents/GitHub/SelenIT-Digital-Agency/node_modules/react/cjs/react.development.js:2582:11)
            at /Users/ppmtrue/Documents/GitHub/SelenIT-Digital-Agency/node_modules/@testing-library/react/dist/act-compat.js:46:25
            at renderRoot (/Users/ppmtrue/Documents/GitHub/SelenIT-Digital-Agency/node_modules/@testing-library/react/dist/pure.js:189:26)
            at render (/Users/ppmtrue/Documents/GitHub/SelenIT-Digital-Agency/node_modules/@testing-library/react/dist/pure.js:291:10)
            at Object.<anonymous> (/Users/ppmtrue/Documents/GitHub/SelenIT-Digital-Agency/src/__tests__/components/layout/Header.test.tsx:161:15)
            at Promise.finally.completed (/Users/ppmtrue/Documents/GitHub/SelenIT-Digital-Agency/node_modules/jest-circus/build/jestAdapterInit.js:1557:28)
            at new Promise (<anonymous>)
            at callAsyncCircusFn (/Users/ppmtrue/Documents/GitHub/SelenIT-Digital-Agency/node_modules/jest-circus/build/jestAdapterInit.js:1497:10)
            at _callCircusTest (/Users/ppmtrue/Documents/GitHub/SelenIT-Digital-Agency/node_modules/jest-circus/build/jestAdapterInit.js:1007:40)
            at processTicksAndRejections (node:internal/process/task_queues:105:5)
            at _runTest (/Users/ppmtrue/Documents/GitHub/SelenIT-Digital-Agency/node_modules/jest-circus/build/jestAdapterInit.js:947:3)
            at /Users/ppmtrue/Documents/GitHub/SelenIT-Digital-Agency/node_modules/jest-circus/build/jestAdapterInit.js:849:7
            at _runTestsForDescribeBlock (/Users/ppmtrue/Documents/GitHub/SelenIT-Digital-Agency/node_modules/jest-circus/build/jestAdapterInit.js:862:11)
            at _runTestsForDescribeBlock (/Users/ppmtrue/Documents/GitHub/SelenIT-Digital-Agency/node_modules/jest-circus/build/jestAdapterInit.js:857:11)
            at run (/Users/ppmtrue/Documents/GitHub/SelenIT-Digital-Agency/node_modules/jest-circus/build/jestAdapterInit.js:761:3)
            at runAndTransformResultsToJestFormat (/Users/ppmtrue/Documents/GitHub/SelenIT-Digital-Agency/node_modules/jest-circus/build/jestAdapterInit.js:1918:21)
            at jestAdapter (/Users/ppmtrue/Documents/GitHub/SelenIT-Digital-Agency/node_modules/jest-circus/build/runner.js:101:19)
            at runTestInternal (/Users/ppmtrue/Documents/GitHub/SelenIT-Digital-Agency/node_modules/jest-runner/build/testWorker.js:275:16)
            at runTest (/Users/ppmtrue/Documents/GitHub/SelenIT-Digital-Agency/node_modules/jest-runner/build/testWorker.js:343:7)
            at Object.worker (/Users/ppmtrue/Documents/GitHub/SelenIT-Digital-Agency/node_modules/jest-runner/build/testWorker.js:497:12),
        type: 'unhandled exception'
      }

      159 |
      160 |     it('renders mobile menu button', () => {
    > 161 |         render(<Header {...defaultProps} />);
          |               ^
      162 |
      163 |         const mobileMenuButton = screen.getByRole('button', { name: /menu/i });
      164 |         expect(mobileMenuButton).toBeInTheDocument();

      at VirtualConsole.<anonymous> (node_modules/@jest/environment-jsdom-abstract/build/index.js:87:23)
      at reportException (node_modules/jsdom/lib/jsdom/living/helpers/runtime-script-errors.js:70:28)
      at innerInvokeEventListeners (node_modules/jsdom/lib/jsdom/living/events/EventTarget-impl.js:353:9)
      at invokeEventListeners (node_modules/jsdom/lib/jsdom/living/events/EventTarget-impl.js:286:3)
      at HTMLUnknownElementImpl._dispatch (node_modules/jsdom/lib/jsdom/living/events/EventTarget-impl.js:233:9)
      at HTMLUnknownElementImpl.dispatchEvent (node_modules/jsdom/lib/jsdom/living/events/EventTarget-impl.js:104:17)
      at HTMLUnknownElement.dispatchEvent (node_modules/jsdom/lib/jsdom/living/generated/EventTarget.js:241:34)
      at Object.invokeGuardedCallbackDev (node_modules/react-dom/cjs/react-dom.development.js:4213:16)
      at invokeGuardedCallback (node_modules/react-dom/cjs/react-dom.development.js:4277:31)
      at beginWork$1 (node_modules/react-dom/cjs/react-dom.development.js:27490:7)
      at performUnitOfWork (node_modules/react-dom/cjs/react-dom.development.js:26599:12)
      at workLoopSync (node_modules/react-dom/cjs/react-dom.development.js:26505:5)
      at renderRootSync (node_modules/react-dom/cjs/react-dom.development.js:26473:7)
      at performConcurrentWorkOnRoot (node_modules/react-dom/cjs/react-dom.development.js:25777:74)
      at flushActQueue (node_modules/react/cjs/react.development.js:2667:24)
      at act (node_modules/react/cjs/react.development.js:2582:11)
      at node_modules/@testing-library/react/dist/act-compat.js:46:25
      at renderRoot (node_modules/@testing-library/react/dist/pure.js:189:26)
      at render (node_modules/@testing-library/react/dist/pure.js:291:10)
      at Object.<anonymous> (src/__tests__/components/layout/Header.test.tsx:161:15)

    console.error
      Error: Uncaught [TypeError: Cannot read properties of undefined (reading 'label')]
          at Object.<anonymous> (src/__tests__/components/layout/Header.test.tsx:161:15)
          at new Promise (<anonymous>) {
        detail: TypeError: Cannot read properties of undefined (reading 'label')
            at label (/Users/ppmtrue/Documents/GitHub/SelenIT-Digital-Agency/src/hooks/useNavigationLogic.ts:30:42)
            at Header (/Users/ppmtrue/Documents/GitHub/SelenIT-Digital-Agency/src/components/layout/Header.tsx:53:27)
            at renderWithHooks (/Users/ppmtrue/Documents/GitHub/SelenIT-Digital-Agency/node_modules/react-dom/cjs/react-dom.development.js:15486:18)
            at mountIndeterminateComponent (/Users/ppmtrue/Documents/GitHub/SelenIT-Digital-Agency/node_modules/react-dom/cjs/react-dom.development.js:20103:13)
            at beginWork (/Users/ppmtrue/Documents/GitHub/SelenIT-Digital-Agency/node_modules/react-dom/cjs/react-dom.development.js:21626:16)
            at HTMLUnknownElement.callCallback (/Users/ppmtrue/Documents/GitHub/SelenIT-Digital-Agency/node_modules/react-dom/cjs/react-dom.development.js:4164:14)
            at HTMLUnknownElement.callTheUserObjectsOperation (/Users/ppmtrue/Documents/GitHub/SelenIT-Digital-Agency/node_modules/jsdom/lib/jsdom/living/generated/EventListener.js:26:30)
            at innerInvokeEventListeners (/Users/ppmtrue/Documents/GitHub/SelenIT-Digital-Agency/node_modules/jsdom/lib/jsdom/living/events/EventTarget-impl.js:350:25)
            at invokeEventListeners (/Users/ppmtrue/Documents/GitHub/SelenIT-Digital-Agency/node_modules/jsdom/lib/jsdom/living/events/EventTarget-impl.js:286:3)
            at HTMLUnknownElementImpl._dispatch (/Users/ppmtrue/Documents/GitHub/SelenIT-Digital-Agency/node_modules/jsdom/lib/jsdom/living/events/EventTarget-impl.js:233:9)
            at HTMLUnknownElementImpl.dispatchEvent (/Users/ppmtrue/Documents/GitHub/SelenIT-Digital-Agency/node_modules/jsdom/lib/jsdom/living/events/EventTarget-impl.js:104:17)
            at HTMLUnknownElement.dispatchEvent (/Users/ppmtrue/Documents/GitHub/SelenIT-Digital-Agency/node_modules/jsdom/lib/jsdom/living/generated/EventTarget.js:241:34)
            at Object.invokeGuardedCallbackDev (/Users/ppmtrue/Documents/GitHub/SelenIT-Digital-Agency/node_modules/react-dom/cjs/react-dom.development.js:4213:16)
            at invokeGuardedCallback (/Users/ppmtrue/Documents/GitHub/SelenIT-Digital-Agency/node_modules/react-dom/cjs/react-dom.development.js:4277:31)
            at beginWork$1 (/Users/ppmtrue/Documents/GitHub/SelenIT-Digital-Agency/node_modules/react-dom/cjs/react-dom.development.js:27490:7)
            at performUnitOfWork (/Users/ppmtrue/Documents/GitHub/SelenIT-Digital-Agency/node_modules/react-dom/cjs/react-dom.development.js:26599:12)
            at workLoopSync (/Users/ppmtrue/Documents/GitHub/SelenIT-Digital-Agency/node_modules/react-dom/cjs/react-dom.development.js:26505:5)
            at renderRootSync (/Users/ppmtrue/Documents/GitHub/SelenIT-Digital-Agency/node_modules/react-dom/cjs/react-dom.development.js:26473:7)
            at recoverFromConcurrentError (/Users/ppmtrue/Documents/GitHub/SelenIT-Digital-Agency/node_modules/react-dom/cjs/react-dom.development.js:25889:20)
            at performConcurrentWorkOnRoot (/Users/ppmtrue/Documents/GitHub/SelenIT-Digital-Agency/node_modules/react-dom/cjs/react-dom.development.js:25789:22)
            at flushActQueue (/Users/ppmtrue/Documents/GitHub/SelenIT-Digital-Agency/node_modules/react/cjs/react.development.js:2667:24)
            at act (/Users/ppmtrue/Documents/GitHub/SelenIT-Digital-Agency/node_modules/react/cjs/react.development.js:2582:11)
            at /Users/ppmtrue/Documents/GitHub/SelenIT-Digital-Agency/node_modules/@testing-library/react/dist/act-compat.js:46:25
            at renderRoot (/Users/ppmtrue/Documents/GitHub/SelenIT-Digital-Agency/node_modules/@testing-library/react/dist/pure.js:189:26)
            at render (/Users/ppmtrue/Documents/GitHub/SelenIT-Digital-Agency/node_modules/@testing-library/react/dist/pure.js:291:10)
            at Object.<anonymous> (/Users/ppmtrue/Documents/GitHub/SelenIT-Digital-Agency/src/__tests__/components/layout/Header.test.tsx:161:15)
            at Promise.finally.completed (/Users/ppmtrue/Documents/GitHub/SelenIT-Digital-Agency/node_modules/jest-circus/build/jestAdapterInit.js:1557:28)
            at new Promise (<anonymous>)
            at callAsyncCircusFn (/Users/ppmtrue/Documents/GitHub/SelenIT-Digital-Agency/node_modules/jest-circus/build/jestAdapterInit.js:1497:10)
            at _callCircusTest (/Users/ppmtrue/Documents/GitHub/SelenIT-Digital-Agency/node_modules/jest-circus/build/jestAdapterInit.js:1007:40)
            at processTicksAndRejections (node:internal/process/task_queues:105:5)
            at _runTest (/Users/ppmtrue/Documents/GitHub/SelenIT-Digital-Agency/node_modules/jest-circus/build/jestAdapterInit.js:947:3)
            at /Users/ppmtrue/Documents/GitHub/SelenIT-Digital-Agency/node_modules/jest-circus/build/jestAdapterInit.js:849:7
            at _runTestsForDescribeBlock (/Users/ppmtrue/Documents/GitHub/SelenIT-Digital-Agency/node_modules/jest-circus/build/jestAdapterInit.js:862:11)
            at _runTestsForDescribeBlock (/Users/ppmtrue/Documents/GitHub/SelenIT-Digital-Agency/node_modules/jest-circus/build/jestAdapterInit.js:857:11)
            at run (/Users/ppmtrue/Documents/GitHub/SelenIT-Digital-Agency/node_modules/jest-circus/build/jestAdapterInit.js:761:3)
            at runAndTransformResultsToJestFormat (/Users/ppmtrue/Documents/GitHub/SelenIT-Digital-Agency/node_modules/jest-circus/build/jestAdapterInit.js:1918:21)
            at jestAdapter (/Users/ppmtrue/Documents/GitHub/SelenIT-Digital-Agency/node_modules/jest-circus/build/runner.js:101:19)
            at runTestInternal (/Users/ppmtrue/Documents/GitHub/SelenIT-Digital-Agency/node_modules/jest-runner/build/testWorker.js:275:16)
            at runTest (/Users/ppmtrue/Documents/GitHub/SelenIT-Digital-Agency/node_modules/jest-runner/build/testWorker.js:343:7)
            at Object.worker (/Users/ppmtrue/Documents/GitHub/SelenIT-Digital-Agency/node_modules/jest-runner/build/testWorker.js:497:12),
        type: 'unhandled exception'
      }

      159 |
      160 |     it('renders mobile menu button', () => {
    > 161 |         render(<Header {...defaultProps} />);
          |               ^
      162 |
      163 |         const mobileMenuButton = screen.getByRole('button', { name: /menu/i });
      164 |         expect(mobileMenuButton).toBeInTheDocument();

      at VirtualConsole.<anonymous> (node_modules/@jest/environment-jsdom-abstract/build/index.js:87:23)
      at reportException (node_modules/jsdom/lib/jsdom/living/helpers/runtime-script-errors.js:70:28)
      at innerInvokeEventListeners (node_modules/jsdom/lib/jsdom/living/events/EventTarget-impl.js:353:9)
      at invokeEventListeners (node_modules/jsdom/lib/jsdom/living/events/EventTarget-impl.js:286:3)
      at HTMLUnknownElementImpl._dispatch (node_modules/jsdom/lib/jsdom/living/events/EventTarget-impl.js:233:9)
      at HTMLUnknownElementImpl.dispatchEvent (node_modules/jsdom/lib/jsdom/living/events/EventTarget-impl.js:104:17)
      at HTMLUnknownElement.dispatchEvent (node_modules/jsdom/lib/jsdom/living/generated/EventTarget.js:241:34)
      at Object.invokeGuardedCallbackDev (node_modules/react-dom/cjs/react-dom.development.js:4213:16)
      at invokeGuardedCallback (node_modules/react-dom/cjs/react-dom.development.js:4277:31)
      at beginWork$1 (node_modules/react-dom/cjs/react-dom.development.js:27490:7)
      at performUnitOfWork (node_modules/react-dom/cjs/react-dom.development.js:26599:12)
      at workLoopSync (node_modules/react-dom/cjs/react-dom.development.js:26505:5)
      at renderRootSync (node_modules/react-dom/cjs/react-dom.development.js:26473:7)
      at recoverFromConcurrentError (node_modules/react-dom/cjs/react-dom.development.js:25889:20)
      at performConcurrentWorkOnRoot (node_modules/react-dom/cjs/react-dom.development.js:25789:22)
      at flushActQueue (node_modules/react/cjs/react.development.js:2667:24)
      at act (node_modules/react/cjs/react.development.js:2582:11)
      at node_modules/@testing-library/react/dist/act-compat.js:46:25
      at renderRoot (node_modules/@testing-library/react/dist/pure.js:189:26)
      at render (node_modules/@testing-library/react/dist/pure.js:291:10)
      at Object.<anonymous> (src/__tests__/components/layout/Header.test.tsx:161:15)

    console.error
      The above error occurred in the <Header> component:
      
          at lang (/Users/ppmtrue/Documents/GitHub/SelenIT-Digital-Agency/src/components/layout/Header.tsx:23:34)
      
      Consider adding an error boundary to your tree to customize error handling behavior.
      Visit https://reactjs.org/link/error-boundaries to learn more about error boundaries.

      159 |
      160 |     it('renders mobile menu button', () => {
    > 161 |         render(<Header {...defaultProps} />);
          |               ^
      162 |
      163 |         const mobileMenuButton = screen.getByRole('button', { name: /menu/i });
      164 |         expect(mobileMenuButton).toBeInTheDocument();

      at logCapturedError (node_modules/react-dom/cjs/react-dom.development.js:18704:23)
      at update.callback (node_modules/react-dom/cjs/react-dom.development.js:18737:5)
      at callCallback (node_modules/react-dom/cjs/react-dom.development.js:15036:12)
      at commitUpdateQueue (node_modules/react-dom/cjs/react-dom.development.js:15057:9)
      at commitLayoutEffectOnFiber (node_modules/react-dom/cjs/react-dom.development.js:23430:13)
      at commitLayoutMountEffects_complete (node_modules/react-dom/cjs/react-dom.development.js:24727:9)
      at commitLayoutEffects_begin (node_modules/react-dom/cjs/react-dom.development.js:24713:7)
      at commitLayoutEffects (node_modules/react-dom/cjs/react-dom.development.js:24651:3)
      at commitRootImpl (node_modules/react-dom/cjs/react-dom.development.js:26862:5)
      at commitRoot (node_modules/react-dom/cjs/react-dom.development.js:26721:5)
      at finishConcurrentRender (node_modules/react-dom/cjs/react-dom.development.js:25931:9)
      at performConcurrentWorkOnRoot (node_modules/react-dom/cjs/react-dom.development.js:25848:7)
      at flushActQueue (node_modules/react/cjs/react.development.js:2667:24)
      at act (node_modules/react/cjs/react.development.js:2582:11)
      at node_modules/@testing-library/react/dist/act-compat.js:46:25
      at renderRoot (node_modules/@testing-library/react/dist/pure.js:189:26)
      at render (node_modules/@testing-library/react/dist/pure.js:291:10)
      at Object.<anonymous> (src/__tests__/components/layout/Header.test.tsx:161:15)

    console.error
      Error: Uncaught [TypeError: Cannot read properties of undefined (reading 'label')]
          at Object.<anonymous> (src/__tests__/components/layout/Header.test.tsx:168:15)
          at new Promise (<anonymous>) {
        detail: TypeError: Cannot read properties of undefined (reading 'label')
            at label (/Users/ppmtrue/Documents/GitHub/SelenIT-Digital-Agency/src/hooks/useNavigationLogic.ts:30:42)
            at Header (/Users/ppmtrue/Documents/GitHub/SelenIT-Digital-Agency/src/components/layout/Header.tsx:53:27)
            at renderWithHooks (/Users/ppmtrue/Documents/GitHub/SelenIT-Digital-Agency/node_modules/react-dom/cjs/react-dom.development.js:15486:18)
            at mountIndeterminateComponent (/Users/ppmtrue/Documents/GitHub/SelenIT-Digital-Agency/node_modules/react-dom/cjs/react-dom.development.js:20103:13)
            at beginWork (/Users/ppmtrue/Documents/GitHub/SelenIT-Digital-Agency/node_modules/react-dom/cjs/react-dom.development.js:21626:16)
            at HTMLUnknownElement.callCallback (/Users/ppmtrue/Documents/GitHub/SelenIT-Digital-Agency/node_modules/react-dom/cjs/react-dom.development.js:4164:14)
            at HTMLUnknownElement.callTheUserObjectsOperation (/Users/ppmtrue/Documents/GitHub/SelenIT-Digital-Agency/node_modules/jsdom/lib/jsdom/living/generated/EventListener.js:26:30)
            at innerInvokeEventListeners (/Users/ppmtrue/Documents/GitHub/SelenIT-Digital-Agency/node_modules/jsdom/lib/jsdom/living/events/EventTarget-impl.js:350:25)
            at invokeEventListeners (/Users/ppmtrue/Documents/GitHub/SelenIT-Digital-Agency/node_modules/jsdom/lib/jsdom/living/events/EventTarget-impl.js:286:3)
            at HTMLUnknownElementImpl._dispatch (/Users/ppmtrue/Documents/GitHub/SelenIT-Digital-Agency/node_modules/jsdom/lib/jsdom/living/events/EventTarget-impl.js:233:9)
            at HTMLUnknownElementImpl.dispatchEvent (/Users/ppmtrue/Documents/GitHub/SelenIT-Digital-Agency/node_modules/jsdom/lib/jsdom/living/events/EventTarget-impl.js:104:17)
            at HTMLUnknownElement.dispatchEvent (/Users/ppmtrue/Documents/GitHub/SelenIT-Digital-Agency/node_modules/jsdom/lib/jsdom/living/generated/EventTarget.js:241:34)
            at Object.invokeGuardedCallbackDev (/Users/ppmtrue/Documents/GitHub/SelenIT-Digital-Agency/node_modules/react-dom/cjs/react-dom.development.js:4213:16)
            at invokeGuardedCallback (/Users/ppmtrue/Documents/GitHub/SelenIT-Digital-Agency/node_modules/react-dom/cjs/react-dom.development.js:4277:31)
            at beginWork$1 (/Users/ppmtrue/Documents/GitHub/SelenIT-Digital-Agency/node_modules/react-dom/cjs/react-dom.development.js:27490:7)
            at performUnitOfWork (/Users/ppmtrue/Documents/GitHub/SelenIT-Digital-Agency/node_modules/react-dom/cjs/react-dom.development.js:26599:12)
            at workLoopSync (/Users/ppmtrue/Documents/GitHub/SelenIT-Digital-Agency/node_modules/react-dom/cjs/react-dom.development.js:26505:5)
            at renderRootSync (/Users/ppmtrue/Documents/GitHub/SelenIT-Digital-Agency/node_modules/react-dom/cjs/react-dom.development.js:26473:7)
            at performConcurrentWorkOnRoot (/Users/ppmtrue/Documents/GitHub/SelenIT-Digital-Agency/node_modules/react-dom/cjs/react-dom.development.js:25777:74)
            at flushActQueue (/Users/ppmtrue/Documents/GitHub/SelenIT-Digital-Agency/node_modules/react/cjs/react.development.js:2667:24)
            at act (/Users/ppmtrue/Documents/GitHub/SelenIT-Digital-Agency/node_modules/react/cjs/react.development.js:2582:11)
            at /Users/ppmtrue/Documents/GitHub/SelenIT-Digital-Agency/node_modules/@testing-library/react/dist/act-compat.js:46:25
            at renderRoot (/Users/ppmtrue/Documents/GitHub/SelenIT-Digital-Agency/node_modules/@testing-library/react/dist/pure.js:189:26)
            at render (/Users/ppmtrue/Documents/GitHub/SelenIT-Digital-Agency/node_modules/@testing-library/react/dist/pure.js:291:10)
            at Object.<anonymous> (/Users/ppmtrue/Documents/GitHub/SelenIT-Digital-Agency/src/__tests__/components/layout/Header.test.tsx:168:15)
            at Promise.finally.completed (/Users/ppmtrue/Documents/GitHub/SelenIT-Digital-Agency/node_modules/jest-circus/build/jestAdapterInit.js:1557:28)
            at new Promise (<anonymous>)
            at callAsyncCircusFn (/Users/ppmtrue/Documents/GitHub/SelenIT-Digital-Agency/node_modules/jest-circus/build/jestAdapterInit.js:1497:10)
            at _callCircusTest (/Users/ppmtrue/Documents/GitHub/SelenIT-Digital-Agency/node_modules/jest-circus/build/jestAdapterInit.js:1007:40)
            at processTicksAndRejections (node:internal/process/task_queues:105:5)
            at _runTest (/Users/ppmtrue/Documents/GitHub/SelenIT-Digital-Agency/node_modules/jest-circus/build/jestAdapterInit.js:947:3)
            at /Users/ppmtrue/Documents/GitHub/SelenIT-Digital-Agency/node_modules/jest-circus/build/jestAdapterInit.js:849:7
            at _runTestsForDescribeBlock (/Users/ppmtrue/Documents/GitHub/SelenIT-Digital-Agency/node_modules/jest-circus/build/jestAdapterInit.js:862:11)
            at _runTestsForDescribeBlock (/Users/ppmtrue/Documents/GitHub/SelenIT-Digital-Agency/node_modules/jest-circus/build/jestAdapterInit.js:857:11)
            at run (/Users/ppmtrue/Documents/GitHub/SelenIT-Digital-Agency/node_modules/jest-circus/build/jestAdapterInit.js:761:3)
            at runAndTransformResultsToJestFormat (/Users/ppmtrue/Documents/GitHub/SelenIT-Digital-Agency/node_modules/jest-circus/build/jestAdapterInit.js:1918:21)
            at jestAdapter (/Users/ppmtrue/Documents/GitHub/SelenIT-Digital-Agency/node_modules/jest-circus/build/runner.js:101:19)
            at runTestInternal (/Users/ppmtrue/Documents/GitHub/SelenIT-Digital-Agency/node_modules/jest-runner/build/testWorker.js:275:16)
            at runTest (/Users/ppmtrue/Documents/GitHub/SelenIT-Digital-Agency/node_modules/jest-runner/build/testWorker.js:343:7)
            at Object.worker (/Users/ppmtrue/Documents/GitHub/SelenIT-Digital-Agency/node_modules/jest-runner/build/testWorker.js:497:12),
        type: 'unhandled exception'
      }

      166 |
      167 |     it('renders desktop navigation', () => {
    > 168 |         render(<Header {...defaultProps} />);
          |               ^
      169 |
      170 |         expect(screen.getByText('Home')).toBeInTheDocument();
      171 |         expect(screen.getByText('Services')).toBeInTheDocument();

      at VirtualConsole.<anonymous> (node_modules/@jest/environment-jsdom-abstract/build/index.js:87:23)
      at reportException (node_modules/jsdom/lib/jsdom/living/helpers/runtime-script-errors.js:70:28)
      at innerInvokeEventListeners (node_modules/jsdom/lib/jsdom/living/events/EventTarget-impl.js:353:9)
      at invokeEventListeners (node_modules/jsdom/lib/jsdom/living/events/EventTarget-impl.js:286:3)
      at HTMLUnknownElementImpl._dispatch (node_modules/jsdom/lib/jsdom/living/events/EventTarget-impl.js:233:9)
      at HTMLUnknownElementImpl.dispatchEvent (node_modules/jsdom/lib/jsdom/living/events/EventTarget-impl.js:104:17)
      at HTMLUnknownElement.dispatchEvent (node_modules/jsdom/lib/jsdom/living/generated/EventTarget.js:241:34)
      at Object.invokeGuardedCallbackDev (node_modules/react-dom/cjs/react-dom.development.js:4213:16)
      at invokeGuardedCallback (node_modules/react-dom/cjs/react-dom.development.js:4277:31)
      at beginWork$1 (node_modules/react-dom/cjs/react-dom.development.js:27490:7)
      at performUnitOfWork (node_modules/react-dom/cjs/react-dom.development.js:26599:12)
      at workLoopSync (node_modules/react-dom/cjs/react-dom.development.js:26505:5)
      at renderRootSync (node_modules/react-dom/cjs/react-dom.development.js:26473:7)
      at performConcurrentWorkOnRoot (node_modules/react-dom/cjs/react-dom.development.js:25777:74)
      at flushActQueue (node_modules/react/cjs/react.development.js:2667:24)
      at act (node_modules/react/cjs/react.development.js:2582:11)
      at node_modules/@testing-library/react/dist/act-compat.js:46:25
      at renderRoot (node_modules/@testing-library/react/dist/pure.js:189:26)
      at render (node_modules/@testing-library/react/dist/pure.js:291:10)
      at Object.<anonymous> (src/__tests__/components/layout/Header.test.tsx:168:15)

    console.error
      Error: Uncaught [TypeError: Cannot read properties of undefined (reading 'label')]
          at Object.<anonymous> (src/__tests__/components/layout/Header.test.tsx:168:15)
          at new Promise (<anonymous>) {
        detail: TypeError: Cannot read properties of undefined (reading 'label')
            at label (/Users/ppmtrue/Documents/GitHub/SelenIT-Digital-Agency/src/hooks/useNavigationLogic.ts:30:42)
            at Header (/Users/ppmtrue/Documents/GitHub/SelenIT-Digital-Agency/src/components/layout/Header.tsx:53:27)
            at renderWithHooks (/Users/ppmtrue/Documents/GitHub/SelenIT-Digital-Agency/node_modules/react-dom/cjs/react-dom.development.js:15486:18)
            at mountIndeterminateComponent (/Users/ppmtrue/Documents/GitHub/SelenIT-Digital-Agency/node_modules/react-dom/cjs/react-dom.development.js:20103:13)
            at beginWork (/Users/ppmtrue/Documents/GitHub/SelenIT-Digital-Agency/node_modules/react-dom/cjs/react-dom.development.js:21626:16)
            at HTMLUnknownElement.callCallback (/Users/ppmtrue/Documents/GitHub/SelenIT-Digital-Agency/node_modules/react-dom/cjs/react-dom.development.js:4164:14)
            at HTMLUnknownElement.callTheUserObjectsOperation (/Users/ppmtrue/Documents/GitHub/SelenIT-Digital-Agency/node_modules/jsdom/lib/jsdom/living/generated/EventListener.js:26:30)
            at innerInvokeEventListeners (/Users/ppmtrue/Documents/GitHub/SelenIT-Digital-Agency/node_modules/jsdom/lib/jsdom/living/events/EventTarget-impl.js:350:25)
            at invokeEventListeners (/Users/ppmtrue/Documents/GitHub/SelenIT-Digital-Agency/node_modules/jsdom/lib/jsdom/living/events/EventTarget-impl.js:286:3)
            at HTMLUnknownElementImpl._dispatch (/Users/ppmtrue/Documents/GitHub/SelenIT-Digital-Agency/node_modules/jsdom/lib/jsdom/living/events/EventTarget-impl.js:233:9)
            at HTMLUnknownElementImpl.dispatchEvent (/Users/ppmtrue/Documents/GitHub/SelenIT-Digital-Agency/node_modules/jsdom/lib/jsdom/living/events/EventTarget-impl.js:104:17)
            at HTMLUnknownElement.dispatchEvent (/Users/ppmtrue/Documents/GitHub/SelenIT-Digital-Agency/node_modules/jsdom/lib/jsdom/living/generated/EventTarget.js:241:34)
            at Object.invokeGuardedCallbackDev (/Users/ppmtrue/Documents/GitHub/SelenIT-Digital-Agency/node_modules/react-dom/cjs/react-dom.development.js:4213:16)
            at invokeGuardedCallback (/Users/ppmtrue/Documents/GitHub/SelenIT-Digital-Agency/node_modules/react-dom/cjs/react-dom.development.js:4277:31)
            at beginWork$1 (/Users/ppmtrue/Documents/GitHub/SelenIT-Digital-Agency/node_modules/react-dom/cjs/react-dom.development.js:27490:7)
            at performUnitOfWork (/Users/ppmtrue/Documents/GitHub/SelenIT-Digital-Agency/node_modules/react-dom/cjs/react-dom.development.js:26599:12)
            at workLoopSync (/Users/ppmtrue/Documents/GitHub/SelenIT-Digital-Agency/node_modules/react-dom/cjs/react-dom.development.js:26505:5)
            at renderRootSync (/Users/ppmtrue/Documents/GitHub/SelenIT-Digital-Agency/node_modules/react-dom/cjs/react-dom.development.js:26473:7)
            at recoverFromConcurrentError (/Users/ppmtrue/Documents/GitHub/SelenIT-Digital-Agency/node_modules/react-dom/cjs/react-dom.development.js:25889:20)
            at performConcurrentWorkOnRoot (/Users/ppmtrue/Documents/GitHub/SelenIT-Digital-Agency/node_modules/react-dom/cjs/react-dom.development.js:25789:22)
            at flushActQueue (/Users/ppmtrue/Documents/GitHub/SelenIT-Digital-Agency/node_modules/react/cjs/react.development.js:2667:24)
            at act (/Users/ppmtrue/Documents/GitHub/SelenIT-Digital-Agency/node_modules/react/cjs/react.development.js:2582:11)
            at /Users/ppmtrue/Documents/GitHub/SelenIT-Digital-Agency/node_modules/@testing-library/react/dist/act-compat.js:46:25
            at renderRoot (/Users/ppmtrue/Documents/GitHub/SelenIT-Digital-Agency/node_modules/@testing-library/react/dist/pure.js:189:26)
            at render (/Users/ppmtrue/Documents/GitHub/SelenIT-Digital-Agency/node_modules/@testing-library/react/dist/pure.js:291:10)
            at Object.<anonymous> (/Users/ppmtrue/Documents/GitHub/SelenIT-Digital-Agency/src/__tests__/components/layout/Header.test.tsx:168:15)
            at Promise.finally.completed (/Users/ppmtrue/Documents/GitHub/SelenIT-Digital-Agency/node_modules/jest-circus/build/jestAdapterInit.js:1557:28)
            at new Promise (<anonymous>)
            at callAsyncCircusFn (/Users/ppmtrue/Documents/GitHub/SelenIT-Digital-Agency/node_modules/jest-circus/build/jestAdapterInit.js:1497:10)
            at _callCircusTest (/Users/ppmtrue/Documents/GitHub/SelenIT-Digital-Agency/node_modules/jest-circus/build/jestAdapterInit.js:1007:40)
            at processTicksAndRejections (node:internal/process/task_queues:105:5)
            at _runTest (/Users/ppmtrue/Documents/GitHub/SelenIT-Digital-Agency/node_modules/jest-circus/build/jestAdapterInit.js:947:3)
            at /Users/ppmtrue/Documents/GitHub/SelenIT-Digital-Agency/node_modules/jest-circus/build/jestAdapterInit.js:849:7
            at _runTestsForDescribeBlock (/Users/ppmtrue/Documents/GitHub/SelenIT-Digital-Agency/node_modules/jest-circus/build/jestAdapterInit.js:862:11)
            at _runTestsForDescribeBlock (/Users/ppmtrue/Documents/GitHub/SelenIT-Digital-Agency/node_modules/jest-circus/build/jestAdapterInit.js:857:11)
            at run (/Users/ppmtrue/Documents/GitHub/SelenIT-Digital-Agency/node_modules/jest-circus/build/jestAdapterInit.js:761:3)
            at runAndTransformResultsToJestFormat (/Users/ppmtrue/Documents/GitHub/SelenIT-Digital-Agency/node_modules/jest-circus/build/jestAdapterInit.js:1918:21)
            at jestAdapter (/Users/ppmtrue/Documents/GitHub/SelenIT-Digital-Agency/node_modules/jest-circus/build/runner.js:101:19)
            at runTestInternal (/Users/ppmtrue/Documents/GitHub/SelenIT-Digital-Agency/node_modules/jest-runner/build/testWorker.js:275:16)
            at runTest (/Users/ppmtrue/Documents/GitHub/SelenIT-Digital-Agency/node_modules/jest-runner/build/testWorker.js:343:7)
            at Object.worker (/Users/ppmtrue/Documents/GitHub/SelenIT-Digital-Agency/node_modules/jest-runner/build/testWorker.js:497:12),
        type: 'unhandled exception'
      }

      166 |
      167 |     it('renders desktop navigation', () => {
    > 168 |         render(<Header {...defaultProps} />);
          |               ^
      169 |
      170 |         expect(screen.getByText('Home')).toBeInTheDocument();
      171 |         expect(screen.getByText('Services')).toBeInTheDocument();

      at VirtualConsole.<anonymous> (node_modules/@jest/environment-jsdom-abstract/build/index.js:87:23)
      at reportException (node_modules/jsdom/lib/jsdom/living/helpers/runtime-script-errors.js:70:28)
      at innerInvokeEventListeners (node_modules/jsdom/lib/jsdom/living/events/EventTarget-impl.js:353:9)
      at invokeEventListeners (node_modules/jsdom/lib/jsdom/living/events/EventTarget-impl.js:286:3)
      at HTMLUnknownElementImpl._dispatch (node_modules/jsdom/lib/jsdom/living/events/EventTarget-impl.js:233:9)
      at HTMLUnknownElementImpl.dispatchEvent (node_modules/jsdom/lib/jsdom/living/events/EventTarget-impl.js:104:17)
      at HTMLUnknownElement.dispatchEvent (node_modules/jsdom/lib/jsdom/living/generated/EventTarget.js:241:34)
      at Object.invokeGuardedCallbackDev (node_modules/react-dom/cjs/react-dom.development.js:4213:16)
      at invokeGuardedCallback (node_modules/react-dom/cjs/react-dom.development.js:4277:31)
      at beginWork$1 (node_modules/react-dom/cjs/react-dom.development.js:27490:7)
      at performUnitOfWork (node_modules/react-dom/cjs/react-dom.development.js:26599:12)
      at workLoopSync (node_modules/react-dom/cjs/react-dom.development.js:26505:5)
      at renderRootSync (node_modules/react-dom/cjs/react-dom.development.js:26473:7)
      at recoverFromConcurrentError (node_modules/react-dom/cjs/react-dom.development.js:25889:20)
      at performConcurrentWorkOnRoot (node_modules/react-dom/cjs/react-dom.development.js:25789:22)
      at flushActQueue (node_modules/react/cjs/react.development.js:2667:24)
      at act (node_modules/react/cjs/react.development.js:2582:11)
      at node_modules/@testing-library/react/dist/act-compat.js:46:25
      at renderRoot (node_modules/@testing-library/react/dist/pure.js:189:26)
      at render (node_modules/@testing-library/react/dist/pure.js:291:10)
      at Object.<anonymous> (src/__tests__/components/layout/Header.test.tsx:168:15)

    console.error
      The above error occurred in the <Header> component:
      
          at lang (/Users/ppmtrue/Documents/GitHub/SelenIT-Digital-Agency/src/components/layout/Header.tsx:23:34)
      
      Consider adding an error boundary to your tree to customize error handling behavior.
      Visit https://reactjs.org/link/error-boundaries to learn more about error boundaries.

      166 |
      167 |     it('renders desktop navigation', () => {
    > 168 |         render(<Header {...defaultProps} />);
          |               ^
      169 |
      170 |         expect(screen.getByText('Home')).toBeInTheDocument();
      171 |         expect(screen.getByText('Services')).toBeInTheDocument();

      at logCapturedError (node_modules/react-dom/cjs/react-dom.development.js:18704:23)
      at update.callback (node_modules/react-dom/cjs/react-dom.development.js:18737:5)
      at callCallback (node_modules/react-dom/cjs/react-dom.development.js:15036:12)
      at commitUpdateQueue (node_modules/react-dom/cjs/react-dom.development.js:15057:9)
      at commitLayoutEffectOnFiber (node_modules/react-dom/cjs/react-dom.development.js:23430:13)
      at commitLayoutMountEffects_complete (node_modules/react-dom/cjs/react-dom.development.js:24727:9)
      at commitLayoutEffects_begin (node_modules/react-dom/cjs/react-dom.development.js:24713:7)
      at commitLayoutEffects (node_modules/react-dom/cjs/react-dom.development.js:24651:3)
      at commitRootImpl (node_modules/react-dom/cjs/react-dom.development.js:26862:5)
      at commitRoot (node_modules/react-dom/cjs/react-dom.development.js:26721:5)
      at finishConcurrentRender (node_modules/react-dom/cjs/react-dom.development.js:25931:9)
      at performConcurrentWorkOnRoot (node_modules/react-dom/cjs/react-dom.development.js:25848:7)
      at flushActQueue (node_modules/react/cjs/react.development.js:2667:24)
      at act (node_modules/react/cjs/react.development.js:2582:11)
      at node_modules/@testing-library/react/dist/act-compat.js:46:25
      at renderRoot (node_modules/@testing-library/react/dist/pure.js:189:26)
      at render (node_modules/@testing-library/react/dist/pure.js:291:10)
      at Object.<anonymous> (src/__tests__/components/layout/Header.test.tsx:168:15)

    console.error
      Error: Uncaught [TypeError: Cannot read properties of undefined (reading 'label')]
          at Object.<anonymous> (src/__tests__/components/layout/Header.test.tsx:179:15)
          at new Promise (<anonymous>) {
        detail: TypeError: Cannot read properties of undefined (reading 'label')
            at label (/Users/ppmtrue/Documents/GitHub/SelenIT-Digital-Agency/src/hooks/useNavigationLogic.ts:30:42)
            at Header (/Users/ppmtrue/Documents/GitHub/SelenIT-Digital-Agency/src/components/layout/Header.tsx:53:27)
            at renderWithHooks (/Users/ppmtrue/Documents/GitHub/SelenIT-Digital-Agency/node_modules/react-dom/cjs/react-dom.development.js:15486:18)
            at mountIndeterminateComponent (/Users/ppmtrue/Documents/GitHub/SelenIT-Digital-Agency/node_modules/react-dom/cjs/react-dom.development.js:20103:13)
            at beginWork (/Users/ppmtrue/Documents/GitHub/SelenIT-Digital-Agency/node_modules/react-dom/cjs/react-dom.development.js:21626:16)
            at HTMLUnknownElement.callCallback (/Users/ppmtrue/Documents/GitHub/SelenIT-Digital-Agency/node_modules/react-dom/cjs/react-dom.development.js:4164:14)
            at HTMLUnknownElement.callTheUserObjectsOperation (/Users/ppmtrue/Documents/GitHub/SelenIT-Digital-Agency/node_modules/jsdom/lib/jsdom/living/generated/EventListener.js:26:30)
            at innerInvokeEventListeners (/Users/ppmtrue/Documents/GitHub/SelenIT-Digital-Agency/node_modules/jsdom/lib/jsdom/living/events/EventTarget-impl.js:350:25)
            at invokeEventListeners (/Users/ppmtrue/Documents/GitHub/SelenIT-Digital-Agency/node_modules/jsdom/lib/jsdom/living/events/EventTarget-impl.js:286:3)
            at HTMLUnknownElementImpl._dispatch (/Users/ppmtrue/Documents/GitHub/SelenIT-Digital-Agency/node_modules/jsdom/lib/jsdom/living/events/EventTarget-impl.js:233:9)
            at HTMLUnknownElementImpl.dispatchEvent (/Users/ppmtrue/Documents/GitHub/SelenIT-Digital-Agency/node_modules/jsdom/lib/jsdom/living/events/EventTarget-impl.js:104:17)
            at HTMLUnknownElement.dispatchEvent (/Users/ppmtrue/Documents/GitHub/SelenIT-Digital-Agency/node_modules/jsdom/lib/jsdom/living/generated/EventTarget.js:241:34)
            at Object.invokeGuardedCallbackDev (/Users/ppmtrue/Documents/GitHub/SelenIT-Digital-Agency/node_modules/react-dom/cjs/react-dom.development.js:4213:16)
            at invokeGuardedCallback (/Users/ppmtrue/Documents/GitHub/SelenIT-Digital-Agency/node_modules/react-dom/cjs/react-dom.development.js:4277:31)
            at beginWork$1 (/Users/ppmtrue/Documents/GitHub/SelenIT-Digital-Agency/node_modules/react-dom/cjs/react-dom.development.js:27490:7)
            at performUnitOfWork (/Users/ppmtrue/Documents/GitHub/SelenIT-Digital-Agency/node_modules/react-dom/cjs/react-dom.development.js:26599:12)
            at workLoopSync (/Users/ppmtrue/Documents/GitHub/SelenIT-Digital-Agency/node_modules/react-dom/cjs/react-dom.development.js:26505:5)
            at renderRootSync (/Users/ppmtrue/Documents/GitHub/SelenIT-Digital-Agency/node_modules/react-dom/cjs/react-dom.development.js:26473:7)
            at performConcurrentWorkOnRoot (/Users/ppmtrue/Documents/GitHub/SelenIT-Digital-Agency/node_modules/react-dom/cjs/react-dom.development.js:25777:74)
            at flushActQueue (/Users/ppmtrue/Documents/GitHub/SelenIT-Digital-Agency/node_modules/react/cjs/react.development.js:2667:24)
            at act (/Users/ppmtrue/Documents/GitHub/SelenIT-Digital-Agency/node_modules/react/cjs/react.development.js:2582:11)
            at /Users/ppmtrue/Documents/GitHub/SelenIT-Digital-Agency/node_modules/@testing-library/react/dist/act-compat.js:46:25
            at renderRoot (/Users/ppmtrue/Documents/GitHub/SelenIT-Digital-Agency/node_modules/@testing-library/react/dist/pure.js:189:26)
            at render (/Users/ppmtrue/Documents/GitHub/SelenIT-Digital-Agency/node_modules/@testing-library/react/dist/pure.js:291:10)
            at Object.<anonymous> (/Users/ppmtrue/Documents/GitHub/SelenIT-Digital-Agency/src/__tests__/components/layout/Header.test.tsx:179:15)
            at Promise.finally.completed (/Users/ppmtrue/Documents/GitHub/SelenIT-Digital-Agency/node_modules/jest-circus/build/jestAdapterInit.js:1557:28)
            at new Promise (<anonymous>)
            at callAsyncCircusFn (/Users/ppmtrue/Documents/GitHub/SelenIT-Digital-Agency/node_modules/jest-circus/build/jestAdapterInit.js:1497:10)
            at _callCircusTest (/Users/ppmtrue/Documents/GitHub/SelenIT-Digital-Agency/node_modules/jest-circus/build/jestAdapterInit.js:1007:40)
            at processTicksAndRejections (node:internal/process/task_queues:105:5)
            at _runTest (/Users/ppmtrue/Documents/GitHub/SelenIT-Digital-Agency/node_modules/jest-circus/build/jestAdapterInit.js:947:3)
            at /Users/ppmtrue/Documents/GitHub/SelenIT-Digital-Agency/node_modules/jest-circus/build/jestAdapterInit.js:849:7
            at _runTestsForDescribeBlock (/Users/ppmtrue/Documents/GitHub/SelenIT-Digital-Agency/node_modules/jest-circus/build/jestAdapterInit.js:862:11)
            at _runTestsForDescribeBlock (/Users/ppmtrue/Documents/GitHub/SelenIT-Digital-Agency/node_modules/jest-circus/build/jestAdapterInit.js:857:11)
            at run (/Users/ppmtrue/Documents/GitHub/SelenIT-Digital-Agency/node_modules/jest-circus/build/jestAdapterInit.js:761:3)
            at runAndTransformResultsToJestFormat (/Users/ppmtrue/Documents/GitHub/SelenIT-Digital-Agency/node_modules/jest-circus/build/jestAdapterInit.js:1918:21)
            at jestAdapter (/Users/ppmtrue/Documents/GitHub/SelenIT-Digital-Agency/node_modules/jest-circus/build/runner.js:101:19)
            at runTestInternal (/Users/ppmtrue/Documents/GitHub/SelenIT-Digital-Agency/node_modules/jest-runner/build/testWorker.js:275:16)
            at runTest (/Users/ppmtrue/Documents/GitHub/SelenIT-Digital-Agency/node_modules/jest-runner/build/testWorker.js:343:7)
            at Object.worker (/Users/ppmtrue/Documents/GitHub/SelenIT-Digital-Agency/node_modules/jest-runner/build/testWorker.js:497:12),
        type: 'unhandled exception'
      }

      177 |
      178 |     it('renders correct links for English locale', () => {
    > 179 |         render(<Header {...defaultProps} />);
          |               ^
      180 |
      181 |         expect(screen.getByRole('link', { name: /home/i })).toHaveAttribute('href', '/en');
      182 |         expect(screen.getByRole('link', { name: /services/i })).toHaveAttribute(

      at VirtualConsole.<anonymous> (node_modules/@jest/environment-jsdom-abstract/build/index.js:87:23)
      at reportException (node_modules/jsdom/lib/jsdom/living/helpers/runtime-script-errors.js:70:28)
      at innerInvokeEventListeners (node_modules/jsdom/lib/jsdom/living/events/EventTarget-impl.js:353:9)
      at invokeEventListeners (node_modules/jsdom/lib/jsdom/living/events/EventTarget-impl.js:286:3)
      at HTMLUnknownElementImpl._dispatch (node_modules/jsdom/lib/jsdom/living/events/EventTarget-impl.js:233:9)
      at HTMLUnknownElementImpl.dispatchEvent (node_modules/jsdom/lib/jsdom/living/events/EventTarget-impl.js:104:17)
      at HTMLUnknownElement.dispatchEvent (node_modules/jsdom/lib/jsdom/living/generated/EventTarget.js:241:34)
      at Object.invokeGuardedCallbackDev (node_modules/react-dom/cjs/react-dom.development.js:4213:16)
      at invokeGuardedCallback (node_modules/react-dom/cjs/react-dom.development.js:4277:31)
      at beginWork$1 (node_modules/react-dom/cjs/react-dom.development.js:27490:7)
      at performUnitOfWork (node_modules/react-dom/cjs/react-dom.development.js:26599:12)
      at workLoopSync (node_modules/react-dom/cjs/react-dom.development.js:26505:5)
      at renderRootSync (node_modules/react-dom/cjs/react-dom.development.js:26473:7)
      at performConcurrentWorkOnRoot (node_modules/react-dom/cjs/react-dom.development.js:25777:74)
      at flushActQueue (node_modules/react/cjs/react.development.js:2667:24)
      at act (node_modules/react/cjs/react.development.js:2582:11)
      at node_modules/@testing-library/react/dist/act-compat.js:46:25
      at renderRoot (node_modules/@testing-library/react/dist/pure.js:189:26)
      at render (node_modules/@testing-library/react/dist/pure.js:291:10)
      at Object.<anonymous> (src/__tests__/components/layout/Header.test.tsx:179:15)

    console.error
      Error: Uncaught [TypeError: Cannot read properties of undefined (reading 'label')]
          at Object.<anonymous> (src/__tests__/components/layout/Header.test.tsx:179:15)
          at new Promise (<anonymous>) {
        detail: TypeError: Cannot read properties of undefined (reading 'label')
            at label (/Users/ppmtrue/Documents/GitHub/SelenIT-Digital-Agency/src/hooks/useNavigationLogic.ts:30:42)
            at Header (/Users/ppmtrue/Documents/GitHub/SelenIT-Digital-Agency/src/components/layout/Header.tsx:53:27)
            at renderWithHooks (/Users/ppmtrue/Documents/GitHub/SelenIT-Digital-Agency/node_modules/react-dom/cjs/react-dom.development.js:15486:18)
            at mountIndeterminateComponent (/Users/ppmtrue/Documents/GitHub/SelenIT-Digital-Agency/node_modules/react-dom/cjs/react-dom.development.js:20103:13)
            at beginWork (/Users/ppmtrue/Documents/GitHub/SelenIT-Digital-Agency/node_modules/react-dom/cjs/react-dom.development.js:21626:16)
            at HTMLUnknownElement.callCallback (/Users/ppmtrue/Documents/GitHub/SelenIT-Digital-Agency/node_modules/react-dom/cjs/react-dom.development.js:4164:14)
            at HTMLUnknownElement.callTheUserObjectsOperation (/Users/ppmtrue/Documents/GitHub/SelenIT-Digital-Agency/node_modules/jsdom/lib/jsdom/living/generated/EventListener.js:26:30)
            at innerInvokeEventListeners (/Users/ppmtrue/Documents/GitHub/SelenIT-Digital-Agency/node_modules/jsdom/lib/jsdom/living/events/EventTarget-impl.js:350:25)
            at invokeEventListeners (/Users/ppmtrue/Documents/GitHub/SelenIT-Digital-Agency/node_modules/jsdom/lib/jsdom/living/events/EventTarget-impl.js:286:3)
            at HTMLUnknownElementImpl._dispatch (/Users/ppmtrue/Documents/GitHub/SelenIT-Digital-Agency/node_modules/jsdom/lib/jsdom/living/events/EventTarget-impl.js:233:9)
            at HTMLUnknownElementImpl.dispatchEvent (/Users/ppmtrue/Documents/GitHub/SelenIT-Digital-Agency/node_modules/jsdom/lib/jsdom/living/events/EventTarget-impl.js:104:17)
            at HTMLUnknownElement.dispatchEvent (/Users/ppmtrue/Documents/GitHub/SelenIT-Digital-Agency/node_modules/jsdom/lib/jsdom/living/generated/EventTarget.js:241:34)
            at Object.invokeGuardedCallbackDev (/Users/ppmtrue/Documents/GitHub/SelenIT-Digital-Agency/node_modules/react-dom/cjs/react-dom.development.js:4213:16)
            at invokeGuardedCallback (/Users/ppmtrue/Documents/GitHub/SelenIT-Digital-Agency/node_modules/react-dom/cjs/react-dom.development.js:4277:31)
            at beginWork$1 (/Users/ppmtrue/Documents/GitHub/SelenIT-Digital-Agency/node_modules/react-dom/cjs/react-dom.development.js:27490:7)
            at performUnitOfWork (/Users/ppmtrue/Documents/GitHub/SelenIT-Digital-Agency/node_modules/react-dom/cjs/react-dom.development.js:26599:12)
            at workLoopSync (/Users/ppmtrue/Documents/GitHub/SelenIT-Digital-Agency/node_modules/react-dom/cjs/react-dom.development.js:26505:5)
            at renderRootSync (/Users/ppmtrue/Documents/GitHub/SelenIT-Digital-Agency/node_modules/react-dom/cjs/react-dom.development.js:26473:7)
            at recoverFromConcurrentError (/Users/ppmtrue/Documents/GitHub/SelenIT-Digital-Agency/node_modules/react-dom/cjs/react-dom.development.js:25889:20)
            at performConcurrentWorkOnRoot (/Users/ppmtrue/Documents/GitHub/SelenIT-Digital-Agency/node_modules/react-dom/cjs/react-dom.development.js:25789:22)
            at flushActQueue (/Users/ppmtrue/Documents/GitHub/SelenIT-Digital-Agency/node_modules/react/cjs/react.development.js:2667:24)
            at act (/Users/ppmtrue/Documents/GitHub/SelenIT-Digital-Agency/node_modules/react/cjs/react.development.js:2582:11)
            at /Users/ppmtrue/Documents/GitHub/SelenIT-Digital-Agency/node_modules/@testing-library/react/dist/act-compat.js:46:25
            at renderRoot (/Users/ppmtrue/Documents/GitHub/SelenIT-Digital-Agency/node_modules/@testing-library/react/dist/pure.js:189:26)
            at render (/Users/ppmtrue/Documents/GitHub/SelenIT-Digital-Agency/node_modules/@testing-library/react/dist/pure.js:291:10)
            at Object.<anonymous> (/Users/ppmtrue/Documents/GitHub/SelenIT-Digital-Agency/src/__tests__/components/layout/Header.test.tsx:179:15)
            at Promise.finally.completed (/Users/ppmtrue/Documents/GitHub/SelenIT-Digital-Agency/node_modules/jest-circus/build/jestAdapterInit.js:1557:28)
            at new Promise (<anonymous>)
            at callAsyncCircusFn (/Users/ppmtrue/Documents/GitHub/SelenIT-Digital-Agency/node_modules/jest-circus/build/jestAdapterInit.js:1497:10)
            at _callCircusTest (/Users/ppmtrue/Documents/GitHub/SelenIT-Digital-Agency/node_modules/jest-circus/build/jestAdapterInit.js:1007:40)
            at processTicksAndRejections (node:internal/process/task_queues:105:5)
            at _runTest (/Users/ppmtrue/Documents/GitHub/SelenIT-Digital-Agency/node_modules/jest-circus/build/jestAdapterInit.js:947:3)
            at /Users/ppmtrue/Documents/GitHub/SelenIT-Digital-Agency/node_modules/jest-circus/build/jestAdapterInit.js:849:7
            at _runTestsForDescribeBlock (/Users/ppmtrue/Documents/GitHub/SelenIT-Digital-Agency/node_modules/jest-circus/build/jestAdapterInit.js:862:11)
            at _runTestsForDescribeBlock (/Users/ppmtrue/Documents/GitHub/SelenIT-Digital-Agency/node_modules/jest-circus/build/jestAdapterInit.js:857:11)
            at run (/Users/ppmtrue/Documents/GitHub/SelenIT-Digital-Agency/node_modules/jest-circus/build/jestAdapterInit.js:761:3)
            at runAndTransformResultsToJestFormat (/Users/ppmtrue/Documents/GitHub/SelenIT-Digital-Agency/node_modules/jest-circus/build/jestAdapterInit.js:1918:21)
            at jestAdapter (/Users/ppmtrue/Documents/GitHub/SelenIT-Digital-Agency/node_modules/jest-circus/build/runner.js:101:19)
            at runTestInternal (/Users/ppmtrue/Documents/GitHub/SelenIT-Digital-Agency/node_modules/jest-runner/build/testWorker.js:275:16)
            at runTest (/Users/ppmtrue/Documents/GitHub/SelenIT-Digital-Agency/node_modules/jest-runner/build/testWorker.js:343:7)
            at Object.worker (/Users/ppmtrue/Documents/GitHub/SelenIT-Digital-Agency/node_modules/jest-runner/build/testWorker.js:497:12),
        type: 'unhandled exception'
      }

      177 |
      178 |     it('renders correct links for English locale', () => {
    > 179 |         render(<Header {...defaultProps} />);
          |               ^
      180 |
      181 |         expect(screen.getByRole('link', { name: /home/i })).toHaveAttribute('href', '/en');
      182 |         expect(screen.getByRole('link', { name: /services/i })).toHaveAttribute(

      at VirtualConsole.<anonymous> (node_modules/@jest/environment-jsdom-abstract/build/index.js:87:23)
      at reportException (node_modules/jsdom/lib/jsdom/living/helpers/runtime-script-errors.js:70:28)
      at innerInvokeEventListeners (node_modules/jsdom/lib/jsdom/living/events/EventTarget-impl.js:353:9)
      at invokeEventListeners (node_modules/jsdom/lib/jsdom/living/events/EventTarget-impl.js:286:3)
      at HTMLUnknownElementImpl._dispatch (node_modules/jsdom/lib/jsdom/living/events/EventTarget-impl.js:233:9)
      at HTMLUnknownElementImpl.dispatchEvent (node_modules/jsdom/lib/jsdom/living/events/EventTarget-impl.js:104:17)
      at HTMLUnknownElement.dispatchEvent (node_modules/jsdom/lib/jsdom/living/generated/EventTarget.js:241:34)
      at Object.invokeGuardedCallbackDev (node_modules/react-dom/cjs/react-dom.development.js:4213:16)
      at invokeGuardedCallback (node_modules/react-dom/cjs/react-dom.development.js:4277:31)
      at beginWork$1 (node_modules/react-dom/cjs/react-dom.development.js:27490:7)
      at performUnitOfWork (node_modules/react-dom/cjs/react-dom.development.js:26599:12)
      at workLoopSync (node_modules/react-dom/cjs/react-dom.development.js:26505:5)
      at renderRootSync (node_modules/react-dom/cjs/react-dom.development.js:26473:7)
      at recoverFromConcurrentError (node_modules/react-dom/cjs/react-dom.development.js:25889:20)
      at performConcurrentWorkOnRoot (node_modules/react-dom/cjs/react-dom.development.js:25789:22)
      at flushActQueue (node_modules/react/cjs/react.development.js:2667:24)
      at act (node_modules/react/cjs/react.development.js:2582:11)
      at node_modules/@testing-library/react/dist/act-compat.js:46:25
      at renderRoot (node_modules/@testing-library/react/dist/pure.js:189:26)
      at render (node_modules/@testing-library/react/dist/pure.js:291:10)
      at Object.<anonymous> (src/__tests__/components/layout/Header.test.tsx:179:15)

    console.error
      The above error occurred in the <Header> component:
      
          at lang (/Users/ppmtrue/Documents/GitHub/SelenIT-Digital-Agency/src/components/layout/Header.tsx:23:34)
      
      Consider adding an error boundary to your tree to customize error handling behavior.
      Visit https://reactjs.org/link/error-boundaries to learn more about error boundaries.

      177 |
      178 |     it('renders correct links for English locale', () => {
    > 179 |         render(<Header {...defaultProps} />);
          |               ^
      180 |
      181 |         expect(screen.getByRole('link', { name: /home/i })).toHaveAttribute('href', '/en');
      182 |         expect(screen.getByRole('link', { name: /services/i })).toHaveAttribute(

      at logCapturedError (node_modules/react-dom/cjs/react-dom.development.js:18704:23)
      at update.callback (node_modules/react-dom/cjs/react-dom.development.js:18737:5)
      at callCallback (node_modules/react-dom/cjs/react-dom.development.js:15036:12)
      at commitUpdateQueue (node_modules/react-dom/cjs/react-dom.development.js:15057:9)
      at commitLayoutEffectOnFiber (node_modules/react-dom/cjs/react-dom.development.js:23430:13)
      at commitLayoutMountEffects_complete (node_modules/react-dom/cjs/react-dom.development.js:24727:9)
      at commitLayoutEffects_begin (node_modules/react-dom/cjs/react-dom.development.js:24713:7)
      at commitLayoutEffects (node_modules/react-dom/cjs/react-dom.development.js:24651:3)
      at commitRootImpl (node_modules/react-dom/cjs/react-dom.development.js:26862:5)
      at commitRoot (node_modules/react-dom/cjs/react-dom.development.js:26721:5)
      at finishConcurrentRender (node_modules/react-dom/cjs/react-dom.development.js:25931:9)
      at performConcurrentWorkOnRoot (node_modules/react-dom/cjs/react-dom.development.js:25848:7)
      at flushActQueue (node_modules/react/cjs/react.development.js:2667:24)
      at act (node_modules/react/cjs/react.development.js:2582:11)
      at node_modules/@testing-library/react/dist/act-compat.js:46:25
      at renderRoot (node_modules/@testing-library/react/dist/pure.js:189:26)
      at render (node_modules/@testing-library/react/dist/pure.js:291:10)
      at Object.<anonymous> (src/__tests__/components/layout/Header.test.tsx:179:15)

    console.error
      Error: Uncaught [TypeError: Cannot read properties of undefined (reading 'label')]
          at Object.<anonymous> (src/__tests__/components/layout/Header.test.tsx:202:15)
          at new Promise (<anonymous>) {
        detail: TypeError: Cannot read properties of undefined (reading 'label')
            at label (/Users/ppmtrue/Documents/GitHub/SelenIT-Digital-Agency/src/hooks/useNavigationLogic.ts:30:42)
            at Header (/Users/ppmtrue/Documents/GitHub/SelenIT-Digital-Agency/src/components/layout/Header.tsx:53:27)
            at renderWithHooks (/Users/ppmtrue/Documents/GitHub/SelenIT-Digital-Agency/node_modules/react-dom/cjs/react-dom.development.js:15486:18)
            at mountIndeterminateComponent (/Users/ppmtrue/Documents/GitHub/SelenIT-Digital-Agency/node_modules/react-dom/cjs/react-dom.development.js:20103:13)
            at beginWork (/Users/ppmtrue/Documents/GitHub/SelenIT-Digital-Agency/node_modules/react-dom/cjs/react-dom.development.js:21626:16)
            at HTMLUnknownElement.callCallback (/Users/ppmtrue/Documents/GitHub/SelenIT-Digital-Agency/node_modules/react-dom/cjs/react-dom.development.js:4164:14)
            at HTMLUnknownElement.callTheUserObjectsOperation (/Users/ppmtrue/Documents/GitHub/SelenIT-Digital-Agency/node_modules/jsdom/lib/jsdom/living/generated/EventListener.js:26:30)
            at innerInvokeEventListeners (/Users/ppmtrue/Documents/GitHub/SelenIT-Digital-Agency/node_modules/jsdom/lib/jsdom/living/events/EventTarget-impl.js:350:25)
            at invokeEventListeners (/Users/ppmtrue/Documents/GitHub/SelenIT-Digital-Agency/node_modules/jsdom/lib/jsdom/living/events/EventTarget-impl.js:286:3)
            at HTMLUnknownElementImpl._dispatch (/Users/ppmtrue/Documents/GitHub/SelenIT-Digital-Agency/node_modules/jsdom/lib/jsdom/living/events/EventTarget-impl.js:233:9)
            at HTMLUnknownElementImpl.dispatchEvent (/Users/ppmtrue/Documents/GitHub/SelenIT-Digital-Agency/node_modules/jsdom/lib/jsdom/living/events/EventTarget-impl.js:104:17)
            at HTMLUnknownElement.dispatchEvent (/Users/ppmtrue/Documents/GitHub/SelenIT-Digital-Agency/node_modules/jsdom/lib/jsdom/living/generated/EventTarget.js:241:34)
            at Object.invokeGuardedCallbackDev (/Users/ppmtrue/Documents/GitHub/SelenIT-Digital-Agency/node_modules/react-dom/cjs/react-dom.development.js:4213:16)
            at invokeGuardedCallback (/Users/ppmtrue/Documents/GitHub/SelenIT-Digital-Agency/node_modules/react-dom/cjs/react-dom.development.js:4277:31)
            at beginWork$1 (/Users/ppmtrue/Documents/GitHub/SelenIT-Digital-Agency/node_modules/react-dom/cjs/react-dom.development.js:27490:7)
            at performUnitOfWork (/Users/ppmtrue/Documents/GitHub/SelenIT-Digital-Agency/node_modules/react-dom/cjs/react-dom.development.js:26599:12)
            at workLoopSync (/Users/ppmtrue/Documents/GitHub/SelenIT-Digital-Agency/node_modules/react-dom/cjs/react-dom.development.js:26505:5)
            at renderRootSync (/Users/ppmtrue/Documents/GitHub/SelenIT-Digital-Agency/node_modules/react-dom/cjs/react-dom.development.js:26473:7)
            at performConcurrentWorkOnRoot (/Users/ppmtrue/Documents/GitHub/SelenIT-Digital-Agency/node_modules/react-dom/cjs/react-dom.development.js:25777:74)
            at flushActQueue (/Users/ppmtrue/Documents/GitHub/SelenIT-Digital-Agency/node_modules/react/cjs/react.development.js:2667:24)
            at act (/Users/ppmtrue/Documents/GitHub/SelenIT-Digital-Agency/node_modules/react/cjs/react.development.js:2582:11)
            at /Users/ppmtrue/Documents/GitHub/SelenIT-Digital-Agency/node_modules/@testing-library/react/dist/act-compat.js:46:25
            at renderRoot (/Users/ppmtrue/Documents/GitHub/SelenIT-Digital-Agency/node_modules/@testing-library/react/dist/pure.js:189:26)
            at render (/Users/ppmtrue/Documents/GitHub/SelenIT-Digital-Agency/node_modules/@testing-library/react/dist/pure.js:291:10)
            at Object.<anonymous> (/Users/ppmtrue/Documents/GitHub/SelenIT-Digital-Agency/src/__tests__/components/layout/Header.test.tsx:202:15)
            at Promise.finally.completed (/Users/ppmtrue/Documents/GitHub/SelenIT-Digital-Agency/node_modules/jest-circus/build/jestAdapterInit.js:1557:28)
            at new Promise (<anonymous>)
            at callAsyncCircusFn (/Users/ppmtrue/Documents/GitHub/SelenIT-Digital-Agency/node_modules/jest-circus/build/jestAdapterInit.js:1497:10)
            at _callCircusTest (/Users/ppmtrue/Documents/GitHub/SelenIT-Digital-Agency/node_modules/jest-circus/build/jestAdapterInit.js:1007:40)
            at processTicksAndRejections (node:internal/process/task_queues:105:5)
            at _runTest (/Users/ppmtrue/Documents/GitHub/SelenIT-Digital-Agency/node_modules/jest-circus/build/jestAdapterInit.js:947:3)
            at /Users/ppmtrue/Documents/GitHub/SelenIT-Digital-Agency/node_modules/jest-circus/build/jestAdapterInit.js:849:7
            at _runTestsForDescribeBlock (/Users/ppmtrue/Documents/GitHub/SelenIT-Digital-Agency/node_modules/jest-circus/build/jestAdapterInit.js:862:11)
            at _runTestsForDescribeBlock (/Users/ppmtrue/Documents/GitHub/SelenIT-Digital-Agency/node_modules/jest-circus/build/jestAdapterInit.js:857:11)
            at run (/Users/ppmtrue/Documents/GitHub/SelenIT-Digital-Agency/node_modules/jest-circus/build/jestAdapterInit.js:761:3)
            at runAndTransformResultsToJestFormat (/Users/ppmtrue/Documents/GitHub/SelenIT-Digital-Agency/node_modules/jest-circus/build/jestAdapterInit.js:1918:21)
            at jestAdapter (/Users/ppmtrue/Documents/GitHub/SelenIT-Digital-Agency/node_modules/jest-circus/build/runner.js:101:19)
            at runTestInternal (/Users/ppmtrue/Documents/GitHub/SelenIT-Digital-Agency/node_modules/jest-runner/build/testWorker.js:275:16)
            at runTest (/Users/ppmtrue/Documents/GitHub/SelenIT-Digital-Agency/node_modules/jest-runner/build/testWorker.js:343:7)
            at Object.worker (/Users/ppmtrue/Documents/GitHub/SelenIT-Digital-Agency/node_modules/jest-runner/build/testWorker.js:497:12),
        type: 'unhandled exception'
      }

      200 |         );
      201 |
    > 202 |         render(<Header {...defaultProps} />);
          |               ^
      203 |
      204 |         const header = screen.getByRole('banner');
      205 |         expect(header).toHaveClass('scrolled');

      at VirtualConsole.<anonymous> (node_modules/@jest/environment-jsdom-abstract/build/index.js:87:23)
      at reportException (node_modules/jsdom/lib/jsdom/living/helpers/runtime-script-errors.js:70:28)
      at innerInvokeEventListeners (node_modules/jsdom/lib/jsdom/living/events/EventTarget-impl.js:353:9)
      at invokeEventListeners (node_modules/jsdom/lib/jsdom/living/events/EventTarget-impl.js:286:3)
      at HTMLUnknownElementImpl._dispatch (node_modules/jsdom/lib/jsdom/living/events/EventTarget-impl.js:233:9)
      at HTMLUnknownElementImpl.dispatchEvent (node_modules/jsdom/lib/jsdom/living/events/EventTarget-impl.js:104:17)
      at HTMLUnknownElement.dispatchEvent (node_modules/jsdom/lib/jsdom/living/generated/EventTarget.js:241:34)
      at Object.invokeGuardedCallbackDev (node_modules/react-dom/cjs/react-dom.development.js:4213:16)
      at invokeGuardedCallback (node_modules/react-dom/cjs/react-dom.development.js:4277:31)
      at beginWork$1 (node_modules/react-dom/cjs/react-dom.development.js:27490:7)
      at performUnitOfWork (node_modules/react-dom/cjs/react-dom.development.js:26599:12)
      at workLoopSync (node_modules/react-dom/cjs/react-dom.development.js:26505:5)
      at renderRootSync (node_modules/react-dom/cjs/react-dom.development.js:26473:7)
      at performConcurrentWorkOnRoot (node_modules/react-dom/cjs/react-dom.development.js:25777:74)
      at flushActQueue (node_modules/react/cjs/react.development.js:2667:24)
      at act (node_modules/react/cjs/react.development.js:2582:11)
      at node_modules/@testing-library/react/dist/act-compat.js:46:25
      at renderRoot (node_modules/@testing-library/react/dist/pure.js:189:26)
      at render (node_modules/@testing-library/react/dist/pure.js:291:10)
      at Object.<anonymous> (src/__tests__/components/layout/Header.test.tsx:202:15)

    console.error
      Error: Uncaught [TypeError: Cannot read properties of undefined (reading 'label')]
          at Object.<anonymous> (src/__tests__/components/layout/Header.test.tsx:202:15)
          at new Promise (<anonymous>) {
        detail: TypeError: Cannot read properties of undefined (reading 'label')
            at label (/Users/ppmtrue/Documents/GitHub/SelenIT-Digital-Agency/src/hooks/useNavigationLogic.ts:30:42)
            at Header (/Users/ppmtrue/Documents/GitHub/SelenIT-Digital-Agency/src/components/layout/Header.tsx:53:27)
            at renderWithHooks (/Users/ppmtrue/Documents/GitHub/SelenIT-Digital-Agency/node_modules/react-dom/cjs/react-dom.development.js:15486:18)
            at mountIndeterminateComponent (/Users/ppmtrue/Documents/GitHub/SelenIT-Digital-Agency/node_modules/react-dom/cjs/react-dom.development.js:20103:13)
            at beginWork (/Users/ppmtrue/Documents/GitHub/SelenIT-Digital-Agency/node_modules/react-dom/cjs/react-dom.development.js:21626:16)
            at HTMLUnknownElement.callCallback (/Users/ppmtrue/Documents/GitHub/SelenIT-Digital-Agency/node_modules/react-dom/cjs/react-dom.development.js:4164:14)
            at HTMLUnknownElement.callTheUserObjectsOperation (/Users/ppmtrue/Documents/GitHub/SelenIT-Digital-Agency/node_modules/jsdom/lib/jsdom/living/generated/EventListener.js:26:30)
            at innerInvokeEventListeners (/Users/ppmtrue/Documents/GitHub/SelenIT-Digital-Agency/node_modules/jsdom/lib/jsdom/living/events/EventTarget-impl.js:350:25)
            at invokeEventListeners (/Users/ppmtrue/Documents/GitHub/SelenIT-Digital-Agency/node_modules/jsdom/lib/jsdom/living/events/EventTarget-impl.js:286:3)
            at HTMLUnknownElementImpl._dispatch (/Users/ppmtrue/Documents/GitHub/SelenIT-Digital-Agency/node_modules/jsdom/lib/jsdom/living/events/EventTarget-impl.js:233:9)
            at HTMLUnknownElementImpl.dispatchEvent (/Users/ppmtrue/Documents/GitHub/SelenIT-Digital-Agency/node_modules/jsdom/lib/jsdom/living/events/EventTarget-impl.js:104:17)
            at HTMLUnknownElement.dispatchEvent (/Users/ppmtrue/Documents/GitHub/SelenIT-Digital-Agency/node_modules/jsdom/lib/jsdom/living/generated/EventTarget.js:241:34)
            at Object.invokeGuardedCallbackDev (/Users/ppmtrue/Documents/GitHub/SelenIT-Digital-Agency/node_modules/react-dom/cjs/react-dom.development.js:4213:16)
            at invokeGuardedCallback (/Users/ppmtrue/Documents/GitHub/SelenIT-Digital-Agency/node_modules/react-dom/cjs/react-dom.development.js:4277:31)
            at beginWork$1 (/Users/ppmtrue/Documents/GitHub/SelenIT-Digital-Agency/node_modules/react-dom/cjs/react-dom.development.js:27490:7)
            at performUnitOfWork (/Users/ppmtrue/Documents/GitHub/SelenIT-Digital-Agency/node_modules/react-dom/cjs/react-dom.development.js:26599:12)
            at workLoopSync (/Users/ppmtrue/Documents/GitHub/SelenIT-Digital-Agency/node_modules/react-dom/cjs/react-dom.development.js:26505:5)
            at renderRootSync (/Users/ppmtrue/Documents/GitHub/SelenIT-Digital-Agency/node_modules/react-dom/cjs/react-dom.development.js:26473:7)
            at recoverFromConcurrentError (/Users/ppmtrue/Documents/GitHub/SelenIT-Digital-Agency/node_modules/react-dom/cjs/react-dom.development.js:25889:20)
            at performConcurrentWorkOnRoot (/Users/ppmtrue/Documents/GitHub/SelenIT-Digital-Agency/node_modules/react-dom/cjs/react-dom.development.js:25789:22)
            at flushActQueue (/Users/ppmtrue/Documents/GitHub/SelenIT-Digital-Agency/node_modules/react/cjs/react.development.js:2667:24)
            at act (/Users/ppmtrue/Documents/GitHub/SelenIT-Digital-Agency/node_modules/react/cjs/react.development.js:2582:11)
            at /Users/ppmtrue/Documents/GitHub/SelenIT-Digital-Agency/node_modules/@testing-library/react/dist/act-compat.js:46:25
            at renderRoot (/Users/ppmtrue/Documents/GitHub/SelenIT-Digital-Agency/node_modules/@testing-library/react/dist/pure.js:189:26)
            at render (/Users/ppmtrue/Documents/GitHub/SelenIT-Digital-Agency/node_modules/@testing-library/react/dist/pure.js:291:10)
            at Object.<anonymous> (/Users/ppmtrue/Documents/GitHub/SelenIT-Digital-Agency/src/__tests__/components/layout/Header.test.tsx:202:15)
            at Promise.finally.completed (/Users/ppmtrue/Documents/GitHub/SelenIT-Digital-Agency/node_modules/jest-circus/build/jestAdapterInit.js:1557:28)
            at new Promise (<anonymous>)
            at callAsyncCircusFn (/Users/ppmtrue/Documents/GitHub/SelenIT-Digital-Agency/node_modules/jest-circus/build/jestAdapterInit.js:1497:10)
            at _callCircusTest (/Users/ppmtrue/Documents/GitHub/SelenIT-Digital-Agency/node_modules/jest-circus/build/jestAdapterInit.js:1007:40)
            at processTicksAndRejections (node:internal/process/task_queues:105:5)
            at _runTest (/Users/ppmtrue/Documents/GitHub/SelenIT-Digital-Agency/node_modules/jest-circus/build/jestAdapterInit.js:947:3)
            at /Users/ppmtrue/Documents/GitHub/SelenIT-Digital-Agency/node_modules/jest-circus/build/jestAdapterInit.js:849:7
            at _runTestsForDescribeBlock (/Users/ppmtrue/Documents/GitHub/SelenIT-Digital-Agency/node_modules/jest-circus/build/jestAdapterInit.js:862:11)
            at _runTestsForDescribeBlock (/Users/ppmtrue/Documents/GitHub/SelenIT-Digital-Agency/node_modules/jest-circus/build/jestAdapterInit.js:857:11)
            at run (/Users/ppmtrue/Documents/GitHub/SelenIT-Digital-Agency/node_modules/jest-circus/build/jestAdapterInit.js:761:3)
            at runAndTransformResultsToJestFormat (/Users/ppmtrue/Documents/GitHub/SelenIT-Digital-Agency/node_modules/jest-circus/build/jestAdapterInit.js:1918:21)
            at jestAdapter (/Users/ppmtrue/Documents/GitHub/SelenIT-Digital-Agency/node_modules/jest-circus/build/runner.js:101:19)
            at runTestInternal (/Users/ppmtrue/Documents/GitHub/SelenIT-Digital-Agency/node_modules/jest-runner/build/testWorker.js:275:16)
            at runTest (/Users/ppmtrue/Documents/GitHub/SelenIT-Digital-Agency/node_modules/jest-runner/build/testWorker.js:343:7)
            at Object.worker (/Users/ppmtrue/Documents/GitHub/SelenIT-Digital-Agency/node_modules/jest-runner/build/testWorker.js:497:12),
        type: 'unhandled exception'
      }

      200 |         );
      201 |
    > 202 |         render(<Header {...defaultProps} />);
          |               ^
      203 |
      204 |         const header = screen.getByRole('banner');
      205 |         expect(header).toHaveClass('scrolled');

      at VirtualConsole.<anonymous> (node_modules/@jest/environment-jsdom-abstract/build/index.js:87:23)
      at reportException (node_modules/jsdom/lib/jsdom/living/helpers/runtime-script-errors.js:70:28)
      at innerInvokeEventListeners (node_modules/jsdom/lib/jsdom/living/events/EventTarget-impl.js:353:9)
      at invokeEventListeners (node_modules/jsdom/lib/jsdom/living/events/EventTarget-impl.js:286:3)
      at HTMLUnknownElementImpl._dispatch (node_modules/jsdom/lib/jsdom/living/events/EventTarget-impl.js:233:9)
      at HTMLUnknownElementImpl.dispatchEvent (node_modules/jsdom/lib/jsdom/living/events/EventTarget-impl.js:104:17)
      at HTMLUnknownElement.dispatchEvent (node_modules/jsdom/lib/jsdom/living/generated/EventTarget.js:241:34)
      at Object.invokeGuardedCallbackDev (node_modules/react-dom/cjs/react-dom.development.js:4213:16)
      at invokeGuardedCallback (node_modules/react-dom/cjs/react-dom.development.js:4277:31)
      at beginWork$1 (node_modules/react-dom/cjs/react-dom.development.js:27490:7)
      at performUnitOfWork (node_modules/react-dom/cjs/react-dom.development.js:26599:12)
      at workLoopSync (node_modules/react-dom/cjs/react-dom.development.js:26505:5)
      at renderRootSync (node_modules/react-dom/cjs/react-dom.development.js:26473:7)
      at recoverFromConcurrentError (node_modules/react-dom/cjs/react-dom.development.js:25889:20)
      at performConcurrentWorkOnRoot (node_modules/react-dom/cjs/react-dom.development.js:25789:22)
      at flushActQueue (node_modules/react/cjs/react.development.js:2667:24)
      at act (node_modules/react/cjs/react.development.js:2582:11)
      at node_modules/@testing-library/react/dist/act-compat.js:46:25
      at renderRoot (node_modules/@testing-library/react/dist/pure.js:189:26)
      at render (node_modules/@testing-library/react/dist/pure.js:291:10)
      at Object.<anonymous> (src/__tests__/components/layout/Header.test.tsx:202:15)

    console.error
      The above error occurred in the <Header> component:
      
          at lang (/Users/ppmtrue/Documents/GitHub/SelenIT-Digital-Agency/src/components/layout/Header.tsx:23:34)
      
      Consider adding an error boundary to your tree to customize error handling behavior.
      Visit https://reactjs.org/link/error-boundaries to learn more about error boundaries.

      200 |         );
      201 |
    > 202 |         render(<Header {...defaultProps} />);
          |               ^
      203 |
      204 |         const header = screen.getByRole('banner');
      205 |         expect(header).toHaveClass('scrolled');

      at logCapturedError (node_modules/react-dom/cjs/react-dom.development.js:18704:23)
      at update.callback (node_modules/react-dom/cjs/react-dom.development.js:18737:5)
      at callCallback (node_modules/react-dom/cjs/react-dom.development.js:15036:12)
      at commitUpdateQueue (node_modules/react-dom/cjs/react-dom.development.js:15057:9)
      at commitLayoutEffectOnFiber (node_modules/react-dom/cjs/react-dom.development.js:23430:13)
      at commitLayoutMountEffects_complete (node_modules/react-dom/cjs/react-dom.development.js:24727:9)
      at commitLayoutEffects_begin (node_modules/react-dom/cjs/react-dom.development.js:24713:7)
      at commitLayoutEffects (node_modules/react-dom/cjs/react-dom.development.js:24651:3)
      at commitRootImpl (node_modules/react-dom/cjs/react-dom.development.js:26862:5)
      at commitRoot (node_modules/react-dom/cjs/react-dom.development.js:26721:5)
      at finishConcurrentRender (node_modules/react-dom/cjs/react-dom.development.js:25931:9)
      at performConcurrentWorkOnRoot (node_modules/react-dom/cjs/react-dom.development.js:25848:7)
      at flushActQueue (node_modules/react/cjs/react.development.js:2667:24)
      at act (node_modules/react/cjs/react.development.js:2582:11)
      at node_modules/@testing-library/react/dist/act-compat.js:46:25
      at renderRoot (node_modules/@testing-library/react/dist/pure.js:189:26)
      at render (node_modules/@testing-library/react/dist/pure.js:291:10)
      at Object.<anonymous> (src/__tests__/components/layout/Header.test.tsx:202:15)

    console.error
      Error: Uncaught [TypeError: Cannot read properties of undefined (reading 'label')]
          at Object.<anonymous> (src/__tests__/components/layout/Header.test.tsx:209:15)
          at new Promise (<anonymous>) {
        detail: TypeError: Cannot read properties of undefined (reading 'label')
            at label (/Users/ppmtrue/Documents/GitHub/SelenIT-Digital-Agency/src/hooks/useNavigationLogic.ts:30:42)
            at Header (/Users/ppmtrue/Documents/GitHub/SelenIT-Digital-Agency/src/components/layout/Header.tsx:53:27)
            at renderWithHooks (/Users/ppmtrue/Documents/GitHub/SelenIT-Digital-Agency/node_modules/react-dom/cjs/react-dom.development.js:15486:18)
            at mountIndeterminateComponent (/Users/ppmtrue/Documents/GitHub/SelenIT-Digital-Agency/node_modules/react-dom/cjs/react-dom.development.js:20103:13)
            at beginWork (/Users/ppmtrue/Documents/GitHub/SelenIT-Digital-Agency/node_modules/react-dom/cjs/react-dom.development.js:21626:16)
            at HTMLUnknownElement.callCallback (/Users/ppmtrue/Documents/GitHub/SelenIT-Digital-Agency/node_modules/react-dom/cjs/react-dom.development.js:4164:14)
            at HTMLUnknownElement.callTheUserObjectsOperation (/Users/ppmtrue/Documents/GitHub/SelenIT-Digital-Agency/node_modules/jsdom/lib/jsdom/living/generated/EventListener.js:26:30)
            at innerInvokeEventListeners (/Users/ppmtrue/Documents/GitHub/SelenIT-Digital-Agency/node_modules/jsdom/lib/jsdom/living/events/EventTarget-impl.js:350:25)
            at invokeEventListeners (/Users/ppmtrue/Documents/GitHub/SelenIT-Digital-Agency/node_modules/jsdom/lib/jsdom/living/events/EventTarget-impl.js:286:3)
            at HTMLUnknownElementImpl._dispatch (/Users/ppmtrue/Documents/GitHub/SelenIT-Digital-Agency/node_modules/jsdom/lib/jsdom/living/events/EventTarget-impl.js:233:9)
            at HTMLUnknownElementImpl.dispatchEvent (/Users/ppmtrue/Documents/GitHub/SelenIT-Digital-Agency/node_modules/jsdom/lib/jsdom/living/events/EventTarget-impl.js:104:17)
            at HTMLUnknownElement.dispatchEvent (/Users/ppmtrue/Documents/GitHub/SelenIT-Digital-Agency/node_modules/jsdom/lib/jsdom/living/generated/EventTarget.js:241:34)
            at Object.invokeGuardedCallbackDev (/Users/ppmtrue/Documents/GitHub/SelenIT-Digital-Agency/node_modules/react-dom/cjs/react-dom.development.js:4213:16)
            at invokeGuardedCallback (/Users/ppmtrue/Documents/GitHub/SelenIT-Digital-Agency/node_modules/react-dom/cjs/react-dom.development.js:4277:31)
            at beginWork$1 (/Users/ppmtrue/Documents/GitHub/SelenIT-Digital-Agency/node_modules/react-dom/cjs/react-dom.development.js:27490:7)
            at performUnitOfWork (/Users/ppmtrue/Documents/GitHub/SelenIT-Digital-Agency/node_modules/react-dom/cjs/react-dom.development.js:26599:12)
            at workLoopSync (/Users/ppmtrue/Documents/GitHub/SelenIT-Digital-Agency/node_modules/react-dom/cjs/react-dom.development.js:26505:5)
            at renderRootSync (/Users/ppmtrue/Documents/GitHub/SelenIT-Digital-Agency/node_modules/react-dom/cjs/react-dom.development.js:26473:7)
            at performConcurrentWorkOnRoot (/Users/ppmtrue/Documents/GitHub/SelenIT-Digital-Agency/node_modules/react-dom/cjs/react-dom.development.js:25777:74)
            at flushActQueue (/Users/ppmtrue/Documents/GitHub/SelenIT-Digital-Agency/node_modules/react/cjs/react.development.js:2667:24)
            at act (/Users/ppmtrue/Documents/GitHub/SelenIT-Digital-Agency/node_modules/react/cjs/react.development.js:2582:11)
            at /Users/ppmtrue/Documents/GitHub/SelenIT-Digital-Agency/node_modules/@testing-library/react/dist/act-compat.js:46:25
            at renderRoot (/Users/ppmtrue/Documents/GitHub/SelenIT-Digital-Agency/node_modules/@testing-library/react/dist/pure.js:189:26)
            at render (/Users/ppmtrue/Documents/GitHub/SelenIT-Digital-Agency/node_modules/@testing-library/react/dist/pure.js:291:10)
            at Object.<anonymous> (/Users/ppmtrue/Documents/GitHub/SelenIT-Digital-Agency/src/__tests__/components/layout/Header.test.tsx:209:15)
            at Promise.finally.completed (/Users/ppmtrue/Documents/GitHub/SelenIT-Digital-Agency/node_modules/jest-circus/build/jestAdapterInit.js:1557:28)
            at new Promise (<anonymous>)
            at callAsyncCircusFn (/Users/ppmtrue/Documents/GitHub/SelenIT-Digital-Agency/node_modules/jest-circus/build/jestAdapterInit.js:1497:10)
            at _callCircusTest (/Users/ppmtrue/Documents/GitHub/SelenIT-Digital-Agency/node_modules/jest-circus/build/jestAdapterInit.js:1007:40)
            at processTicksAndRejections (node:internal/process/task_queues:105:5)
            at _runTest (/Users/ppmtrue/Documents/GitHub/SelenIT-Digital-Agency/node_modules/jest-circus/build/jestAdapterInit.js:947:3)
            at /Users/ppmtrue/Documents/GitHub/SelenIT-Digital-Agency/node_modules/jest-circus/build/jestAdapterInit.js:849:7
            at _runTestsForDescribeBlock (/Users/ppmtrue/Documents/GitHub/SelenIT-Digital-Agency/node_modules/jest-circus/build/jestAdapterInit.js:862:11)
            at _runTestsForDescribeBlock (/Users/ppmtrue/Documents/GitHub/SelenIT-Digital-Agency/node_modules/jest-circus/build/jestAdapterInit.js:857:11)
            at run (/Users/ppmtrue/Documents/GitHub/SelenIT-Digital-Agency/node_modules/jest-circus/build/jestAdapterInit.js:761:3)
            at runAndTransformResultsToJestFormat (/Users/ppmtrue/Documents/GitHub/SelenIT-Digital-Agency/node_modules/jest-circus/build/jestAdapterInit.js:1918:21)
            at jestAdapter (/Users/ppmtrue/Documents/GitHub/SelenIT-Digital-Agency/node_modules/jest-circus/build/runner.js:101:19)
            at runTestInternal (/Users/ppmtrue/Documents/GitHub/SelenIT-Digital-Agency/node_modules/jest-runner/build/testWorker.js:275:16)
            at runTest (/Users/ppmtrue/Documents/GitHub/SelenIT-Digital-Agency/node_modules/jest-runner/build/testWorker.js:343:7)
            at Object.worker (/Users/ppmtrue/Documents/GitHub/SelenIT-Digital-Agency/node_modules/jest-runner/build/testWorker.js:497:12),
        type: 'unhandled exception'
      }

      207 |
      208 |     it('does not apply scrolled class when not scrolled', () => {
    > 209 |         render(<Header {...defaultProps} />);
          |               ^
      210 |
      211 |         const header = screen.getByRole('banner');
      212 |         expect(header).not.toHaveClass('scrolled');

      at VirtualConsole.<anonymous> (node_modules/@jest/environment-jsdom-abstract/build/index.js:87:23)
      at reportException (node_modules/jsdom/lib/jsdom/living/helpers/runtime-script-errors.js:70:28)
      at innerInvokeEventListeners (node_modules/jsdom/lib/jsdom/living/events/EventTarget-impl.js:353:9)
      at invokeEventListeners (node_modules/jsdom/lib/jsdom/living/events/EventTarget-impl.js:286:3)
      at HTMLUnknownElementImpl._dispatch (node_modules/jsdom/lib/jsdom/living/events/EventTarget-impl.js:233:9)
      at HTMLUnknownElementImpl.dispatchEvent (node_modules/jsdom/lib/jsdom/living/events/EventTarget-impl.js:104:17)
      at HTMLUnknownElement.dispatchEvent (node_modules/jsdom/lib/jsdom/living/generated/EventTarget.js:241:34)
      at Object.invokeGuardedCallbackDev (node_modules/react-dom/cjs/react-dom.development.js:4213:16)
      at invokeGuardedCallback (node_modules/react-dom/cjs/react-dom.development.js:4277:31)
      at beginWork$1 (node_modules/react-dom/cjs/react-dom.development.js:27490:7)
      at performUnitOfWork (node_modules/react-dom/cjs/react-dom.development.js:26599:12)
      at workLoopSync (node_modules/react-dom/cjs/react-dom.development.js:26505:5)
      at renderRootSync (node_modules/react-dom/cjs/react-dom.development.js:26473:7)
      at performConcurrentWorkOnRoot (node_modules/react-dom/cjs/react-dom.development.js:25777:74)
      at flushActQueue (node_modules/react/cjs/react.development.js:2667:24)
      at act (node_modules/react/cjs/react.development.js:2582:11)
      at node_modules/@testing-library/react/dist/act-compat.js:46:25
      at renderRoot (node_modules/@testing-library/react/dist/pure.js:189:26)
      at render (node_modules/@testing-library/react/dist/pure.js:291:10)
      at Object.<anonymous> (src/__tests__/components/layout/Header.test.tsx:209:15)

    console.error
      Error: Uncaught [TypeError: Cannot read properties of undefined (reading 'label')]
          at Object.<anonymous> (src/__tests__/components/layout/Header.test.tsx:209:15)
          at new Promise (<anonymous>) {
        detail: TypeError: Cannot read properties of undefined (reading 'label')
            at label (/Users/ppmtrue/Documents/GitHub/SelenIT-Digital-Agency/src/hooks/useNavigationLogic.ts:30:42)
            at Header (/Users/ppmtrue/Documents/GitHub/SelenIT-Digital-Agency/src/components/layout/Header.tsx:53:27)
            at renderWithHooks (/Users/ppmtrue/Documents/GitHub/SelenIT-Digital-Agency/node_modules/react-dom/cjs/react-dom.development.js:15486:18)
            at mountIndeterminateComponent (/Users/ppmtrue/Documents/GitHub/SelenIT-Digital-Agency/node_modules/react-dom/cjs/react-dom.development.js:20103:13)
            at beginWork (/Users/ppmtrue/Documents/GitHub/SelenIT-Digital-Agency/node_modules/react-dom/cjs/react-dom.development.js:21626:16)
            at HTMLUnknownElement.callCallback (/Users/ppmtrue/Documents/GitHub/SelenIT-Digital-Agency/node_modules/react-dom/cjs/react-dom.development.js:4164:14)
            at HTMLUnknownElement.callTheUserObjectsOperation (/Users/ppmtrue/Documents/GitHub/SelenIT-Digital-Agency/node_modules/jsdom/lib/jsdom/living/generated/EventListener.js:26:30)
            at innerInvokeEventListeners (/Users/ppmtrue/Documents/GitHub/SelenIT-Digital-Agency/node_modules/jsdom/lib/jsdom/living/events/EventTarget-impl.js:350:25)
            at invokeEventListeners (/Users/ppmtrue/Documents/GitHub/SelenIT-Digital-Agency/node_modules/jsdom/lib/jsdom/living/events/EventTarget-impl.js:286:3)
            at HTMLUnknownElementImpl._dispatch (/Users/ppmtrue/Documents/GitHub/SelenIT-Digital-Agency/node_modules/jsdom/lib/jsdom/living/events/EventTarget-impl.js:233:9)
            at HTMLUnknownElementImpl.dispatchEvent (/Users/ppmtrue/Documents/GitHub/SelenIT-Digital-Agency/node_modules/jsdom/lib/jsdom/living/events/EventTarget-impl.js:104:17)
            at HTMLUnknownElement.dispatchEvent (/Users/ppmtrue/Documents/GitHub/SelenIT-Digital-Agency/node_modules/jsdom/lib/jsdom/living/generated/EventTarget.js:241:34)
            at Object.invokeGuardedCallbackDev (/Users/ppmtrue/Documents/GitHub/SelenIT-Digital-Agency/node_modules/react-dom/cjs/react-dom.development.js:4213:16)
            at invokeGuardedCallback (/Users/ppmtrue/Documents/GitHub/SelenIT-Digital-Agency/node_modules/react-dom/cjs/react-dom.development.js:4277:31)
            at beginWork$1 (/Users/ppmtrue/Documents/GitHub/SelenIT-Digital-Agency/node_modules/react-dom/cjs/react-dom.development.js:27490:7)
            at performUnitOfWork (/Users/ppmtrue/Documents/GitHub/SelenIT-Digital-Agency/node_modules/react-dom/cjs/react-dom.development.js:26599:12)
            at workLoopSync (/Users/ppmtrue/Documents/GitHub/SelenIT-Digital-Agency/node_modules/react-dom/cjs/react-dom.development.js:26505:5)
            at renderRootSync (/Users/ppmtrue/Documents/GitHub/SelenIT-Digital-Agency/node_modules/react-dom/cjs/react-dom.development.js:26473:7)
            at recoverFromConcurrentError (/Users/ppmtrue/Documents/GitHub/SelenIT-Digital-Agency/node_modules/react-dom/cjs/react-dom.development.js:25889:20)
            at performConcurrentWorkOnRoot (/Users/ppmtrue/Documents/GitHub/SelenIT-Digital-Agency/node_modules/react-dom/cjs/react-dom.development.js:25789:22)
            at flushActQueue (/Users/ppmtrue/Documents/GitHub/SelenIT-Digital-Agency/node_modules/react/cjs/react.development.js:2667:24)
            at act (/Users/ppmtrue/Documents/GitHub/SelenIT-Digital-Agency/node_modules/react/cjs/react.development.js:2582:11)
            at /Users/ppmtrue/Documents/GitHub/SelenIT-Digital-Agency/node_modules/@testing-library/react/dist/act-compat.js:46:25
            at renderRoot (/Users/ppmtrue/Documents/GitHub/SelenIT-Digital-Agency/node_modules/@testing-library/react/dist/pure.js:189:26)
            at render (/Users/ppmtrue/Documents/GitHub/SelenIT-Digital-Agency/node_modules/@testing-library/react/dist/pure.js:291:10)
            at Object.<anonymous> (/Users/ppmtrue/Documents/GitHub/SelenIT-Digital-Agency/src/__tests__/components/layout/Header.test.tsx:209:15)
            at Promise.finally.completed (/Users/ppmtrue/Documents/GitHub/SelenIT-Digital-Agency/node_modules/jest-circus/build/jestAdapterInit.js:1557:28)
            at new Promise (<anonymous>)
            at callAsyncCircusFn (/Users/ppmtrue/Documents/GitHub/SelenIT-Digital-Agency/node_modules/jest-circus/build/jestAdapterInit.js:1497:10)
            at _callCircusTest (/Users/ppmtrue/Documents/GitHub/SelenIT-Digital-Agency/node_modules/jest-circus/build/jestAdapterInit.js:1007:40)
            at processTicksAndRejections (node:internal/process/task_queues:105:5)
            at _runTest (/Users/ppmtrue/Documents/GitHub/SelenIT-Digital-Agency/node_modules/jest-circus/build/jestAdapterInit.js:947:3)
            at /Users/ppmtrue/Documents/GitHub/SelenIT-Digital-Agency/node_modules/jest-circus/build/jestAdapterInit.js:849:7
            at _runTestsForDescribeBlock (/Users/ppmtrue/Documents/GitHub/SelenIT-Digital-Agency/node_modules/jest-circus/build/jestAdapterInit.js:862:11)
            at _runTestsForDescribeBlock (/Users/ppmtrue/Documents/GitHub/SelenIT-Digital-Agency/node_modules/jest-circus/build/jestAdapterInit.js:857:11)
            at run (/Users/ppmtrue/Documents/GitHub/SelenIT-Digital-Agency/node_modules/jest-circus/build/jestAdapterInit.js:761:3)
            at runAndTransformResultsToJestFormat (/Users/ppmtrue/Documents/GitHub/SelenIT-Digital-Agency/node_modules/jest-circus/build/jestAdapterInit.js:1918:21)
            at jestAdapter (/Users/ppmtrue/Documents/GitHub/SelenIT-Digital-Agency/node_modules/jest-circus/build/runner.js:101:19)
            at runTestInternal (/Users/ppmtrue/Documents/GitHub/SelenIT-Digital-Agency/node_modules/jest-runner/build/testWorker.js:275:16)
            at runTest (/Users/ppmtrue/Documents/GitHub/SelenIT-Digital-Agency/node_modules/jest-runner/build/testWorker.js:343:7)
            at Object.worker (/Users/ppmtrue/Documents/GitHub/SelenIT-Digital-Agency/node_modules/jest-runner/build/testWorker.js:497:12),
        type: 'unhandled exception'
      }

      207 |
      208 |     it('does not apply scrolled class when not scrolled', () => {
    > 209 |         render(<Header {...defaultProps} />);
          |               ^
      210 |
      211 |         const header = screen.getByRole('banner');
      212 |         expect(header).not.toHaveClass('scrolled');

      at VirtualConsole.<anonymous> (node_modules/@jest/environment-jsdom-abstract/build/index.js:87:23)
      at reportException (node_modules/jsdom/lib/jsdom/living/helpers/runtime-script-errors.js:70:28)
      at innerInvokeEventListeners (node_modules/jsdom/lib/jsdom/living/events/EventTarget-impl.js:353:9)
      at invokeEventListeners (node_modules/jsdom/lib/jsdom/living/events/EventTarget-impl.js:286:3)
      at HTMLUnknownElementImpl._dispatch (node_modules/jsdom/lib/jsdom/living/events/EventTarget-impl.js:233:9)
      at HTMLUnknownElementImpl.dispatchEvent (node_modules/jsdom/lib/jsdom/living/events/EventTarget-impl.js:104:17)
      at HTMLUnknownElement.dispatchEvent (node_modules/jsdom/lib/jsdom/living/generated/EventTarget.js:241:34)
      at Object.invokeGuardedCallbackDev (node_modules/react-dom/cjs/react-dom.development.js:4213:16)
      at invokeGuardedCallback (node_modules/react-dom/cjs/react-dom.development.js:4277:31)
      at beginWork$1 (node_modules/react-dom/cjs/react-dom.development.js:27490:7)
      at performUnitOfWork (node_modules/react-dom/cjs/react-dom.development.js:26599:12)
      at workLoopSync (node_modules/react-dom/cjs/react-dom.development.js:26505:5)
      at renderRootSync (node_modules/react-dom/cjs/react-dom.development.js:26473:7)
      at recoverFromConcurrentError (node_modules/react-dom/cjs/react-dom.development.js:25889:20)
      at performConcurrentWorkOnRoot (node_modules/react-dom/cjs/react-dom.development.js:25789:22)
      at flushActQueue (node_modules/react/cjs/react.development.js:2667:24)
      at act (node_modules/react/cjs/react.development.js:2582:11)
      at node_modules/@testing-library/react/dist/act-compat.js:46:25
      at renderRoot (node_modules/@testing-library/react/dist/pure.js:189:26)
      at render (node_modules/@testing-library/react/dist/pure.js:291:10)
      at Object.<anonymous> (src/__tests__/components/layout/Header.test.tsx:209:15)

    console.error
      The above error occurred in the <Header> component:
      
          at lang (/Users/ppmtrue/Documents/GitHub/SelenIT-Digital-Agency/src/components/layout/Header.tsx:23:34)
      
      Consider adding an error boundary to your tree to customize error handling behavior.
      Visit https://reactjs.org/link/error-boundaries to learn more about error boundaries.

      207 |
      208 |     it('does not apply scrolled class when not scrolled', () => {
    > 209 |         render(<Header {...defaultProps} />);
          |               ^
      210 |
      211 |         const header = screen.getByRole('banner');
      212 |         expect(header).not.toHaveClass('scrolled');

      at logCapturedError (node_modules/react-dom/cjs/react-dom.development.js:18704:23)
      at update.callback (node_modules/react-dom/cjs/react-dom.development.js:18737:5)
      at callCallback (node_modules/react-dom/cjs/react-dom.development.js:15036:12)
      at commitUpdateQueue (node_modules/react-dom/cjs/react-dom.development.js:15057:9)
      at commitLayoutEffectOnFiber (node_modules/react-dom/cjs/react-dom.development.js:23430:13)
      at commitLayoutMountEffects_complete (node_modules/react-dom/cjs/react-dom.development.js:24727:9)
      at commitLayoutEffects_begin (node_modules/react-dom/cjs/react-dom.development.js:24713:7)
      at commitLayoutEffects (node_modules/react-dom/cjs/react-dom.development.js:24651:3)
      at commitRootImpl (node_modules/react-dom/cjs/react-dom.development.js:26862:5)
      at commitRoot (node_modules/react-dom/cjs/react-dom.development.js:26721:5)
      at finishConcurrentRender (node_modules/react-dom/cjs/react-dom.development.js:25931:9)
      at performConcurrentWorkOnRoot (node_modules/react-dom/cjs/react-dom.development.js:25848:7)
      at flushActQueue (node_modules/react/cjs/react.development.js:2667:24)
      at act (node_modules/react/cjs/react.development.js:2582:11)
      at node_modules/@testing-library/react/dist/act-compat.js:46:25
      at renderRoot (node_modules/@testing-library/react/dist/pure.js:189:26)
      at render (node_modules/@testing-library/react/dist/pure.js:291:10)
      at Object.<anonymous> (src/__tests__/components/layout/Header.test.tsx:209:15)

    console.error
      Error: Uncaught [TypeError: Cannot read properties of undefined (reading 'label')]
          at Object.<anonymous> (src/__tests__/components/layout/Header.test.tsx:230:15)
          at new Promise (<anonymous>) {
        detail: TypeError: Cannot read properties of undefined (reading 'label')
            at label (/Users/ppmtrue/Documents/GitHub/SelenIT-Digital-Agency/src/hooks/useNavigationLogic.ts:30:42)
            at Header (/Users/ppmtrue/Documents/GitHub/SelenIT-Digital-Agency/src/components/layout/Header.tsx:53:27)
            at renderWithHooks (/Users/ppmtrue/Documents/GitHub/SelenIT-Digital-Agency/node_modules/react-dom/cjs/react-dom.development.js:15486:18)
            at mountIndeterminateComponent (/Users/ppmtrue/Documents/GitHub/SelenIT-Digital-Agency/node_modules/react-dom/cjs/react-dom.development.js:20103:13)
            at beginWork (/Users/ppmtrue/Documents/GitHub/SelenIT-Digital-Agency/node_modules/react-dom/cjs/react-dom.development.js:21626:16)
            at HTMLUnknownElement.callCallback (/Users/ppmtrue/Documents/GitHub/SelenIT-Digital-Agency/node_modules/react-dom/cjs/react-dom.development.js:4164:14)
            at HTMLUnknownElement.callTheUserObjectsOperation (/Users/ppmtrue/Documents/GitHub/SelenIT-Digital-Agency/node_modules/jsdom/lib/jsdom/living/generated/EventListener.js:26:30)
            at innerInvokeEventListeners (/Users/ppmtrue/Documents/GitHub/SelenIT-Digital-Agency/node_modules/jsdom/lib/jsdom/living/events/EventTarget-impl.js:350:25)
            at invokeEventListeners (/Users/ppmtrue/Documents/GitHub/SelenIT-Digital-Agency/node_modules/jsdom/lib/jsdom/living/events/EventTarget-impl.js:286:3)
            at HTMLUnknownElementImpl._dispatch (/Users/ppmtrue/Documents/GitHub/SelenIT-Digital-Agency/node_modules/jsdom/lib/jsdom/living/events/EventTarget-impl.js:233:9)
            at HTMLUnknownElementImpl.dispatchEvent (/Users/ppmtrue/Documents/GitHub/SelenIT-Digital-Agency/node_modules/jsdom/lib/jsdom/living/events/EventTarget-impl.js:104:17)
            at HTMLUnknownElement.dispatchEvent (/Users/ppmtrue/Documents/GitHub/SelenIT-Digital-Agency/node_modules/jsdom/lib/jsdom/living/generated/EventTarget.js:241:34)
            at Object.invokeGuardedCallbackDev (/Users/ppmtrue/Documents/GitHub/SelenIT-Digital-Agency/node_modules/react-dom/cjs/react-dom.development.js:4213:16)
            at invokeGuardedCallback (/Users/ppmtrue/Documents/GitHub/SelenIT-Digital-Agency/node_modules/react-dom/cjs/react-dom.development.js:4277:31)
            at beginWork$1 (/Users/ppmtrue/Documents/GitHub/SelenIT-Digital-Agency/node_modules/react-dom/cjs/react-dom.development.js:27490:7)
            at performUnitOfWork (/Users/ppmtrue/Documents/GitHub/SelenIT-Digital-Agency/node_modules/react-dom/cjs/react-dom.development.js:26599:12)
            at workLoopSync (/Users/ppmtrue/Documents/GitHub/SelenIT-Digital-Agency/node_modules/react-dom/cjs/react-dom.development.js:26505:5)
            at renderRootSync (/Users/ppmtrue/Documents/GitHub/SelenIT-Digital-Agency/node_modules/react-dom/cjs/react-dom.development.js:26473:7)
            at performConcurrentWorkOnRoot (/Users/ppmtrue/Documents/GitHub/SelenIT-Digital-Agency/node_modules/react-dom/cjs/react-dom.development.js:25777:74)
            at flushActQueue (/Users/ppmtrue/Documents/GitHub/SelenIT-Digital-Agency/node_modules/react/cjs/react.development.js:2667:24)
            at act (/Users/ppmtrue/Documents/GitHub/SelenIT-Digital-Agency/node_modules/react/cjs/react.development.js:2582:11)
            at /Users/ppmtrue/Documents/GitHub/SelenIT-Digital-Agency/node_modules/@testing-library/react/dist/act-compat.js:46:25
            at renderRoot (/Users/ppmtrue/Documents/GitHub/SelenIT-Digital-Agency/node_modules/@testing-library/react/dist/pure.js:189:26)
            at render (/Users/ppmtrue/Documents/GitHub/SelenIT-Digital-Agency/node_modules/@testing-library/react/dist/pure.js:291:10)
            at Object.<anonymous> (/Users/ppmtrue/Documents/GitHub/SelenIT-Digital-Agency/src/__tests__/components/layout/Header.test.tsx:230:15)
            at Promise.finally.completed (/Users/ppmtrue/Documents/GitHub/SelenIT-Digital-Agency/node_modules/jest-circus/build/jestAdapterInit.js:1557:28)
            at new Promise (<anonymous>)
            at callAsyncCircusFn (/Users/ppmtrue/Documents/GitHub/SelenIT-Digital-Agency/node_modules/jest-circus/build/jestAdapterInit.js:1497:10)
            at _callCircusTest (/Users/ppmtrue/Documents/GitHub/SelenIT-Digital-Agency/node_modules/jest-circus/build/jestAdapterInit.js:1007:40)
            at processTicksAndRejections (node:internal/process/task_queues:105:5)
            at _runTest (/Users/ppmtrue/Documents/GitHub/SelenIT-Digital-Agency/node_modules/jest-circus/build/jestAdapterInit.js:947:3)
            at /Users/ppmtrue/Documents/GitHub/SelenIT-Digital-Agency/node_modules/jest-circus/build/jestAdapterInit.js:849:7
            at _runTestsForDescribeBlock (/Users/ppmtrue/Documents/GitHub/SelenIT-Digital-Agency/node_modules/jest-circus/build/jestAdapterInit.js:862:11)
            at _runTestsForDescribeBlock (/Users/ppmtrue/Documents/GitHub/SelenIT-Digital-Agency/node_modules/jest-circus/build/jestAdapterInit.js:857:11)
            at run (/Users/ppmtrue/Documents/GitHub/SelenIT-Digital-Agency/node_modules/jest-circus/build/jestAdapterInit.js:761:3)
            at runAndTransformResultsToJestFormat (/Users/ppmtrue/Documents/GitHub/SelenIT-Digital-Agency/node_modules/jest-circus/build/jestAdapterInit.js:1918:21)
            at jestAdapter (/Users/ppmtrue/Documents/GitHub/SelenIT-Digital-Agency/node_modules/jest-circus/build/runner.js:101:19)
            at runTestInternal (/Users/ppmtrue/Documents/GitHub/SelenIT-Digital-Agency/node_modules/jest-runner/build/testWorker.js:275:16)
            at runTest (/Users/ppmtrue/Documents/GitHub/SelenIT-Digital-Agency/node_modules/jest-runner/build/testWorker.js:343:7)
            at Object.worker (/Users/ppmtrue/Documents/GitHub/SelenIT-Digital-Agency/node_modules/jest-runner/build/testWorker.js:497:12),
        type: 'unhandled exception'
      }

      228 |         });
      229 |
    > 230 |         render(<Header {...defaultProps} />);
          |               ^
      231 |
      232 |         expect(screen.getByText('Home')).toBeInTheDocument();
      233 |         expect(screen.getByText('Services')).toBeInTheDocument();

      at VirtualConsole.<anonymous> (node_modules/@jest/environment-jsdom-abstract/build/index.js:87:23)
      at reportException (node_modules/jsdom/lib/jsdom/living/helpers/runtime-script-errors.js:70:28)
      at innerInvokeEventListeners (node_modules/jsdom/lib/jsdom/living/events/EventTarget-impl.js:353:9)
      at invokeEventListeners (node_modules/jsdom/lib/jsdom/living/events/EventTarget-impl.js:286:3)
      at HTMLUnknownElementImpl._dispatch (node_modules/jsdom/lib/jsdom/living/events/EventTarget-impl.js:233:9)
      at HTMLUnknownElementImpl.dispatchEvent (node_modules/jsdom/lib/jsdom/living/events/EventTarget-impl.js:104:17)
      at HTMLUnknownElement.dispatchEvent (node_modules/jsdom/lib/jsdom/living/generated/EventTarget.js:241:34)
      at Object.invokeGuardedCallbackDev (node_modules/react-dom/cjs/react-dom.development.js:4213:16)
      at invokeGuardedCallback (node_modules/react-dom/cjs/react-dom.development.js:4277:31)
      at beginWork$1 (node_modules/react-dom/cjs/react-dom.development.js:27490:7)
      at performUnitOfWork (node_modules/react-dom/cjs/react-dom.development.js:26599:12)
      at workLoopSync (node_modules/react-dom/cjs/react-dom.development.js:26505:5)
      at renderRootSync (node_modules/react-dom/cjs/react-dom.development.js:26473:7)
      at performConcurrentWorkOnRoot (node_modules/react-dom/cjs/react-dom.development.js:25777:74)
      at flushActQueue (node_modules/react/cjs/react.development.js:2667:24)
      at act (node_modules/react/cjs/react.development.js:2582:11)
      at node_modules/@testing-library/react/dist/act-compat.js:46:25
      at renderRoot (node_modules/@testing-library/react/dist/pure.js:189:26)
      at render (node_modules/@testing-library/react/dist/pure.js:291:10)
      at Object.<anonymous> (src/__tests__/components/layout/Header.test.tsx:230:15)

    console.error
      Error: Uncaught [TypeError: Cannot read properties of undefined (reading 'label')]
          at Object.<anonymous> (src/__tests__/components/layout/Header.test.tsx:230:15)
          at new Promise (<anonymous>) {
        detail: TypeError: Cannot read properties of undefined (reading 'label')
            at label (/Users/ppmtrue/Documents/GitHub/SelenIT-Digital-Agency/src/hooks/useNavigationLogic.ts:30:42)
            at Header (/Users/ppmtrue/Documents/GitHub/SelenIT-Digital-Agency/src/components/layout/Header.tsx:53:27)
            at renderWithHooks (/Users/ppmtrue/Documents/GitHub/SelenIT-Digital-Agency/node_modules/react-dom/cjs/react-dom.development.js:15486:18)
            at mountIndeterminateComponent (/Users/ppmtrue/Documents/GitHub/SelenIT-Digital-Agency/node_modules/react-dom/cjs/react-dom.development.js:20103:13)
            at beginWork (/Users/ppmtrue/Documents/GitHub/SelenIT-Digital-Agency/node_modules/react-dom/cjs/react-dom.development.js:21626:16)
            at HTMLUnknownElement.callCallback (/Users/ppmtrue/Documents/GitHub/SelenIT-Digital-Agency/node_modules/react-dom/cjs/react-dom.development.js:4164:14)
            at HTMLUnknownElement.callTheUserObjectsOperation (/Users/ppmtrue/Documents/GitHub/SelenIT-Digital-Agency/node_modules/jsdom/lib/jsdom/living/generated/EventListener.js:26:30)
            at innerInvokeEventListeners (/Users/ppmtrue/Documents/GitHub/SelenIT-Digital-Agency/node_modules/jsdom/lib/jsdom/living/events/EventTarget-impl.js:350:25)
            at invokeEventListeners (/Users/ppmtrue/Documents/GitHub/SelenIT-Digital-Agency/node_modules/jsdom/lib/jsdom/living/events/EventTarget-impl.js:286:3)
            at HTMLUnknownElementImpl._dispatch (/Users/ppmtrue/Documents/GitHub/SelenIT-Digital-Agency/node_modules/jsdom/lib/jsdom/living/events/EventTarget-impl.js:233:9)
            at HTMLUnknownElementImpl.dispatchEvent (/Users/ppmtrue/Documents/GitHub/SelenIT-Digital-Agency/node_modules/jsdom/lib/jsdom/living/events/EventTarget-impl.js:104:17)
            at HTMLUnknownElement.dispatchEvent (/Users/ppmtrue/Documents/GitHub/SelenIT-Digital-Agency/node_modules/jsdom/lib/jsdom/living/generated/EventTarget.js:241:34)
            at Object.invokeGuardedCallbackDev (/Users/ppmtrue/Documents/GitHub/SelenIT-Digital-Agency/node_modules/react-dom/cjs/react-dom.development.js:4213:16)
            at invokeGuardedCallback (/Users/ppmtrue/Documents/GitHub/SelenIT-Digital-Agency/node_modules/react-dom/cjs/react-dom.development.js:4277:31)
            at beginWork$1 (/Users/ppmtrue/Documents/GitHub/SelenIT-Digital-Agency/node_modules/react-dom/cjs/react-dom.development.js:27490:7)
            at performUnitOfWork (/Users/ppmtrue/Documents/GitHub/SelenIT-Digital-Agency/node_modules/react-dom/cjs/react-dom.development.js:26599:12)
            at workLoopSync (/Users/ppmtrue/Documents/GitHub/SelenIT-Digital-Agency/node_modules/react-dom/cjs/react-dom.development.js:26505:5)
            at renderRootSync (/Users/ppmtrue/Documents/GitHub/SelenIT-Digital-Agency/node_modules/react-dom/cjs/react-dom.development.js:26473:7)
            at recoverFromConcurrentError (/Users/ppmtrue/Documents/GitHub/SelenIT-Digital-Agency/node_modules/react-dom/cjs/react-dom.development.js:25889:20)
            at performConcurrentWorkOnRoot (/Users/ppmtrue/Documents/GitHub/SelenIT-Digital-Agency/node_modules/react-dom/cjs/react-dom.development.js:25789:22)
            at flushActQueue (/Users/ppmtrue/Documents/GitHub/SelenIT-Digital-Agency/node_modules/react/cjs/react.development.js:2667:24)
            at act (/Users/ppmtrue/Documents/GitHub/SelenIT-Digital-Agency/node_modules/react/cjs/react.development.js:2582:11)
            at /Users/ppmtrue/Documents/GitHub/SelenIT-Digital-Agency/node_modules/@testing-library/react/dist/act-compat.js:46:25
            at renderRoot (/Users/ppmtrue/Documents/GitHub/SelenIT-Digital-Agency/node_modules/@testing-library/react/dist/pure.js:189:26)
            at render (/Users/ppmtrue/Documents/GitHub/SelenIT-Digital-Agency/node_modules/@testing-library/react/dist/pure.js:291:10)
            at Object.<anonymous> (/Users/ppmtrue/Documents/GitHub/SelenIT-Digital-Agency/src/__tests__/components/layout/Header.test.tsx:230:15)
            at Promise.finally.completed (/Users/ppmtrue/Documents/GitHub/SelenIT-Digital-Agency/node_modules/jest-circus/build/jestAdapterInit.js:1557:28)
            at new Promise (<anonymous>)
            at callAsyncCircusFn (/Users/ppmtrue/Documents/GitHub/SelenIT-Digital-Agency/node_modules/jest-circus/build/jestAdapterInit.js:1497:10)
            at _callCircusTest (/Users/ppmtrue/Documents/GitHub/SelenIT-Digital-Agency/node_modules/jest-circus/build/jestAdapterInit.js:1007:40)
            at processTicksAndRejections (node:internal/process/task_queues:105:5)
            at _runTest (/Users/ppmtrue/Documents/GitHub/SelenIT-Digital-Agency/node_modules/jest-circus/build/jestAdapterInit.js:947:3)
            at /Users/ppmtrue/Documents/GitHub/SelenIT-Digital-Agency/node_modules/jest-circus/build/jestAdapterInit.js:849:7
            at _runTestsForDescribeBlock (/Users/ppmtrue/Documents/GitHub/SelenIT-Digital-Agency/node_modules/jest-circus/build/jestAdapterInit.js:862:11)
            at _runTestsForDescribeBlock (/Users/ppmtrue/Documents/GitHub/SelenIT-Digital-Agency/node_modules/jest-circus/build/jestAdapterInit.js:857:11)
            at run (/Users/ppmtrue/Documents/GitHub/SelenIT-Digital-Agency/node_modules/jest-circus/build/jestAdapterInit.js:761:3)
            at runAndTransformResultsToJestFormat (/Users/ppmtrue/Documents/GitHub/SelenIT-Digital-Agency/node_modules/jest-circus/build/jestAdapterInit.js:1918:21)
            at jestAdapter (/Users/ppmtrue/Documents/GitHub/SelenIT-Digital-Agency/node_modules/jest-circus/build/runner.js:101:19)
            at runTestInternal (/Users/ppmtrue/Documents/GitHub/SelenIT-Digital-Agency/node_modules/jest-runner/build/testWorker.js:275:16)
            at runTest (/Users/ppmtrue/Documents/GitHub/SelenIT-Digital-Agency/node_modules/jest-runner/build/testWorker.js:343:7)
            at Object.worker (/Users/ppmtrue/Documents/GitHub/SelenIT-Digital-Agency/node_modules/jest-runner/build/testWorker.js:497:12),
        type: 'unhandled exception'
      }

      228 |         });
      229 |
    > 230 |         render(<Header {...defaultProps} />);
          |               ^
      231 |
      232 |         expect(screen.getByText('Home')).toBeInTheDocument();
      233 |         expect(screen.getByText('Services')).toBeInTheDocument();

      at VirtualConsole.<anonymous> (node_modules/@jest/environment-jsdom-abstract/build/index.js:87:23)
      at reportException (node_modules/jsdom/lib/jsdom/living/helpers/runtime-script-errors.js:70:28)
      at innerInvokeEventListeners (node_modules/jsdom/lib/jsdom/living/events/EventTarget-impl.js:353:9)
      at invokeEventListeners (node_modules/jsdom/lib/jsdom/living/events/EventTarget-impl.js:286:3)
      at HTMLUnknownElementImpl._dispatch (node_modules/jsdom/lib/jsdom/living/events/EventTarget-impl.js:233:9)
      at HTMLUnknownElementImpl.dispatchEvent (node_modules/jsdom/lib/jsdom/living/events/EventTarget-impl.js:104:17)
      at HTMLUnknownElement.dispatchEvent (node_modules/jsdom/lib/jsdom/living/generated/EventTarget.js:241:34)
      at Object.invokeGuardedCallbackDev (node_modules/react-dom/cjs/react-dom.development.js:4213:16)
      at invokeGuardedCallback (node_modules/react-dom/cjs/react-dom.development.js:4277:31)
      at beginWork$1 (node_modules/react-dom/cjs/react-dom.development.js:27490:7)
      at performUnitOfWork (node_modules/react-dom/cjs/react-dom.development.js:26599:12)
      at workLoopSync (node_modules/react-dom/cjs/react-dom.development.js:26505:5)
      at renderRootSync (node_modules/react-dom/cjs/react-dom.development.js:26473:7)
      at recoverFromConcurrentError (node_modules/react-dom/cjs/react-dom.development.js:25889:20)
      at performConcurrentWorkOnRoot (node_modules/react-dom/cjs/react-dom.development.js:25789:22)
      at flushActQueue (node_modules/react/cjs/react.development.js:2667:24)
      at act (node_modules/react/cjs/react.development.js:2582:11)
      at node_modules/@testing-library/react/dist/act-compat.js:46:25
      at renderRoot (node_modules/@testing-library/react/dist/pure.js:189:26)
      at render (node_modules/@testing-library/react/dist/pure.js:291:10)
      at Object.<anonymous> (src/__tests__/components/layout/Header.test.tsx:230:15)

    console.error
      The above error occurred in the <Header> component:
      
          at lang (/Users/ppmtrue/Documents/GitHub/SelenIT-Digital-Agency/src/components/layout/Header.tsx:23:34)
      
      Consider adding an error boundary to your tree to customize error handling behavior.
      Visit https://reactjs.org/link/error-boundaries to learn more about error boundaries.

      228 |         });
      229 |
    > 230 |         render(<Header {...defaultProps} />);
          |               ^
      231 |
      232 |         expect(screen.getByText('Home')).toBeInTheDocument();
      233 |         expect(screen.getByText('Services')).toBeInTheDocument();

      at logCapturedError (node_modules/react-dom/cjs/react-dom.development.js:18704:23)
      at update.callback (node_modules/react-dom/cjs/react-dom.development.js:18737:5)
      at callCallback (node_modules/react-dom/cjs/react-dom.development.js:15036:12)
      at commitUpdateQueue (node_modules/react-dom/cjs/react-dom.development.js:15057:9)
      at commitLayoutEffectOnFiber (node_modules/react-dom/cjs/react-dom.development.js:23430:13)
      at commitLayoutMountEffects_complete (node_modules/react-dom/cjs/react-dom.development.js:24727:9)
      at commitLayoutEffects_begin (node_modules/react-dom/cjs/react-dom.development.js:24713:7)
      at commitLayoutEffects (node_modules/react-dom/cjs/react-dom.development.js:24651:3)
      at commitRootImpl (node_modules/react-dom/cjs/react-dom.development.js:26862:5)
      at commitRoot (node_modules/react-dom/cjs/react-dom.development.js:26721:5)
      at finishConcurrentRender (node_modules/react-dom/cjs/react-dom.development.js:25931:9)
      at performConcurrentWorkOnRoot (node_modules/react-dom/cjs/react-dom.development.js:25848:7)
      at flushActQueue (node_modules/react/cjs/react.development.js:2667:24)
      at act (node_modules/react/cjs/react.development.js:2582:11)
      at node_modules/@testing-library/react/dist/act-compat.js:46:25
      at renderRoot (node_modules/@testing-library/react/dist/pure.js:189:26)
      at render (node_modules/@testing-library/react/dist/pure.js:291:10)
      at Object.<anonymous> (src/__tests__/components/layout/Header.test.tsx:230:15)

    console.error
      Error: Uncaught [TypeError: Cannot read properties of undefined (reading 'label')]
          at Object.<anonymous> (src/__tests__/components/layout/Header.test.tsx:240:15)
          at new Promise (<anonymous>) {
        detail: TypeError: Cannot read properties of undefined (reading 'label')
            at label (/Users/ppmtrue/Documents/GitHub/SelenIT-Digital-Agency/src/hooks/useNavigationLogic.ts:30:42)
            at Header (/Users/ppmtrue/Documents/GitHub/SelenIT-Digital-Agency/src/components/layout/Header.tsx:53:27)
            at renderWithHooks (/Users/ppmtrue/Documents/GitHub/SelenIT-Digital-Agency/node_modules/react-dom/cjs/react-dom.development.js:15486:18)
            at mountIndeterminateComponent (/Users/ppmtrue/Documents/GitHub/SelenIT-Digital-Agency/node_modules/react-dom/cjs/react-dom.development.js:20103:13)
            at beginWork (/Users/ppmtrue/Documents/GitHub/SelenIT-Digital-Agency/node_modules/react-dom/cjs/react-dom.development.js:21626:16)
            at HTMLUnknownElement.callCallback (/Users/ppmtrue/Documents/GitHub/SelenIT-Digital-Agency/node_modules/react-dom/cjs/react-dom.development.js:4164:14)
            at HTMLUnknownElement.callTheUserObjectsOperation (/Users/ppmtrue/Documents/GitHub/SelenIT-Digital-Agency/node_modules/jsdom/lib/jsdom/living/generated/EventListener.js:26:30)
            at innerInvokeEventListeners (/Users/ppmtrue/Documents/GitHub/SelenIT-Digital-Agency/node_modules/jsdom/lib/jsdom/living/events/EventTarget-impl.js:350:25)
            at invokeEventListeners (/Users/ppmtrue/Documents/GitHub/SelenIT-Digital-Agency/node_modules/jsdom/lib/jsdom/living/events/EventTarget-impl.js:286:3)
            at HTMLUnknownElementImpl._dispatch (/Users/ppmtrue/Documents/GitHub/SelenIT-Digital-Agency/node_modules/jsdom/lib/jsdom/living/events/EventTarget-impl.js:233:9)
            at HTMLUnknownElementImpl.dispatchEvent (/Users/ppmtrue/Documents/GitHub/SelenIT-Digital-Agency/node_modules/jsdom/lib/jsdom/living/events/EventTarget-impl.js:104:17)
            at HTMLUnknownElement.dispatchEvent (/Users/ppmtrue/Documents/GitHub/SelenIT-Digital-Agency/node_modules/jsdom/lib/jsdom/living/generated/EventTarget.js:241:34)
            at Object.invokeGuardedCallbackDev (/Users/ppmtrue/Documents/GitHub/SelenIT-Digital-Agency/node_modules/react-dom/cjs/react-dom.development.js:4213:16)
            at invokeGuardedCallback (/Users/ppmtrue/Documents/GitHub/SelenIT-Digital-Agency/node_modules/react-dom/cjs/react-dom.development.js:4277:31)
            at beginWork$1 (/Users/ppmtrue/Documents/GitHub/SelenIT-Digital-Agency/node_modules/react-dom/cjs/react-dom.development.js:27490:7)
            at performUnitOfWork (/Users/ppmtrue/Documents/GitHub/SelenIT-Digital-Agency/node_modules/react-dom/cjs/react-dom.development.js:26599:12)
            at workLoopSync (/Users/ppmtrue/Documents/GitHub/SelenIT-Digital-Agency/node_modules/react-dom/cjs/react-dom.development.js:26505:5)
            at renderRootSync (/Users/ppmtrue/Documents/GitHub/SelenIT-Digital-Agency/node_modules/react-dom/cjs/react-dom.development.js:26473:7)
            at performConcurrentWorkOnRoot (/Users/ppmtrue/Documents/GitHub/SelenIT-Digital-Agency/node_modules/react-dom/cjs/react-dom.development.js:25777:74)
            at flushActQueue (/Users/ppmtrue/Documents/GitHub/SelenIT-Digital-Agency/node_modules/react/cjs/react.development.js:2667:24)
            at act (/Users/ppmtrue/Documents/GitHub/SelenIT-Digital-Agency/node_modules/react/cjs/react.development.js:2582:11)
            at /Users/ppmtrue/Documents/GitHub/SelenIT-Digital-Agency/node_modules/@testing-library/react/dist/act-compat.js:46:25
            at renderRoot (/Users/ppmtrue/Documents/GitHub/SelenIT-Digital-Agency/node_modules/@testing-library/react/dist/pure.js:189:26)
            at render (/Users/ppmtrue/Documents/GitHub/SelenIT-Digital-Agency/node_modules/@testing-library/react/dist/pure.js:291:10)
            at Object.<anonymous> (/Users/ppmtrue/Documents/GitHub/SelenIT-Digital-Agency/src/__tests__/components/layout/Header.test.tsx:240:15)
            at Promise.finally.completed (/Users/ppmtrue/Documents/GitHub/SelenIT-Digital-Agency/node_modules/jest-circus/build/jestAdapterInit.js:1557:28)
            at new Promise (<anonymous>)
            at callAsyncCircusFn (/Users/ppmtrue/Documents/GitHub/SelenIT-Digital-Agency/node_modules/jest-circus/build/jestAdapterInit.js:1497:10)
            at _callCircusTest (/Users/ppmtrue/Documents/GitHub/SelenIT-Digital-Agency/node_modules/jest-circus/build/jestAdapterInit.js:1007:40)
            at processTicksAndRejections (node:internal/process/task_queues:105:5)
            at _runTest (/Users/ppmtrue/Documents/GitHub/SelenIT-Digital-Agency/node_modules/jest-circus/build/jestAdapterInit.js:947:3)
            at /Users/ppmtrue/Documents/GitHub/SelenIT-Digital-Agency/node_modules/jest-circus/build/jestAdapterInit.js:849:7
            at _runTestsForDescribeBlock (/Users/ppmtrue/Documents/GitHub/SelenIT-Digital-Agency/node_modules/jest-circus/build/jestAdapterInit.js:862:11)
            at _runTestsForDescribeBlock (/Users/ppmtrue/Documents/GitHub/SelenIT-Digital-Agency/node_modules/jest-circus/build/jestAdapterInit.js:857:11)
            at run (/Users/ppmtrue/Documents/GitHub/SelenIT-Digital-Agency/node_modules/jest-circus/build/jestAdapterInit.js:761:3)
            at runAndTransformResultsToJestFormat (/Users/ppmtrue/Documents/GitHub/SelenIT-Digital-Agency/node_modules/jest-circus/build/jestAdapterInit.js:1918:21)
            at jestAdapter (/Users/ppmtrue/Documents/GitHub/SelenIT-Digital-Agency/node_modules/jest-circus/build/runner.js:101:19)
            at runTestInternal (/Users/ppmtrue/Documents/GitHub/SelenIT-Digital-Agency/node_modules/jest-runner/build/testWorker.js:275:16)
            at runTest (/Users/ppmtrue/Documents/GitHub/SelenIT-Digital-Agency/node_modules/jest-runner/build/testWorker.js:343:7)
            at Object.worker (/Users/ppmtrue/Documents/GitHub/SelenIT-Digital-Agency/node_modules/jest-runner/build/testWorker.js:497:12),
        type: 'unhandled exception'
      }

      238 |
      239 |     it('does not render mobile menu when closed', () => {
    > 240 |         render(<Header {...defaultProps} />);
          |               ^
      241 |
      242 |         // Mobile menu should not be visible when closed
      243 |         expect(screen.queryByTestId('mobile-menu-backdrop')).not.toBeInTheDocument();

      at VirtualConsole.<anonymous> (node_modules/@jest/environment-jsdom-abstract/build/index.js:87:23)
      at reportException (node_modules/jsdom/lib/jsdom/living/helpers/runtime-script-errors.js:70:28)
      at innerInvokeEventListeners (node_modules/jsdom/lib/jsdom/living/events/EventTarget-impl.js:353:9)
      at invokeEventListeners (node_modules/jsdom/lib/jsdom/living/events/EventTarget-impl.js:286:3)
      at HTMLUnknownElementImpl._dispatch (node_modules/jsdom/lib/jsdom/living/events/EventTarget-impl.js:233:9)
      at HTMLUnknownElementImpl.dispatchEvent (node_modules/jsdom/lib/jsdom/living/events/EventTarget-impl.js:104:17)
      at HTMLUnknownElement.dispatchEvent (node_modules/jsdom/lib/jsdom/living/generated/EventTarget.js:241:34)
      at Object.invokeGuardedCallbackDev (node_modules/react-dom/cjs/react-dom.development.js:4213:16)
      at invokeGuardedCallback (node_modules/react-dom/cjs/react-dom.development.js:4277:31)
      at beginWork$1 (node_modules/react-dom/cjs/react-dom.development.js:27490:7)
      at performUnitOfWork (node_modules/react-dom/cjs/react-dom.development.js:26599:12)
      at workLoopSync (node_modules/react-dom/cjs/react-dom.development.js:26505:5)
      at renderRootSync (node_modules/react-dom/cjs/react-dom.development.js:26473:7)
      at performConcurrentWorkOnRoot (node_modules/react-dom/cjs/react-dom.development.js:25777:74)
      at flushActQueue (node_modules/react/cjs/react.development.js:2667:24)
      at act (node_modules/react/cjs/react.development.js:2582:11)
      at node_modules/@testing-library/react/dist/act-compat.js:46:25
      at renderRoot (node_modules/@testing-library/react/dist/pure.js:189:26)
      at render (node_modules/@testing-library/react/dist/pure.js:291:10)
      at Object.<anonymous> (src/__tests__/components/layout/Header.test.tsx:240:15)

    console.error
      Error: Uncaught [TypeError: Cannot read properties of undefined (reading 'label')]
          at Object.<anonymous> (src/__tests__/components/layout/Header.test.tsx:240:15)
          at new Promise (<anonymous>) {
        detail: TypeError: Cannot read properties of undefined (reading 'label')
            at label (/Users/ppmtrue/Documents/GitHub/SelenIT-Digital-Agency/src/hooks/useNavigationLogic.ts:30:42)
            at Header (/Users/ppmtrue/Documents/GitHub/SelenIT-Digital-Agency/src/components/layout/Header.tsx:53:27)
            at renderWithHooks (/Users/ppmtrue/Documents/GitHub/SelenIT-Digital-Agency/node_modules/react-dom/cjs/react-dom.development.js:15486:18)
            at mountIndeterminateComponent (/Users/ppmtrue/Documents/GitHub/SelenIT-Digital-Agency/node_modules/react-dom/cjs/react-dom.development.js:20103:13)
            at beginWork (/Users/ppmtrue/Documents/GitHub/SelenIT-Digital-Agency/node_modules/react-dom/cjs/react-dom.development.js:21626:16)
            at HTMLUnknownElement.callCallback (/Users/ppmtrue/Documents/GitHub/SelenIT-Digital-Agency/node_modules/react-dom/cjs/react-dom.development.js:4164:14)
            at HTMLUnknownElement.callTheUserObjectsOperation (/Users/ppmtrue/Documents/GitHub/SelenIT-Digital-Agency/node_modules/jsdom/lib/jsdom/living/generated/EventListener.js:26:30)
            at innerInvokeEventListeners (/Users/ppmtrue/Documents/GitHub/SelenIT-Digital-Agency/node_modules/jsdom/lib/jsdom/living/events/EventTarget-impl.js:350:25)
            at invokeEventListeners (/Users/ppmtrue/Documents/GitHub/SelenIT-Digital-Agency/node_modules/jsdom/lib/jsdom/living/events/EventTarget-impl.js:286:3)
            at HTMLUnknownElementImpl._dispatch (/Users/ppmtrue/Documents/GitHub/SelenIT-Digital-Agency/node_modules/jsdom/lib/jsdom/living/events/EventTarget-impl.js:233:9)
            at HTMLUnknownElementImpl.dispatchEvent (/Users/ppmtrue/Documents/GitHub/SelenIT-Digital-Agency/node_modules/jsdom/lib/jsdom/living/events/EventTarget-impl.js:104:17)
            at HTMLUnknownElement.dispatchEvent (/Users/ppmtrue/Documents/GitHub/SelenIT-Digital-Agency/node_modules/jsdom/lib/jsdom/living/generated/EventTarget.js:241:34)
            at Object.invokeGuardedCallbackDev (/Users/ppmtrue/Documents/GitHub/SelenIT-Digital-Agency/node_modules/react-dom/cjs/react-dom.development.js:4213:16)
            at invokeGuardedCallback (/Users/ppmtrue/Documents/GitHub/SelenIT-Digital-Agency/node_modules/react-dom/cjs/react-dom.development.js:4277:31)
            at beginWork$1 (/Users/ppmtrue/Documents/GitHub/SelenIT-Digital-Agency/node_modules/react-dom/cjs/react-dom.development.js:27490:7)
            at performUnitOfWork (/Users/ppmtrue/Documents/GitHub/SelenIT-Digital-Agency/node_modules/react-dom/cjs/react-dom.development.js:26599:12)
            at workLoopSync (/Users/ppmtrue/Documents/GitHub/SelenIT-Digital-Agency/node_modules/react-dom/cjs/react-dom.development.js:26505:5)
            at renderRootSync (/Users/ppmtrue/Documents/GitHub/SelenIT-Digital-Agency/node_modules/react-dom/cjs/react-dom.development.js:26473:7)
            at recoverFromConcurrentError (/Users/ppmtrue/Documents/GitHub/SelenIT-Digital-Agency/node_modules/react-dom/cjs/react-dom.development.js:25889:20)
            at performConcurrentWorkOnRoot (/Users/ppmtrue/Documents/GitHub/SelenIT-Digital-Agency/node_modules/react-dom/cjs/react-dom.development.js:25789:22)
            at flushActQueue (/Users/ppmtrue/Documents/GitHub/SelenIT-Digital-Agency/node_modules/react/cjs/react.development.js:2667:24)
            at act (/Users/ppmtrue/Documents/GitHub/SelenIT-Digital-Agency/node_modules/react/cjs/react.development.js:2582:11)
            at /Users/ppmtrue/Documents/GitHub/SelenIT-Digital-Agency/node_modules/@testing-library/react/dist/act-compat.js:46:25
            at renderRoot (/Users/ppmtrue/Documents/GitHub/SelenIT-Digital-Agency/node_modules/@testing-library/react/dist/pure.js:189:26)
            at render (/Users/ppmtrue/Documents/GitHub/SelenIT-Digital-Agency/node_modules/@testing-library/react/dist/pure.js:291:10)
            at Object.<anonymous> (/Users/ppmtrue/Documents/GitHub/SelenIT-Digital-Agency/src/__tests__/components/layout/Header.test.tsx:240:15)
            at Promise.finally.completed (/Users/ppmtrue/Documents/GitHub/SelenIT-Digital-Agency/node_modules/jest-circus/build/jestAdapterInit.js:1557:28)
            at new Promise (<anonymous>)
            at callAsyncCircusFn (/Users/ppmtrue/Documents/GitHub/SelenIT-Digital-Agency/node_modules/jest-circus/build/jestAdapterInit.js:1497:10)
            at _callCircusTest (/Users/ppmtrue/Documents/GitHub/SelenIT-Digital-Agency/node_modules/jest-circus/build/jestAdapterInit.js:1007:40)
            at processTicksAndRejections (node:internal/process/task_queues:105:5)
            at _runTest (/Users/ppmtrue/Documents/GitHub/SelenIT-Digital-Agency/node_modules/jest-circus/build/jestAdapterInit.js:947:3)
            at /Users/ppmtrue/Documents/GitHub/SelenIT-Digital-Agency/node_modules/jest-circus/build/jestAdapterInit.js:849:7
            at _runTestsForDescribeBlock (/Users/ppmtrue/Documents/GitHub/SelenIT-Digital-Agency/node_modules/jest-circus/build/jestAdapterInit.js:862:11)
            at _runTestsForDescribeBlock (/Users/ppmtrue/Documents/GitHub/SelenIT-Digital-Agency/node_modules/jest-circus/build/jestAdapterInit.js:857:11)
            at run (/Users/ppmtrue/Documents/GitHub/SelenIT-Digital-Agency/node_modules/jest-circus/build/jestAdapterInit.js:761:3)
            at runAndTransformResultsToJestFormat (/Users/ppmtrue/Documents/GitHub/SelenIT-Digital-Agency/node_modules/jest-circus/build/jestAdapterInit.js:1918:21)
            at jestAdapter (/Users/ppmtrue/Documents/GitHub/SelenIT-Digital-Agency/node_modules/jest-circus/build/runner.js:101:19)
            at runTestInternal (/Users/ppmtrue/Documents/GitHub/SelenIT-Digital-Agency/node_modules/jest-runner/build/testWorker.js:275:16)
            at runTest (/Users/ppmtrue/Documents/GitHub/SelenIT-Digital-Agency/node_modules/jest-runner/build/testWorker.js:343:7)
            at Object.worker (/Users/ppmtrue/Documents/GitHub/SelenIT-Digital-Agency/node_modules/jest-runner/build/testWorker.js:497:12),
        type: 'unhandled exception'
      }

      238 |
      239 |     it('does not render mobile menu when closed', () => {
    > 240 |         render(<Header {...defaultProps} />);
          |               ^
      241 |
      242 |         // Mobile menu should not be visible when closed
      243 |         expect(screen.queryByTestId('mobile-menu-backdrop')).not.toBeInTheDocument();

      at VirtualConsole.<anonymous> (node_modules/@jest/environment-jsdom-abstract/build/index.js:87:23)
      at reportException (node_modules/jsdom/lib/jsdom/living/helpers/runtime-script-errors.js:70:28)
      at innerInvokeEventListeners (node_modules/jsdom/lib/jsdom/living/events/EventTarget-impl.js:353:9)
      at invokeEventListeners (node_modules/jsdom/lib/jsdom/living/events/EventTarget-impl.js:286:3)
      at HTMLUnknownElementImpl._dispatch (node_modules/jsdom/lib/jsdom/living/events/EventTarget-impl.js:233:9)
      at HTMLUnknownElementImpl.dispatchEvent (node_modules/jsdom/lib/jsdom/living/events/EventTarget-impl.js:104:17)
      at HTMLUnknownElement.dispatchEvent (node_modules/jsdom/lib/jsdom/living/generated/EventTarget.js:241:34)
      at Object.invokeGuardedCallbackDev (node_modules/react-dom/cjs/react-dom.development.js:4213:16)
      at invokeGuardedCallback (node_modules/react-dom/cjs/react-dom.development.js:4277:31)
      at beginWork$1 (node_modules/react-dom/cjs/react-dom.development.js:27490:7)
      at performUnitOfWork (node_modules/react-dom/cjs/react-dom.development.js:26599:12)
      at workLoopSync (node_modules/react-dom/cjs/react-dom.development.js:26505:5)
      at renderRootSync (node_modules/react-dom/cjs/react-dom.development.js:26473:7)
      at recoverFromConcurrentError (node_modules/react-dom/cjs/react-dom.development.js:25889:20)
      at performConcurrentWorkOnRoot (node_modules/react-dom/cjs/react-dom.development.js:25789:22)
      at flushActQueue (node_modules/react/cjs/react.development.js:2667:24)
      at act (node_modules/react/cjs/react.development.js:2582:11)
      at node_modules/@testing-library/react/dist/act-compat.js:46:25
      at renderRoot (node_modules/@testing-library/react/dist/pure.js:189:26)
      at render (node_modules/@testing-library/react/dist/pure.js:291:10)
      at Object.<anonymous> (src/__tests__/components/layout/Header.test.tsx:240:15)

    console.error
      The above error occurred in the <Header> component:
      
          at lang (/Users/ppmtrue/Documents/GitHub/SelenIT-Digital-Agency/src/components/layout/Header.tsx:23:34)
      
      Consider adding an error boundary to your tree to customize error handling behavior.
      Visit https://reactjs.org/link/error-boundaries to learn more about error boundaries.

      238 |
      239 |     it('does not render mobile menu when closed', () => {
    > 240 |         render(<Header {...defaultProps} />);
          |               ^
      241 |
      242 |         // Mobile menu should not be visible when closed
      243 |         expect(screen.queryByTestId('mobile-menu-backdrop')).not.toBeInTheDocument();

      at logCapturedError (node_modules/react-dom/cjs/react-dom.development.js:18704:23)
      at update.callback (node_modules/react-dom/cjs/react-dom.development.js:18737:5)
      at callCallback (node_modules/react-dom/cjs/react-dom.development.js:15036:12)
      at commitUpdateQueue (node_modules/react-dom/cjs/react-dom.development.js:15057:9)
      at commitLayoutEffectOnFiber (node_modules/react-dom/cjs/react-dom.development.js:23430:13)
      at commitLayoutMountEffects_complete (node_modules/react-dom/cjs/react-dom.development.js:24727:9)
      at commitLayoutEffects_begin (node_modules/react-dom/cjs/react-dom.development.js:24713:7)
      at commitLayoutEffects (node_modules/react-dom/cjs/react-dom.development.js:24651:3)
      at commitRootImpl (node_modules/react-dom/cjs/react-dom.development.js:26862:5)
      at commitRoot (node_modules/react-dom/cjs/react-dom.development.js:26721:5)
      at finishConcurrentRender (node_modules/react-dom/cjs/react-dom.development.js:25931:9)
      at performConcurrentWorkOnRoot (node_modules/react-dom/cjs/react-dom.development.js:25848:7)
      at flushActQueue (node_modules/react/cjs/react.development.js:2667:24)
      at act (node_modules/react/cjs/react.development.js:2582:11)
      at node_modules/@testing-library/react/dist/act-compat.js:46:25
      at renderRoot (node_modules/@testing-library/react/dist/pure.js:189:26)
      at render (node_modules/@testing-library/react/dist/pure.js:291:10)
      at Object.<anonymous> (src/__tests__/components/layout/Header.test.tsx:240:15)

    console.error
      Error: Uncaught [TypeError: Cannot read properties of undefined (reading 'label')]
          at Object.<anonymous> (src/__tests__/components/layout/Header.test.tsx:262:15)
          at new Promise (<anonymous>) {
        detail: TypeError: Cannot read properties of undefined (reading 'label')
            at label (/Users/ppmtrue/Documents/GitHub/SelenIT-Digital-Agency/src/hooks/useNavigationLogic.ts:30:42)
            at Header (/Users/ppmtrue/Documents/GitHub/SelenIT-Digital-Agency/src/components/layout/Header.tsx:53:27)
            at renderWithHooks (/Users/ppmtrue/Documents/GitHub/SelenIT-Digital-Agency/node_modules/react-dom/cjs/react-dom.development.js:15486:18)
            at mountIndeterminateComponent (/Users/ppmtrue/Documents/GitHub/SelenIT-Digital-Agency/node_modules/react-dom/cjs/react-dom.development.js:20103:13)
            at beginWork (/Users/ppmtrue/Documents/GitHub/SelenIT-Digital-Agency/node_modules/react-dom/cjs/react-dom.development.js:21626:16)
            at HTMLUnknownElement.callCallback (/Users/ppmtrue/Documents/GitHub/SelenIT-Digital-Agency/node_modules/react-dom/cjs/react-dom.development.js:4164:14)
            at HTMLUnknownElement.callTheUserObjectsOperation (/Users/ppmtrue/Documents/GitHub/SelenIT-Digital-Agency/node_modules/jsdom/lib/jsdom/living/generated/EventListener.js:26:30)
            at innerInvokeEventListeners (/Users/ppmtrue/Documents/GitHub/SelenIT-Digital-Agency/node_modules/jsdom/lib/jsdom/living/events/EventTarget-impl.js:350:25)
            at invokeEventListeners (/Users/ppmtrue/Documents/GitHub/SelenIT-Digital-Agency/node_modules/jsdom/lib/jsdom/living/events/EventTarget-impl.js:286:3)
            at HTMLUnknownElementImpl._dispatch (/Users/ppmtrue/Documents/GitHub/SelenIT-Digital-Agency/node_modules/jsdom/lib/jsdom/living/events/EventTarget-impl.js:233:9)
            at HTMLUnknownElementImpl.dispatchEvent (/Users/ppmtrue/Documents/GitHub/SelenIT-Digital-Agency/node_modules/jsdom/lib/jsdom/living/events/EventTarget-impl.js:104:17)
            at HTMLUnknownElement.dispatchEvent (/Users/ppmtrue/Documents/GitHub/SelenIT-Digital-Agency/node_modules/jsdom/lib/jsdom/living/generated/EventTarget.js:241:34)
            at Object.invokeGuardedCallbackDev (/Users/ppmtrue/Documents/GitHub/SelenIT-Digital-Agency/node_modules/react-dom/cjs/react-dom.development.js:4213:16)
            at invokeGuardedCallback (/Users/ppmtrue/Documents/GitHub/SelenIT-Digital-Agency/node_modules/react-dom/cjs/react-dom.development.js:4277:31)
            at beginWork$1 (/Users/ppmtrue/Documents/GitHub/SelenIT-Digital-Agency/node_modules/react-dom/cjs/react-dom.development.js:27490:7)
            at performUnitOfWork (/Users/ppmtrue/Documents/GitHub/SelenIT-Digital-Agency/node_modules/react-dom/cjs/react-dom.development.js:26599:12)
            at workLoopSync (/Users/ppmtrue/Documents/GitHub/SelenIT-Digital-Agency/node_modules/react-dom/cjs/react-dom.development.js:26505:5)
            at renderRootSync (/Users/ppmtrue/Documents/GitHub/SelenIT-Digital-Agency/node_modules/react-dom/cjs/react-dom.development.js:26473:7)
            at performConcurrentWorkOnRoot (/Users/ppmtrue/Documents/GitHub/SelenIT-Digital-Agency/node_modules/react-dom/cjs/react-dom.development.js:25777:74)
            at flushActQueue (/Users/ppmtrue/Documents/GitHub/SelenIT-Digital-Agency/node_modules/react/cjs/react.development.js:2667:24)
            at act (/Users/ppmtrue/Documents/GitHub/SelenIT-Digital-Agency/node_modules/react/cjs/react.development.js:2582:11)
            at /Users/ppmtrue/Documents/GitHub/SelenIT-Digital-Agency/node_modules/@testing-library/react/dist/act-compat.js:46:25
            at renderRoot (/Users/ppmtrue/Documents/GitHub/SelenIT-Digital-Agency/node_modules/@testing-library/react/dist/pure.js:189:26)
            at render (/Users/ppmtrue/Documents/GitHub/SelenIT-Digital-Agency/node_modules/@testing-library/react/dist/pure.js:291:10)
            at Object.<anonymous> (/Users/ppmtrue/Documents/GitHub/SelenIT-Digital-Agency/src/__tests__/components/layout/Header.test.tsx:262:15)
            at Promise.finally.completed (/Users/ppmtrue/Documents/GitHub/SelenIT-Digital-Agency/node_modules/jest-circus/build/jestAdapterInit.js:1557:28)
            at new Promise (<anonymous>)
            at callAsyncCircusFn (/Users/ppmtrue/Documents/GitHub/SelenIT-Digital-Agency/node_modules/jest-circus/build/jestAdapterInit.js:1497:10)
            at _callCircusTest (/Users/ppmtrue/Documents/GitHub/SelenIT-Digital-Agency/node_modules/jest-circus/build/jestAdapterInit.js:1007:40)
            at processTicksAndRejections (node:internal/process/task_queues:105:5)
            at _runTest (/Users/ppmtrue/Documents/GitHub/SelenIT-Digital-Agency/node_modules/jest-circus/build/jestAdapterInit.js:947:3)
            at /Users/ppmtrue/Documents/GitHub/SelenIT-Digital-Agency/node_modules/jest-circus/build/jestAdapterInit.js:849:7
            at _runTestsForDescribeBlock (/Users/ppmtrue/Documents/GitHub/SelenIT-Digital-Agency/node_modules/jest-circus/build/jestAdapterInit.js:862:11)
            at _runTestsForDescribeBlock (/Users/ppmtrue/Documents/GitHub/SelenIT-Digital-Agency/node_modules/jest-circus/build/jestAdapterInit.js:857:11)
            at run (/Users/ppmtrue/Documents/GitHub/SelenIT-Digital-Agency/node_modules/jest-circus/build/jestAdapterInit.js:761:3)
            at runAndTransformResultsToJestFormat (/Users/ppmtrue/Documents/GitHub/SelenIT-Digital-Agency/node_modules/jest-circus/build/jestAdapterInit.js:1918:21)
            at jestAdapter (/Users/ppmtrue/Documents/GitHub/SelenIT-Digital-Agency/node_modules/jest-circus/build/runner.js:101:19)
            at runTestInternal (/Users/ppmtrue/Documents/GitHub/SelenIT-Digital-Agency/node_modules/jest-runner/build/testWorker.js:275:16)
            at runTest (/Users/ppmtrue/Documents/GitHub/SelenIT-Digital-Agency/node_modules/jest-runner/build/testWorker.js:343:7)
            at Object.worker (/Users/ppmtrue/Documents/GitHub/SelenIT-Digital-Agency/node_modules/jest-runner/build/testWorker.js:497:12),
        type: 'unhandled exception'
      }

      260 |         });
      261 |
    > 262 |         render(<Header {...defaultProps} />);
          |               ^
      263 |
      264 |         const mobileMenuButton = screen.getByRole('button', { name: /menu/i });
      265 |         fireEvent.click(mobileMenuButton);

      at VirtualConsole.<anonymous> (node_modules/@jest/environment-jsdom-abstract/build/index.js:87:23)
      at reportException (node_modules/jsdom/lib/jsdom/living/helpers/runtime-script-errors.js:70:28)
      at innerInvokeEventListeners (node_modules/jsdom/lib/jsdom/living/events/EventTarget-impl.js:353:9)
      at invokeEventListeners (node_modules/jsdom/lib/jsdom/living/events/EventTarget-impl.js:286:3)
      at HTMLUnknownElementImpl._dispatch (node_modules/jsdom/lib/jsdom/living/events/EventTarget-impl.js:233:9)
      at HTMLUnknownElementImpl.dispatchEvent (node_modules/jsdom/lib/jsdom/living/events/EventTarget-impl.js:104:17)
      at HTMLUnknownElement.dispatchEvent (node_modules/jsdom/lib/jsdom/living/generated/EventTarget.js:241:34)
      at Object.invokeGuardedCallbackDev (node_modules/react-dom/cjs/react-dom.development.js:4213:16)
      at invokeGuardedCallback (node_modules/react-dom/cjs/react-dom.development.js:4277:31)
      at beginWork$1 (node_modules/react-dom/cjs/react-dom.development.js:27490:7)
      at performUnitOfWork (node_modules/react-dom/cjs/react-dom.development.js:26599:12)
      at workLoopSync (node_modules/react-dom/cjs/react-dom.development.js:26505:5)
      at renderRootSync (node_modules/react-dom/cjs/react-dom.development.js:26473:7)
      at performConcurrentWorkOnRoot (node_modules/react-dom/cjs/react-dom.development.js:25777:74)
      at flushActQueue (node_modules/react/cjs/react.development.js:2667:24)
      at act (node_modules/react/cjs/react.development.js:2582:11)
      at node_modules/@testing-library/react/dist/act-compat.js:46:25
      at renderRoot (node_modules/@testing-library/react/dist/pure.js:189:26)
      at render (node_modules/@testing-library/react/dist/pure.js:291:10)
      at Object.<anonymous> (src/__tests__/components/layout/Header.test.tsx:262:15)

    console.error
      Error: Uncaught [TypeError: Cannot read properties of undefined (reading 'label')]
          at Object.<anonymous> (src/__tests__/components/layout/Header.test.tsx:262:15)
          at new Promise (<anonymous>) {
        detail: TypeError: Cannot read properties of undefined (reading 'label')
            at label (/Users/ppmtrue/Documents/GitHub/SelenIT-Digital-Agency/src/hooks/useNavigationLogic.ts:30:42)
            at Header (/Users/ppmtrue/Documents/GitHub/SelenIT-Digital-Agency/src/components/layout/Header.tsx:53:27)
            at renderWithHooks (/Users/ppmtrue/Documents/GitHub/SelenIT-Digital-Agency/node_modules/react-dom/cjs/react-dom.development.js:15486:18)
            at mountIndeterminateComponent (/Users/ppmtrue/Documents/GitHub/SelenIT-Digital-Agency/node_modules/react-dom/cjs/react-dom.development.js:20103:13)
            at beginWork (/Users/ppmtrue/Documents/GitHub/SelenIT-Digital-Agency/node_modules/react-dom/cjs/react-dom.development.js:21626:16)
            at HTMLUnknownElement.callCallback (/Users/ppmtrue/Documents/GitHub/SelenIT-Digital-Agency/node_modules/react-dom/cjs/react-dom.development.js:4164:14)
            at HTMLUnknownElement.callTheUserObjectsOperation (/Users/ppmtrue/Documents/GitHub/SelenIT-Digital-Agency/node_modules/jsdom/lib/jsdom/living/generated/EventListener.js:26:30)
            at innerInvokeEventListeners (/Users/ppmtrue/Documents/GitHub/SelenIT-Digital-Agency/node_modules/jsdom/lib/jsdom/living/events/EventTarget-impl.js:350:25)
            at invokeEventListeners (/Users/ppmtrue/Documents/GitHub/SelenIT-Digital-Agency/node_modules/jsdom/lib/jsdom/living/events/EventTarget-impl.js:286:3)
            at HTMLUnknownElementImpl._dispatch (/Users/ppmtrue/Documents/GitHub/SelenIT-Digital-Agency/node_modules/jsdom/lib/jsdom/living/events/EventTarget-impl.js:233:9)
            at HTMLUnknownElementImpl.dispatchEvent (/Users/ppmtrue/Documents/GitHub/SelenIT-Digital-Agency/node_modules/jsdom/lib/jsdom/living/events/EventTarget-impl.js:104:17)
            at HTMLUnknownElement.dispatchEvent (/Users/ppmtrue/Documents/GitHub/SelenIT-Digital-Agency/node_modules/jsdom/lib/jsdom/living/generated/EventTarget.js:241:34)
            at Object.invokeGuardedCallbackDev (/Users/ppmtrue/Documents/GitHub/SelenIT-Digital-Agency/node_modules/react-dom/cjs/react-dom.development.js:4213:16)
            at invokeGuardedCallback (/Users/ppmtrue/Documents/GitHub/SelenIT-Digital-Agency/node_modules/react-dom/cjs/react-dom.development.js:4277:31)
            at beginWork$1 (/Users/ppmtrue/Documents/GitHub/SelenIT-Digital-Agency/node_modules/react-dom/cjs/react-dom.development.js:27490:7)
            at performUnitOfWork (/Users/ppmtrue/Documents/GitHub/SelenIT-Digital-Agency/node_modules/react-dom/cjs/react-dom.development.js:26599:12)
            at workLoopSync (/Users/ppmtrue/Documents/GitHub/SelenIT-Digital-Agency/node_modules/react-dom/cjs/react-dom.development.js:26505:5)
            at renderRootSync (/Users/ppmtrue/Documents/GitHub/SelenIT-Digital-Agency/node_modules/react-dom/cjs/react-dom.development.js:26473:7)
            at recoverFromConcurrentError (/Users/ppmtrue/Documents/GitHub/SelenIT-Digital-Agency/node_modules/react-dom/cjs/react-dom.development.js:25889:20)
            at performConcurrentWorkOnRoot (/Users/ppmtrue/Documents/GitHub/SelenIT-Digital-Agency/node_modules/react-dom/cjs/react-dom.development.js:25789:22)
            at flushActQueue (/Users/ppmtrue/Documents/GitHub/SelenIT-Digital-Agency/node_modules/react/cjs/react.development.js:2667:24)
            at act (/Users/ppmtrue/Documents/GitHub/SelenIT-Digital-Agency/node_modules/react/cjs/react.development.js:2582:11)
            at /Users/ppmtrue/Documents/GitHub/SelenIT-Digital-Agency/node_modules/@testing-library/react/dist/act-compat.js:46:25
            at renderRoot (/Users/ppmtrue/Documents/GitHub/SelenIT-Digital-Agency/node_modules/@testing-library/react/dist/pure.js:189:26)
            at render (/Users/ppmtrue/Documents/GitHub/SelenIT-Digital-Agency/node_modules/@testing-library/react/dist/pure.js:291:10)
            at Object.<anonymous> (/Users/ppmtrue/Documents/GitHub/SelenIT-Digital-Agency/src/__tests__/components/layout/Header.test.tsx:262:15)
            at Promise.finally.completed (/Users/ppmtrue/Documents/GitHub/SelenIT-Digital-Agency/node_modules/jest-circus/build/jestAdapterInit.js:1557:28)
            at new Promise (<anonymous>)
            at callAsyncCircusFn (/Users/ppmtrue/Documents/GitHub/SelenIT-Digital-Agency/node_modules/jest-circus/build/jestAdapterInit.js:1497:10)
            at _callCircusTest (/Users/ppmtrue/Documents/GitHub/SelenIT-Digital-Agency/node_modules/jest-circus/build/jestAdapterInit.js:1007:40)
            at processTicksAndRejections (node:internal/process/task_queues:105:5)
            at _runTest (/Users/ppmtrue/Documents/GitHub/SelenIT-Digital-Agency/node_modules/jest-circus/build/jestAdapterInit.js:947:3)
            at /Users/ppmtrue/Documents/GitHub/SelenIT-Digital-Agency/node_modules/jest-circus/build/jestAdapterInit.js:849:7
            at _runTestsForDescribeBlock (/Users/ppmtrue/Documents/GitHub/SelenIT-Digital-Agency/node_modules/jest-circus/build/jestAdapterInit.js:862:11)
            at _runTestsForDescribeBlock (/Users/ppmtrue/Documents/GitHub/SelenIT-Digital-Agency/node_modules/jest-circus/build/jestAdapterInit.js:857:11)
            at run (/Users/ppmtrue/Documents/GitHub/SelenIT-Digital-Agency/node_modules/jest-circus/build/jestAdapterInit.js:761:3)
            at runAndTransformResultsToJestFormat (/Users/ppmtrue/Documents/GitHub/SelenIT-Digital-Agency/node_modules/jest-circus/build/jestAdapterInit.js:1918:21)
            at jestAdapter (/Users/ppmtrue/Documents/GitHub/SelenIT-Digital-Agency/node_modules/jest-circus/build/runner.js:101:19)
            at runTestInternal (/Users/ppmtrue/Documents/GitHub/SelenIT-Digital-Agency/node_modules/jest-runner/build/testWorker.js:275:16)
            at runTest (/Users/ppmtrue/Documents/GitHub/SelenIT-Digital-Agency/node_modules/jest-runner/build/testWorker.js:343:7)
            at Object.worker (/Users/ppmtrue/Documents/GitHub/SelenIT-Digital-Agency/node_modules/jest-runner/build/testWorker.js:497:12),
        type: 'unhandled exception'
      }

      260 |         });
      261 |
    > 262 |         render(<Header {...defaultProps} />);
          |               ^
      263 |
      264 |         const mobileMenuButton = screen.getByRole('button', { name: /menu/i });
      265 |         fireEvent.click(mobileMenuButton);

      at VirtualConsole.<anonymous> (node_modules/@jest/environment-jsdom-abstract/build/index.js:87:23)
      at reportException (node_modules/jsdom/lib/jsdom/living/helpers/runtime-script-errors.js:70:28)
      at innerInvokeEventListeners (node_modules/jsdom/lib/jsdom/living/events/EventTarget-impl.js:353:9)
      at invokeEventListeners (node_modules/jsdom/lib/jsdom/living/events/EventTarget-impl.js:286:3)
      at HTMLUnknownElementImpl._dispatch (node_modules/jsdom/lib/jsdom/living/events/EventTarget-impl.js:233:9)
      at HTMLUnknownElementImpl.dispatchEvent (node_modules/jsdom/lib/jsdom/living/events/EventTarget-impl.js:104:17)
      at HTMLUnknownElement.dispatchEvent (node_modules/jsdom/lib/jsdom/living/generated/EventTarget.js:241:34)
      at Object.invokeGuardedCallbackDev (node_modules/react-dom/cjs/react-dom.development.js:4213:16)
      at invokeGuardedCallback (node_modules/react-dom/cjs/react-dom.development.js:4277:31)
      at beginWork$1 (node_modules/react-dom/cjs/react-dom.development.js:27490:7)
      at performUnitOfWork (node_modules/react-dom/cjs/react-dom.development.js:26599:12)
      at workLoopSync (node_modules/react-dom/cjs/react-dom.development.js:26505:5)
      at renderRootSync (node_modules/react-dom/cjs/react-dom.development.js:26473:7)
      at recoverFromConcurrentError (node_modules/react-dom/cjs/react-dom.development.js:25889:20)
      at performConcurrentWorkOnRoot (node_modules/react-dom/cjs/react-dom.development.js:25789:22)
      at flushActQueue (node_modules/react/cjs/react.development.js:2667:24)
      at act (node_modules/react/cjs/react.development.js:2582:11)
      at node_modules/@testing-library/react/dist/act-compat.js:46:25
      at renderRoot (node_modules/@testing-library/react/dist/pure.js:189:26)
      at render (node_modules/@testing-library/react/dist/pure.js:291:10)
      at Object.<anonymous> (src/__tests__/components/layout/Header.test.tsx:262:15)

    console.error
      The above error occurred in the <Header> component:
      
          at lang (/Users/ppmtrue/Documents/GitHub/SelenIT-Digital-Agency/src/components/layout/Header.tsx:23:34)
      
      Consider adding an error boundary to your tree to customize error handling behavior.
      Visit https://reactjs.org/link/error-boundaries to learn more about error boundaries.

      260 |         });
      261 |
    > 262 |         render(<Header {...defaultProps} />);
          |               ^
      263 |
      264 |         const mobileMenuButton = screen.getByRole('button', { name: /menu/i });
      265 |         fireEvent.click(mobileMenuButton);

      at logCapturedError (node_modules/react-dom/cjs/react-dom.development.js:18704:23)
      at update.callback (node_modules/react-dom/cjs/react-dom.development.js:18737:5)
      at callCallback (node_modules/react-dom/cjs/react-dom.development.js:15036:12)
      at commitUpdateQueue (node_modules/react-dom/cjs/react-dom.development.js:15057:9)
      at commitLayoutEffectOnFiber (node_modules/react-dom/cjs/react-dom.development.js:23430:13)
      at commitLayoutMountEffects_complete (node_modules/react-dom/cjs/react-dom.development.js:24727:9)
      at commitLayoutEffects_begin (node_modules/react-dom/cjs/react-dom.development.js:24713:7)
      at commitLayoutEffects (node_modules/react-dom/cjs/react-dom.development.js:24651:3)
      at commitRootImpl (node_modules/react-dom/cjs/react-dom.development.js:26862:5)
      at commitRoot (node_modules/react-dom/cjs/react-dom.development.js:26721:5)
      at finishConcurrentRender (node_modules/react-dom/cjs/react-dom.development.js:25931:9)
      at performConcurrentWorkOnRoot (node_modules/react-dom/cjs/react-dom.development.js:25848:7)
      at flushActQueue (node_modules/react/cjs/react.development.js:2667:24)
      at act (node_modules/react/cjs/react.development.js:2582:11)
      at node_modules/@testing-library/react/dist/act-compat.js:46:25
      at renderRoot (node_modules/@testing-library/react/dist/pure.js:189:26)
      at render (node_modules/@testing-library/react/dist/pure.js:291:10)
      at Object.<anonymous> (src/__tests__/components/layout/Header.test.tsx:262:15)

    console.error
      Error: Uncaught [TypeError: Cannot read properties of undefined (reading 'label')]
          at Object.<anonymous> (src/__tests__/components/layout/Header.test.tsx:276:15)
          at new Promise (<anonymous>) {
        detail: TypeError: Cannot read properties of undefined (reading 'label')
            at label (/Users/ppmtrue/Documents/GitHub/SelenIT-Digital-Agency/src/hooks/useNavigationLogic.ts:30:42)
            at Header (/Users/ppmtrue/Documents/GitHub/SelenIT-Digital-Agency/src/components/layout/Header.tsx:53:27)
            at renderWithHooks (/Users/ppmtrue/Documents/GitHub/SelenIT-Digital-Agency/node_modules/react-dom/cjs/react-dom.development.js:15486:18)
            at mountIndeterminateComponent (/Users/ppmtrue/Documents/GitHub/SelenIT-Digital-Agency/node_modules/react-dom/cjs/react-dom.development.js:20103:13)
            at beginWork (/Users/ppmtrue/Documents/GitHub/SelenIT-Digital-Agency/node_modules/react-dom/cjs/react-dom.development.js:21626:16)
            at HTMLUnknownElement.callCallback (/Users/ppmtrue/Documents/GitHub/SelenIT-Digital-Agency/node_modules/react-dom/cjs/react-dom.development.js:4164:14)
            at HTMLUnknownElement.callTheUserObjectsOperation (/Users/ppmtrue/Documents/GitHub/SelenIT-Digital-Agency/node_modules/jsdom/lib/jsdom/living/generated/EventListener.js:26:30)
            at innerInvokeEventListeners (/Users/ppmtrue/Documents/GitHub/SelenIT-Digital-Agency/node_modules/jsdom/lib/jsdom/living/events/EventTarget-impl.js:350:25)
            at invokeEventListeners (/Users/ppmtrue/Documents/GitHub/SelenIT-Digital-Agency/node_modules/jsdom/lib/jsdom/living/events/EventTarget-impl.js:286:3)
            at HTMLUnknownElementImpl._dispatch (/Users/ppmtrue/Documents/GitHub/SelenIT-Digital-Agency/node_modules/jsdom/lib/jsdom/living/events/EventTarget-impl.js:233:9)
            at HTMLUnknownElementImpl.dispatchEvent (/Users/ppmtrue/Documents/GitHub/SelenIT-Digital-Agency/node_modules/jsdom/lib/jsdom/living/events/EventTarget-impl.js:104:17)
            at HTMLUnknownElement.dispatchEvent (/Users/ppmtrue/Documents/GitHub/SelenIT-Digital-Agency/node_modules/jsdom/lib/jsdom/living/generated/EventTarget.js:241:34)
            at Object.invokeGuardedCallbackDev (/Users/ppmtrue/Documents/GitHub/SelenIT-Digital-Agency/node_modules/react-dom/cjs/react-dom.development.js:4213:16)
            at invokeGuardedCallback (/Users/ppmtrue/Documents/GitHub/SelenIT-Digital-Agency/node_modules/react-dom/cjs/react-dom.development.js:4277:31)
            at beginWork$1 (/Users/ppmtrue/Documents/GitHub/SelenIT-Digital-Agency/node_modules/react-dom/cjs/react-dom.development.js:27490:7)
            at performUnitOfWork (/Users/ppmtrue/Documents/GitHub/SelenIT-Digital-Agency/node_modules/react-dom/cjs/react-dom.development.js:26599:12)
            at workLoopSync (/Users/ppmtrue/Documents/GitHub/SelenIT-Digital-Agency/node_modules/react-dom/cjs/react-dom.development.js:26505:5)
            at renderRootSync (/Users/ppmtrue/Documents/GitHub/SelenIT-Digital-Agency/node_modules/react-dom/cjs/react-dom.development.js:26473:7)
            at performConcurrentWorkOnRoot (/Users/ppmtrue/Documents/GitHub/SelenIT-Digital-Agency/node_modules/react-dom/cjs/react-dom.development.js:25777:74)
            at flushActQueue (/Users/ppmtrue/Documents/GitHub/SelenIT-Digital-Agency/node_modules/react/cjs/react.development.js:2667:24)
            at act (/Users/ppmtrue/Documents/GitHub/SelenIT-Digital-Agency/node_modules/react/cjs/react.development.js:2582:11)
            at /Users/ppmtrue/Documents/GitHub/SelenIT-Digital-Agency/node_modules/@testing-library/react/dist/act-compat.js:46:25
            at renderRoot (/Users/ppmtrue/Documents/GitHub/SelenIT-Digital-Agency/node_modules/@testing-library/react/dist/pure.js:189:26)
            at render (/Users/ppmtrue/Documents/GitHub/SelenIT-Digital-Agency/node_modules/@testing-library/react/dist/pure.js:291:10)
            at Object.<anonymous> (/Users/ppmtrue/Documents/GitHub/SelenIT-Digital-Agency/src/__tests__/components/layout/Header.test.tsx:276:15)
            at Promise.finally.completed (/Users/ppmtrue/Documents/GitHub/SelenIT-Digital-Agency/node_modules/jest-circus/build/jestAdapterInit.js:1557:28)
            at new Promise (<anonymous>)
            at callAsyncCircusFn (/Users/ppmtrue/Documents/GitHub/SelenIT-Digital-Agency/node_modules/jest-circus/build/jestAdapterInit.js:1497:10)
            at _callCircusTest (/Users/ppmtrue/Documents/GitHub/SelenIT-Digital-Agency/node_modules/jest-circus/build/jestAdapterInit.js:1007:40)
            at processTicksAndRejections (node:internal/process/task_queues:105:5)
            at _runTest (/Users/ppmtrue/Documents/GitHub/SelenIT-Digital-Agency/node_modules/jest-circus/build/jestAdapterInit.js:947:3)
            at /Users/ppmtrue/Documents/GitHub/SelenIT-Digital-Agency/node_modules/jest-circus/build/jestAdapterInit.js:849:7
            at _runTestsForDescribeBlock (/Users/ppmtrue/Documents/GitHub/SelenIT-Digital-Agency/node_modules/jest-circus/build/jestAdapterInit.js:862:11)
            at _runTestsForDescribeBlock (/Users/ppmtrue/Documents/GitHub/SelenIT-Digital-Agency/node_modules/jest-circus/build/jestAdapterInit.js:857:11)
            at run (/Users/ppmtrue/Documents/GitHub/SelenIT-Digital-Agency/node_modules/jest-circus/build/jestAdapterInit.js:761:3)
            at runAndTransformResultsToJestFormat (/Users/ppmtrue/Documents/GitHub/SelenIT-Digital-Agency/node_modules/jest-circus/build/jestAdapterInit.js:1918:21)
            at jestAdapter (/Users/ppmtrue/Documents/GitHub/SelenIT-Digital-Agency/node_modules/jest-circus/build/runner.js:101:19)
            at runTestInternal (/Users/ppmtrue/Documents/GitHub/SelenIT-Digital-Agency/node_modules/jest-runner/build/testWorker.js:275:16)
            at runTest (/Users/ppmtrue/Documents/GitHub/SelenIT-Digital-Agency/node_modules/jest-runner/build/testWorker.js:343:7)
            at Object.worker (/Users/ppmtrue/Documents/GitHub/SelenIT-Digital-Agency/node_modules/jest-runner/build/testWorker.js:497:12),
        type: 'unhandled exception'
      }

      274 |         };
      275 |
    > 276 |         render(<Header {...spanishProps} />);
          |               ^
      277 |
      278 |         expect(screen.getByText('Inicio')).toBeInTheDocument();
      279 |         expect(screen.getByText('Servicios')).toBeInTheDocument();

      at VirtualConsole.<anonymous> (node_modules/@jest/environment-jsdom-abstract/build/index.js:87:23)
      at reportException (node_modules/jsdom/lib/jsdom/living/helpers/runtime-script-errors.js:70:28)
      at innerInvokeEventListeners (node_modules/jsdom/lib/jsdom/living/events/EventTarget-impl.js:353:9)
      at invokeEventListeners (node_modules/jsdom/lib/jsdom/living/events/EventTarget-impl.js:286:3)
      at HTMLUnknownElementImpl._dispatch (node_modules/jsdom/lib/jsdom/living/events/EventTarget-impl.js:233:9)
      at HTMLUnknownElementImpl.dispatchEvent (node_modules/jsdom/lib/jsdom/living/events/EventTarget-impl.js:104:17)
      at HTMLUnknownElement.dispatchEvent (node_modules/jsdom/lib/jsdom/living/generated/EventTarget.js:241:34)
      at Object.invokeGuardedCallbackDev (node_modules/react-dom/cjs/react-dom.development.js:4213:16)
      at invokeGuardedCallback (node_modules/react-dom/cjs/react-dom.development.js:4277:31)
      at beginWork$1 (node_modules/react-dom/cjs/react-dom.development.js:27490:7)
      at performUnitOfWork (node_modules/react-dom/cjs/react-dom.development.js:26599:12)
      at workLoopSync (node_modules/react-dom/cjs/react-dom.development.js:26505:5)
      at renderRootSync (node_modules/react-dom/cjs/react-dom.development.js:26473:7)
      at performConcurrentWorkOnRoot (node_modules/react-dom/cjs/react-dom.development.js:25777:74)
      at flushActQueue (node_modules/react/cjs/react.development.js:2667:24)
      at act (node_modules/react/cjs/react.development.js:2582:11)
      at node_modules/@testing-library/react/dist/act-compat.js:46:25
      at renderRoot (node_modules/@testing-library/react/dist/pure.js:189:26)
      at render (node_modules/@testing-library/react/dist/pure.js:291:10)
      at Object.<anonymous> (src/__tests__/components/layout/Header.test.tsx:276:15)

    console.error
      Error: Uncaught [TypeError: Cannot read properties of undefined (reading 'label')]
          at Object.<anonymous> (src/__tests__/components/layout/Header.test.tsx:276:15)
          at new Promise (<anonymous>) {
        detail: TypeError: Cannot read properties of undefined (reading 'label')
            at label (/Users/ppmtrue/Documents/GitHub/SelenIT-Digital-Agency/src/hooks/useNavigationLogic.ts:30:42)
            at Header (/Users/ppmtrue/Documents/GitHub/SelenIT-Digital-Agency/src/components/layout/Header.tsx:53:27)
            at renderWithHooks (/Users/ppmtrue/Documents/GitHub/SelenIT-Digital-Agency/node_modules/react-dom/cjs/react-dom.development.js:15486:18)
            at mountIndeterminateComponent (/Users/ppmtrue/Documents/GitHub/SelenIT-Digital-Agency/node_modules/react-dom/cjs/react-dom.development.js:20103:13)
            at beginWork (/Users/ppmtrue/Documents/GitHub/SelenIT-Digital-Agency/node_modules/react-dom/cjs/react-dom.development.js:21626:16)
            at HTMLUnknownElement.callCallback (/Users/ppmtrue/Documents/GitHub/SelenIT-Digital-Agency/node_modules/react-dom/cjs/react-dom.development.js:4164:14)
            at HTMLUnknownElement.callTheUserObjectsOperation (/Users/ppmtrue/Documents/GitHub/SelenIT-Digital-Agency/node_modules/jsdom/lib/jsdom/living/generated/EventListener.js:26:30)
            at innerInvokeEventListeners (/Users/ppmtrue/Documents/GitHub/SelenIT-Digital-Agency/node_modules/jsdom/lib/jsdom/living/events/EventTarget-impl.js:350:25)
            at invokeEventListeners (/Users/ppmtrue/Documents/GitHub/SelenIT-Digital-Agency/node_modules/jsdom/lib/jsdom/living/events/EventTarget-impl.js:286:3)
            at HTMLUnknownElementImpl._dispatch (/Users/ppmtrue/Documents/GitHub/SelenIT-Digital-Agency/node_modules/jsdom/lib/jsdom/living/events/EventTarget-impl.js:233:9)
            at HTMLUnknownElementImpl.dispatchEvent (/Users/ppmtrue/Documents/GitHub/SelenIT-Digital-Agency/node_modules/jsdom/lib/jsdom/living/events/EventTarget-impl.js:104:17)
            at HTMLUnknownElement.dispatchEvent (/Users/ppmtrue/Documents/GitHub/SelenIT-Digital-Agency/node_modules/jsdom/lib/jsdom/living/generated/EventTarget.js:241:34)
            at Object.invokeGuardedCallbackDev (/Users/ppmtrue/Documents/GitHub/SelenIT-Digital-Agency/node_modules/react-dom/cjs/react-dom.development.js:4213:16)
            at invokeGuardedCallback (/Users/ppmtrue/Documents/GitHub/SelenIT-Digital-Agency/node_modules/react-dom/cjs/react-dom.development.js:4277:31)
            at beginWork$1 (/Users/ppmtrue/Documents/GitHub/SelenIT-Digital-Agency/node_modules/react-dom/cjs/react-dom.development.js:27490:7)
            at performUnitOfWork (/Users/ppmtrue/Documents/GitHub/SelenIT-Digital-Agency/node_modules/react-dom/cjs/react-dom.development.js:26599:12)
            at workLoopSync (/Users/ppmtrue/Documents/GitHub/SelenIT-Digital-Agency/node_modules/react-dom/cjs/react-dom.development.js:26505:5)
            at renderRootSync (/Users/ppmtrue/Documents/GitHub/SelenIT-Digital-Agency/node_modules/react-dom/cjs/react-dom.development.js:26473:7)
            at recoverFromConcurrentError (/Users/ppmtrue/Documents/GitHub/SelenIT-Digital-Agency/node_modules/react-dom/cjs/react-dom.development.js:25889:20)
            at performConcurrentWorkOnRoot (/Users/ppmtrue/Documents/GitHub/SelenIT-Digital-Agency/node_modules/react-dom/cjs/react-dom.development.js:25789:22)
            at flushActQueue (/Users/ppmtrue/Documents/GitHub/SelenIT-Digital-Agency/node_modules/react/cjs/react.development.js:2667:24)
            at act (/Users/ppmtrue/Documents/GitHub/SelenIT-Digital-Agency/node_modules/react/cjs/react.development.js:2582:11)
            at /Users/ppmtrue/Documents/GitHub/SelenIT-Digital-Agency/node_modules/@testing-library/react/dist/act-compat.js:46:25
            at renderRoot (/Users/ppmtrue/Documents/GitHub/SelenIT-Digital-Agency/node_modules/@testing-library/react/dist/pure.js:189:26)
            at render (/Users/ppmtrue/Documents/GitHub/SelenIT-Digital-Agency/node_modules/@testing-library/react/dist/pure.js:291:10)
            at Object.<anonymous> (/Users/ppmtrue/Documents/GitHub/SelenIT-Digital-Agency/src/__tests__/components/layout/Header.test.tsx:276:15)
            at Promise.finally.completed (/Users/ppmtrue/Documents/GitHub/SelenIT-Digital-Agency/node_modules/jest-circus/build/jestAdapterInit.js:1557:28)
            at new Promise (<anonymous>)
            at callAsyncCircusFn (/Users/ppmtrue/Documents/GitHub/SelenIT-Digital-Agency/node_modules/jest-circus/build/jestAdapterInit.js:1497:10)
            at _callCircusTest (/Users/ppmtrue/Documents/GitHub/SelenIT-Digital-Agency/node_modules/jest-circus/build/jestAdapterInit.js:1007:40)
            at processTicksAndRejections (node:internal/process/task_queues:105:5)
            at _runTest (/Users/ppmtrue/Documents/GitHub/SelenIT-Digital-Agency/node_modules/jest-circus/build/jestAdapterInit.js:947:3)
            at /Users/ppmtrue/Documents/GitHub/SelenIT-Digital-Agency/node_modules/jest-circus/build/jestAdapterInit.js:849:7
            at _runTestsForDescribeBlock (/Users/ppmtrue/Documents/GitHub/SelenIT-Digital-Agency/node_modules/jest-circus/build/jestAdapterInit.js:862:11)
            at _runTestsForDescribeBlock (/Users/ppmtrue/Documents/GitHub/SelenIT-Digital-Agency/node_modules/jest-circus/build/jestAdapterInit.js:857:11)
            at run (/Users/ppmtrue/Documents/GitHub/SelenIT-Digital-Agency/node_modules/jest-circus/build/jestAdapterInit.js:761:3)
            at runAndTransformResultsToJestFormat (/Users/ppmtrue/Documents/GitHub/SelenIT-Digital-Agency/node_modules/jest-circus/build/jestAdapterInit.js:1918:21)
            at jestAdapter (/Users/ppmtrue/Documents/GitHub/SelenIT-Digital-Agency/node_modules/jest-circus/build/runner.js:101:19)
            at runTestInternal (/Users/ppmtrue/Documents/GitHub/SelenIT-Digital-Agency/node_modules/jest-runner/build/testWorker.js:275:16)
            at runTest (/Users/ppmtrue/Documents/GitHub/SelenIT-Digital-Agency/node_modules/jest-runner/build/testWorker.js:343:7)
            at Object.worker (/Users/ppmtrue/Documents/GitHub/SelenIT-Digital-Agency/node_modules/jest-runner/build/testWorker.js:497:12),
        type: 'unhandled exception'
      }

      274 |         };
      275 |
    > 276 |         render(<Header {...spanishProps} />);
          |               ^
      277 |
      278 |         expect(screen.getByText('Inicio')).toBeInTheDocument();
      279 |         expect(screen.getByText('Servicios')).toBeInTheDocument();

      at VirtualConsole.<anonymous> (node_modules/@jest/environment-jsdom-abstract/build/index.js:87:23)
      at reportException (node_modules/jsdom/lib/jsdom/living/helpers/runtime-script-errors.js:70:28)
      at innerInvokeEventListeners (node_modules/jsdom/lib/jsdom/living/events/EventTarget-impl.js:353:9)
      at invokeEventListeners (node_modules/jsdom/lib/jsdom/living/events/EventTarget-impl.js:286:3)
      at HTMLUnknownElementImpl._dispatch (node_modules/jsdom/lib/jsdom/living/events/EventTarget-impl.js:233:9)
      at HTMLUnknownElementImpl.dispatchEvent (node_modules/jsdom/lib/jsdom/living/events/EventTarget-impl.js:104:17)
      at HTMLUnknownElement.dispatchEvent (node_modules/jsdom/lib/jsdom/living/generated/EventTarget.js:241:34)
      at Object.invokeGuardedCallbackDev (node_modules/react-dom/cjs/react-dom.development.js:4213:16)
      at invokeGuardedCallback (node_modules/react-dom/cjs/react-dom.development.js:4277:31)
      at beginWork$1 (node_modules/react-dom/cjs/react-dom.development.js:27490:7)
      at performUnitOfWork (node_modules/react-dom/cjs/react-dom.development.js:26599:12)
      at workLoopSync (node_modules/react-dom/cjs/react-dom.development.js:26505:5)
      at renderRootSync (node_modules/react-dom/cjs/react-dom.development.js:26473:7)
      at recoverFromConcurrentError (node_modules/react-dom/cjs/react-dom.development.js:25889:20)
      at performConcurrentWorkOnRoot (node_modules/react-dom/cjs/react-dom.development.js:25789:22)
      at flushActQueue (node_modules/react/cjs/react.development.js:2667:24)
      at act (node_modules/react/cjs/react.development.js:2582:11)
      at node_modules/@testing-library/react/dist/act-compat.js:46:25
      at renderRoot (node_modules/@testing-library/react/dist/pure.js:189:26)
      at render (node_modules/@testing-library/react/dist/pure.js:291:10)
      at Object.<anonymous> (src/__tests__/components/layout/Header.test.tsx:276:15)

    console.error
      The above error occurred in the <Header> component:
      
          at lang (/Users/ppmtrue/Documents/GitHub/SelenIT-Digital-Agency/src/components/layout/Header.tsx:23:34)
      
      Consider adding an error boundary to your tree to customize error handling behavior.
      Visit https://reactjs.org/link/error-boundaries to learn more about error boundaries.

      274 |         };
      275 |
    > 276 |         render(<Header {...spanishProps} />);
          |               ^
      277 |
      278 |         expect(screen.getByText('Inicio')).toBeInTheDocument();
      279 |         expect(screen.getByText('Servicios')).toBeInTheDocument();

      at logCapturedError (node_modules/react-dom/cjs/react-dom.development.js:18704:23)
      at update.callback (node_modules/react-dom/cjs/react-dom.development.js:18737:5)
      at callCallback (node_modules/react-dom/cjs/react-dom.development.js:15036:12)
      at commitUpdateQueue (node_modules/react-dom/cjs/react-dom.development.js:15057:9)
      at commitLayoutEffectOnFiber (node_modules/react-dom/cjs/react-dom.development.js:23430:13)
      at commitLayoutMountEffects_complete (node_modules/react-dom/cjs/react-dom.development.js:24727:9)
      at commitLayoutEffects_begin (node_modules/react-dom/cjs/react-dom.development.js:24713:7)
      at commitLayoutEffects (node_modules/react-dom/cjs/react-dom.development.js:24651:3)
      at commitRootImpl (node_modules/react-dom/cjs/react-dom.development.js:26862:5)
      at commitRoot (node_modules/react-dom/cjs/react-dom.development.js:26721:5)
      at finishConcurrentRender (node_modules/react-dom/cjs/react-dom.development.js:25931:9)
      at performConcurrentWorkOnRoot (node_modules/react-dom/cjs/react-dom.development.js:25848:7)
      at flushActQueue (node_modules/react/cjs/react.development.js:2667:24)
      at act (node_modules/react/cjs/react.development.js:2582:11)
      at node_modules/@testing-library/react/dist/act-compat.js:46:25
      at renderRoot (node_modules/@testing-library/react/dist/pure.js:189:26)
      at render (node_modules/@testing-library/react/dist/pure.js:291:10)
      at Object.<anonymous> (src/__tests__/components/layout/Header.test.tsx:276:15)

    console.error
      Error: Uncaught [TypeError: Cannot read properties of undefined (reading 'label')]
          at Object.<anonymous> (src/__tests__/components/layout/Header.test.tsx:285:15)
          at new Promise (<anonymous>) {
        detail: TypeError: Cannot read properties of undefined (reading 'label')
            at label (/Users/ppmtrue/Documents/GitHub/SelenIT-Digital-Agency/src/hooks/useNavigationLogic.ts:30:42)
            at Header (/Users/ppmtrue/Documents/GitHub/SelenIT-Digital-Agency/src/components/layout/Header.tsx:53:27)
            at renderWithHooks (/Users/ppmtrue/Documents/GitHub/SelenIT-Digital-Agency/node_modules/react-dom/cjs/react-dom.development.js:15486:18)
            at mountIndeterminateComponent (/Users/ppmtrue/Documents/GitHub/SelenIT-Digital-Agency/node_modules/react-dom/cjs/react-dom.development.js:20103:13)
            at beginWork (/Users/ppmtrue/Documents/GitHub/SelenIT-Digital-Agency/node_modules/react-dom/cjs/react-dom.development.js:21626:16)
            at HTMLUnknownElement.callCallback (/Users/ppmtrue/Documents/GitHub/SelenIT-Digital-Agency/node_modules/react-dom/cjs/react-dom.development.js:4164:14)
            at HTMLUnknownElement.callTheUserObjectsOperation (/Users/ppmtrue/Documents/GitHub/SelenIT-Digital-Agency/node_modules/jsdom/lib/jsdom/living/generated/EventListener.js:26:30)
            at innerInvokeEventListeners (/Users/ppmtrue/Documents/GitHub/SelenIT-Digital-Agency/node_modules/jsdom/lib/jsdom/living/events/EventTarget-impl.js:350:25)
            at invokeEventListeners (/Users/ppmtrue/Documents/GitHub/SelenIT-Digital-Agency/node_modules/jsdom/lib/jsdom/living/events/EventTarget-impl.js:286:3)
            at HTMLUnknownElementImpl._dispatch (/Users/ppmtrue/Documents/GitHub/SelenIT-Digital-Agency/node_modules/jsdom/lib/jsdom/living/events/EventTarget-impl.js:233:9)
            at HTMLUnknownElementImpl.dispatchEvent (/Users/ppmtrue/Documents/GitHub/SelenIT-Digital-Agency/node_modules/jsdom/lib/jsdom/living/events/EventTarget-impl.js:104:17)
            at HTMLUnknownElement.dispatchEvent (/Users/ppmtrue/Documents/GitHub/SelenIT-Digital-Agency/node_modules/jsdom/lib/jsdom/living/generated/EventTarget.js:241:34)
            at Object.invokeGuardedCallbackDev (/Users/ppmtrue/Documents/GitHub/SelenIT-Digital-Agency/node_modules/react-dom/cjs/react-dom.development.js:4213:16)
            at invokeGuardedCallback (/Users/ppmtrue/Documents/GitHub/SelenIT-Digital-Agency/node_modules/react-dom/cjs/react-dom.development.js:4277:31)
            at beginWork$1 (/Users/ppmtrue/Documents/GitHub/SelenIT-Digital-Agency/node_modules/react-dom/cjs/react-dom.development.js:27490:7)
            at performUnitOfWork (/Users/ppmtrue/Documents/GitHub/SelenIT-Digital-Agency/node_modules/react-dom/cjs/react-dom.development.js:26599:12)
            at workLoopSync (/Users/ppmtrue/Documents/GitHub/SelenIT-Digital-Agency/node_modules/react-dom/cjs/react-dom.development.js:26505:5)
            at renderRootSync (/Users/ppmtrue/Documents/GitHub/SelenIT-Digital-Agency/node_modules/react-dom/cjs/react-dom.development.js:26473:7)
            at performConcurrentWorkOnRoot (/Users/ppmtrue/Documents/GitHub/SelenIT-Digital-Agency/node_modules/react-dom/cjs/react-dom.development.js:25777:74)
            at flushActQueue (/Users/ppmtrue/Documents/GitHub/SelenIT-Digital-Agency/node_modules/react/cjs/react.development.js:2667:24)
            at act (/Users/ppmtrue/Documents/GitHub/SelenIT-Digital-Agency/node_modules/react/cjs/react.development.js:2582:11)
            at /Users/ppmtrue/Documents/GitHub/SelenIT-Digital-Agency/node_modules/@testing-library/react/dist/act-compat.js:46:25
            at renderRoot (/Users/ppmtrue/Documents/GitHub/SelenIT-Digital-Agency/node_modules/@testing-library/react/dist/pure.js:189:26)
            at render (/Users/ppmtrue/Documents/GitHub/SelenIT-Digital-Agency/node_modules/@testing-library/react/dist/pure.js:291:10)
            at Object.<anonymous> (/Users/ppmtrue/Documents/GitHub/SelenIT-Digital-Agency/src/__tests__/components/layout/Header.test.tsx:285:15)
            at Promise.finally.completed (/Users/ppmtrue/Documents/GitHub/SelenIT-Digital-Agency/node_modules/jest-circus/build/jestAdapterInit.js:1557:28)
            at new Promise (<anonymous>)
            at callAsyncCircusFn (/Users/ppmtrue/Documents/GitHub/SelenIT-Digital-Agency/node_modules/jest-circus/build/jestAdapterInit.js:1497:10)
            at _callCircusTest (/Users/ppmtrue/Documents/GitHub/SelenIT-Digital-Agency/node_modules/jest-circus/build/jestAdapterInit.js:1007:40)
            at processTicksAndRejections (node:internal/process/task_queues:105:5)
            at _runTest (/Users/ppmtrue/Documents/GitHub/SelenIT-Digital-Agency/node_modules/jest-circus/build/jestAdapterInit.js:947:3)
            at /Users/ppmtrue/Documents/GitHub/SelenIT-Digital-Agency/node_modules/jest-circus/build/jestAdapterInit.js:849:7
            at _runTestsForDescribeBlock (/Users/ppmtrue/Documents/GitHub/SelenIT-Digital-Agency/node_modules/jest-circus/build/jestAdapterInit.js:862:11)
            at _runTestsForDescribeBlock (/Users/ppmtrue/Documents/GitHub/SelenIT-Digital-Agency/node_modules/jest-circus/build/jestAdapterInit.js:857:11)
            at run (/Users/ppmtrue/Documents/GitHub/SelenIT-Digital-Agency/node_modules/jest-circus/build/jestAdapterInit.js:761:3)
            at runAndTransformResultsToJestFormat (/Users/ppmtrue/Documents/GitHub/SelenIT-Digital-Agency/node_modules/jest-circus/build/jestAdapterInit.js:1918:21)
            at jestAdapter (/Users/ppmtrue/Documents/GitHub/SelenIT-Digital-Agency/node_modules/jest-circus/build/runner.js:101:19)
            at runTestInternal (/Users/ppmtrue/Documents/GitHub/SelenIT-Digital-Agency/node_modules/jest-runner/build/testWorker.js:275:16)
            at runTest (/Users/ppmtrue/Documents/GitHub/SelenIT-Digital-Agency/node_modules/jest-runner/build/testWorker.js:343:7)
            at Object.worker (/Users/ppmtrue/Documents/GitHub/SelenIT-Digital-Agency/node_modules/jest-runner/build/testWorker.js:497:12),
        type: 'unhandled exception'
      }

      283 |
      284 |     it('handles empty services sublinks gracefully', () => {
    > 285 |         render(<Header {...defaultProps} />);
          |               ^
      286 |
      287 |         expect(screen.getByText('Services')).toBeInTheDocument();
      288 |         // Should not throw errors with empty sublinks

      at VirtualConsole.<anonymous> (node_modules/@jest/environment-jsdom-abstract/build/index.js:87:23)
      at reportException (node_modules/jsdom/lib/jsdom/living/helpers/runtime-script-errors.js:70:28)
      at innerInvokeEventListeners (node_modules/jsdom/lib/jsdom/living/events/EventTarget-impl.js:353:9)
      at invokeEventListeners (node_modules/jsdom/lib/jsdom/living/events/EventTarget-impl.js:286:3)
      at HTMLUnknownElementImpl._dispatch (node_modules/jsdom/lib/jsdom/living/events/EventTarget-impl.js:233:9)
      at HTMLUnknownElementImpl.dispatchEvent (node_modules/jsdom/lib/jsdom/living/events/EventTarget-impl.js:104:17)
      at HTMLUnknownElement.dispatchEvent (node_modules/jsdom/lib/jsdom/living/generated/EventTarget.js:241:34)
      at Object.invokeGuardedCallbackDev (node_modules/react-dom/cjs/react-dom.development.js:4213:16)
      at invokeGuardedCallback (node_modules/react-dom/cjs/react-dom.development.js:4277:31)
      at beginWork$1 (node_modules/react-dom/cjs/react-dom.development.js:27490:7)
      at performUnitOfWork (node_modules/react-dom/cjs/react-dom.development.js:26599:12)
      at workLoopSync (node_modules/react-dom/cjs/react-dom.development.js:26505:5)
      at renderRootSync (node_modules/react-dom/cjs/react-dom.development.js:26473:7)
      at performConcurrentWorkOnRoot (node_modules/react-dom/cjs/react-dom.development.js:25777:74)
      at flushActQueue (node_modules/react/cjs/react.development.js:2667:24)
      at act (node_modules/react/cjs/react.development.js:2582:11)
      at node_modules/@testing-library/react/dist/act-compat.js:46:25
      at renderRoot (node_modules/@testing-library/react/dist/pure.js:189:26)
      at render (node_modules/@testing-library/react/dist/pure.js:291:10)
      at Object.<anonymous> (src/__tests__/components/layout/Header.test.tsx:285:15)

    console.error
      Error: Uncaught [TypeError: Cannot read properties of undefined (reading 'label')]
          at Object.<anonymous> (src/__tests__/components/layout/Header.test.tsx:285:15)
          at new Promise (<anonymous>) {
        detail: TypeError: Cannot read properties of undefined (reading 'label')
            at label (/Users/ppmtrue/Documents/GitHub/SelenIT-Digital-Agency/src/hooks/useNavigationLogic.ts:30:42)
            at Header (/Users/ppmtrue/Documents/GitHub/SelenIT-Digital-Agency/src/components/layout/Header.tsx:53:27)
            at renderWithHooks (/Users/ppmtrue/Documents/GitHub/SelenIT-Digital-Agency/node_modules/react-dom/cjs/react-dom.development.js:15486:18)
            at mountIndeterminateComponent (/Users/ppmtrue/Documents/GitHub/SelenIT-Digital-Agency/node_modules/react-dom/cjs/react-dom.development.js:20103:13)
            at beginWork (/Users/ppmtrue/Documents/GitHub/SelenIT-Digital-Agency/node_modules/react-dom/cjs/react-dom.development.js:21626:16)
            at HTMLUnknownElement.callCallback (/Users/ppmtrue/Documents/GitHub/SelenIT-Digital-Agency/node_modules/react-dom/cjs/react-dom.development.js:4164:14)
            at HTMLUnknownElement.callTheUserObjectsOperation (/Users/ppmtrue/Documents/GitHub/SelenIT-Digital-Agency/node_modules/jsdom/lib/jsdom/living/generated/EventListener.js:26:30)
            at innerInvokeEventListeners (/Users/ppmtrue/Documents/GitHub/SelenIT-Digital-Agency/node_modules/jsdom/lib/jsdom/living/events/EventTarget-impl.js:350:25)
            at invokeEventListeners (/Users/ppmtrue/Documents/GitHub/SelenIT-Digital-Agency/node_modules/jsdom/lib/jsdom/living/events/EventTarget-impl.js:286:3)
            at HTMLUnknownElementImpl._dispatch (/Users/ppmtrue/Documents/GitHub/SelenIT-Digital-Agency/node_modules/jsdom/lib/jsdom/living/events/EventTarget-impl.js:233:9)
            at HTMLUnknownElementImpl.dispatchEvent (/Users/ppmtrue/Documents/GitHub/SelenIT-Digital-Agency/node_modules/jsdom/lib/jsdom/living/events/EventTarget-impl.js:104:17)
            at HTMLUnknownElement.dispatchEvent (/Users/ppmtrue/Documents/GitHub/SelenIT-Digital-Agency/node_modules/jsdom/lib/jsdom/living/generated/EventTarget.js:241:34)
            at Object.invokeGuardedCallbackDev (/Users/ppmtrue/Documents/GitHub/SelenIT-Digital-Agency/node_modules/react-dom/cjs/react-dom.development.js:4213:16)
            at invokeGuardedCallback (/Users/ppmtrue/Documents/GitHub/SelenIT-Digital-Agency/node_modules/react-dom/cjs/react-dom.development.js:4277:31)
            at beginWork$1 (/Users/ppmtrue/Documents/GitHub/SelenIT-Digital-Agency/node_modules/react-dom/cjs/react-dom.development.js:27490:7)
            at performUnitOfWork (/Users/ppmtrue/Documents/GitHub/SelenIT-Digital-Agency/node_modules/react-dom/cjs/react-dom.development.js:26599:12)
            at workLoopSync (/Users/ppmtrue/Documents/GitHub/SelenIT-Digital-Agency/node_modules/react-dom/cjs/react-dom.development.js:26505:5)
            at renderRootSync (/Users/ppmtrue/Documents/GitHub/SelenIT-Digital-Agency/node_modules/react-dom/cjs/react-dom.development.js:26473:7)
            at recoverFromConcurrentError (/Users/ppmtrue/Documents/GitHub/SelenIT-Digital-Agency/node_modules/react-dom/cjs/react-dom.development.js:25889:20)
            at performConcurrentWorkOnRoot (/Users/ppmtrue/Documents/GitHub/SelenIT-Digital-Agency/node_modules/react-dom/cjs/react-dom.development.js:25789:22)
            at flushActQueue (/Users/ppmtrue/Documents/GitHub/SelenIT-Digital-Agency/node_modules/react/cjs/react.development.js:2667:24)
            at act (/Users/ppmtrue/Documents/GitHub/SelenIT-Digital-Agency/node_modules/react/cjs/react.development.js:2582:11)
            at /Users/ppmtrue/Documents/GitHub/SelenIT-Digital-Agency/node_modules/@testing-library/react/dist/act-compat.js:46:25
            at renderRoot (/Users/ppmtrue/Documents/GitHub/SelenIT-Digital-Agency/node_modules/@testing-library/react/dist/pure.js:189:26)
            at render (/Users/ppmtrue/Documents/GitHub/SelenIT-Digital-Agency/node_modules/@testing-library/react/dist/pure.js:291:10)
            at Object.<anonymous> (/Users/ppmtrue/Documents/GitHub/SelenIT-Digital-Agency/src/__tests__/components/layout/Header.test.tsx:285:15)
            at Promise.finally.completed (/Users/ppmtrue/Documents/GitHub/SelenIT-Digital-Agency/node_modules/jest-circus/build/jestAdapterInit.js:1557:28)
            at new Promise (<anonymous>)
            at callAsyncCircusFn (/Users/ppmtrue/Documents/GitHub/SelenIT-Digital-Agency/node_modules/jest-circus/build/jestAdapterInit.js:1497:10)
            at _callCircusTest (/Users/ppmtrue/Documents/GitHub/SelenIT-Digital-Agency/node_modules/jest-circus/build/jestAdapterInit.js:1007:40)
            at processTicksAndRejections (node:internal/process/task_queues:105:5)
            at _runTest (/Users/ppmtrue/Documents/GitHub/SelenIT-Digital-Agency/node_modules/jest-circus/build/jestAdapterInit.js:947:3)
            at /Users/ppmtrue/Documents/GitHub/SelenIT-Digital-Agency/node_modules/jest-circus/build/jestAdapterInit.js:849:7
            at _runTestsForDescribeBlock (/Users/ppmtrue/Documents/GitHub/SelenIT-Digital-Agency/node_modules/jest-circus/build/jestAdapterInit.js:862:11)
            at _runTestsForDescribeBlock (/Users/ppmtrue/Documents/GitHub/SelenIT-Digital-Agency/node_modules/jest-circus/build/jestAdapterInit.js:857:11)
            at run (/Users/ppmtrue/Documents/GitHub/SelenIT-Digital-Agency/node_modules/jest-circus/build/jestAdapterInit.js:761:3)
            at runAndTransformResultsToJestFormat (/Users/ppmtrue/Documents/GitHub/SelenIT-Digital-Agency/node_modules/jest-circus/build/jestAdapterInit.js:1918:21)
            at jestAdapter (/Users/ppmtrue/Documents/GitHub/SelenIT-Digital-Agency/node_modules/jest-circus/build/runner.js:101:19)
            at runTestInternal (/Users/ppmtrue/Documents/GitHub/SelenIT-Digital-Agency/node_modules/jest-runner/build/testWorker.js:275:16)
            at runTest (/Users/ppmtrue/Documents/GitHub/SelenIT-Digital-Agency/node_modules/jest-runner/build/testWorker.js:343:7)
            at Object.worker (/Users/ppmtrue/Documents/GitHub/SelenIT-Digital-Agency/node_modules/jest-runner/build/testWorker.js:497:12),
        type: 'unhandled exception'
      }

      283 |
      284 |     it('handles empty services sublinks gracefully', () => {
    > 285 |         render(<Header {...defaultProps} />);
          |               ^
      286 |
      287 |         expect(screen.getByText('Services')).toBeInTheDocument();
      288 |         // Should not throw errors with empty sublinks

      at VirtualConsole.<anonymous> (node_modules/@jest/environment-jsdom-abstract/build/index.js:87:23)
      at reportException (node_modules/jsdom/lib/jsdom/living/helpers/runtime-script-errors.js:70:28)
      at innerInvokeEventListeners (node_modules/jsdom/lib/jsdom/living/events/EventTarget-impl.js:353:9)
      at invokeEventListeners (node_modules/jsdom/lib/jsdom/living/events/EventTarget-impl.js:286:3)
      at HTMLUnknownElementImpl._dispatch (node_modules/jsdom/lib/jsdom/living/events/EventTarget-impl.js:233:9)
      at HTMLUnknownElementImpl.dispatchEvent (node_modules/jsdom/lib/jsdom/living/events/EventTarget-impl.js:104:17)
      at HTMLUnknownElement.dispatchEvent (node_modules/jsdom/lib/jsdom/living/generated/EventTarget.js:241:34)
      at Object.invokeGuardedCallbackDev (node_modules/react-dom/cjs/react-dom.development.js:4213:16)
      at invokeGuardedCallback (node_modules/react-dom/cjs/react-dom.development.js:4277:31)
      at beginWork$1 (node_modules/react-dom/cjs/react-dom.development.js:27490:7)
      at performUnitOfWork (node_modules/react-dom/cjs/react-dom.development.js:26599:12)
      at workLoopSync (node_modules/react-dom/cjs/react-dom.development.js:26505:5)
      at renderRootSync (node_modules/react-dom/cjs/react-dom.development.js:26473:7)
      at recoverFromConcurrentError (node_modules/react-dom/cjs/react-dom.development.js:25889:20)
      at performConcurrentWorkOnRoot (node_modules/react-dom/cjs/react-dom.development.js:25789:22)
      at flushActQueue (node_modules/react/cjs/react.development.js:2667:24)
      at act (node_modules/react/cjs/react.development.js:2582:11)
      at node_modules/@testing-library/react/dist/act-compat.js:46:25
      at renderRoot (node_modules/@testing-library/react/dist/pure.js:189:26)
      at render (node_modules/@testing-library/react/dist/pure.js:291:10)
      at Object.<anonymous> (src/__tests__/components/layout/Header.test.tsx:285:15)

    console.error
      The above error occurred in the <Header> component:
      
          at lang (/Users/ppmtrue/Documents/GitHub/SelenIT-Digital-Agency/src/components/layout/Header.tsx:23:34)
      
      Consider adding an error boundary to your tree to customize error handling behavior.
      Visit https://reactjs.org/link/error-boundaries to learn more about error boundaries.

      283 |
      284 |     it('handles empty services sublinks gracefully', () => {
    > 285 |         render(<Header {...defaultProps} />);
          |               ^
      286 |
      287 |         expect(screen.getByText('Services')).toBeInTheDocument();
      288 |         // Should not throw errors with empty sublinks

      at logCapturedError (node_modules/react-dom/cjs/react-dom.development.js:18704:23)
      at update.callback (node_modules/react-dom/cjs/react-dom.development.js:18737:5)
      at callCallback (node_modules/react-dom/cjs/react-dom.development.js:15036:12)
      at commitUpdateQueue (node_modules/react-dom/cjs/react-dom.development.js:15057:9)
      at commitLayoutEffectOnFiber (node_modules/react-dom/cjs/react-dom.development.js:23430:13)
      at commitLayoutMountEffects_complete (node_modules/react-dom/cjs/react-dom.development.js:24727:9)
      at commitLayoutEffects_begin (node_modules/react-dom/cjs/react-dom.development.js:24713:7)
      at commitLayoutEffects (node_modules/react-dom/cjs/react-dom.development.js:24651:3)
      at commitRootImpl (node_modules/react-dom/cjs/react-dom.development.js:26862:5)
      at commitRoot (node_modules/react-dom/cjs/react-dom.development.js:26721:5)
      at finishConcurrentRender (node_modules/react-dom/cjs/react-dom.development.js:25931:9)
      at performConcurrentWorkOnRoot (node_modules/react-dom/cjs/react-dom.development.js:25848:7)
      at flushActQueue (node_modules/react/cjs/react.development.js:2667:24)
      at act (node_modules/react/cjs/react.development.js:2582:11)
      at node_modules/@testing-library/react/dist/act-compat.js:46:25
      at renderRoot (node_modules/@testing-library/react/dist/pure.js:189:26)
      at render (node_modules/@testing-library/react/dist/pure.js:291:10)
      at Object.<anonymous> (src/__tests__/components/layout/Header.test.tsx:285:15)

    console.error
      Error: Uncaught [TypeError: Cannot read properties of undefined (reading 'nav')]
          at Object.<anonymous> (src/__tests__/components/layout/Header.test.tsx:292:15)
          at new Promise (<anonymous>) {
        detail: TypeError: Cannot read properties of undefined (reading 'nav')
            at nav (/Users/ppmtrue/Documents/GitHub/SelenIT-Digital-Agency/src/hooks/useNavigationLogic.ts:23:33)
            at Header (/Users/ppmtrue/Documents/GitHub/SelenIT-Digital-Agency/src/components/layout/Header.tsx:53:27)
            at renderWithHooks (/Users/ppmtrue/Documents/GitHub/SelenIT-Digital-Agency/node_modules/react-dom/cjs/react-dom.development.js:15486:18)
            at mountIndeterminateComponent (/Users/ppmtrue/Documents/GitHub/SelenIT-Digital-Agency/node_modules/react-dom/cjs/react-dom.development.js:20103:13)
            at beginWork (/Users/ppmtrue/Documents/GitHub/SelenIT-Digital-Agency/node_modules/react-dom/cjs/react-dom.development.js:21626:16)
            at HTMLUnknownElement.callCallback (/Users/ppmtrue/Documents/GitHub/SelenIT-Digital-Agency/node_modules/react-dom/cjs/react-dom.development.js:4164:14)
            at HTMLUnknownElement.callTheUserObjectsOperation (/Users/ppmtrue/Documents/GitHub/SelenIT-Digital-Agency/node_modules/jsdom/lib/jsdom/living/generated/EventListener.js:26:30)
            at innerInvokeEventListeners (/Users/ppmtrue/Documents/GitHub/SelenIT-Digital-Agency/node_modules/jsdom/lib/jsdom/living/events/EventTarget-impl.js:350:25)
            at invokeEventListeners (/Users/ppmtrue/Documents/GitHub/SelenIT-Digital-Agency/node_modules/jsdom/lib/jsdom/living/events/EventTarget-impl.js:286:3)
            at HTMLUnknownElementImpl._dispatch (/Users/ppmtrue/Documents/GitHub/SelenIT-Digital-Agency/node_modules/jsdom/lib/jsdom/living/events/EventTarget-impl.js:233:9)
            at HTMLUnknownElementImpl.dispatchEvent (/Users/ppmtrue/Documents/GitHub/SelenIT-Digital-Agency/node_modules/jsdom/lib/jsdom/living/events/EventTarget-impl.js:104:17)
            at HTMLUnknownElement.dispatchEvent (/Users/ppmtrue/Documents/GitHub/SelenIT-Digital-Agency/node_modules/jsdom/lib/jsdom/living/generated/EventTarget.js:241:34)
            at Object.invokeGuardedCallbackDev (/Users/ppmtrue/Documents/GitHub/SelenIT-Digital-Agency/node_modules/react-dom/cjs/react-dom.development.js:4213:16)
            at invokeGuardedCallback (/Users/ppmtrue/Documents/GitHub/SelenIT-Digital-Agency/node_modules/react-dom/cjs/react-dom.development.js:4277:31)
            at beginWork$1 (/Users/ppmtrue/Documents/GitHub/SelenIT-Digital-Agency/node_modules/react-dom/cjs/react-dom.development.js:27490:7)
            at performUnitOfWork (/Users/ppmtrue/Documents/GitHub/SelenIT-Digital-Agency/node_modules/react-dom/cjs/react-dom.development.js:26599:12)
            at workLoopSync (/Users/ppmtrue/Documents/GitHub/SelenIT-Digital-Agency/node_modules/react-dom/cjs/react-dom.development.js:26505:5)
            at renderRootSync (/Users/ppmtrue/Documents/GitHub/SelenIT-Digital-Agency/node_modules/react-dom/cjs/react-dom.development.js:26473:7)
            at performConcurrentWorkOnRoot (/Users/ppmtrue/Documents/GitHub/SelenIT-Digital-Agency/node_modules/react-dom/cjs/react-dom.development.js:25777:74)
            at flushActQueue (/Users/ppmtrue/Documents/GitHub/SelenIT-Digital-Agency/node_modules/react/cjs/react.development.js:2667:24)
            at act (/Users/ppmtrue/Documents/GitHub/SelenIT-Digital-Agency/node_modules/react/cjs/react.development.js:2582:11)
            at /Users/ppmtrue/Documents/GitHub/SelenIT-Digital-Agency/node_modules/@testing-library/react/dist/act-compat.js:46:25
            at renderRoot (/Users/ppmtrue/Documents/GitHub/SelenIT-Digital-Agency/node_modules/@testing-library/react/dist/pure.js:189:26)
            at render (/Users/ppmtrue/Documents/GitHub/SelenIT-Digital-Agency/node_modules/@testing-library/react/dist/pure.js:291:10)
            at Object.<anonymous> (/Users/ppmtrue/Documents/GitHub/SelenIT-Digital-Agency/src/__tests__/components/layout/Header.test.tsx:292:15)
            at Promise.finally.completed (/Users/ppmtrue/Documents/GitHub/SelenIT-Digital-Agency/node_modules/jest-circus/build/jestAdapterInit.js:1557:28)
            at new Promise (<anonymous>)
            at callAsyncCircusFn (/Users/ppmtrue/Documents/GitHub/SelenIT-Digital-Agency/node_modules/jest-circus/build/jestAdapterInit.js:1497:10)
            at _callCircusTest (/Users/ppmtrue/Documents/GitHub/SelenIT-Digital-Agency/node_modules/jest-circus/build/jestAdapterInit.js:1007:40)
            at processTicksAndRejections (node:internal/process/task_queues:105:5)
            at _runTest (/Users/ppmtrue/Documents/GitHub/SelenIT-Digital-Agency/node_modules/jest-circus/build/jestAdapterInit.js:947:3)
            at /Users/ppmtrue/Documents/GitHub/SelenIT-Digital-Agency/node_modules/jest-circus/build/jestAdapterInit.js:849:7
            at _runTestsForDescribeBlock (/Users/ppmtrue/Documents/GitHub/SelenIT-Digital-Agency/node_modules/jest-circus/build/jestAdapterInit.js:862:11)
            at _runTestsForDescribeBlock (/Users/ppmtrue/Documents/GitHub/SelenIT-Digital-Agency/node_modules/jest-circus/build/jestAdapterInit.js:857:11)
            at run (/Users/ppmtrue/Documents/GitHub/SelenIT-Digital-Agency/node_modules/jest-circus/build/jestAdapterInit.js:761:3)
            at runAndTransformResultsToJestFormat (/Users/ppmtrue/Documents/GitHub/SelenIT-Digital-Agency/node_modules/jest-circus/build/jestAdapterInit.js:1918:21)
            at jestAdapter (/Users/ppmtrue/Documents/GitHub/SelenIT-Digital-Agency/node_modules/jest-circus/build/runner.js:101:19)
            at runTestInternal (/Users/ppmtrue/Documents/GitHub/SelenIT-Digital-Agency/node_modules/jest-runner/build/testWorker.js:275:16)
            at runTest (/Users/ppmtrue/Documents/GitHub/SelenIT-Digital-Agency/node_modules/jest-runner/build/testWorker.js:343:7)
            at Object.worker (/Users/ppmtrue/Documents/GitHub/SelenIT-Digital-Agency/node_modules/jest-runner/build/testWorker.js:497:12),
        type: 'unhandled exception'
      }

      290 |
      291 |     it('handles missing dict gracefully', () => {
    > 292 |         render(<Header {...defaultProps} dict={{} as any} />);
          |               ^
      293 |
      294 |         // Should render header without crashing
      295 |         expect(screen.getByRole('banner')).toBeInTheDocument();

      at VirtualConsole.<anonymous> (node_modules/@jest/environment-jsdom-abstract/build/index.js:87:23)
      at reportException (node_modules/jsdom/lib/jsdom/living/helpers/runtime-script-errors.js:70:28)
      at innerInvokeEventListeners (node_modules/jsdom/lib/jsdom/living/events/EventTarget-impl.js:353:9)
      at invokeEventListeners (node_modules/jsdom/lib/jsdom/living/events/EventTarget-impl.js:286:3)
      at HTMLUnknownElementImpl._dispatch (node_modules/jsdom/lib/jsdom/living/events/EventTarget-impl.js:233:9)
      at HTMLUnknownElementImpl.dispatchEvent (node_modules/jsdom/lib/jsdom/living/events/EventTarget-impl.js:104:17)
      at HTMLUnknownElement.dispatchEvent (node_modules/jsdom/lib/jsdom/living/generated/EventTarget.js:241:34)
      at Object.invokeGuardedCallbackDev (node_modules/react-dom/cjs/react-dom.development.js:4213:16)
      at invokeGuardedCallback (node_modules/react-dom/cjs/react-dom.development.js:4277:31)
      at beginWork$1 (node_modules/react-dom/cjs/react-dom.development.js:27490:7)
      at performUnitOfWork (node_modules/react-dom/cjs/react-dom.development.js:26599:12)
      at workLoopSync (node_modules/react-dom/cjs/react-dom.development.js:26505:5)
      at renderRootSync (node_modules/react-dom/cjs/react-dom.development.js:26473:7)
      at performConcurrentWorkOnRoot (node_modules/react-dom/cjs/react-dom.development.js:25777:74)
      at flushActQueue (node_modules/react/cjs/react.development.js:2667:24)
      at act (node_modules/react/cjs/react.development.js:2582:11)
      at node_modules/@testing-library/react/dist/act-compat.js:46:25
      at renderRoot (node_modules/@testing-library/react/dist/pure.js:189:26)
      at render (node_modules/@testing-library/react/dist/pure.js:291:10)
      at Object.<anonymous> (src/__tests__/components/layout/Header.test.tsx:292:15)

    console.error
      Error: Uncaught [TypeError: Cannot read properties of undefined (reading 'nav')]
          at Object.<anonymous> (src/__tests__/components/layout/Header.test.tsx:292:15)
          at new Promise (<anonymous>) {
        detail: TypeError: Cannot read properties of undefined (reading 'nav')
            at nav (/Users/ppmtrue/Documents/GitHub/SelenIT-Digital-Agency/src/hooks/useNavigationLogic.ts:23:33)
            at Header (/Users/ppmtrue/Documents/GitHub/SelenIT-Digital-Agency/src/components/layout/Header.tsx:53:27)
            at renderWithHooks (/Users/ppmtrue/Documents/GitHub/SelenIT-Digital-Agency/node_modules/react-dom/cjs/react-dom.development.js:15486:18)
            at mountIndeterminateComponent (/Users/ppmtrue/Documents/GitHub/SelenIT-Digital-Agency/node_modules/react-dom/cjs/react-dom.development.js:20103:13)
            at beginWork (/Users/ppmtrue/Documents/GitHub/SelenIT-Digital-Agency/node_modules/react-dom/cjs/react-dom.development.js:21626:16)
            at HTMLUnknownElement.callCallback (/Users/ppmtrue/Documents/GitHub/SelenIT-Digital-Agency/node_modules/react-dom/cjs/react-dom.development.js:4164:14)
            at HTMLUnknownElement.callTheUserObjectsOperation (/Users/ppmtrue/Documents/GitHub/SelenIT-Digital-Agency/node_modules/jsdom/lib/jsdom/living/generated/EventListener.js:26:30)
            at innerInvokeEventListeners (/Users/ppmtrue/Documents/GitHub/SelenIT-Digital-Agency/node_modules/jsdom/lib/jsdom/living/events/EventTarget-impl.js:350:25)
            at invokeEventListeners (/Users/ppmtrue/Documents/GitHub/SelenIT-Digital-Agency/node_modules/jsdom/lib/jsdom/living/events/EventTarget-impl.js:286:3)
            at HTMLUnknownElementImpl._dispatch (/Users/ppmtrue/Documents/GitHub/SelenIT-Digital-Agency/node_modules/jsdom/lib/jsdom/living/events/EventTarget-impl.js:233:9)
            at HTMLUnknownElementImpl.dispatchEvent (/Users/ppmtrue/Documents/GitHub/SelenIT-Digital-Agency/node_modules/jsdom/lib/jsdom/living/events/EventTarget-impl.js:104:17)
            at HTMLUnknownElement.dispatchEvent (/Users/ppmtrue/Documents/GitHub/SelenIT-Digital-Agency/node_modules/jsdom/lib/jsdom/living/generated/EventTarget.js:241:34)
            at Object.invokeGuardedCallbackDev (/Users/ppmtrue/Documents/GitHub/SelenIT-Digital-Agency/node_modules/react-dom/cjs/react-dom.development.js:4213:16)
            at invokeGuardedCallback (/Users/ppmtrue/Documents/GitHub/SelenIT-Digital-Agency/node_modules/react-dom/cjs/react-dom.development.js:4277:31)
            at beginWork$1 (/Users/ppmtrue/Documents/GitHub/SelenIT-Digital-Agency/node_modules/react-dom/cjs/react-dom.development.js:27490:7)
            at performUnitOfWork (/Users/ppmtrue/Documents/GitHub/SelenIT-Digital-Agency/node_modules/react-dom/cjs/react-dom.development.js:26599:12)
            at workLoopSync (/Users/ppmtrue/Documents/GitHub/SelenIT-Digital-Agency/node_modules/react-dom/cjs/react-dom.development.js:26505:5)
            at renderRootSync (/Users/ppmtrue/Documents/GitHub/SelenIT-Digital-Agency/node_modules/react-dom/cjs/react-dom.development.js:26473:7)
            at recoverFromConcurrentError (/Users/ppmtrue/Documents/GitHub/SelenIT-Digital-Agency/node_modules/react-dom/cjs/react-dom.development.js:25889:20)
            at performConcurrentWorkOnRoot (/Users/ppmtrue/Documents/GitHub/SelenIT-Digital-Agency/node_modules/react-dom/cjs/react-dom.development.js:25789:22)
            at flushActQueue (/Users/ppmtrue/Documents/GitHub/SelenIT-Digital-Agency/node_modules/react/cjs/react.development.js:2667:24)
            at act (/Users/ppmtrue/Documents/GitHub/SelenIT-Digital-Agency/node_modules/react/cjs/react.development.js:2582:11)
            at /Users/ppmtrue/Documents/GitHub/SelenIT-Digital-Agency/node_modules/@testing-library/react/dist/act-compat.js:46:25
            at renderRoot (/Users/ppmtrue/Documents/GitHub/SelenIT-Digital-Agency/node_modules/@testing-library/react/dist/pure.js:189:26)
            at render (/Users/ppmtrue/Documents/GitHub/SelenIT-Digital-Agency/node_modules/@testing-library/react/dist/pure.js:291:10)
            at Object.<anonymous> (/Users/ppmtrue/Documents/GitHub/SelenIT-Digital-Agency/src/__tests__/components/layout/Header.test.tsx:292:15)
            at Promise.finally.completed (/Users/ppmtrue/Documents/GitHub/SelenIT-Digital-Agency/node_modules/jest-circus/build/jestAdapterInit.js:1557:28)
            at new Promise (<anonymous>)
            at callAsyncCircusFn (/Users/ppmtrue/Documents/GitHub/SelenIT-Digital-Agency/node_modules/jest-circus/build/jestAdapterInit.js:1497:10)
            at _callCircusTest (/Users/ppmtrue/Documents/GitHub/SelenIT-Digital-Agency/node_modules/jest-circus/build/jestAdapterInit.js:1007:40)
            at processTicksAndRejections (node:internal/process/task_queues:105:5)
            at _runTest (/Users/ppmtrue/Documents/GitHub/SelenIT-Digital-Agency/node_modules/jest-circus/build/jestAdapterInit.js:947:3)
            at /Users/ppmtrue/Documents/GitHub/SelenIT-Digital-Agency/node_modules/jest-circus/build/jestAdapterInit.js:849:7
            at _runTestsForDescribeBlock (/Users/ppmtrue/Documents/GitHub/SelenIT-Digital-Agency/node_modules/jest-circus/build/jestAdapterInit.js:862:11)
            at _runTestsForDescribeBlock (/Users/ppmtrue/Documents/GitHub/SelenIT-Digital-Agency/node_modules/jest-circus/build/jestAdapterInit.js:857:11)
            at run (/Users/ppmtrue/Documents/GitHub/SelenIT-Digital-Agency/node_modules/jest-circus/build/jestAdapterInit.js:761:3)
            at runAndTransformResultsToJestFormat (/Users/ppmtrue/Documents/GitHub/SelenIT-Digital-Agency/node_modules/jest-circus/build/jestAdapterInit.js:1918:21)
            at jestAdapter (/Users/ppmtrue/Documents/GitHub/SelenIT-Digital-Agency/node_modules/jest-circus/build/runner.js:101:19)
            at runTestInternal (/Users/ppmtrue/Documents/GitHub/SelenIT-Digital-Agency/node_modules/jest-runner/build/testWorker.js:275:16)
            at runTest (/Users/ppmtrue/Documents/GitHub/SelenIT-Digital-Agency/node_modules/jest-runner/build/testWorker.js:343:7)
            at Object.worker (/Users/ppmtrue/Documents/GitHub/SelenIT-Digital-Agency/node_modules/jest-runner/build/testWorker.js:497:12),
        type: 'unhandled exception'
      }

      290 |
      291 |     it('handles missing dict gracefully', () => {
    > 292 |         render(<Header {...defaultProps} dict={{} as any} />);
          |               ^
      293 |
      294 |         // Should render header without crashing
      295 |         expect(screen.getByRole('banner')).toBeInTheDocument();

      at VirtualConsole.<anonymous> (node_modules/@jest/environment-jsdom-abstract/build/index.js:87:23)
      at reportException (node_modules/jsdom/lib/jsdom/living/helpers/runtime-script-errors.js:70:28)
      at innerInvokeEventListeners (node_modules/jsdom/lib/jsdom/living/events/EventTarget-impl.js:353:9)
      at invokeEventListeners (node_modules/jsdom/lib/jsdom/living/events/EventTarget-impl.js:286:3)
      at HTMLUnknownElementImpl._dispatch (node_modules/jsdom/lib/jsdom/living/events/EventTarget-impl.js:233:9)
      at HTMLUnknownElementImpl.dispatchEvent (node_modules/jsdom/lib/jsdom/living/events/EventTarget-impl.js:104:17)
      at HTMLUnknownElement.dispatchEvent (node_modules/jsdom/lib/jsdom/living/generated/EventTarget.js:241:34)
      at Object.invokeGuardedCallbackDev (node_modules/react-dom/cjs/react-dom.development.js:4213:16)
      at invokeGuardedCallback (node_modules/react-dom/cjs/react-dom.development.js:4277:31)
      at beginWork$1 (node_modules/react-dom/cjs/react-dom.development.js:27490:7)
      at performUnitOfWork (node_modules/react-dom/cjs/react-dom.development.js:26599:12)
      at workLoopSync (node_modules/react-dom/cjs/react-dom.development.js:26505:5)
      at renderRootSync (node_modules/react-dom/cjs/react-dom.development.js:26473:7)
      at recoverFromConcurrentError (node_modules/react-dom/cjs/react-dom.development.js:25889:20)
      at performConcurrentWorkOnRoot (node_modules/react-dom/cjs/react-dom.development.js:25789:22)
      at flushActQueue (node_modules/react/cjs/react.development.js:2667:24)
      at act (node_modules/react/cjs/react.development.js:2582:11)
      at node_modules/@testing-library/react/dist/act-compat.js:46:25
      at renderRoot (node_modules/@testing-library/react/dist/pure.js:189:26)
      at render (node_modules/@testing-library/react/dist/pure.js:291:10)
      at Object.<anonymous> (src/__tests__/components/layout/Header.test.tsx:292:15)

    console.error
      The above error occurred in the <Header> component:
      
          at lang (/Users/ppmtrue/Documents/GitHub/SelenIT-Digital-Agency/src/components/layout/Header.tsx:23:34)
      
      Consider adding an error boundary to your tree to customize error handling behavior.
      Visit https://reactjs.org/link/error-boundaries to learn more about error boundaries.

      290 |
      291 |     it('handles missing dict gracefully', () => {
    > 292 |         render(<Header {...defaultProps} dict={{} as any} />);
          |               ^
      293 |
      294 |         // Should render header without crashing
      295 |         expect(screen.getByRole('banner')).toBeInTheDocument();

      at logCapturedError (node_modules/react-dom/cjs/react-dom.development.js:18704:23)
      at update.callback (node_modules/react-dom/cjs/react-dom.development.js:18737:5)
      at callCallback (node_modules/react-dom/cjs/react-dom.development.js:15036:12)
      at commitUpdateQueue (node_modules/react-dom/cjs/react-dom.development.js:15057:9)
      at commitLayoutEffectOnFiber (node_modules/react-dom/cjs/react-dom.development.js:23430:13)
      at commitLayoutMountEffects_complete (node_modules/react-dom/cjs/react-dom.development.js:24727:9)
      at commitLayoutEffects_begin (node_modules/react-dom/cjs/react-dom.development.js:24713:7)
      at commitLayoutEffects (node_modules/react-dom/cjs/react-dom.development.js:24651:3)
      at commitRootImpl (node_modules/react-dom/cjs/react-dom.development.js:26862:5)
      at commitRoot (node_modules/react-dom/cjs/react-dom.development.js:26721:5)
      at finishConcurrentRender (node_modules/react-dom/cjs/react-dom.development.js:25931:9)
      at performConcurrentWorkOnRoot (node_modules/react-dom/cjs/react-dom.development.js:25848:7)
      at flushActQueue (node_modules/react/cjs/react.development.js:2667:24)
      at act (node_modules/react/cjs/react.development.js:2582:11)
      at node_modules/@testing-library/react/dist/act-compat.js:46:25
      at renderRoot (node_modules/@testing-library/react/dist/pure.js:189:26)
      at render (node_modules/@testing-library/react/dist/pure.js:291:10)
      at Object.<anonymous> (src/__tests__/components/layout/Header.test.tsx:292:15)

    console.error
      Error: Uncaught [TypeError: Cannot read properties of undefined (reading 'label')]
          at Object.<anonymous> (src/__tests__/components/layout/Header.test.tsx:299:15)
          at new Promise (<anonymous>) {
        detail: TypeError: Cannot read properties of undefined (reading 'label')
            at label (/Users/ppmtrue/Documents/GitHub/SelenIT-Digital-Agency/src/hooks/useNavigationLogic.ts:30:42)
            at Header (/Users/ppmtrue/Documents/GitHub/SelenIT-Digital-Agency/src/components/layout/Header.tsx:53:27)
            at renderWithHooks (/Users/ppmtrue/Documents/GitHub/SelenIT-Digital-Agency/node_modules/react-dom/cjs/react-dom.development.js:15486:18)
            at mountIndeterminateComponent (/Users/ppmtrue/Documents/GitHub/SelenIT-Digital-Agency/node_modules/react-dom/cjs/react-dom.development.js:20103:13)
            at beginWork (/Users/ppmtrue/Documents/GitHub/SelenIT-Digital-Agency/node_modules/react-dom/cjs/react-dom.development.js:21626:16)
            at HTMLUnknownElement.callCallback (/Users/ppmtrue/Documents/GitHub/SelenIT-Digital-Agency/node_modules/react-dom/cjs/react-dom.development.js:4164:14)
            at HTMLUnknownElement.callTheUserObjectsOperation (/Users/ppmtrue/Documents/GitHub/SelenIT-Digital-Agency/node_modules/jsdom/lib/jsdom/living/generated/EventListener.js:26:30)
            at innerInvokeEventListeners (/Users/ppmtrue/Documents/GitHub/SelenIT-Digital-Agency/node_modules/jsdom/lib/jsdom/living/events/EventTarget-impl.js:350:25)
            at invokeEventListeners (/Users/ppmtrue/Documents/GitHub/SelenIT-Digital-Agency/node_modules/jsdom/lib/jsdom/living/events/EventTarget-impl.js:286:3)
            at HTMLUnknownElementImpl._dispatch (/Users/ppmtrue/Documents/GitHub/SelenIT-Digital-Agency/node_modules/jsdom/lib/jsdom/living/events/EventTarget-impl.js:233:9)
            at HTMLUnknownElementImpl.dispatchEvent (/Users/ppmtrue/Documents/GitHub/SelenIT-Digital-Agency/node_modules/jsdom/lib/jsdom/living/events/EventTarget-impl.js:104:17)
            at HTMLUnknownElement.dispatchEvent (/Users/ppmtrue/Documents/GitHub/SelenIT-Digital-Agency/node_modules/jsdom/lib/jsdom/living/generated/EventTarget.js:241:34)
            at Object.invokeGuardedCallbackDev (/Users/ppmtrue/Documents/GitHub/SelenIT-Digital-Agency/node_modules/react-dom/cjs/react-dom.development.js:4213:16)
            at invokeGuardedCallback (/Users/ppmtrue/Documents/GitHub/SelenIT-Digital-Agency/node_modules/react-dom/cjs/react-dom.development.js:4277:31)
            at beginWork$1 (/Users/ppmtrue/Documents/GitHub/SelenIT-Digital-Agency/node_modules/react-dom/cjs/react-dom.development.js:27490:7)
            at performUnitOfWork (/Users/ppmtrue/Documents/GitHub/SelenIT-Digital-Agency/node_modules/react-dom/cjs/react-dom.development.js:26599:12)
            at workLoopSync (/Users/ppmtrue/Documents/GitHub/SelenIT-Digital-Agency/node_modules/react-dom/cjs/react-dom.development.js:26505:5)
            at renderRootSync (/Users/ppmtrue/Documents/GitHub/SelenIT-Digital-Agency/node_modules/react-dom/cjs/react-dom.development.js:26473:7)
            at performConcurrentWorkOnRoot (/Users/ppmtrue/Documents/GitHub/SelenIT-Digital-Agency/node_modules/react-dom/cjs/react-dom.development.js:25777:74)
            at flushActQueue (/Users/ppmtrue/Documents/GitHub/SelenIT-Digital-Agency/node_modules/react/cjs/react.development.js:2667:24)
            at act (/Users/ppmtrue/Documents/GitHub/SelenIT-Digital-Agency/node_modules/react/cjs/react.development.js:2582:11)
            at /Users/ppmtrue/Documents/GitHub/SelenIT-Digital-Agency/node_modules/@testing-library/react/dist/act-compat.js:46:25
            at renderRoot (/Users/ppmtrue/Documents/GitHub/SelenIT-Digital-Agency/node_modules/@testing-library/react/dist/pure.js:189:26)
            at render (/Users/ppmtrue/Documents/GitHub/SelenIT-Digital-Agency/node_modules/@testing-library/react/dist/pure.js:291:10)
            at Object.<anonymous> (/Users/ppmtrue/Documents/GitHub/SelenIT-Digital-Agency/src/__tests__/components/layout/Header.test.tsx:299:15)
            at Promise.finally.completed (/Users/ppmtrue/Documents/GitHub/SelenIT-Digital-Agency/node_modules/jest-circus/build/jestAdapterInit.js:1557:28)
            at new Promise (<anonymous>)
            at callAsyncCircusFn (/Users/ppmtrue/Documents/GitHub/SelenIT-Digital-Agency/node_modules/jest-circus/build/jestAdapterInit.js:1497:10)
            at _callCircusTest (/Users/ppmtrue/Documents/GitHub/SelenIT-Digital-Agency/node_modules/jest-circus/build/jestAdapterInit.js:1007:40)
            at processTicksAndRejections (node:internal/process/task_queues:105:5)
            at _runTest (/Users/ppmtrue/Documents/GitHub/SelenIT-Digital-Agency/node_modules/jest-circus/build/jestAdapterInit.js:947:3)
            at /Users/ppmtrue/Documents/GitHub/SelenIT-Digital-Agency/node_modules/jest-circus/build/jestAdapterInit.js:849:7
            at _runTestsForDescribeBlock (/Users/ppmtrue/Documents/GitHub/SelenIT-Digital-Agency/node_modules/jest-circus/build/jestAdapterInit.js:862:11)
            at _runTestsForDescribeBlock (/Users/ppmtrue/Documents/GitHub/SelenIT-Digital-Agency/node_modules/jest-circus/build/jestAdapterInit.js:857:11)
            at run (/Users/ppmtrue/Documents/GitHub/SelenIT-Digital-Agency/node_modules/jest-circus/build/jestAdapterInit.js:761:3)
            at runAndTransformResultsToJestFormat (/Users/ppmtrue/Documents/GitHub/SelenIT-Digital-Agency/node_modules/jest-circus/build/jestAdapterInit.js:1918:21)
            at jestAdapter (/Users/ppmtrue/Documents/GitHub/SelenIT-Digital-Agency/node_modules/jest-circus/build/runner.js:101:19)
            at runTestInternal (/Users/ppmtrue/Documents/GitHub/SelenIT-Digital-Agency/node_modules/jest-runner/build/testWorker.js:275:16)
            at runTest (/Users/ppmtrue/Documents/GitHub/SelenIT-Digital-Agency/node_modules/jest-runner/build/testWorker.js:343:7)
            at Object.worker (/Users/ppmtrue/Documents/GitHub/SelenIT-Digital-Agency/node_modules/jest-runner/build/testWorker.js:497:12),
        type: 'unhandled exception'
      }

      297 |
      298 |     it('applies correct CSS classes for animations', () => {
    > 299 |         render(<Header {...defaultProps} />);
          |               ^
      300 |
      301 |         const header = screen.getByRole('banner');
      302 |         expect(header).toHaveClass('fixed');

      at VirtualConsole.<anonymous> (node_modules/@jest/environment-jsdom-abstract/build/index.js:87:23)
      at reportException (node_modules/jsdom/lib/jsdom/living/helpers/runtime-script-errors.js:70:28)
      at innerInvokeEventListeners (node_modules/jsdom/lib/jsdom/living/events/EventTarget-impl.js:353:9)
      at invokeEventListeners (node_modules/jsdom/lib/jsdom/living/events/EventTarget-impl.js:286:3)
      at HTMLUnknownElementImpl._dispatch (node_modules/jsdom/lib/jsdom/living/events/EventTarget-impl.js:233:9)
      at HTMLUnknownElementImpl.dispatchEvent (node_modules/jsdom/lib/jsdom/living/events/EventTarget-impl.js:104:17)
      at HTMLUnknownElement.dispatchEvent (node_modules/jsdom/lib/jsdom/living/generated/EventTarget.js:241:34)
      at Object.invokeGuardedCallbackDev (node_modules/react-dom/cjs/react-dom.development.js:4213:16)
      at invokeGuardedCallback (node_modules/react-dom/cjs/react-dom.development.js:4277:31)
      at beginWork$1 (node_modules/react-dom/cjs/react-dom.development.js:27490:7)
      at performUnitOfWork (node_modules/react-dom/cjs/react-dom.development.js:26599:12)
      at workLoopSync (node_modules/react-dom/cjs/react-dom.development.js:26505:5)
      at renderRootSync (node_modules/react-dom/cjs/react-dom.development.js:26473:7)
      at performConcurrentWorkOnRoot (node_modules/react-dom/cjs/react-dom.development.js:25777:74)
      at flushActQueue (node_modules/react/cjs/react.development.js:2667:24)
      at act (node_modules/react/cjs/react.development.js:2582:11)
      at node_modules/@testing-library/react/dist/act-compat.js:46:25
      at renderRoot (node_modules/@testing-library/react/dist/pure.js:189:26)
      at render (node_modules/@testing-library/react/dist/pure.js:291:10)
      at Object.<anonymous> (src/__tests__/components/layout/Header.test.tsx:299:15)

    console.error
      Error: Uncaught [TypeError: Cannot read properties of undefined (reading 'label')]
          at Object.<anonymous> (src/__tests__/components/layout/Header.test.tsx:299:15)
          at new Promise (<anonymous>) {
        detail: TypeError: Cannot read properties of undefined (reading 'label')
            at label (/Users/ppmtrue/Documents/GitHub/SelenIT-Digital-Agency/src/hooks/useNavigationLogic.ts:30:42)
            at Header (/Users/ppmtrue/Documents/GitHub/SelenIT-Digital-Agency/src/components/layout/Header.tsx:53:27)
            at renderWithHooks (/Users/ppmtrue/Documents/GitHub/SelenIT-Digital-Agency/node_modules/react-dom/cjs/react-dom.development.js:15486:18)
            at mountIndeterminateComponent (/Users/ppmtrue/Documents/GitHub/SelenIT-Digital-Agency/node_modules/react-dom/cjs/react-dom.development.js:20103:13)
            at beginWork (/Users/ppmtrue/Documents/GitHub/SelenIT-Digital-Agency/node_modules/react-dom/cjs/react-dom.development.js:21626:16)
            at HTMLUnknownElement.callCallback (/Users/ppmtrue/Documents/GitHub/SelenIT-Digital-Agency/node_modules/react-dom/cjs/react-dom.development.js:4164:14)
            at HTMLUnknownElement.callTheUserObjectsOperation (/Users/ppmtrue/Documents/GitHub/SelenIT-Digital-Agency/node_modules/jsdom/lib/jsdom/living/generated/EventListener.js:26:30)
            at innerInvokeEventListeners (/Users/ppmtrue/Documents/GitHub/SelenIT-Digital-Agency/node_modules/jsdom/lib/jsdom/living/events/EventTarget-impl.js:350:25)
            at invokeEventListeners (/Users/ppmtrue/Documents/GitHub/SelenIT-Digital-Agency/node_modules/jsdom/lib/jsdom/living/events/EventTarget-impl.js:286:3)
            at HTMLUnknownElementImpl._dispatch (/Users/ppmtrue/Documents/GitHub/SelenIT-Digital-Agency/node_modules/jsdom/lib/jsdom/living/events/EventTarget-impl.js:233:9)
            at HTMLUnknownElementImpl.dispatchEvent (/Users/ppmtrue/Documents/GitHub/SelenIT-Digital-Agency/node_modules/jsdom/lib/jsdom/living/events/EventTarget-impl.js:104:17)
            at HTMLUnknownElement.dispatchEvent (/Users/ppmtrue/Documents/GitHub/SelenIT-Digital-Agency/node_modules/jsdom/lib/jsdom/living/generated/EventTarget.js:241:34)
            at Object.invokeGuardedCallbackDev (/Users/ppmtrue/Documents/GitHub/SelenIT-Digital-Agency/node_modules/react-dom/cjs/react-dom.development.js:4213:16)
            at invokeGuardedCallback (/Users/ppmtrue/Documents/GitHub/SelenIT-Digital-Agency/node_modules/react-dom/cjs/react-dom.development.js:4277:31)
            at beginWork$1 (/Users/ppmtrue/Documents/GitHub/SelenIT-Digital-Agency/node_modules/react-dom/cjs/react-dom.development.js:27490:7)
            at performUnitOfWork (/Users/ppmtrue/Documents/GitHub/SelenIT-Digital-Agency/node_modules/react-dom/cjs/react-dom.development.js:26599:12)
            at workLoopSync (/Users/ppmtrue/Documents/GitHub/SelenIT-Digital-Agency/node_modules/react-dom/cjs/react-dom.development.js:26505:5)
            at renderRootSync (/Users/ppmtrue/Documents/GitHub/SelenIT-Digital-Agency/node_modules/react-dom/cjs/react-dom.development.js:26473:7)
            at recoverFromConcurrentError (/Users/ppmtrue/Documents/GitHub/SelenIT-Digital-Agency/node_modules/react-dom/cjs/react-dom.development.js:25889:20)
            at performConcurrentWorkOnRoot (/Users/ppmtrue/Documents/GitHub/SelenIT-Digital-Agency/node_modules/react-dom/cjs/react-dom.development.js:25789:22)
            at flushActQueue (/Users/ppmtrue/Documents/GitHub/SelenIT-Digital-Agency/node_modules/react/cjs/react.development.js:2667:24)
            at act (/Users/ppmtrue/Documents/GitHub/SelenIT-Digital-Agency/node_modules/react/cjs/react.development.js:2582:11)
            at /Users/ppmtrue/Documents/GitHub/SelenIT-Digital-Agency/node_modules/@testing-library/react/dist/act-compat.js:46:25
            at renderRoot (/Users/ppmtrue/Documents/GitHub/SelenIT-Digital-Agency/node_modules/@testing-library/react/dist/pure.js:189:26)
            at render (/Users/ppmtrue/Documents/GitHub/SelenIT-Digital-Agency/node_modules/@testing-library/react/dist/pure.js:291:10)
            at Object.<anonymous> (/Users/ppmtrue/Documents/GitHub/SelenIT-Digital-Agency/src/__tests__/components/layout/Header.test.tsx:299:15)
            at Promise.finally.completed (/Users/ppmtrue/Documents/GitHub/SelenIT-Digital-Agency/node_modules/jest-circus/build/jestAdapterInit.js:1557:28)
            at new Promise (<anonymous>)
            at callAsyncCircusFn (/Users/ppmtrue/Documents/GitHub/SelenIT-Digital-Agency/node_modules/jest-circus/build/jestAdapterInit.js:1497:10)
            at _callCircusTest (/Users/ppmtrue/Documents/GitHub/SelenIT-Digital-Agency/node_modules/jest-circus/build/jestAdapterInit.js:1007:40)
            at processTicksAndRejections (node:internal/process/task_queues:105:5)
            at _runTest (/Users/ppmtrue/Documents/GitHub/SelenIT-Digital-Agency/node_modules/jest-circus/build/jestAdapterInit.js:947:3)
            at /Users/ppmtrue/Documents/GitHub/SelenIT-Digital-Agency/node_modules/jest-circus/build/jestAdapterInit.js:849:7
            at _runTestsForDescribeBlock (/Users/ppmtrue/Documents/GitHub/SelenIT-Digital-Agency/node_modules/jest-circus/build/jestAdapterInit.js:862:11)
            at _runTestsForDescribeBlock (/Users/ppmtrue/Documents/GitHub/SelenIT-Digital-Agency/node_modules/jest-circus/build/jestAdapterInit.js:857:11)
            at run (/Users/ppmtrue/Documents/GitHub/SelenIT-Digital-Agency/node_modules/jest-circus/build/jestAdapterInit.js:761:3)
            at runAndTransformResultsToJestFormat (/Users/ppmtrue/Documents/GitHub/SelenIT-Digital-Agency/node_modules/jest-circus/build/jestAdapterInit.js:1918:21)
            at jestAdapter (/Users/ppmtrue/Documents/GitHub/SelenIT-Digital-Agency/node_modules/jest-circus/build/runner.js:101:19)
            at runTestInternal (/Users/ppmtrue/Documents/GitHub/SelenIT-Digital-Agency/node_modules/jest-runner/build/testWorker.js:275:16)
            at runTest (/Users/ppmtrue/Documents/GitHub/SelenIT-Digital-Agency/node_modules/jest-runner/build/testWorker.js:343:7)
            at Object.worker (/Users/ppmtrue/Documents/GitHub/SelenIT-Digital-Agency/node_modules/jest-runner/build/testWorker.js:497:12),
        type: 'unhandled exception'
      }

      297 |
      298 |     it('applies correct CSS classes for animations', () => {
    > 299 |         render(<Header {...defaultProps} />);
          |               ^
      300 |
      301 |         const header = screen.getByRole('banner');
      302 |         expect(header).toHaveClass('fixed');

      at VirtualConsole.<anonymous> (node_modules/@jest/environment-jsdom-abstract/build/index.js:87:23)
      at reportException (node_modules/jsdom/lib/jsdom/living/helpers/runtime-script-errors.js:70:28)
      at innerInvokeEventListeners (node_modules/jsdom/lib/jsdom/living/events/EventTarget-impl.js:353:9)
      at invokeEventListeners (node_modules/jsdom/lib/jsdom/living/events/EventTarget-impl.js:286:3)
      at HTMLUnknownElementImpl._dispatch (node_modules/jsdom/lib/jsdom/living/events/EventTarget-impl.js:233:9)
      at HTMLUnknownElementImpl.dispatchEvent (node_modules/jsdom/lib/jsdom/living/events/EventTarget-impl.js:104:17)
      at HTMLUnknownElement.dispatchEvent (node_modules/jsdom/lib/jsdom/living/generated/EventTarget.js:241:34)
      at Object.invokeGuardedCallbackDev (node_modules/react-dom/cjs/react-dom.development.js:4213:16)
      at invokeGuardedCallback (node_modules/react-dom/cjs/react-dom.development.js:4277:31)
      at beginWork$1 (node_modules/react-dom/cjs/react-dom.development.js:27490:7)
      at performUnitOfWork (node_modules/react-dom/cjs/react-dom.development.js:26599:12)
      at workLoopSync (node_modules/react-dom/cjs/react-dom.development.js:26505:5)
      at renderRootSync (node_modules/react-dom/cjs/react-dom.development.js:26473:7)
      at recoverFromConcurrentError (node_modules/react-dom/cjs/react-dom.development.js:25889:20)
      at performConcurrentWorkOnRoot (node_modules/react-dom/cjs/react-dom.development.js:25789:22)
      at flushActQueue (node_modules/react/cjs/react.development.js:2667:24)
      at act (node_modules/react/cjs/react.development.js:2582:11)
      at node_modules/@testing-library/react/dist/act-compat.js:46:25
      at renderRoot (node_modules/@testing-library/react/dist/pure.js:189:26)
      at render (node_modules/@testing-library/react/dist/pure.js:291:10)
      at Object.<anonymous> (src/__tests__/components/layout/Header.test.tsx:299:15)

    console.error
      The above error occurred in the <Header> component:
      
          at lang (/Users/ppmtrue/Documents/GitHub/SelenIT-Digital-Agency/src/components/layout/Header.tsx:23:34)
      
      Consider adding an error boundary to your tree to customize error handling behavior.
      Visit https://reactjs.org/link/error-boundaries to learn more about error boundaries.

      297 |
      298 |     it('applies correct CSS classes for animations', () => {
    > 299 |         render(<Header {...defaultProps} />);
          |               ^
      300 |
      301 |         const header = screen.getByRole('banner');
      302 |         expect(header).toHaveClass('fixed');

      at logCapturedError (node_modules/react-dom/cjs/react-dom.development.js:18704:23)
      at update.callback (node_modules/react-dom/cjs/react-dom.development.js:18737:5)
      at callCallback (node_modules/react-dom/cjs/react-dom.development.js:15036:12)
      at commitUpdateQueue (node_modules/react-dom/cjs/react-dom.development.js:15057:9)
      at commitLayoutEffectOnFiber (node_modules/react-dom/cjs/react-dom.development.js:23430:13)
      at commitLayoutMountEffects_complete (node_modules/react-dom/cjs/react-dom.development.js:24727:9)
      at commitLayoutEffects_begin (node_modules/react-dom/cjs/react-dom.development.js:24713:7)
      at commitLayoutEffects (node_modules/react-dom/cjs/react-dom.development.js:24651:3)
      at commitRootImpl (node_modules/react-dom/cjs/react-dom.development.js:26862:5)
      at commitRoot (node_modules/react-dom/cjs/react-dom.development.js:26721:5)
      at finishConcurrentRender (node_modules/react-dom/cjs/react-dom.development.js:25931:9)
      at performConcurrentWorkOnRoot (node_modules/react-dom/cjs/react-dom.development.js:25848:7)
      at flushActQueue (node_modules/react/cjs/react.development.js:2667:24)
      at act (node_modules/react/cjs/react.development.js:2582:11)
      at node_modules/@testing-library/react/dist/act-compat.js:46:25
      at renderRoot (node_modules/@testing-library/react/dist/pure.js:189:26)
      at render (node_modules/@testing-library/react/dist/pure.js:291:10)
      at Object.<anonymous> (src/__tests__/components/layout/Header.test.tsx:299:15)

    console.error
      Error: Uncaught [TypeError: Cannot read properties of undefined (reading 'label')]
          at Object.<anonymous> (src/__tests__/components/layout/Header.test.tsx:310:15)
          at new Promise (<anonymous>) {
        detail: TypeError: Cannot read properties of undefined (reading 'label')
            at label (/Users/ppmtrue/Documents/GitHub/SelenIT-Digital-Agency/src/hooks/useNavigationLogic.ts:30:42)
            at Header (/Users/ppmtrue/Documents/GitHub/SelenIT-Digital-Agency/src/components/layout/Header.tsx:53:27)
            at renderWithHooks (/Users/ppmtrue/Documents/GitHub/SelenIT-Digital-Agency/node_modules/react-dom/cjs/react-dom.development.js:15486:18)
            at mountIndeterminateComponent (/Users/ppmtrue/Documents/GitHub/SelenIT-Digital-Agency/node_modules/react-dom/cjs/react-dom.development.js:20103:13)
            at beginWork (/Users/ppmtrue/Documents/GitHub/SelenIT-Digital-Agency/node_modules/react-dom/cjs/react-dom.development.js:21626:16)
            at HTMLUnknownElement.callCallback (/Users/ppmtrue/Documents/GitHub/SelenIT-Digital-Agency/node_modules/react-dom/cjs/react-dom.development.js:4164:14)
            at HTMLUnknownElement.callTheUserObjectsOperation (/Users/ppmtrue/Documents/GitHub/SelenIT-Digital-Agency/node_modules/jsdom/lib/jsdom/living/generated/EventListener.js:26:30)
            at innerInvokeEventListeners (/Users/ppmtrue/Documents/GitHub/SelenIT-Digital-Agency/node_modules/jsdom/lib/jsdom/living/events/EventTarget-impl.js:350:25)
            at invokeEventListeners (/Users/ppmtrue/Documents/GitHub/SelenIT-Digital-Agency/node_modules/jsdom/lib/jsdom/living/events/EventTarget-impl.js:286:3)
            at HTMLUnknownElementImpl._dispatch (/Users/ppmtrue/Documents/GitHub/SelenIT-Digital-Agency/node_modules/jsdom/lib/jsdom/living/events/EventTarget-impl.js:233:9)
            at HTMLUnknownElementImpl.dispatchEvent (/Users/ppmtrue/Documents/GitHub/SelenIT-Digital-Agency/node_modules/jsdom/lib/jsdom/living/events/EventTarget-impl.js:104:17)
            at HTMLUnknownElement.dispatchEvent (/Users/ppmtrue/Documents/GitHub/SelenIT-Digital-Agency/node_modules/jsdom/lib/jsdom/living/generated/EventTarget.js:241:34)
            at Object.invokeGuardedCallbackDev (/Users/ppmtrue/Documents/GitHub/SelenIT-Digital-Agency/node_modules/react-dom/cjs/react-dom.development.js:4213:16)
            at invokeGuardedCallback (/Users/ppmtrue/Documents/GitHub/SelenIT-Digital-Agency/node_modules/react-dom/cjs/react-dom.development.js:4277:31)
            at beginWork$1 (/Users/ppmtrue/Documents/GitHub/SelenIT-Digital-Agency/node_modules/react-dom/cjs/react-dom.development.js:27490:7)
            at performUnitOfWork (/Users/ppmtrue/Documents/GitHub/SelenIT-Digital-Agency/node_modules/react-dom/cjs/react-dom.development.js:26599:12)
            at workLoopSync (/Users/ppmtrue/Documents/GitHub/SelenIT-Digital-Agency/node_modules/react-dom/cjs/react-dom.development.js:26505:5)
            at renderRootSync (/Users/ppmtrue/Documents/GitHub/SelenIT-Digital-Agency/node_modules/react-dom/cjs/react-dom.development.js:26473:7)
            at performConcurrentWorkOnRoot (/Users/ppmtrue/Documents/GitHub/SelenIT-Digital-Agency/node_modules/react-dom/cjs/react-dom.development.js:25777:74)
            at flushActQueue (/Users/ppmtrue/Documents/GitHub/SelenIT-Digital-Agency/node_modules/react/cjs/react.development.js:2667:24)
            at act (/Users/ppmtrue/Documents/GitHub/SelenIT-Digital-Agency/node_modules/react/cjs/react.development.js:2582:11)
            at /Users/ppmtrue/Documents/GitHub/SelenIT-Digital-Agency/node_modules/@testing-library/react/dist/act-compat.js:46:25
            at renderRoot (/Users/ppmtrue/Documents/GitHub/SelenIT-Digital-Agency/node_modules/@testing-library/react/dist/pure.js:189:26)
            at render (/Users/ppmtrue/Documents/GitHub/SelenIT-Digital-Agency/node_modules/@testing-library/react/dist/pure.js:291:10)
            at Object.<anonymous> (/Users/ppmtrue/Documents/GitHub/SelenIT-Digital-Agency/src/__tests__/components/layout/Header.test.tsx:310:15)
            at Promise.finally.completed (/Users/ppmtrue/Documents/GitHub/SelenIT-Digital-Agency/node_modules/jest-circus/build/jestAdapterInit.js:1557:28)
            at new Promise (<anonymous>)
            at callAsyncCircusFn (/Users/ppmtrue/Documents/GitHub/SelenIT-Digital-Agency/node_modules/jest-circus/build/jestAdapterInit.js:1497:10)
            at _callCircusTest (/Users/ppmtrue/Documents/GitHub/SelenIT-Digital-Agency/node_modules/jest-circus/build/jestAdapterInit.js:1007:40)
            at processTicksAndRejections (node:internal/process/task_queues:105:5)
            at _runTest (/Users/ppmtrue/Documents/GitHub/SelenIT-Digital-Agency/node_modules/jest-circus/build/jestAdapterInit.js:947:3)
            at /Users/ppmtrue/Documents/GitHub/SelenIT-Digital-Agency/node_modules/jest-circus/build/jestAdapterInit.js:849:7
            at _runTestsForDescribeBlock (/Users/ppmtrue/Documents/GitHub/SelenIT-Digital-Agency/node_modules/jest-circus/build/jestAdapterInit.js:862:11)
            at _runTestsForDescribeBlock (/Users/ppmtrue/Documents/GitHub/SelenIT-Digital-Agency/node_modules/jest-circus/build/jestAdapterInit.js:857:11)
            at run (/Users/ppmtrue/Documents/GitHub/SelenIT-Digital-Agency/node_modules/jest-circus/build/jestAdapterInit.js:761:3)
            at runAndTransformResultsToJestFormat (/Users/ppmtrue/Documents/GitHub/SelenIT-Digital-Agency/node_modules/jest-circus/build/jestAdapterInit.js:1918:21)
            at jestAdapter (/Users/ppmtrue/Documents/GitHub/SelenIT-Digital-Agency/node_modules/jest-circus/build/runner.js:101:19)
            at runTestInternal (/Users/ppmtrue/Documents/GitHub/SelenIT-Digital-Agency/node_modules/jest-runner/build/testWorker.js:275:16)
            at runTest (/Users/ppmtrue/Documents/GitHub/SelenIT-Digital-Agency/node_modules/jest-runner/build/testWorker.js:343:7)
            at Object.worker (/Users/ppmtrue/Documents/GitHub/SelenIT-Digital-Agency/node_modules/jest-runner/build/testWorker.js:497:12),
        type: 'unhandled exception'
      }

      308 |
      309 |     it('renders with correct accessibility attributes', () => {
    > 310 |         render(<Header {...defaultProps} />);
          |               ^
      311 |
      312 |         const header = screen.getByRole('banner');
      313 |         expect(header).toHaveAttribute('aria-label');

      at VirtualConsole.<anonymous> (node_modules/@jest/environment-jsdom-abstract/build/index.js:87:23)
      at reportException (node_modules/jsdom/lib/jsdom/living/helpers/runtime-script-errors.js:70:28)
      at innerInvokeEventListeners (node_modules/jsdom/lib/jsdom/living/events/EventTarget-impl.js:353:9)
      at invokeEventListeners (node_modules/jsdom/lib/jsdom/living/events/EventTarget-impl.js:286:3)
      at HTMLUnknownElementImpl._dispatch (node_modules/jsdom/lib/jsdom/living/events/EventTarget-impl.js:233:9)
      at HTMLUnknownElementImpl.dispatchEvent (node_modules/jsdom/lib/jsdom/living/events/EventTarget-impl.js:104:17)
      at HTMLUnknownElement.dispatchEvent (node_modules/jsdom/lib/jsdom/living/generated/EventTarget.js:241:34)
      at Object.invokeGuardedCallbackDev (node_modules/react-dom/cjs/react-dom.development.js:4213:16)
      at invokeGuardedCallback (node_modules/react-dom/cjs/react-dom.development.js:4277:31)
      at beginWork$1 (node_modules/react-dom/cjs/react-dom.development.js:27490:7)
      at performUnitOfWork (node_modules/react-dom/cjs/react-dom.development.js:26599:12)
      at workLoopSync (node_modules/react-dom/cjs/react-dom.development.js:26505:5)
      at renderRootSync (node_modules/react-dom/cjs/react-dom.development.js:26473:7)
      at performConcurrentWorkOnRoot (node_modules/react-dom/cjs/react-dom.development.js:25777:74)
      at flushActQueue (node_modules/react/cjs/react.development.js:2667:24)
      at act (node_modules/react/cjs/react.development.js:2582:11)
      at node_modules/@testing-library/react/dist/act-compat.js:46:25
      at renderRoot (node_modules/@testing-library/react/dist/pure.js:189:26)
      at render (node_modules/@testing-library/react/dist/pure.js:291:10)
      at Object.<anonymous> (src/__tests__/components/layout/Header.test.tsx:310:15)

    console.error
      Error: Uncaught [TypeError: Cannot read properties of undefined (reading 'label')]
          at Object.<anonymous> (src/__tests__/components/layout/Header.test.tsx:310:15)
          at new Promise (<anonymous>) {
        detail: TypeError: Cannot read properties of undefined (reading 'label')
            at label (/Users/ppmtrue/Documents/GitHub/SelenIT-Digital-Agency/src/hooks/useNavigationLogic.ts:30:42)
            at Header (/Users/ppmtrue/Documents/GitHub/SelenIT-Digital-Agency/src/components/layout/Header.tsx:53:27)
            at renderWithHooks (/Users/ppmtrue/Documents/GitHub/SelenIT-Digital-Agency/node_modules/react-dom/cjs/react-dom.development.js:15486:18)
            at mountIndeterminateComponent (/Users/ppmtrue/Documents/GitHub/SelenIT-Digital-Agency/node_modules/react-dom/cjs/react-dom.development.js:20103:13)
            at beginWork (/Users/ppmtrue/Documents/GitHub/SelenIT-Digital-Agency/node_modules/react-dom/cjs/react-dom.development.js:21626:16)
            at HTMLUnknownElement.callCallback (/Users/ppmtrue/Documents/GitHub/SelenIT-Digital-Agency/node_modules/react-dom/cjs/react-dom.development.js:4164:14)
            at HTMLUnknownElement.callTheUserObjectsOperation (/Users/ppmtrue/Documents/GitHub/SelenIT-Digital-Agency/node_modules/jsdom/lib/jsdom/living/generated/EventListener.js:26:30)
            at innerInvokeEventListeners (/Users/ppmtrue/Documents/GitHub/SelenIT-Digital-Agency/node_modules/jsdom/lib/jsdom/living/events/EventTarget-impl.js:350:25)
            at invokeEventListeners (/Users/ppmtrue/Documents/GitHub/SelenIT-Digital-Agency/node_modules/jsdom/lib/jsdom/living/events/EventTarget-impl.js:286:3)
            at HTMLUnknownElementImpl._dispatch (/Users/ppmtrue/Documents/GitHub/SelenIT-Digital-Agency/node_modules/jsdom/lib/jsdom/living/events/EventTarget-impl.js:233:9)
            at HTMLUnknownElementImpl.dispatchEvent (/Users/ppmtrue/Documents/GitHub/SelenIT-Digital-Agency/node_modules/jsdom/lib/jsdom/living/events/EventTarget-impl.js:104:17)
            at HTMLUnknownElement.dispatchEvent (/Users/ppmtrue/Documents/GitHub/SelenIT-Digital-Agency/node_modules/jsdom/lib/jsdom/living/generated/EventTarget.js:241:34)
            at Object.invokeGuardedCallbackDev (/Users/ppmtrue/Documents/GitHub/SelenIT-Digital-Agency/node_modules/react-dom/cjs/react-dom.development.js:4213:16)
            at invokeGuardedCallback (/Users/ppmtrue/Documents/GitHub/SelenIT-Digital-Agency/node_modules/react-dom/cjs/react-dom.development.js:4277:31)
            at beginWork$1 (/Users/ppmtrue/Documents/GitHub/SelenIT-Digital-Agency/node_modules/react-dom/cjs/react-dom.development.js:27490:7)
            at performUnitOfWork (/Users/ppmtrue/Documents/GitHub/SelenIT-Digital-Agency/node_modules/react-dom/cjs/react-dom.development.js:26599:12)
            at workLoopSync (/Users/ppmtrue/Documents/GitHub/SelenIT-Digital-Agency/node_modules/react-dom/cjs/react-dom.development.js:26505:5)
            at renderRootSync (/Users/ppmtrue/Documents/GitHub/SelenIT-Digital-Agency/node_modules/react-dom/cjs/react-dom.development.js:26473:7)
            at recoverFromConcurrentError (/Users/ppmtrue/Documents/GitHub/SelenIT-Digital-Agency/node_modules/react-dom/cjs/react-dom.development.js:25889:20)
            at performConcurrentWorkOnRoot (/Users/ppmtrue/Documents/GitHub/SelenIT-Digital-Agency/node_modules/react-dom/cjs/react-dom.development.js:25789:22)
            at flushActQueue (/Users/ppmtrue/Documents/GitHub/SelenIT-Digital-Agency/node_modules/react/cjs/react.development.js:2667:24)
            at act (/Users/ppmtrue/Documents/GitHub/SelenIT-Digital-Agency/node_modules/react/cjs/react.development.js:2582:11)
            at /Users/ppmtrue/Documents/GitHub/SelenIT-Digital-Agency/node_modules/@testing-library/react/dist/act-compat.js:46:25
            at renderRoot (/Users/ppmtrue/Documents/GitHub/SelenIT-Digital-Agency/node_modules/@testing-library/react/dist/pure.js:189:26)
            at render (/Users/ppmtrue/Documents/GitHub/SelenIT-Digital-Agency/node_modules/@testing-library/react/dist/pure.js:291:10)
            at Object.<anonymous> (/Users/ppmtrue/Documents/GitHub/SelenIT-Digital-Agency/src/__tests__/components/layout/Header.test.tsx:310:15)
            at Promise.finally.completed (/Users/ppmtrue/Documents/GitHub/SelenIT-Digital-Agency/node_modules/jest-circus/build/jestAdapterInit.js:1557:28)
            at new Promise (<anonymous>)
            at callAsyncCircusFn (/Users/ppmtrue/Documents/GitHub/SelenIT-Digital-Agency/node_modules/jest-circus/build/jestAdapterInit.js:1497:10)
            at _callCircusTest (/Users/ppmtrue/Documents/GitHub/SelenIT-Digital-Agency/node_modules/jest-circus/build/jestAdapterInit.js:1007:40)
            at processTicksAndRejections (node:internal/process/task_queues:105:5)
            at _runTest (/Users/ppmtrue/Documents/GitHub/SelenIT-Digital-Agency/node_modules/jest-circus/build/jestAdapterInit.js:947:3)
            at /Users/ppmtrue/Documents/GitHub/SelenIT-Digital-Agency/node_modules/jest-circus/build/jestAdapterInit.js:849:7
            at _runTestsForDescribeBlock (/Users/ppmtrue/Documents/GitHub/SelenIT-Digital-Agency/node_modules/jest-circus/build/jestAdapterInit.js:862:11)
            at _runTestsForDescribeBlock (/Users/ppmtrue/Documents/GitHub/SelenIT-Digital-Agency/node_modules/jest-circus/build/jestAdapterInit.js:857:11)
            at run (/Users/ppmtrue/Documents/GitHub/SelenIT-Digital-Agency/node_modules/jest-circus/build/jestAdapterInit.js:761:3)
            at runAndTransformResultsToJestFormat (/Users/ppmtrue/Documents/GitHub/SelenIT-Digital-Agency/node_modules/jest-circus/build/jestAdapterInit.js:1918:21)
            at jestAdapter (/Users/ppmtrue/Documents/GitHub/SelenIT-Digital-Agency/node_modules/jest-circus/build/runner.js:101:19)
            at runTestInternal (/Users/ppmtrue/Documents/GitHub/SelenIT-Digital-Agency/node_modules/jest-runner/build/testWorker.js:275:16)
            at runTest (/Users/ppmtrue/Documents/GitHub/SelenIT-Digital-Agency/node_modules/jest-runner/build/testWorker.js:343:7)
            at Object.worker (/Users/ppmtrue/Documents/GitHub/SelenIT-Digital-Agency/node_modules/jest-runner/build/testWorker.js:497:12),
        type: 'unhandled exception'
      }

      308 |
      309 |     it('renders with correct accessibility attributes', () => {
    > 310 |         render(<Header {...defaultProps} />);
          |               ^
      311 |
      312 |         const header = screen.getByRole('banner');
      313 |         expect(header).toHaveAttribute('aria-label');

      at VirtualConsole.<anonymous> (node_modules/@jest/environment-jsdom-abstract/build/index.js:87:23)
      at reportException (node_modules/jsdom/lib/jsdom/living/helpers/runtime-script-errors.js:70:28)
      at innerInvokeEventListeners (node_modules/jsdom/lib/jsdom/living/events/EventTarget-impl.js:353:9)
      at invokeEventListeners (node_modules/jsdom/lib/jsdom/living/events/EventTarget-impl.js:286:3)
      at HTMLUnknownElementImpl._dispatch (node_modules/jsdom/lib/jsdom/living/events/EventTarget-impl.js:233:9)
      at HTMLUnknownElementImpl.dispatchEvent (node_modules/jsdom/lib/jsdom/living/events/EventTarget-impl.js:104:17)
      at HTMLUnknownElement.dispatchEvent (node_modules/jsdom/lib/jsdom/living/generated/EventTarget.js:241:34)
      at Object.invokeGuardedCallbackDev (node_modules/react-dom/cjs/react-dom.development.js:4213:16)
      at invokeGuardedCallback (node_modules/react-dom/cjs/react-dom.development.js:4277:31)
      at beginWork$1 (node_modules/react-dom/cjs/react-dom.development.js:27490:7)
      at performUnitOfWork (node_modules/react-dom/cjs/react-dom.development.js:26599:12)
      at workLoopSync (node_modules/react-dom/cjs/react-dom.development.js:26505:5)
      at renderRootSync (node_modules/react-dom/cjs/react-dom.development.js:26473:7)
      at recoverFromConcurrentError (node_modules/react-dom/cjs/react-dom.development.js:25889:20)
      at performConcurrentWorkOnRoot (node_modules/react-dom/cjs/react-dom.development.js:25789:22)
      at flushActQueue (node_modules/react/cjs/react.development.js:2667:24)
      at act (node_modules/react/cjs/react.development.js:2582:11)
      at node_modules/@testing-library/react/dist/act-compat.js:46:25
      at renderRoot (node_modules/@testing-library/react/dist/pure.js:189:26)
      at render (node_modules/@testing-library/react/dist/pure.js:291:10)
      at Object.<anonymous> (src/__tests__/components/layout/Header.test.tsx:310:15)

    console.error
      The above error occurred in the <Header> component:
      
          at lang (/Users/ppmtrue/Documents/GitHub/SelenIT-Digital-Agency/src/components/layout/Header.tsx:23:34)
      
      Consider adding an error boundary to your tree to customize error handling behavior.
      Visit https://reactjs.org/link/error-boundaries to learn more about error boundaries.

      308 |
      309 |     it('renders with correct accessibility attributes', () => {
    > 310 |         render(<Header {...defaultProps} />);
          |               ^
      311 |
      312 |         const header = screen.getByRole('banner');
      313 |         expect(header).toHaveAttribute('aria-label');

      at logCapturedError (node_modules/react-dom/cjs/react-dom.development.js:18704:23)
      at update.callback (node_modules/react-dom/cjs/react-dom.development.js:18737:5)
      at callCallback (node_modules/react-dom/cjs/react-dom.development.js:15036:12)
      at commitUpdateQueue (node_modules/react-dom/cjs/react-dom.development.js:15057:9)
      at commitLayoutEffectOnFiber (node_modules/react-dom/cjs/react-dom.development.js:23430:13)
      at commitLayoutMountEffects_complete (node_modules/react-dom/cjs/react-dom.development.js:24727:9)
      at commitLayoutEffects_begin (node_modules/react-dom/cjs/react-dom.development.js:24713:7)
      at commitLayoutEffects (node_modules/react-dom/cjs/react-dom.development.js:24651:3)
      at commitRootImpl (node_modules/react-dom/cjs/react-dom.development.js:26862:5)
      at commitRoot (node_modules/react-dom/cjs/react-dom.development.js:26721:5)
      at finishConcurrentRender (node_modules/react-dom/cjs/react-dom.development.js:25931:9)
      at performConcurrentWorkOnRoot (node_modules/react-dom/cjs/react-dom.development.js:25848:7)
      at flushActQueue (node_modules/react/cjs/react.development.js:2667:24)
      at act (node_modules/react/cjs/react.development.js:2582:11)
      at node_modules/@testing-library/react/dist/act-compat.js:46:25
      at renderRoot (node_modules/@testing-library/react/dist/pure.js:189:26)
      at render (node_modules/@testing-library/react/dist/pure.js:291:10)
      at Object.<anonymous> (src/__tests__/components/layout/Header.test.tsx:310:15)

    console.error
      Error: Uncaught [TypeError: Cannot read properties of undefined (reading 'label')]
          at Object.<anonymous> (src/__tests__/components/layout/Header.test.tsx:317:15)
          at new Promise (<anonymous>) {
        detail: TypeError: Cannot read properties of undefined (reading 'label')
            at label (/Users/ppmtrue/Documents/GitHub/SelenIT-Digital-Agency/src/hooks/useNavigationLogic.ts:30:42)
            at Header (/Users/ppmtrue/Documents/GitHub/SelenIT-Digital-Agency/src/components/layout/Header.tsx:53:27)
            at renderWithHooks (/Users/ppmtrue/Documents/GitHub/SelenIT-Digital-Agency/node_modules/react-dom/cjs/react-dom.development.js:15486:18)
            at mountIndeterminateComponent (/Users/ppmtrue/Documents/GitHub/SelenIT-Digital-Agency/node_modules/react-dom/cjs/react-dom.development.js:20103:13)
            at beginWork (/Users/ppmtrue/Documents/GitHub/SelenIT-Digital-Agency/node_modules/react-dom/cjs/react-dom.development.js:21626:16)
            at HTMLUnknownElement.callCallback (/Users/ppmtrue/Documents/GitHub/SelenIT-Digital-Agency/node_modules/react-dom/cjs/react-dom.development.js:4164:14)
            at HTMLUnknownElement.callTheUserObjectsOperation (/Users/ppmtrue/Documents/GitHub/SelenIT-Digital-Agency/node_modules/jsdom/lib/jsdom/living/generated/EventListener.js:26:30)
            at innerInvokeEventListeners (/Users/ppmtrue/Documents/GitHub/SelenIT-Digital-Agency/node_modules/jsdom/lib/jsdom/living/events/EventTarget-impl.js:350:25)
            at invokeEventListeners (/Users/ppmtrue/Documents/GitHub/SelenIT-Digital-Agency/node_modules/jsdom/lib/jsdom/living/events/EventTarget-impl.js:286:3)
            at HTMLUnknownElementImpl._dispatch (/Users/ppmtrue/Documents/GitHub/SelenIT-Digital-Agency/node_modules/jsdom/lib/jsdom/living/events/EventTarget-impl.js:233:9)
            at HTMLUnknownElementImpl.dispatchEvent (/Users/ppmtrue/Documents/GitHub/SelenIT-Digital-Agency/node_modules/jsdom/lib/jsdom/living/events/EventTarget-impl.js:104:17)
            at HTMLUnknownElement.dispatchEvent (/Users/ppmtrue/Documents/GitHub/SelenIT-Digital-Agency/node_modules/jsdom/lib/jsdom/living/generated/EventTarget.js:241:34)
            at Object.invokeGuardedCallbackDev (/Users/ppmtrue/Documents/GitHub/SelenIT-Digital-Agency/node_modules/react-dom/cjs/react-dom.development.js:4213:16)
            at invokeGuardedCallback (/Users/ppmtrue/Documents/GitHub/SelenIT-Digital-Agency/node_modules/react-dom/cjs/react-dom.development.js:4277:31)
            at beginWork$1 (/Users/ppmtrue/Documents/GitHub/SelenIT-Digital-Agency/node_modules/react-dom/cjs/react-dom.development.js:27490:7)
            at performUnitOfWork (/Users/ppmtrue/Documents/GitHub/SelenIT-Digital-Agency/node_modules/react-dom/cjs/react-dom.development.js:26599:12)
            at workLoopSync (/Users/ppmtrue/Documents/GitHub/SelenIT-Digital-Agency/node_modules/react-dom/cjs/react-dom.development.js:26505:5)
            at renderRootSync (/Users/ppmtrue/Documents/GitHub/SelenIT-Digital-Agency/node_modules/react-dom/cjs/react-dom.development.js:26473:7)
            at performConcurrentWorkOnRoot (/Users/ppmtrue/Documents/GitHub/SelenIT-Digital-Agency/node_modules/react-dom/cjs/react-dom.development.js:25777:74)
            at flushActQueue (/Users/ppmtrue/Documents/GitHub/SelenIT-Digital-Agency/node_modules/react/cjs/react.development.js:2667:24)
            at act (/Users/ppmtrue/Documents/GitHub/SelenIT-Digital-Agency/node_modules/react/cjs/react.development.js:2582:11)
            at /Users/ppmtrue/Documents/GitHub/SelenIT-Digital-Agency/node_modules/@testing-library/react/dist/act-compat.js:46:25
            at renderRoot (/Users/ppmtrue/Documents/GitHub/SelenIT-Digital-Agency/node_modules/@testing-library/react/dist/pure.js:189:26)
            at render (/Users/ppmtrue/Documents/GitHub/SelenIT-Digital-Agency/node_modules/@testing-library/react/dist/pure.js:291:10)
            at Object.<anonymous> (/Users/ppmtrue/Documents/GitHub/SelenIT-Digital-Agency/src/__tests__/components/layout/Header.test.tsx:317:15)
            at Promise.finally.completed (/Users/ppmtrue/Documents/GitHub/SelenIT-Digital-Agency/node_modules/jest-circus/build/jestAdapterInit.js:1557:28)
            at new Promise (<anonymous>)
            at callAsyncCircusFn (/Users/ppmtrue/Documents/GitHub/SelenIT-Digital-Agency/node_modules/jest-circus/build/jestAdapterInit.js:1497:10)
            at _callCircusTest (/Users/ppmtrue/Documents/GitHub/SelenIT-Digital-Agency/node_modules/jest-circus/build/jestAdapterInit.js:1007:40)
            at processTicksAndRejections (node:internal/process/task_queues:105:5)
            at _runTest (/Users/ppmtrue/Documents/GitHub/SelenIT-Digital-Agency/node_modules/jest-circus/build/jestAdapterInit.js:947:3)
            at /Users/ppmtrue/Documents/GitHub/SelenIT-Digital-Agency/node_modules/jest-circus/build/jestAdapterInit.js:849:7
            at _runTestsForDescribeBlock (/Users/ppmtrue/Documents/GitHub/SelenIT-Digital-Agency/node_modules/jest-circus/build/jestAdapterInit.js:862:11)
            at _runTestsForDescribeBlock (/Users/ppmtrue/Documents/GitHub/SelenIT-Digital-Agency/node_modules/jest-circus/build/jestAdapterInit.js:857:11)
            at run (/Users/ppmtrue/Documents/GitHub/SelenIT-Digital-Agency/node_modules/jest-circus/build/jestAdapterInit.js:761:3)
            at runAndTransformResultsToJestFormat (/Users/ppmtrue/Documents/GitHub/SelenIT-Digital-Agency/node_modules/jest-circus/build/jestAdapterInit.js:1918:21)
            at jestAdapter (/Users/ppmtrue/Documents/GitHub/SelenIT-Digital-Agency/node_modules/jest-circus/build/runner.js:101:19)
            at runTestInternal (/Users/ppmtrue/Documents/GitHub/SelenIT-Digital-Agency/node_modules/jest-runner/build/testWorker.js:275:16)
            at runTest (/Users/ppmtrue/Documents/GitHub/SelenIT-Digital-Agency/node_modules/jest-runner/build/testWorker.js:343:7)
            at Object.worker (/Users/ppmtrue/Documents/GitHub/SelenIT-Digital-Agency/node_modules/jest-runner/build/testWorker.js:497:12),
        type: 'unhandled exception'
      }

      315 |
      316 |     it('renders get started button correctly', () => {
    > 317 |         render(<Header {...defaultProps} />);
          |               ^
      318 |
      319 |         const getStartedButton = screen.getByRole('link', { name: /get started/i });
      320 |         expect(getStartedButton).toHaveAttribute('href', '/en/contact');

      at VirtualConsole.<anonymous> (node_modules/@jest/environment-jsdom-abstract/build/index.js:87:23)
      at reportException (node_modules/jsdom/lib/jsdom/living/helpers/runtime-script-errors.js:70:28)
      at innerInvokeEventListeners (node_modules/jsdom/lib/jsdom/living/events/EventTarget-impl.js:353:9)
      at invokeEventListeners (node_modules/jsdom/lib/jsdom/living/events/EventTarget-impl.js:286:3)
      at HTMLUnknownElementImpl._dispatch (node_modules/jsdom/lib/jsdom/living/events/EventTarget-impl.js:233:9)
      at HTMLUnknownElementImpl.dispatchEvent (node_modules/jsdom/lib/jsdom/living/events/EventTarget-impl.js:104:17)
      at HTMLUnknownElement.dispatchEvent (node_modules/jsdom/lib/jsdom/living/generated/EventTarget.js:241:34)
      at Object.invokeGuardedCallbackDev (node_modules/react-dom/cjs/react-dom.development.js:4213:16)
      at invokeGuardedCallback (node_modules/react-dom/cjs/react-dom.development.js:4277:31)
      at beginWork$1 (node_modules/react-dom/cjs/react-dom.development.js:27490:7)
      at performUnitOfWork (node_modules/react-dom/cjs/react-dom.development.js:26599:12)
      at workLoopSync (node_modules/react-dom/cjs/react-dom.development.js:26505:5)
      at renderRootSync (node_modules/react-dom/cjs/react-dom.development.js:26473:7)
      at performConcurrentWorkOnRoot (node_modules/react-dom/cjs/react-dom.development.js:25777:74)
      at flushActQueue (node_modules/react/cjs/react.development.js:2667:24)
      at act (node_modules/react/cjs/react.development.js:2582:11)
      at node_modules/@testing-library/react/dist/act-compat.js:46:25
      at renderRoot (node_modules/@testing-library/react/dist/pure.js:189:26)
      at render (node_modules/@testing-library/react/dist/pure.js:291:10)
      at Object.<anonymous> (src/__tests__/components/layout/Header.test.tsx:317:15)

    console.error
      Error: Uncaught [TypeError: Cannot read properties of undefined (reading 'label')]
          at Object.<anonymous> (src/__tests__/components/layout/Header.test.tsx:317:15)
          at new Promise (<anonymous>) {
        detail: TypeError: Cannot read properties of undefined (reading 'label')
            at label (/Users/ppmtrue/Documents/GitHub/SelenIT-Digital-Agency/src/hooks/useNavigationLogic.ts:30:42)
            at Header (/Users/ppmtrue/Documents/GitHub/SelenIT-Digital-Agency/src/components/layout/Header.tsx:53:27)
            at renderWithHooks (/Users/ppmtrue/Documents/GitHub/SelenIT-Digital-Agency/node_modules/react-dom/cjs/react-dom.development.js:15486:18)
            at mountIndeterminateComponent (/Users/ppmtrue/Documents/GitHub/SelenIT-Digital-Agency/node_modules/react-dom/cjs/react-dom.development.js:20103:13)
            at beginWork (/Users/ppmtrue/Documents/GitHub/SelenIT-Digital-Agency/node_modules/react-dom/cjs/react-dom.development.js:21626:16)
            at HTMLUnknownElement.callCallback (/Users/ppmtrue/Documents/GitHub/SelenIT-Digital-Agency/node_modules/react-dom/cjs/react-dom.development.js:4164:14)
            at HTMLUnknownElement.callTheUserObjectsOperation (/Users/ppmtrue/Documents/GitHub/SelenIT-Digital-Agency/node_modules/jsdom/lib/jsdom/living/generated/EventListener.js:26:30)
            at innerInvokeEventListeners (/Users/ppmtrue/Documents/GitHub/SelenIT-Digital-Agency/node_modules/jsdom/lib/jsdom/living/events/EventTarget-impl.js:350:25)
            at invokeEventListeners (/Users/ppmtrue/Documents/GitHub/SelenIT-Digital-Agency/node_modules/jsdom/lib/jsdom/living/events/EventTarget-impl.js:286:3)
            at HTMLUnknownElementImpl._dispatch (/Users/ppmtrue/Documents/GitHub/SelenIT-Digital-Agency/node_modules/jsdom/lib/jsdom/living/events/EventTarget-impl.js:233:9)
            at HTMLUnknownElementImpl.dispatchEvent (/Users/ppmtrue/Documents/GitHub/SelenIT-Digital-Agency/node_modules/jsdom/lib/jsdom/living/events/EventTarget-impl.js:104:17)
            at HTMLUnknownElement.dispatchEvent (/Users/ppmtrue/Documents/GitHub/SelenIT-Digital-Agency/node_modules/jsdom/lib/jsdom/living/generated/EventTarget.js:241:34)
            at Object.invokeGuardedCallbackDev (/Users/ppmtrue/Documents/GitHub/SelenIT-Digital-Agency/node_modules/react-dom/cjs/react-dom.development.js:4213:16)
            at invokeGuardedCallback (/Users/ppmtrue/Documents/GitHub/SelenIT-Digital-Agency/node_modules/react-dom/cjs/react-dom.development.js:4277:31)
            at beginWork$1 (/Users/ppmtrue/Documents/GitHub/SelenIT-Digital-Agency/node_modules/react-dom/cjs/react-dom.development.js:27490:7)
            at performUnitOfWork (/Users/ppmtrue/Documents/GitHub/SelenIT-Digital-Agency/node_modules/react-dom/cjs/react-dom.development.js:26599:12)
            at workLoopSync (/Users/ppmtrue/Documents/GitHub/SelenIT-Digital-Agency/node_modules/react-dom/cjs/react-dom.development.js:26505:5)
            at renderRootSync (/Users/ppmtrue/Documents/GitHub/SelenIT-Digital-Agency/node_modules/react-dom/cjs/react-dom.development.js:26473:7)
            at recoverFromConcurrentError (/Users/ppmtrue/Documents/GitHub/SelenIT-Digital-Agency/node_modules/react-dom/cjs/react-dom.development.js:25889:20)
            at performConcurrentWorkOnRoot (/Users/ppmtrue/Documents/GitHub/SelenIT-Digital-Agency/node_modules/react-dom/cjs/react-dom.development.js:25789:22)
            at flushActQueue (/Users/ppmtrue/Documents/GitHub/SelenIT-Digital-Agency/node_modules/react/cjs/react.development.js:2667:24)
            at act (/Users/ppmtrue/Documents/GitHub/SelenIT-Digital-Agency/node_modules/react/cjs/react.development.js:2582:11)
            at /Users/ppmtrue/Documents/GitHub/SelenIT-Digital-Agency/node_modules/@testing-library/react/dist/act-compat.js:46:25
            at renderRoot (/Users/ppmtrue/Documents/GitHub/SelenIT-Digital-Agency/node_modules/@testing-library/react/dist/pure.js:189:26)
            at render (/Users/ppmtrue/Documents/GitHub/SelenIT-Digital-Agency/node_modules/@testing-library/react/dist/pure.js:291:10)
            at Object.<anonymous> (/Users/ppmtrue/Documents/GitHub/SelenIT-Digital-Agency/src/__tests__/components/layout/Header.test.tsx:317:15)
            at Promise.finally.completed (/Users/ppmtrue/Documents/GitHub/SelenIT-Digital-Agency/node_modules/jest-circus/build/jestAdapterInit.js:1557:28)
            at new Promise (<anonymous>)
            at callAsyncCircusFn (/Users/ppmtrue/Documents/GitHub/SelenIT-Digital-Agency/node_modules/jest-circus/build/jestAdapterInit.js:1497:10)
            at _callCircusTest (/Users/ppmtrue/Documents/GitHub/SelenIT-Digital-Agency/node_modules/jest-circus/build/jestAdapterInit.js:1007:40)
            at processTicksAndRejections (node:internal/process/task_queues:105:5)
            at _runTest (/Users/ppmtrue/Documents/GitHub/SelenIT-Digital-Agency/node_modules/jest-circus/build/jestAdapterInit.js:947:3)
            at /Users/ppmtrue/Documents/GitHub/SelenIT-Digital-Agency/node_modules/jest-circus/build/jestAdapterInit.js:849:7
            at _runTestsForDescribeBlock (/Users/ppmtrue/Documents/GitHub/SelenIT-Digital-Agency/node_modules/jest-circus/build/jestAdapterInit.js:862:11)
            at _runTestsForDescribeBlock (/Users/ppmtrue/Documents/GitHub/SelenIT-Digital-Agency/node_modules/jest-circus/build/jestAdapterInit.js:857:11)
            at run (/Users/ppmtrue/Documents/GitHub/SelenIT-Digital-Agency/node_modules/jest-circus/build/jestAdapterInit.js:761:3)
            at runAndTransformResultsToJestFormat (/Users/ppmtrue/Documents/GitHub/SelenIT-Digital-Agency/node_modules/jest-circus/build/jestAdapterInit.js:1918:21)
            at jestAdapter (/Users/ppmtrue/Documents/GitHub/SelenIT-Digital-Agency/node_modules/jest-circus/build/runner.js:101:19)
            at runTestInternal (/Users/ppmtrue/Documents/GitHub/SelenIT-Digital-Agency/node_modules/jest-runner/build/testWorker.js:275:16)
            at runTest (/Users/ppmtrue/Documents/GitHub/SelenIT-Digital-Agency/node_modules/jest-runner/build/testWorker.js:343:7)
            at Object.worker (/Users/ppmtrue/Documents/GitHub/SelenIT-Digital-Agency/node_modules/jest-runner/build/testWorker.js:497:12),
        type: 'unhandled exception'
      }

      315 |
      316 |     it('renders get started button correctly', () => {
    > 317 |         render(<Header {...defaultProps} />);
          |               ^
      318 |
      319 |         const getStartedButton = screen.getByRole('link', { name: /get started/i });
      320 |         expect(getStartedButton).toHaveAttribute('href', '/en/contact');

      at VirtualConsole.<anonymous> (node_modules/@jest/environment-jsdom-abstract/build/index.js:87:23)
      at reportException (node_modules/jsdom/lib/jsdom/living/helpers/runtime-script-errors.js:70:28)
      at innerInvokeEventListeners (node_modules/jsdom/lib/jsdom/living/events/EventTarget-impl.js:353:9)
      at invokeEventListeners (node_modules/jsdom/lib/jsdom/living/events/EventTarget-impl.js:286:3)
      at HTMLUnknownElementImpl._dispatch (node_modules/jsdom/lib/jsdom/living/events/EventTarget-impl.js:233:9)
      at HTMLUnknownElementImpl.dispatchEvent (node_modules/jsdom/lib/jsdom/living/events/EventTarget-impl.js:104:17)
      at HTMLUnknownElement.dispatchEvent (node_modules/jsdom/lib/jsdom/living/generated/EventTarget.js:241:34)
      at Object.invokeGuardedCallbackDev (node_modules/react-dom/cjs/react-dom.development.js:4213:16)
      at invokeGuardedCallback (node_modules/react-dom/cjs/react-dom.development.js:4277:31)
      at beginWork$1 (node_modules/react-dom/cjs/react-dom.development.js:27490:7)
      at performUnitOfWork (node_modules/react-dom/cjs/react-dom.development.js:26599:12)
      at workLoopSync (node_modules/react-dom/cjs/react-dom.development.js:26505:5)
      at renderRootSync (node_modules/react-dom/cjs/react-dom.development.js:26473:7)
      at recoverFromConcurrentError (node_modules/react-dom/cjs/react-dom.development.js:25889:20)
      at performConcurrentWorkOnRoot (node_modules/react-dom/cjs/react-dom.development.js:25789:22)
      at flushActQueue (node_modules/react/cjs/react.development.js:2667:24)
      at act (node_modules/react/cjs/react.development.js:2582:11)
      at node_modules/@testing-library/react/dist/act-compat.js:46:25
      at renderRoot (node_modules/@testing-library/react/dist/pure.js:189:26)
      at render (node_modules/@testing-library/react/dist/pure.js:291:10)
      at Object.<anonymous> (src/__tests__/components/layout/Header.test.tsx:317:15)

    console.error
      The above error occurred in the <Header> component:
      
          at lang (/Users/ppmtrue/Documents/GitHub/SelenIT-Digital-Agency/src/components/layout/Header.tsx:23:34)
      
      Consider adding an error boundary to your tree to customize error handling behavior.
      Visit https://reactjs.org/link/error-boundaries to learn more about error boundaries.

      315 |
      316 |     it('renders get started button correctly', () => {
    > 317 |         render(<Header {...defaultProps} />);
          |               ^
      318 |
      319 |         const getStartedButton = screen.getByRole('link', { name: /get started/i });
      320 |         expect(getStartedButton).toHaveAttribute('href', '/en/contact');

      at logCapturedError (node_modules/react-dom/cjs/react-dom.development.js:18704:23)
      at update.callback (node_modules/react-dom/cjs/react-dom.development.js:18737:5)
      at callCallback (node_modules/react-dom/cjs/react-dom.development.js:15036:12)
      at commitUpdateQueue (node_modules/react-dom/cjs/react-dom.development.js:15057:9)
      at commitLayoutEffectOnFiber (node_modules/react-dom/cjs/react-dom.development.js:23430:13)
      at commitLayoutMountEffects_complete (node_modules/react-dom/cjs/react-dom.development.js:24727:9)
      at commitLayoutEffects_begin (node_modules/react-dom/cjs/react-dom.development.js:24713:7)
      at commitLayoutEffects (node_modules/react-dom/cjs/react-dom.development.js:24651:3)
      at commitRootImpl (node_modules/react-dom/cjs/react-dom.development.js:26862:5)
      at commitRoot (node_modules/react-dom/cjs/react-dom.development.js:26721:5)
      at finishConcurrentRender (node_modules/react-dom/cjs/react-dom.development.js:25931:9)
      at performConcurrentWorkOnRoot (node_modules/react-dom/cjs/react-dom.development.js:25848:7)
      at flushActQueue (node_modules/react/cjs/react.development.js:2667:24)
      at act (node_modules/react/cjs/react.development.js:2582:11)
      at node_modules/@testing-library/react/dist/act-compat.js:46:25
      at renderRoot (node_modules/@testing-library/react/dist/pure.js:189:26)
      at render (node_modules/@testing-library/react/dist/pure.js:291:10)
      at Object.<anonymous> (src/__tests__/components/layout/Header.test.tsx:317:15)

    console.error
      Error: Uncaught [TypeError: Cannot read properties of undefined (reading 'label')]
          at Object.<anonymous> (src/__tests__/components/layout/Header.test.tsx:339:15)
          at new Promise (<anonymous>) {
        detail: TypeError: Cannot read properties of undefined (reading 'label')
            at label (/Users/ppmtrue/Documents/GitHub/SelenIT-Digital-Agency/src/hooks/useNavigationLogic.ts:30:42)
            at Header (/Users/ppmtrue/Documents/GitHub/SelenIT-Digital-Agency/src/components/layout/Header.tsx:53:27)
            at renderWithHooks (/Users/ppmtrue/Documents/GitHub/SelenIT-Digital-Agency/node_modules/react-dom/cjs/react-dom.development.js:15486:18)
            at mountIndeterminateComponent (/Users/ppmtrue/Documents/GitHub/SelenIT-Digital-Agency/node_modules/react-dom/cjs/react-dom.development.js:20103:13)
            at beginWork (/Users/ppmtrue/Documents/GitHub/SelenIT-Digital-Agency/node_modules/react-dom/cjs/react-dom.development.js:21626:16)
            at HTMLUnknownElement.callCallback (/Users/ppmtrue/Documents/GitHub/SelenIT-Digital-Agency/node_modules/react-dom/cjs/react-dom.development.js:4164:14)
            at HTMLUnknownElement.callTheUserObjectsOperation (/Users/ppmtrue/Documents/GitHub/SelenIT-Digital-Agency/node_modules/jsdom/lib/jsdom/living/generated/EventListener.js:26:30)
            at innerInvokeEventListeners (/Users/ppmtrue/Documents/GitHub/SelenIT-Digital-Agency/node_modules/jsdom/lib/jsdom/living/events/EventTarget-impl.js:350:25)
            at invokeEventListeners (/Users/ppmtrue/Documents/GitHub/SelenIT-Digital-Agency/node_modules/jsdom/lib/jsdom/living/events/EventTarget-impl.js:286:3)
            at HTMLUnknownElementImpl._dispatch (/Users/ppmtrue/Documents/GitHub/SelenIT-Digital-Agency/node_modules/jsdom/lib/jsdom/living/events/EventTarget-impl.js:233:9)
            at HTMLUnknownElementImpl.dispatchEvent (/Users/ppmtrue/Documents/GitHub/SelenIT-Digital-Agency/node_modules/jsdom/lib/jsdom/living/events/EventTarget-impl.js:104:17)
            at HTMLUnknownElement.dispatchEvent (/Users/ppmtrue/Documents/GitHub/SelenIT-Digital-Agency/node_modules/jsdom/lib/jsdom/living/generated/EventTarget.js:241:34)
            at Object.invokeGuardedCallbackDev (/Users/ppmtrue/Documents/GitHub/SelenIT-Digital-Agency/node_modules/react-dom/cjs/react-dom.development.js:4213:16)
            at invokeGuardedCallback (/Users/ppmtrue/Documents/GitHub/SelenIT-Digital-Agency/node_modules/react-dom/cjs/react-dom.development.js:4277:31)
            at beginWork$1 (/Users/ppmtrue/Documents/GitHub/SelenIT-Digital-Agency/node_modules/react-dom/cjs/react-dom.development.js:27490:7)
            at performUnitOfWork (/Users/ppmtrue/Documents/GitHub/SelenIT-Digital-Agency/node_modules/react-dom/cjs/react-dom.development.js:26599:12)
            at workLoopSync (/Users/ppmtrue/Documents/GitHub/SelenIT-Digital-Agency/node_modules/react-dom/cjs/react-dom.development.js:26505:5)
            at renderRootSync (/Users/ppmtrue/Documents/GitHub/SelenIT-Digital-Agency/node_modules/react-dom/cjs/react-dom.development.js:26473:7)
            at performConcurrentWorkOnRoot (/Users/ppmtrue/Documents/GitHub/SelenIT-Digital-Agency/node_modules/react-dom/cjs/react-dom.development.js:25777:74)
            at flushActQueue (/Users/ppmtrue/Documents/GitHub/SelenIT-Digital-Agency/node_modules/react/cjs/react.development.js:2667:24)
            at act (/Users/ppmtrue/Documents/GitHub/SelenIT-Digital-Agency/node_modules/react/cjs/react.development.js:2582:11)
            at /Users/ppmtrue/Documents/GitHub/SelenIT-Digital-Agency/node_modules/@testing-library/react/dist/act-compat.js:46:25
            at renderRoot (/Users/ppmtrue/Documents/GitHub/SelenIT-Digital-Agency/node_modules/@testing-library/react/dist/pure.js:189:26)
            at render (/Users/ppmtrue/Documents/GitHub/SelenIT-Digital-Agency/node_modules/@testing-library/react/dist/pure.js:291:10)
            at Object.<anonymous> (/Users/ppmtrue/Documents/GitHub/SelenIT-Digital-Agency/src/__tests__/components/layout/Header.test.tsx:339:15)
            at Promise.finally.completed (/Users/ppmtrue/Documents/GitHub/SelenIT-Digital-Agency/node_modules/jest-circus/build/jestAdapterInit.js:1557:28)
            at new Promise (<anonymous>)
            at callAsyncCircusFn (/Users/ppmtrue/Documents/GitHub/SelenIT-Digital-Agency/node_modules/jest-circus/build/jestAdapterInit.js:1497:10)
            at _callCircusTest (/Users/ppmtrue/Documents/GitHub/SelenIT-Digital-Agency/node_modules/jest-circus/build/jestAdapterInit.js:1007:40)
            at processTicksAndRejections (node:internal/process/task_queues:105:5)
            at _runTest (/Users/ppmtrue/Documents/GitHub/SelenIT-Digital-Agency/node_modules/jest-circus/build/jestAdapterInit.js:947:3)
            at /Users/ppmtrue/Documents/GitHub/SelenIT-Digital-Agency/node_modules/jest-circus/build/jestAdapterInit.js:849:7
            at _runTestsForDescribeBlock (/Users/ppmtrue/Documents/GitHub/SelenIT-Digital-Agency/node_modules/jest-circus/build/jestAdapterInit.js:862:11)
            at _runTestsForDescribeBlock (/Users/ppmtrue/Documents/GitHub/SelenIT-Digital-Agency/node_modules/jest-circus/build/jestAdapterInit.js:857:11)
            at run (/Users/ppmtrue/Documents/GitHub/SelenIT-Digital-Agency/node_modules/jest-circus/build/jestAdapterInit.js:761:3)
            at runAndTransformResultsToJestFormat (/Users/ppmtrue/Documents/GitHub/SelenIT-Digital-Agency/node_modules/jest-circus/build/jestAdapterInit.js:1918:21)
            at jestAdapter (/Users/ppmtrue/Documents/GitHub/SelenIT-Digital-Agency/node_modules/jest-circus/build/runner.js:101:19)
            at runTestInternal (/Users/ppmtrue/Documents/GitHub/SelenIT-Digital-Agency/node_modules/jest-runner/build/testWorker.js:275:16)
            at runTest (/Users/ppmtrue/Documents/GitHub/SelenIT-Digital-Agency/node_modules/jest-runner/build/testWorker.js:343:7)
            at Object.worker (/Users/ppmtrue/Documents/GitHub/SelenIT-Digital-Agency/node_modules/jest-runner/build/testWorker.js:497:12),
        type: 'unhandled exception'
      }

      337 |         });
      338 |
    > 339 |         render(<Header {...defaultProps} />);
          |               ^
      340 |
      341 |         // Should handle desktop services dropdown state
      342 |         expect(screen.getByText('Services')).toBeInTheDocument();

      at VirtualConsole.<anonymous> (node_modules/@jest/environment-jsdom-abstract/build/index.js:87:23)
      at reportException (node_modules/jsdom/lib/jsdom/living/helpers/runtime-script-errors.js:70:28)
      at innerInvokeEventListeners (node_modules/jsdom/lib/jsdom/living/events/EventTarget-impl.js:353:9)
      at invokeEventListeners (node_modules/jsdom/lib/jsdom/living/events/EventTarget-impl.js:286:3)
      at HTMLUnknownElementImpl._dispatch (node_modules/jsdom/lib/jsdom/living/events/EventTarget-impl.js:233:9)
      at HTMLUnknownElementImpl.dispatchEvent (node_modules/jsdom/lib/jsdom/living/events/EventTarget-impl.js:104:17)
      at HTMLUnknownElement.dispatchEvent (node_modules/jsdom/lib/jsdom/living/generated/EventTarget.js:241:34)
      at Object.invokeGuardedCallbackDev (node_modules/react-dom/cjs/react-dom.development.js:4213:16)
      at invokeGuardedCallback (node_modules/react-dom/cjs/react-dom.development.js:4277:31)
      at beginWork$1 (node_modules/react-dom/cjs/react-dom.development.js:27490:7)
      at performUnitOfWork (node_modules/react-dom/cjs/react-dom.development.js:26599:12)
      at workLoopSync (node_modules/react-dom/cjs/react-dom.development.js:26505:5)
      at renderRootSync (node_modules/react-dom/cjs/react-dom.development.js:26473:7)
      at performConcurrentWorkOnRoot (node_modules/react-dom/cjs/react-dom.development.js:25777:74)
      at flushActQueue (node_modules/react/cjs/react.development.js:2667:24)
      at act (node_modules/react/cjs/react.development.js:2582:11)
      at node_modules/@testing-library/react/dist/act-compat.js:46:25
      at renderRoot (node_modules/@testing-library/react/dist/pure.js:189:26)
      at render (node_modules/@testing-library/react/dist/pure.js:291:10)
      at Object.<anonymous> (src/__tests__/components/layout/Header.test.tsx:339:15)

    console.error
      Error: Uncaught [TypeError: Cannot read properties of undefined (reading 'label')]
          at Object.<anonymous> (src/__tests__/components/layout/Header.test.tsx:339:15)
          at new Promise (<anonymous>) {
        detail: TypeError: Cannot read properties of undefined (reading 'label')
            at label (/Users/ppmtrue/Documents/GitHub/SelenIT-Digital-Agency/src/hooks/useNavigationLogic.ts:30:42)
            at Header (/Users/ppmtrue/Documents/GitHub/SelenIT-Digital-Agency/src/components/layout/Header.tsx:53:27)
            at renderWithHooks (/Users/ppmtrue/Documents/GitHub/SelenIT-Digital-Agency/node_modules/react-dom/cjs/react-dom.development.js:15486:18)
            at mountIndeterminateComponent (/Users/ppmtrue/Documents/GitHub/SelenIT-Digital-Agency/node_modules/react-dom/cjs/react-dom.development.js:20103:13)
            at beginWork (/Users/ppmtrue/Documents/GitHub/SelenIT-Digital-Agency/node_modules/react-dom/cjs/react-dom.development.js:21626:16)
            at HTMLUnknownElement.callCallback (/Users/ppmtrue/Documents/GitHub/SelenIT-Digital-Agency/node_modules/react-dom/cjs/react-dom.development.js:4164:14)
            at HTMLUnknownElement.callTheUserObjectsOperation (/Users/ppmtrue/Documents/GitHub/SelenIT-Digital-Agency/node_modules/jsdom/lib/jsdom/living/generated/EventListener.js:26:30)
            at innerInvokeEventListeners (/Users/ppmtrue/Documents/GitHub/SelenIT-Digital-Agency/node_modules/jsdom/lib/jsdom/living/events/EventTarget-impl.js:350:25)
            at invokeEventListeners (/Users/ppmtrue/Documents/GitHub/SelenIT-Digital-Agency/node_modules/jsdom/lib/jsdom/living/events/EventTarget-impl.js:286:3)
            at HTMLUnknownElementImpl._dispatch (/Users/ppmtrue/Documents/GitHub/SelenIT-Digital-Agency/node_modules/jsdom/lib/jsdom/living/events/EventTarget-impl.js:233:9)
            at HTMLUnknownElementImpl.dispatchEvent (/Users/ppmtrue/Documents/GitHub/SelenIT-Digital-Agency/node_modules/jsdom/lib/jsdom/living/events/EventTarget-impl.js:104:17)
            at HTMLUnknownElement.dispatchEvent (/Users/ppmtrue/Documents/GitHub/SelenIT-Digital-Agency/node_modules/jsdom/lib/jsdom/living/generated/EventTarget.js:241:34)
            at Object.invokeGuardedCallbackDev (/Users/ppmtrue/Documents/GitHub/SelenIT-Digital-Agency/node_modules/react-dom/cjs/react-dom.development.js:4213:16)
            at invokeGuardedCallback (/Users/ppmtrue/Documents/GitHub/SelenIT-Digital-Agency/node_modules/react-dom/cjs/react-dom.development.js:4277:31)
            at beginWork$1 (/Users/ppmtrue/Documents/GitHub/SelenIT-Digital-Agency/node_modules/react-dom/cjs/react-dom.development.js:27490:7)
            at performUnitOfWork (/Users/ppmtrue/Documents/GitHub/SelenIT-Digital-Agency/node_modules/react-dom/cjs/react-dom.development.js:26599:12)
            at workLoopSync (/Users/ppmtrue/Documents/GitHub/SelenIT-Digital-Agency/node_modules/react-dom/cjs/react-dom.development.js:26505:5)
            at renderRootSync (/Users/ppmtrue/Documents/GitHub/SelenIT-Digital-Agency/node_modules/react-dom/cjs/react-dom.development.js:26473:7)
            at recoverFromConcurrentError (/Users/ppmtrue/Documents/GitHub/SelenIT-Digital-Agency/node_modules/react-dom/cjs/react-dom.development.js:25889:20)
            at performConcurrentWorkOnRoot (/Users/ppmtrue/Documents/GitHub/SelenIT-Digital-Agency/node_modules/react-dom/cjs/react-dom.development.js:25789:22)
            at flushActQueue (/Users/ppmtrue/Documents/GitHub/SelenIT-Digital-Agency/node_modules/react/cjs/react.development.js:2667:24)
            at act (/Users/ppmtrue/Documents/GitHub/SelenIT-Digital-Agency/node_modules/react/cjs/react.development.js:2582:11)
            at /Users/ppmtrue/Documents/GitHub/SelenIT-Digital-Agency/node_modules/@testing-library/react/dist/act-compat.js:46:25
            at renderRoot (/Users/ppmtrue/Documents/GitHub/SelenIT-Digital-Agency/node_modules/@testing-library/react/dist/pure.js:189:26)
            at render (/Users/ppmtrue/Documents/GitHub/SelenIT-Digital-Agency/node_modules/@testing-library/react/dist/pure.js:291:10)
            at Object.<anonymous> (/Users/ppmtrue/Documents/GitHub/SelenIT-Digital-Agency/src/__tests__/components/layout/Header.test.tsx:339:15)
            at Promise.finally.completed (/Users/ppmtrue/Documents/GitHub/SelenIT-Digital-Agency/node_modules/jest-circus/build/jestAdapterInit.js:1557:28)
            at new Promise (<anonymous>)
            at callAsyncCircusFn (/Users/ppmtrue/Documents/GitHub/SelenIT-Digital-Agency/node_modules/jest-circus/build/jestAdapterInit.js:1497:10)
            at _callCircusTest (/Users/ppmtrue/Documents/GitHub/SelenIT-Digital-Agency/node_modules/jest-circus/build/jestAdapterInit.js:1007:40)
            at processTicksAndRejections (node:internal/process/task_queues:105:5)
            at _runTest (/Users/ppmtrue/Documents/GitHub/SelenIT-Digital-Agency/node_modules/jest-circus/build/jestAdapterInit.js:947:3)
            at /Users/ppmtrue/Documents/GitHub/SelenIT-Digital-Agency/node_modules/jest-circus/build/jestAdapterInit.js:849:7
            at _runTestsForDescribeBlock (/Users/ppmtrue/Documents/GitHub/SelenIT-Digital-Agency/node_modules/jest-circus/build/jestAdapterInit.js:862:11)
            at _runTestsForDescribeBlock (/Users/ppmtrue/Documents/GitHub/SelenIT-Digital-Agency/node_modules/jest-circus/build/jestAdapterInit.js:857:11)
            at run (/Users/ppmtrue/Documents/GitHub/SelenIT-Digital-Agency/node_modules/jest-circus/build/jestAdapterInit.js:761:3)
            at runAndTransformResultsToJestFormat (/Users/ppmtrue/Documents/GitHub/SelenIT-Digital-Agency/node_modules/jest-circus/build/jestAdapterInit.js:1918:21)
            at jestAdapter (/Users/ppmtrue/Documents/GitHub/SelenIT-Digital-Agency/node_modules/jest-circus/build/runner.js:101:19)
            at runTestInternal (/Users/ppmtrue/Documents/GitHub/SelenIT-Digital-Agency/node_modules/jest-runner/build/testWorker.js:275:16)
            at runTest (/Users/ppmtrue/Documents/GitHub/SelenIT-Digital-Agency/node_modules/jest-runner/build/testWorker.js:343:7)
            at Object.worker (/Users/ppmtrue/Documents/GitHub/SelenIT-Digital-Agency/node_modules/jest-runner/build/testWorker.js:497:12),
        type: 'unhandled exception'
      }

      337 |         });
      338 |
    > 339 |         render(<Header {...defaultProps} />);
          |               ^
      340 |
      341 |         // Should handle desktop services dropdown state
      342 |         expect(screen.getByText('Services')).toBeInTheDocument();

      at VirtualConsole.<anonymous> (node_modules/@jest/environment-jsdom-abstract/build/index.js:87:23)
      at reportException (node_modules/jsdom/lib/jsdom/living/helpers/runtime-script-errors.js:70:28)
      at innerInvokeEventListeners (node_modules/jsdom/lib/jsdom/living/events/EventTarget-impl.js:353:9)
      at invokeEventListeners (node_modules/jsdom/lib/jsdom/living/events/EventTarget-impl.js:286:3)
      at HTMLUnknownElementImpl._dispatch (node_modules/jsdom/lib/jsdom/living/events/EventTarget-impl.js:233:9)
      at HTMLUnknownElementImpl.dispatchEvent (node_modules/jsdom/lib/jsdom/living/events/EventTarget-impl.js:104:17)
      at HTMLUnknownElement.dispatchEvent (node_modules/jsdom/lib/jsdom/living/generated/EventTarget.js:241:34)
      at Object.invokeGuardedCallbackDev (node_modules/react-dom/cjs/react-dom.development.js:4213:16)
      at invokeGuardedCallback (node_modules/react-dom/cjs/react-dom.development.js:4277:31)
      at beginWork$1 (node_modules/react-dom/cjs/react-dom.development.js:27490:7)
      at performUnitOfWork (node_modules/react-dom/cjs/react-dom.development.js:26599:12)
      at workLoopSync (node_modules/react-dom/cjs/react-dom.development.js:26505:5)
      at renderRootSync (node_modules/react-dom/cjs/react-dom.development.js:26473:7)
      at recoverFromConcurrentError (node_modules/react-dom/cjs/react-dom.development.js:25889:20)
      at performConcurrentWorkOnRoot (node_modules/react-dom/cjs/react-dom.development.js:25789:22)
      at flushActQueue (node_modules/react/cjs/react.development.js:2667:24)
      at act (node_modules/react/cjs/react.development.js:2582:11)
      at node_modules/@testing-library/react/dist/act-compat.js:46:25
      at renderRoot (node_modules/@testing-library/react/dist/pure.js:189:26)
      at render (node_modules/@testing-library/react/dist/pure.js:291:10)
      at Object.<anonymous> (src/__tests__/components/layout/Header.test.tsx:339:15)

    console.error
      The above error occurred in the <Header> component:
      
          at lang (/Users/ppmtrue/Documents/GitHub/SelenIT-Digital-Agency/src/components/layout/Header.tsx:23:34)
      
      Consider adding an error boundary to your tree to customize error handling behavior.
      Visit https://reactjs.org/link/error-boundaries to learn more about error boundaries.

      337 |         });
      338 |
    > 339 |         render(<Header {...defaultProps} />);
          |               ^
      340 |
      341 |         // Should handle desktop services dropdown state
      342 |         expect(screen.getByText('Services')).toBeInTheDocument();

      at logCapturedError (node_modules/react-dom/cjs/react-dom.development.js:18704:23)
      at update.callback (node_modules/react-dom/cjs/react-dom.development.js:18737:5)
      at callCallback (node_modules/react-dom/cjs/react-dom.development.js:15036:12)
      at commitUpdateQueue (node_modules/react-dom/cjs/react-dom.development.js:15057:9)
      at commitLayoutEffectOnFiber (node_modules/react-dom/cjs/react-dom.development.js:23430:13)
      at commitLayoutMountEffects_complete (node_modules/react-dom/cjs/react-dom.development.js:24727:9)
      at commitLayoutEffects_begin (node_modules/react-dom/cjs/react-dom.development.js:24713:7)
      at commitLayoutEffects (node_modules/react-dom/cjs/react-dom.development.js:24651:3)
      at commitRootImpl (node_modules/react-dom/cjs/react-dom.development.js:26862:5)
      at commitRoot (node_modules/react-dom/cjs/react-dom.development.js:26721:5)
      at finishConcurrentRender (node_modules/react-dom/cjs/react-dom.development.js:25931:9)
      at performConcurrentWorkOnRoot (node_modules/react-dom/cjs/react-dom.development.js:25848:7)
      at flushActQueue (node_modules/react/cjs/react.development.js:2667:24)
      at act (node_modules/react/cjs/react.development.js:2582:11)
      at node_modules/@testing-library/react/dist/act-compat.js:46:25
      at renderRoot (node_modules/@testing-library/react/dist/pure.js:189:26)
      at render (node_modules/@testing-library/react/dist/pure.js:291:10)
      at Object.<anonymous> (src/__tests__/components/layout/Header.test.tsx:339:15)

    console.error
      Error: Uncaught [TypeError: Cannot read properties of undefined (reading 'label')]
          at Object.<anonymous> (src/__tests__/components/layout/Header.test.tsx:360:15)
          at new Promise (<anonymous>) {
        detail: TypeError: Cannot read properties of undefined (reading 'label')
            at label (/Users/ppmtrue/Documents/GitHub/SelenIT-Digital-Agency/src/hooks/useNavigationLogic.ts:30:42)
            at Header (/Users/ppmtrue/Documents/GitHub/SelenIT-Digital-Agency/src/components/layout/Header.tsx:53:27)
            at renderWithHooks (/Users/ppmtrue/Documents/GitHub/SelenIT-Digital-Agency/node_modules/react-dom/cjs/react-dom.development.js:15486:18)
            at mountIndeterminateComponent (/Users/ppmtrue/Documents/GitHub/SelenIT-Digital-Agency/node_modules/react-dom/cjs/react-dom.development.js:20103:13)
            at beginWork (/Users/ppmtrue/Documents/GitHub/SelenIT-Digital-Agency/node_modules/react-dom/cjs/react-dom.development.js:21626:16)
            at HTMLUnknownElement.callCallback (/Users/ppmtrue/Documents/GitHub/SelenIT-Digital-Agency/node_modules/react-dom/cjs/react-dom.development.js:4164:14)
            at HTMLUnknownElement.callTheUserObjectsOperation (/Users/ppmtrue/Documents/GitHub/SelenIT-Digital-Agency/node_modules/jsdom/lib/jsdom/living/generated/EventListener.js:26:30)
            at innerInvokeEventListeners (/Users/ppmtrue/Documents/GitHub/SelenIT-Digital-Agency/node_modules/jsdom/lib/jsdom/living/events/EventTarget-impl.js:350:25)
            at invokeEventListeners (/Users/ppmtrue/Documents/GitHub/SelenIT-Digital-Agency/node_modules/jsdom/lib/jsdom/living/events/EventTarget-impl.js:286:3)
            at HTMLUnknownElementImpl._dispatch (/Users/ppmtrue/Documents/GitHub/SelenIT-Digital-Agency/node_modules/jsdom/lib/jsdom/living/events/EventTarget-impl.js:233:9)
            at HTMLUnknownElementImpl.dispatchEvent (/Users/ppmtrue/Documents/GitHub/SelenIT-Digital-Agency/node_modules/jsdom/lib/jsdom/living/events/EventTarget-impl.js:104:17)
            at HTMLUnknownElement.dispatchEvent (/Users/ppmtrue/Documents/GitHub/SelenIT-Digital-Agency/node_modules/jsdom/lib/jsdom/living/generated/EventTarget.js:241:34)
            at Object.invokeGuardedCallbackDev (/Users/ppmtrue/Documents/GitHub/SelenIT-Digital-Agency/node_modules/react-dom/cjs/react-dom.development.js:4213:16)
            at invokeGuardedCallback (/Users/ppmtrue/Documents/GitHub/SelenIT-Digital-Agency/node_modules/react-dom/cjs/react-dom.development.js:4277:31)
            at beginWork$1 (/Users/ppmtrue/Documents/GitHub/SelenIT-Digital-Agency/node_modules/react-dom/cjs/react-dom.development.js:27490:7)
            at performUnitOfWork (/Users/ppmtrue/Documents/GitHub/SelenIT-Digital-Agency/node_modules/react-dom/cjs/react-dom.development.js:26599:12)
            at workLoopSync (/Users/ppmtrue/Documents/GitHub/SelenIT-Digital-Agency/node_modules/react-dom/cjs/react-dom.development.js:26505:5)
            at renderRootSync (/Users/ppmtrue/Documents/GitHub/SelenIT-Digital-Agency/node_modules/react-dom/cjs/react-dom.development.js:26473:7)
            at performConcurrentWorkOnRoot (/Users/ppmtrue/Documents/GitHub/SelenIT-Digital-Agency/node_modules/react-dom/cjs/react-dom.development.js:25777:74)
            at flushActQueue (/Users/ppmtrue/Documents/GitHub/SelenIT-Digital-Agency/node_modules/react/cjs/react.development.js:2667:24)
            at act (/Users/ppmtrue/Documents/GitHub/SelenIT-Digital-Agency/node_modules/react/cjs/react.development.js:2582:11)
            at /Users/ppmtrue/Documents/GitHub/SelenIT-Digital-Agency/node_modules/@testing-library/react/dist/act-compat.js:46:25
            at renderRoot (/Users/ppmtrue/Documents/GitHub/SelenIT-Digital-Agency/node_modules/@testing-library/react/dist/pure.js:189:26)
            at render (/Users/ppmtrue/Documents/GitHub/SelenIT-Digital-Agency/node_modules/@testing-library/react/dist/pure.js:291:10)
            at Object.<anonymous> (/Users/ppmtrue/Documents/GitHub/SelenIT-Digital-Agency/src/__tests__/components/layout/Header.test.tsx:360:15)
            at Promise.finally.completed (/Users/ppmtrue/Documents/GitHub/SelenIT-Digital-Agency/node_modules/jest-circus/build/jestAdapterInit.js:1557:28)
            at new Promise (<anonymous>)
            at callAsyncCircusFn (/Users/ppmtrue/Documents/GitHub/SelenIT-Digital-Agency/node_modules/jest-circus/build/jestAdapterInit.js:1497:10)
            at _callCircusTest (/Users/ppmtrue/Documents/GitHub/SelenIT-Digital-Agency/node_modules/jest-circus/build/jestAdapterInit.js:1007:40)
            at processTicksAndRejections (node:internal/process/task_queues:105:5)
            at _runTest (/Users/ppmtrue/Documents/GitHub/SelenIT-Digital-Agency/node_modules/jest-circus/build/jestAdapterInit.js:947:3)
            at /Users/ppmtrue/Documents/GitHub/SelenIT-Digital-Agency/node_modules/jest-circus/build/jestAdapterInit.js:849:7
            at _runTestsForDescribeBlock (/Users/ppmtrue/Documents/GitHub/SelenIT-Digital-Agency/node_modules/jest-circus/build/jestAdapterInit.js:862:11)
            at _runTestsForDescribeBlock (/Users/ppmtrue/Documents/GitHub/SelenIT-Digital-Agency/node_modules/jest-circus/build/jestAdapterInit.js:857:11)
            at run (/Users/ppmtrue/Documents/GitHub/SelenIT-Digital-Agency/node_modules/jest-circus/build/jestAdapterInit.js:761:3)
            at runAndTransformResultsToJestFormat (/Users/ppmtrue/Documents/GitHub/SelenIT-Digital-Agency/node_modules/jest-circus/build/jestAdapterInit.js:1918:21)
            at jestAdapter (/Users/ppmtrue/Documents/GitHub/SelenIT-Digital-Agency/node_modules/jest-circus/build/runner.js:101:19)
            at runTestInternal (/Users/ppmtrue/Documents/GitHub/SelenIT-Digital-Agency/node_modules/jest-runner/build/testWorker.js:275:16)
            at runTest (/Users/ppmtrue/Documents/GitHub/SelenIT-Digital-Agency/node_modules/jest-runner/build/testWorker.js:343:7)
            at Object.worker (/Users/ppmtrue/Documents/GitHub/SelenIT-Digital-Agency/node_modules/jest-runner/build/testWorker.js:497:12),
        type: 'unhandled exception'
      }

      358 |         });
      359 |
    > 360 |         render(<Header {...defaultProps} />);
          |               ^
      361 |
      362 |         // Should handle mobile services dropdown state
      363 |         expect(screen.getByText('Services')).toBeInTheDocument();

      at VirtualConsole.<anonymous> (node_modules/@jest/environment-jsdom-abstract/build/index.js:87:23)
      at reportException (node_modules/jsdom/lib/jsdom/living/helpers/runtime-script-errors.js:70:28)
      at innerInvokeEventListeners (node_modules/jsdom/lib/jsdom/living/events/EventTarget-impl.js:353:9)
      at invokeEventListeners (node_modules/jsdom/lib/jsdom/living/events/EventTarget-impl.js:286:3)
      at HTMLUnknownElementImpl._dispatch (node_modules/jsdom/lib/jsdom/living/events/EventTarget-impl.js:233:9)
      at HTMLUnknownElementImpl.dispatchEvent (node_modules/jsdom/lib/jsdom/living/events/EventTarget-impl.js:104:17)
      at HTMLUnknownElement.dispatchEvent (node_modules/jsdom/lib/jsdom/living/generated/EventTarget.js:241:34)
      at Object.invokeGuardedCallbackDev (node_modules/react-dom/cjs/react-dom.development.js:4213:16)
      at invokeGuardedCallback (node_modules/react-dom/cjs/react-dom.development.js:4277:31)
      at beginWork$1 (node_modules/react-dom/cjs/react-dom.development.js:27490:7)
      at performUnitOfWork (node_modules/react-dom/cjs/react-dom.development.js:26599:12)
      at workLoopSync (node_modules/react-dom/cjs/react-dom.development.js:26505:5)
      at renderRootSync (node_modules/react-dom/cjs/react-dom.development.js:26473:7)
      at performConcurrentWorkOnRoot (node_modules/react-dom/cjs/react-dom.development.js:25777:74)
      at flushActQueue (node_modules/react/cjs/react.development.js:2667:24)
      at act (node_modules/react/cjs/react.development.js:2582:11)
      at node_modules/@testing-library/react/dist/act-compat.js:46:25
      at renderRoot (node_modules/@testing-library/react/dist/pure.js:189:26)
      at render (node_modules/@testing-library/react/dist/pure.js:291:10)
      at Object.<anonymous> (src/__tests__/components/layout/Header.test.tsx:360:15)

    console.error
      Error: Uncaught [TypeError: Cannot read properties of undefined (reading 'label')]
          at Object.<anonymous> (src/__tests__/components/layout/Header.test.tsx:360:15)
          at new Promise (<anonymous>) {
        detail: TypeError: Cannot read properties of undefined (reading 'label')
            at label (/Users/ppmtrue/Documents/GitHub/SelenIT-Digital-Agency/src/hooks/useNavigationLogic.ts:30:42)
            at Header (/Users/ppmtrue/Documents/GitHub/SelenIT-Digital-Agency/src/components/layout/Header.tsx:53:27)
            at renderWithHooks (/Users/ppmtrue/Documents/GitHub/SelenIT-Digital-Agency/node_modules/react-dom/cjs/react-dom.development.js:15486:18)
            at mountIndeterminateComponent (/Users/ppmtrue/Documents/GitHub/SelenIT-Digital-Agency/node_modules/react-dom/cjs/react-dom.development.js:20103:13)
            at beginWork (/Users/ppmtrue/Documents/GitHub/SelenIT-Digital-Agency/node_modules/react-dom/cjs/react-dom.development.js:21626:16)
            at HTMLUnknownElement.callCallback (/Users/ppmtrue/Documents/GitHub/SelenIT-Digital-Agency/node_modules/react-dom/cjs/react-dom.development.js:4164:14)
            at HTMLUnknownElement.callTheUserObjectsOperation (/Users/ppmtrue/Documents/GitHub/SelenIT-Digital-Agency/node_modules/jsdom/lib/jsdom/living/generated/EventListener.js:26:30)
            at innerInvokeEventListeners (/Users/ppmtrue/Documents/GitHub/SelenIT-Digital-Agency/node_modules/jsdom/lib/jsdom/living/events/EventTarget-impl.js:350:25)
            at invokeEventListeners (/Users/ppmtrue/Documents/GitHub/SelenIT-Digital-Agency/node_modules/jsdom/lib/jsdom/living/events/EventTarget-impl.js:286:3)
            at HTMLUnknownElementImpl._dispatch (/Users/ppmtrue/Documents/GitHub/SelenIT-Digital-Agency/node_modules/jsdom/lib/jsdom/living/events/EventTarget-impl.js:233:9)
            at HTMLUnknownElementImpl.dispatchEvent (/Users/ppmtrue/Documents/GitHub/SelenIT-Digital-Agency/node_modules/jsdom/lib/jsdom/living/events/EventTarget-impl.js:104:17)
            at HTMLUnknownElement.dispatchEvent (/Users/ppmtrue/Documents/GitHub/SelenIT-Digital-Agency/node_modules/jsdom/lib/jsdom/living/generated/EventTarget.js:241:34)
            at Object.invokeGuardedCallbackDev (/Users/ppmtrue/Documents/GitHub/SelenIT-Digital-Agency/node_modules/react-dom/cjs/react-dom.development.js:4213:16)
            at invokeGuardedCallback (/Users/ppmtrue/Documents/GitHub/SelenIT-Digital-Agency/node_modules/react-dom/cjs/react-dom.development.js:4277:31)
            at beginWork$1 (/Users/ppmtrue/Documents/GitHub/SelenIT-Digital-Agency/node_modules/react-dom/cjs/react-dom.development.js:27490:7)
            at performUnitOfWork (/Users/ppmtrue/Documents/GitHub/SelenIT-Digital-Agency/node_modules/react-dom/cjs/react-dom.development.js:26599:12)
            at workLoopSync (/Users/ppmtrue/Documents/GitHub/SelenIT-Digital-Agency/node_modules/react-dom/cjs/react-dom.development.js:26505:5)
            at renderRootSync (/Users/ppmtrue/Documents/GitHub/SelenIT-Digital-Agency/node_modules/react-dom/cjs/react-dom.development.js:26473:7)
            at recoverFromConcurrentError (/Users/ppmtrue/Documents/GitHub/SelenIT-Digital-Agency/node_modules/react-dom/cjs/react-dom.development.js:25889:20)
            at performConcurrentWorkOnRoot (/Users/ppmtrue/Documents/GitHub/SelenIT-Digital-Agency/node_modules/react-dom/cjs/react-dom.development.js:25789:22)
            at flushActQueue (/Users/ppmtrue/Documents/GitHub/SelenIT-Digital-Agency/node_modules/react/cjs/react.development.js:2667:24)
            at act (/Users/ppmtrue/Documents/GitHub/SelenIT-Digital-Agency/node_modules/react/cjs/react.development.js:2582:11)
            at /Users/ppmtrue/Documents/GitHub/SelenIT-Digital-Agency/node_modules/@testing-library/react/dist/act-compat.js:46:25
            at renderRoot (/Users/ppmtrue/Documents/GitHub/SelenIT-Digital-Agency/node_modules/@testing-library/react/dist/pure.js:189:26)
            at render (/Users/ppmtrue/Documents/GitHub/SelenIT-Digital-Agency/node_modules/@testing-library/react/dist/pure.js:291:10)
            at Object.<anonymous> (/Users/ppmtrue/Documents/GitHub/SelenIT-Digital-Agency/src/__tests__/components/layout/Header.test.tsx:360:15)
            at Promise.finally.completed (/Users/ppmtrue/Documents/GitHub/SelenIT-Digital-Agency/node_modules/jest-circus/build/jestAdapterInit.js:1557:28)
            at new Promise (<anonymous>)
            at callAsyncCircusFn (/Users/ppmtrue/Documents/GitHub/SelenIT-Digital-Agency/node_modules/jest-circus/build/jestAdapterInit.js:1497:10)
            at _callCircusTest (/Users/ppmtrue/Documents/GitHub/SelenIT-Digital-Agency/node_modules/jest-circus/build/jestAdapterInit.js:1007:40)
            at processTicksAndRejections (node:internal/process/task_queues:105:5)
            at _runTest (/Users/ppmtrue/Documents/GitHub/SelenIT-Digital-Agency/node_modules/jest-circus/build/jestAdapterInit.js:947:3)
            at /Users/ppmtrue/Documents/GitHub/SelenIT-Digital-Agency/node_modules/jest-circus/build/jestAdapterInit.js:849:7
            at _runTestsForDescribeBlock (/Users/ppmtrue/Documents/GitHub/SelenIT-Digital-Agency/node_modules/jest-circus/build/jestAdapterInit.js:862:11)
            at _runTestsForDescribeBlock (/Users/ppmtrue/Documents/GitHub/SelenIT-Digital-Agency/node_modules/jest-circus/build/jestAdapterInit.js:857:11)
            at run (/Users/ppmtrue/Documents/GitHub/SelenIT-Digital-Agency/node_modules/jest-circus/build/jestAdapterInit.js:761:3)
            at runAndTransformResultsToJestFormat (/Users/ppmtrue/Documents/GitHub/SelenIT-Digital-Agency/node_modules/jest-circus/build/jestAdapterInit.js:1918:21)
            at jestAdapter (/Users/ppmtrue/Documents/GitHub/SelenIT-Digital-Agency/node_modules/jest-circus/build/runner.js:101:19)
            at runTestInternal (/Users/ppmtrue/Documents/GitHub/SelenIT-Digital-Agency/node_modules/jest-runner/build/testWorker.js:275:16)
            at runTest (/Users/ppmtrue/Documents/GitHub/SelenIT-Digital-Agency/node_modules/jest-runner/build/testWorker.js:343:7)
            at Object.worker (/Users/ppmtrue/Documents/GitHub/SelenIT-Digital-Agency/node_modules/jest-runner/build/testWorker.js:497:12),
        type: 'unhandled exception'
      }

      358 |         });
      359 |
    > 360 |         render(<Header {...defaultProps} />);
          |               ^
      361 |
      362 |         // Should handle mobile services dropdown state
      363 |         expect(screen.getByText('Services')).toBeInTheDocument();

      at VirtualConsole.<anonymous> (node_modules/@jest/environment-jsdom-abstract/build/index.js:87:23)
      at reportException (node_modules/jsdom/lib/jsdom/living/helpers/runtime-script-errors.js:70:28)
      at innerInvokeEventListeners (node_modules/jsdom/lib/jsdom/living/events/EventTarget-impl.js:353:9)
      at invokeEventListeners (node_modules/jsdom/lib/jsdom/living/events/EventTarget-impl.js:286:3)
      at HTMLUnknownElementImpl._dispatch (node_modules/jsdom/lib/jsdom/living/events/EventTarget-impl.js:233:9)
      at HTMLUnknownElementImpl.dispatchEvent (node_modules/jsdom/lib/jsdom/living/events/EventTarget-impl.js:104:17)
      at HTMLUnknownElement.dispatchEvent (node_modules/jsdom/lib/jsdom/living/generated/EventTarget.js:241:34)
      at Object.invokeGuardedCallbackDev (node_modules/react-dom/cjs/react-dom.development.js:4213:16)
      at invokeGuardedCallback (node_modules/react-dom/cjs/react-dom.development.js:4277:31)
      at beginWork$1 (node_modules/react-dom/cjs/react-dom.development.js:27490:7)
      at performUnitOfWork (node_modules/react-dom/cjs/react-dom.development.js:26599:12)
      at workLoopSync (node_modules/react-dom/cjs/react-dom.development.js:26505:5)
      at renderRootSync (node_modules/react-dom/cjs/react-dom.development.js:26473:7)
      at recoverFromConcurrentError (node_modules/react-dom/cjs/react-dom.development.js:25889:20)
      at performConcurrentWorkOnRoot (node_modules/react-dom/cjs/react-dom.development.js:25789:22)
      at flushActQueue (node_modules/react/cjs/react.development.js:2667:24)
      at act (node_modules/react/cjs/react.development.js:2582:11)
      at node_modules/@testing-library/react/dist/act-compat.js:46:25
      at renderRoot (node_modules/@testing-library/react/dist/pure.js:189:26)
      at render (node_modules/@testing-library/react/dist/pure.js:291:10)
      at Object.<anonymous> (src/__tests__/components/layout/Header.test.tsx:360:15)

    console.error
      The above error occurred in the <Header> component:
      
          at lang (/Users/ppmtrue/Documents/GitHub/SelenIT-Digital-Agency/src/components/layout/Header.tsx:23:34)
      
      Consider adding an error boundary to your tree to customize error handling behavior.
      Visit https://reactjs.org/link/error-boundaries to learn more about error boundaries.

      358 |         });
      359 |
    > 360 |         render(<Header {...defaultProps} />);
          |               ^
      361 |
      362 |         // Should handle mobile services dropdown state
      363 |         expect(screen.getByText('Services')).toBeInTheDocument();

      at logCapturedError (node_modules/react-dom/cjs/react-dom.development.js:18704:23)
      at update.callback (node_modules/react-dom/cjs/react-dom.development.js:18737:5)
      at callCallback (node_modules/react-dom/cjs/react-dom.development.js:15036:12)
      at commitUpdateQueue (node_modules/react-dom/cjs/react-dom.development.js:15057:9)
      at commitLayoutEffectOnFiber (node_modules/react-dom/cjs/react-dom.development.js:23430:13)
      at commitLayoutMountEffects_complete (node_modules/react-dom/cjs/react-dom.development.js:24727:9)
      at commitLayoutEffects_begin (node_modules/react-dom/cjs/react-dom.development.js:24713:7)
      at commitLayoutEffects (node_modules/react-dom/cjs/react-dom.development.js:24651:3)
      at commitRootImpl (node_modules/react-dom/cjs/react-dom.development.js:26862:5)
      at commitRoot (node_modules/react-dom/cjs/react-dom.development.js:26721:5)
      at finishConcurrentRender (node_modules/react-dom/cjs/react-dom.development.js:25931:9)
      at performConcurrentWorkOnRoot (node_modules/react-dom/cjs/react-dom.development.js:25848:7)
      at flushActQueue (node_modules/react/cjs/react.development.js:2667:24)
      at act (node_modules/react/cjs/react.development.js:2582:11)
      at node_modules/@testing-library/react/dist/act-compat.js:46:25
      at renderRoot (node_modules/@testing-library/react/dist/pure.js:189:26)
      at render (node_modules/@testing-library/react/dist/pure.js:291:10)
      at Object.<anonymous> (src/__tests__/components/layout/Header.test.tsx:360:15)

  ● Header › renders header correctly

    TypeError: Cannot read properties of undefined (reading 'label')

      28 |         {
      29 |             href: `/${lang}/services/branding`,
    > 30 |             label: servicesMenu.branding.label,
         |                                          ^
      31 |             description: servicesMenu.branding.description,
      32 |         },
      33 |         {

      at label (src/hooks/useNavigationLogic.ts:30:42)
      at Header (src/components/layout/Header.tsx:53:27)
      at renderWithHooks (node_modules/react-dom/cjs/react-dom.development.js:15486:18)
      at mountIndeterminateComponent (node_modules/react-dom/cjs/react-dom.development.js:20103:13)
      at beginWork (node_modules/react-dom/cjs/react-dom.development.js:21626:16)
      at beginWork$1 (node_modules/react-dom/cjs/react-dom.development.js:27465:14)
      at performUnitOfWork (node_modules/react-dom/cjs/react-dom.development.js:26599:12)
      at workLoopSync (node_modules/react-dom/cjs/react-dom.development.js:26505:5)
      at renderRootSync (node_modules/react-dom/cjs/react-dom.development.js:26473:7)
      at recoverFromConcurrentError (node_modules/react-dom/cjs/react-dom.development.js:25889:20)
      at performConcurrentWorkOnRoot (node_modules/react-dom/cjs/react-dom.development.js:25789:22)
      at flushActQueue (node_modules/react/cjs/react.development.js:2667:24)
      at act (node_modules/react/cjs/react.development.js:2582:11)
      at node_modules/@testing-library/react/dist/act-compat.js:46:25
      at renderRoot (node_modules/@testing-library/react/dist/pure.js:189:26)
      at render (node_modules/@testing-library/react/dist/pure.js:291:10)
      at Object.<anonymous> (src/__tests__/components/layout/Header.test.tsx:153:15)

  ● Header › renders mobile menu button

    TypeError: Cannot read properties of undefined (reading 'label')

      28 |         {
      29 |             href: `/${lang}/services/branding`,
    > 30 |             label: servicesMenu.branding.label,
         |                                          ^
      31 |             description: servicesMenu.branding.description,
      32 |         },
      33 |         {

      at label (src/hooks/useNavigationLogic.ts:30:42)
      at Header (src/components/layout/Header.tsx:53:27)
      at renderWithHooks (node_modules/react-dom/cjs/react-dom.development.js:15486:18)
      at mountIndeterminateComponent (node_modules/react-dom/cjs/react-dom.development.js:20103:13)
      at beginWork (node_modules/react-dom/cjs/react-dom.development.js:21626:16)
      at beginWork$1 (node_modules/react-dom/cjs/react-dom.development.js:27465:14)
      at performUnitOfWork (node_modules/react-dom/cjs/react-dom.development.js:26599:12)
      at workLoopSync (node_modules/react-dom/cjs/react-dom.development.js:26505:5)
      at renderRootSync (node_modules/react-dom/cjs/react-dom.development.js:26473:7)
      at recoverFromConcurrentError (node_modules/react-dom/cjs/react-dom.development.js:25889:20)
      at performConcurrentWorkOnRoot (node_modules/react-dom/cjs/react-dom.development.js:25789:22)
      at flushActQueue (node_modules/react/cjs/react.development.js:2667:24)
      at act (node_modules/react/cjs/react.development.js:2582:11)
      at node_modules/@testing-library/react/dist/act-compat.js:46:25
      at renderRoot (node_modules/@testing-library/react/dist/pure.js:189:26)
      at render (node_modules/@testing-library/react/dist/pure.js:291:10)
      at Object.<anonymous> (src/__tests__/components/layout/Header.test.tsx:161:15)

  ● Header › renders desktop navigation

    TypeError: Cannot read properties of undefined (reading 'label')

      28 |         {
      29 |             href: `/${lang}/services/branding`,
    > 30 |             label: servicesMenu.branding.label,
         |                                          ^
      31 |             description: servicesMenu.branding.description,
      32 |         },
      33 |         {

      at label (src/hooks/useNavigationLogic.ts:30:42)
      at Header (src/components/layout/Header.tsx:53:27)
      at renderWithHooks (node_modules/react-dom/cjs/react-dom.development.js:15486:18)
      at mountIndeterminateComponent (node_modules/react-dom/cjs/react-dom.development.js:20103:13)
      at beginWork (node_modules/react-dom/cjs/react-dom.development.js:21626:16)
      at beginWork$1 (node_modules/react-dom/cjs/react-dom.development.js:27465:14)
      at performUnitOfWork (node_modules/react-dom/cjs/react-dom.development.js:26599:12)
      at workLoopSync (node_modules/react-dom/cjs/react-dom.development.js:26505:5)
      at renderRootSync (node_modules/react-dom/cjs/react-dom.development.js:26473:7)
      at recoverFromConcurrentError (node_modules/react-dom/cjs/react-dom.development.js:25889:20)
      at performConcurrentWorkOnRoot (node_modules/react-dom/cjs/react-dom.development.js:25789:22)
      at flushActQueue (node_modules/react/cjs/react.development.js:2667:24)
      at act (node_modules/react/cjs/react.development.js:2582:11)
      at node_modules/@testing-library/react/dist/act-compat.js:46:25
      at renderRoot (node_modules/@testing-library/react/dist/pure.js:189:26)
      at render (node_modules/@testing-library/react/dist/pure.js:291:10)
      at Object.<anonymous> (src/__tests__/components/layout/Header.test.tsx:168:15)

  ● Header › renders correct links for English locale

    TypeError: Cannot read properties of undefined (reading 'label')

      28 |         {
      29 |             href: `/${lang}/services/branding`,
    > 30 |             label: servicesMenu.branding.label,
         |                                          ^
      31 |             description: servicesMenu.branding.description,
      32 |         },
      33 |         {

      at label (src/hooks/useNavigationLogic.ts:30:42)
      at Header (src/components/layout/Header.tsx:53:27)
      at renderWithHooks (node_modules/react-dom/cjs/react-dom.development.js:15486:18)
      at mountIndeterminateComponent (node_modules/react-dom/cjs/react-dom.development.js:20103:13)
      at beginWork (node_modules/react-dom/cjs/react-dom.development.js:21626:16)
      at beginWork$1 (node_modules/react-dom/cjs/react-dom.development.js:27465:14)
      at performUnitOfWork (node_modules/react-dom/cjs/react-dom.development.js:26599:12)
      at workLoopSync (node_modules/react-dom/cjs/react-dom.development.js:26505:5)
      at renderRootSync (node_modules/react-dom/cjs/react-dom.development.js:26473:7)
      at recoverFromConcurrentError (node_modules/react-dom/cjs/react-dom.development.js:25889:20)
      at performConcurrentWorkOnRoot (node_modules/react-dom/cjs/react-dom.development.js:25789:22)
      at flushActQueue (node_modules/react/cjs/react.development.js:2667:24)
      at act (node_modules/react/cjs/react.development.js:2582:11)
      at node_modules/@testing-library/react/dist/act-compat.js:46:25
      at renderRoot (node_modules/@testing-library/react/dist/pure.js:189:26)
      at render (node_modules/@testing-library/react/dist/pure.js:291:10)
      at Object.<anonymous> (src/__tests__/components/layout/Header.test.tsx:179:15)

  ● Header › applies scrolled class when scrolled

    TypeError: Cannot read properties of undefined (reading 'label')

      28 |         {
      29 |             href: `/${lang}/services/branding`,
    > 30 |             label: servicesMenu.branding.label,
         |                                          ^
      31 |             description: servicesMenu.branding.description,
      32 |         },
      33 |         {

      at label (src/hooks/useNavigationLogic.ts:30:42)
      at Header (src/components/layout/Header.tsx:53:27)
      at renderWithHooks (node_modules/react-dom/cjs/react-dom.development.js:15486:18)
      at mountIndeterminateComponent (node_modules/react-dom/cjs/react-dom.development.js:20103:13)
      at beginWork (node_modules/react-dom/cjs/react-dom.development.js:21626:16)
      at beginWork$1 (node_modules/react-dom/cjs/react-dom.development.js:27465:14)
      at performUnitOfWork (node_modules/react-dom/cjs/react-dom.development.js:26599:12)
      at workLoopSync (node_modules/react-dom/cjs/react-dom.development.js:26505:5)
      at renderRootSync (node_modules/react-dom/cjs/react-dom.development.js:26473:7)
      at recoverFromConcurrentError (node_modules/react-dom/cjs/react-dom.development.js:25889:20)
      at performConcurrentWorkOnRoot (node_modules/react-dom/cjs/react-dom.development.js:25789:22)
      at flushActQueue (node_modules/react/cjs/react.development.js:2667:24)
      at act (node_modules/react/cjs/react.development.js:2582:11)
      at node_modules/@testing-library/react/dist/act-compat.js:46:25
      at renderRoot (node_modules/@testing-library/react/dist/pure.js:189:26)
      at render (node_modules/@testing-library/react/dist/pure.js:291:10)
      at Object.<anonymous> (src/__tests__/components/layout/Header.test.tsx:202:15)

  ● Header › does not apply scrolled class when not scrolled

    TypeError: Cannot read properties of undefined (reading 'label')

      28 |         {
      29 |             href: `/${lang}/services/branding`,
    > 30 |             label: servicesMenu.branding.label,
         |                                          ^
      31 |             description: servicesMenu.branding.description,
      32 |         },
      33 |         {

      at label (src/hooks/useNavigationLogic.ts:30:42)
      at Header (src/components/layout/Header.tsx:53:27)
      at renderWithHooks (node_modules/react-dom/cjs/react-dom.development.js:15486:18)
      at mountIndeterminateComponent (node_modules/react-dom/cjs/react-dom.development.js:20103:13)
      at beginWork (node_modules/react-dom/cjs/react-dom.development.js:21626:16)
      at beginWork$1 (node_modules/react-dom/cjs/react-dom.development.js:27465:14)
      at performUnitOfWork (node_modules/react-dom/cjs/react-dom.development.js:26599:12)
      at workLoopSync (node_modules/react-dom/cjs/react-dom.development.js:26505:5)
      at renderRootSync (node_modules/react-dom/cjs/react-dom.development.js:26473:7)
      at recoverFromConcurrentError (node_modules/react-dom/cjs/react-dom.development.js:25889:20)
      at performConcurrentWorkOnRoot (node_modules/react-dom/cjs/react-dom.development.js:25789:22)
      at flushActQueue (node_modules/react/cjs/react.development.js:2667:24)
      at act (node_modules/react/cjs/react.development.js:2582:11)
      at node_modules/@testing-library/react/dist/act-compat.js:46:25
      at renderRoot (node_modules/@testing-library/react/dist/pure.js:189:26)
      at render (node_modules/@testing-library/react/dist/pure.js:291:10)
      at Object.<anonymous> (src/__tests__/components/layout/Header.test.tsx:209:15)

  ● Header › renders mobile menu when open

    TypeError: Cannot read properties of undefined (reading 'label')

      28 |         {
      29 |             href: `/${lang}/services/branding`,
    > 30 |             label: servicesMenu.branding.label,
         |                                          ^
      31 |             description: servicesMenu.branding.description,
      32 |         },
      33 |         {

      at label (src/hooks/useNavigationLogic.ts:30:42)
      at Header (src/components/layout/Header.tsx:53:27)
      at renderWithHooks (node_modules/react-dom/cjs/react-dom.development.js:15486:18)
      at mountIndeterminateComponent (node_modules/react-dom/cjs/react-dom.development.js:20103:13)
      at beginWork (node_modules/react-dom/cjs/react-dom.development.js:21626:16)
      at beginWork$1 (node_modules/react-dom/cjs/react-dom.development.js:27465:14)
      at performUnitOfWork (node_modules/react-dom/cjs/react-dom.development.js:26599:12)
      at workLoopSync (node_modules/react-dom/cjs/react-dom.development.js:26505:5)
      at renderRootSync (node_modules/react-dom/cjs/react-dom.development.js:26473:7)
      at recoverFromConcurrentError (node_modules/react-dom/cjs/react-dom.development.js:25889:20)
      at performConcurrentWorkOnRoot (node_modules/react-dom/cjs/react-dom.development.js:25789:22)
      at flushActQueue (node_modules/react/cjs/react.development.js:2667:24)
      at act (node_modules/react/cjs/react.development.js:2582:11)
      at node_modules/@testing-library/react/dist/act-compat.js:46:25
      at renderRoot (node_modules/@testing-library/react/dist/pure.js:189:26)
      at render (node_modules/@testing-library/react/dist/pure.js:291:10)
      at Object.<anonymous> (src/__tests__/components/layout/Header.test.tsx:230:15)

  ● Header › does not render mobile menu when closed

    TypeError: Cannot read properties of undefined (reading 'label')

      28 |         {
      29 |             href: `/${lang}/services/branding`,
    > 30 |             label: servicesMenu.branding.label,
         |                                          ^
      31 |             description: servicesMenu.branding.description,
      32 |         },
      33 |         {

      at label (src/hooks/useNavigationLogic.ts:30:42)
      at Header (src/components/layout/Header.tsx:53:27)
      at renderWithHooks (node_modules/react-dom/cjs/react-dom.development.js:15486:18)
      at mountIndeterminateComponent (node_modules/react-dom/cjs/react-dom.development.js:20103:13)
      at beginWork (node_modules/react-dom/cjs/react-dom.development.js:21626:16)
      at beginWork$1 (node_modules/react-dom/cjs/react-dom.development.js:27465:14)
      at performUnitOfWork (node_modules/react-dom/cjs/react-dom.development.js:26599:12)
      at workLoopSync (node_modules/react-dom/cjs/react-dom.development.js:26505:5)
      at renderRootSync (node_modules/react-dom/cjs/react-dom.development.js:26473:7)
      at recoverFromConcurrentError (node_modules/react-dom/cjs/react-dom.development.js:25889:20)
      at performConcurrentWorkOnRoot (node_modules/react-dom/cjs/react-dom.development.js:25789:22)
      at flushActQueue (node_modules/react/cjs/react.development.js:2667:24)
      at act (node_modules/react/cjs/react.development.js:2582:11)
      at node_modules/@testing-library/react/dist/act-compat.js:46:25
      at renderRoot (node_modules/@testing-library/react/dist/pure.js:189:26)
      at render (node_modules/@testing-library/react/dist/pure.js:291:10)
      at Object.<anonymous> (src/__tests__/components/layout/Header.test.tsx:240:15)

  ● Header › calls toggleMobileMenu when mobile menu button is clicked

    TypeError: Cannot read properties of undefined (reading 'label')

      28 |         {
      29 |             href: `/${lang}/services/branding`,
    > 30 |             label: servicesMenu.branding.label,
         |                                          ^
      31 |             description: servicesMenu.branding.description,
      32 |         },
      33 |         {

      at label (src/hooks/useNavigationLogic.ts:30:42)
      at Header (src/components/layout/Header.tsx:53:27)
      at renderWithHooks (node_modules/react-dom/cjs/react-dom.development.js:15486:18)
      at mountIndeterminateComponent (node_modules/react-dom/cjs/react-dom.development.js:20103:13)
      at beginWork (node_modules/react-dom/cjs/react-dom.development.js:21626:16)
      at beginWork$1 (node_modules/react-dom/cjs/react-dom.development.js:27465:14)
      at performUnitOfWork (node_modules/react-dom/cjs/react-dom.development.js:26599:12)
      at workLoopSync (node_modules/react-dom/cjs/react-dom.development.js:26505:5)
      at renderRootSync (node_modules/react-dom/cjs/react-dom.development.js:26473:7)
      at recoverFromConcurrentError (node_modules/react-dom/cjs/react-dom.development.js:25889:20)
      at performConcurrentWorkOnRoot (node_modules/react-dom/cjs/react-dom.development.js:25789:22)
      at flushActQueue (node_modules/react/cjs/react.development.js:2667:24)
      at act (node_modules/react/cjs/react.development.js:2582:11)
      at node_modules/@testing-library/react/dist/act-compat.js:46:25
      at renderRoot (node_modules/@testing-library/react/dist/pure.js:189:26)
      at render (node_modules/@testing-library/react/dist/pure.js:291:10)
      at Object.<anonymous> (src/__tests__/components/layout/Header.test.tsx:262:15)

  ● Header › handles different languages correctly

    TypeError: Cannot read properties of undefined (reading 'label')

      28 |         {
      29 |             href: `/${lang}/services/branding`,
    > 30 |             label: servicesMenu.branding.label,
         |                                          ^
      31 |             description: servicesMenu.branding.description,
      32 |         },
      33 |         {

      at label (src/hooks/useNavigationLogic.ts:30:42)
      at Header (src/components/layout/Header.tsx:53:27)
      at renderWithHooks (node_modules/react-dom/cjs/react-dom.development.js:15486:18)
      at mountIndeterminateComponent (node_modules/react-dom/cjs/react-dom.development.js:20103:13)
      at beginWork (node_modules/react-dom/cjs/react-dom.development.js:21626:16)
      at beginWork$1 (node_modules/react-dom/cjs/react-dom.development.js:27465:14)
      at performUnitOfWork (node_modules/react-dom/cjs/react-dom.development.js:26599:12)
      at workLoopSync (node_modules/react-dom/cjs/react-dom.development.js:26505:5)
      at renderRootSync (node_modules/react-dom/cjs/react-dom.development.js:26473:7)
      at recoverFromConcurrentError (node_modules/react-dom/cjs/react-dom.development.js:25889:20)
      at performConcurrentWorkOnRoot (node_modules/react-dom/cjs/react-dom.development.js:25789:22)
      at flushActQueue (node_modules/react/cjs/react.development.js:2667:24)
      at act (node_modules/react/cjs/react.development.js:2582:11)
      at node_modules/@testing-library/react/dist/act-compat.js:46:25
      at renderRoot (node_modules/@testing-library/react/dist/pure.js:189:26)
      at render (node_modules/@testing-library/react/dist/pure.js:291:10)
      at Object.<anonymous> (src/__tests__/components/layout/Header.test.tsx:276:15)

  ● Header › handles empty services sublinks gracefully

    TypeError: Cannot read properties of undefined (reading 'label')

      28 |         {
      29 |             href: `/${lang}/services/branding`,
    > 30 |             label: servicesMenu.branding.label,
         |                                          ^
      31 |             description: servicesMenu.branding.description,
      32 |         },
      33 |         {

      at label (src/hooks/useNavigationLogic.ts:30:42)
      at Header (src/components/layout/Header.tsx:53:27)
      at renderWithHooks (node_modules/react-dom/cjs/react-dom.development.js:15486:18)
      at mountIndeterminateComponent (node_modules/react-dom/cjs/react-dom.development.js:20103:13)
      at beginWork (node_modules/react-dom/cjs/react-dom.development.js:21626:16)
      at beginWork$1 (node_modules/react-dom/cjs/react-dom.development.js:27465:14)
      at performUnitOfWork (node_modules/react-dom/cjs/react-dom.development.js:26599:12)
      at workLoopSync (node_modules/react-dom/cjs/react-dom.development.js:26505:5)
      at renderRootSync (node_modules/react-dom/cjs/react-dom.development.js:26473:7)
      at recoverFromConcurrentError (node_modules/react-dom/cjs/react-dom.development.js:25889:20)
      at performConcurrentWorkOnRoot (node_modules/react-dom/cjs/react-dom.development.js:25789:22)
      at flushActQueue (node_modules/react/cjs/react.development.js:2667:24)
      at act (node_modules/react/cjs/react.development.js:2582:11)
      at node_modules/@testing-library/react/dist/act-compat.js:46:25
      at renderRoot (node_modules/@testing-library/react/dist/pure.js:189:26)
      at render (node_modules/@testing-library/react/dist/pure.js:291:10)
      at Object.<anonymous> (src/__tests__/components/layout/Header.test.tsx:285:15)

  ● Header › handles missing dict gracefully

    TypeError: Cannot read properties of undefined (reading 'nav')

      21 |     const [isDesktopServicesOpen, setIsDesktopServicesOpen] = useState(false);
      22 |     const pathname = usePathname();
    > 23 |     const navDict = dict.common.nav;
         |                                 ^
      24 |     const headerDict = dict.common.header;
      25 |     const servicesMenu = dict.services.menuLinks;
      26 |

      at nav (src/hooks/useNavigationLogic.ts:23:33)
      at Header (src/components/layout/Header.tsx:53:27)
      at renderWithHooks (node_modules/react-dom/cjs/react-dom.development.js:15486:18)
      at mountIndeterminateComponent (node_modules/react-dom/cjs/react-dom.development.js:20103:13)
      at beginWork (node_modules/react-dom/cjs/react-dom.development.js:21626:16)
      at beginWork$1 (node_modules/react-dom/cjs/react-dom.development.js:27465:14)
      at performUnitOfWork (node_modules/react-dom/cjs/react-dom.development.js:26599:12)
      at workLoopSync (node_modules/react-dom/cjs/react-dom.development.js:26505:5)
      at renderRootSync (node_modules/react-dom/cjs/react-dom.development.js:26473:7)
      at recoverFromConcurrentError (node_modules/react-dom/cjs/react-dom.development.js:25889:20)
      at performConcurrentWorkOnRoot (node_modules/react-dom/cjs/react-dom.development.js:25789:22)
      at flushActQueue (node_modules/react/cjs/react.development.js:2667:24)
      at act (node_modules/react/cjs/react.development.js:2582:11)
      at node_modules/@testing-library/react/dist/act-compat.js:46:25
      at renderRoot (node_modules/@testing-library/react/dist/pure.js:189:26)
      at render (node_modules/@testing-library/react/dist/pure.js:291:10)
      at Object.<anonymous> (src/__tests__/components/layout/Header.test.tsx:292:15)

  ● Header › applies correct CSS classes for animations

    TypeError: Cannot read properties of undefined (reading 'label')

      28 |         {
      29 |             href: `/${lang}/services/branding`,
    > 30 |             label: servicesMenu.branding.label,
         |                                          ^
      31 |             description: servicesMenu.branding.description,
      32 |         },
      33 |         {

      at label (src/hooks/useNavigationLogic.ts:30:42)
      at Header (src/components/layout/Header.tsx:53:27)
      at renderWithHooks (node_modules/react-dom/cjs/react-dom.development.js:15486:18)
      at mountIndeterminateComponent (node_modules/react-dom/cjs/react-dom.development.js:20103:13)
      at beginWork (node_modules/react-dom/cjs/react-dom.development.js:21626:16)
      at beginWork$1 (node_modules/react-dom/cjs/react-dom.development.js:27465:14)
      at performUnitOfWork (node_modules/react-dom/cjs/react-dom.development.js:26599:12)
      at workLoopSync (node_modules/react-dom/cjs/react-dom.development.js:26505:5)
      at renderRootSync (node_modules/react-dom/cjs/react-dom.development.js:26473:7)
      at recoverFromConcurrentError (node_modules/react-dom/cjs/react-dom.development.js:25889:20)
      at performConcurrentWorkOnRoot (node_modules/react-dom/cjs/react-dom.development.js:25789:22)
      at flushActQueue (node_modules/react/cjs/react.development.js:2667:24)
      at act (node_modules/react/cjs/react.development.js:2582:11)
      at node_modules/@testing-library/react/dist/act-compat.js:46:25
      at renderRoot (node_modules/@testing-library/react/dist/pure.js:189:26)
      at render (node_modules/@testing-library/react/dist/pure.js:291:10)
      at Object.<anonymous> (src/__tests__/components/layout/Header.test.tsx:299:15)

  ● Header › renders with correct accessibility attributes

    TypeError: Cannot read properties of undefined (reading 'label')

      28 |         {
      29 |             href: `/${lang}/services/branding`,
    > 30 |             label: servicesMenu.branding.label,
         |                                          ^
      31 |             description: servicesMenu.branding.description,
      32 |         },
      33 |         {

      at label (src/hooks/useNavigationLogic.ts:30:42)
      at Header (src/components/layout/Header.tsx:53:27)
      at renderWithHooks (node_modules/react-dom/cjs/react-dom.development.js:15486:18)
      at mountIndeterminateComponent (node_modules/react-dom/cjs/react-dom.development.js:20103:13)
      at beginWork (node_modules/react-dom/cjs/react-dom.development.js:21626:16)
      at beginWork$1 (node_modules/react-dom/cjs/react-dom.development.js:27465:14)
      at performUnitOfWork (node_modules/react-dom/cjs/react-dom.development.js:26599:12)
      at workLoopSync (node_modules/react-dom/cjs/react-dom.development.js:26505:5)
      at renderRootSync (node_modules/react-dom/cjs/react-dom.development.js:26473:7)
      at recoverFromConcurrentError (node_modules/react-dom/cjs/react-dom.development.js:25889:20)
      at performConcurrentWorkOnRoot (node_modules/react-dom/cjs/react-dom.development.js:25789:22)
      at flushActQueue (node_modules/react/cjs/react.development.js:2667:24)
      at act (node_modules/react/cjs/react.development.js:2582:11)
      at node_modules/@testing-library/react/dist/act-compat.js:46:25
      at renderRoot (node_modules/@testing-library/react/dist/pure.js:189:26)
      at render (node_modules/@testing-library/react/dist/pure.js:291:10)
      at Object.<anonymous> (src/__tests__/components/layout/Header.test.tsx:310:15)

  ● Header › renders get started button correctly

    TypeError: Cannot read properties of undefined (reading 'label')

      28 |         {
      29 |             href: `/${lang}/services/branding`,
    > 30 |             label: servicesMenu.branding.label,
         |                                          ^
      31 |             description: servicesMenu.branding.description,
      32 |         },
      33 |         {

      at label (src/hooks/useNavigationLogic.ts:30:42)
      at Header (src/components/layout/Header.tsx:53:27)
      at renderWithHooks (node_modules/react-dom/cjs/react-dom.development.js:15486:18)
      at mountIndeterminateComponent (node_modules/react-dom/cjs/react-dom.development.js:20103:13)
      at beginWork (node_modules/react-dom/cjs/react-dom.development.js:21626:16)
      at beginWork$1 (node_modules/react-dom/cjs/react-dom.development.js:27465:14)
      at performUnitOfWork (node_modules/react-dom/cjs/react-dom.development.js:26599:12)
      at workLoopSync (node_modules/react-dom/cjs/react-dom.development.js:26505:5)
      at renderRootSync (node_modules/react-dom/cjs/react-dom.development.js:26473:7)
      at recoverFromConcurrentError (node_modules/react-dom/cjs/react-dom.development.js:25889:20)
      at performConcurrentWorkOnRoot (node_modules/react-dom/cjs/react-dom.development.js:25789:22)
      at flushActQueue (node_modules/react/cjs/react.development.js:2667:24)
      at act (node_modules/react/cjs/react.development.js:2582:11)
      at node_modules/@testing-library/react/dist/act-compat.js:46:25
      at renderRoot (node_modules/@testing-library/react/dist/pure.js:189:26)
      at render (node_modules/@testing-library/react/dist/pure.js:291:10)
      at Object.<anonymous> (src/__tests__/components/layout/Header.test.tsx:317:15)

  ● Header › handles desktop services dropdown state

    TypeError: Cannot read properties of undefined (reading 'label')

      28 |         {
      29 |             href: `/${lang}/services/branding`,
    > 30 |             label: servicesMenu.branding.label,
         |                                          ^
      31 |             description: servicesMenu.branding.description,
      32 |         },
      33 |         {

      at label (src/hooks/useNavigationLogic.ts:30:42)
      at Header (src/components/layout/Header.tsx:53:27)
      at renderWithHooks (node_modules/react-dom/cjs/react-dom.development.js:15486:18)
      at mountIndeterminateComponent (node_modules/react-dom/cjs/react-dom.development.js:20103:13)
      at beginWork (node_modules/react-dom/cjs/react-dom.development.js:21626:16)
      at beginWork$1 (node_modules/react-dom/cjs/react-dom.development.js:27465:14)
      at performUnitOfWork (node_modules/react-dom/cjs/react-dom.development.js:26599:12)
      at workLoopSync (node_modules/react-dom/cjs/react-dom.development.js:26505:5)
      at renderRootSync (node_modules/react-dom/cjs/react-dom.development.js:26473:7)
      at recoverFromConcurrentError (node_modules/react-dom/cjs/react-dom.development.js:25889:20)
      at performConcurrentWorkOnRoot (node_modules/react-dom/cjs/react-dom.development.js:25789:22)
      at flushActQueue (node_modules/react/cjs/react.development.js:2667:24)
      at act (node_modules/react/cjs/react.development.js:2582:11)
      at node_modules/@testing-library/react/dist/act-compat.js:46:25
      at renderRoot (node_modules/@testing-library/react/dist/pure.js:189:26)
      at render (node_modules/@testing-library/react/dist/pure.js:291:10)
      at Object.<anonymous> (src/__tests__/components/layout/Header.test.tsx:339:15)

  ● Header › handles mobile services dropdown state

    TypeError: Cannot read properties of undefined (reading 'label')

      28 |         {
      29 |             href: `/${lang}/services/branding`,
    > 30 |             label: servicesMenu.branding.label,
         |                                          ^
      31 |             description: servicesMenu.branding.description,
      32 |         },
      33 |         {

      at label (src/hooks/useNavigationLogic.ts:30:42)
      at Header (src/components/layout/Header.tsx:53:27)
      at renderWithHooks (node_modules/react-dom/cjs/react-dom.development.js:15486:18)
      at mountIndeterminateComponent (node_modules/react-dom/cjs/react-dom.development.js:20103:13)
      at beginWork (node_modules/react-dom/cjs/react-dom.development.js:21626:16)
      at beginWork$1 (node_modules/react-dom/cjs/react-dom.development.js:27465:14)
      at performUnitOfWork (node_modules/react-dom/cjs/react-dom.development.js:26599:12)
      at workLoopSync (node_modules/react-dom/cjs/react-dom.development.js:26505:5)
      at renderRootSync (node_modules/react-dom/cjs/react-dom.development.js:26473:7)
      at recoverFromConcurrentError (node_modules/react-dom/cjs/react-dom.development.js:25889:20)
      at performConcurrentWorkOnRoot (node_modules/react-dom/cjs/react-dom.development.js:25789:22)
      at flushActQueue (node_modules/react/cjs/react.development.js:2667:24)
      at act (node_modules/react/cjs/react.development.js:2582:11)
      at node_modules/@testing-library/react/dist/act-compat.js:46:25
      at renderRoot (node_modules/@testing-library/react/dist/pure.js:189:26)
      at render (node_modules/@testing-library/react/dist/pure.js:291:10)
      at Object.<anonymous> (src/__tests__/components/layout/Header.test.tsx:360:15)

FAIL src/__tests__/components/ui/LazySection.test.tsx
  ● Console

    console.error
      Error: Uncaught [Error: Test error]
          at <unknown> (src/__tests__/components/ui/LazySection.test.tsx:268:19)
          at Object.toThrow (src/__tests__/components/ui/LazySection.test.tsx:273:12)
          at new Promise (<anonymous>) {
        detail: Error: Test error
            at ThrowErrorComponent (/Users/ppmtrue/Documents/GitHub/SelenIT-Digital-Agency/src/__tests__/components/ui/LazySection.test.tsx:264:19)
            at renderWithHooks (/Users/ppmtrue/Documents/GitHub/SelenIT-Digital-Agency/node_modules/react-dom/cjs/react-dom.development.js:15486:18)
            at mountIndeterminateComponent (/Users/ppmtrue/Documents/GitHub/SelenIT-Digital-Agency/node_modules/react-dom/cjs/react-dom.development.js:20103:13)
            at beginWork (/Users/ppmtrue/Documents/GitHub/SelenIT-Digital-Agency/node_modules/react-dom/cjs/react-dom.development.js:21626:16)
            at HTMLUnknownElement.callCallback (/Users/ppmtrue/Documents/GitHub/SelenIT-Digital-Agency/node_modules/react-dom/cjs/react-dom.development.js:4164:14)
            at HTMLUnknownElement.callTheUserObjectsOperation (/Users/ppmtrue/Documents/GitHub/SelenIT-Digital-Agency/node_modules/jsdom/lib/jsdom/living/generated/EventListener.js:26:30)
            at innerInvokeEventListeners (/Users/ppmtrue/Documents/GitHub/SelenIT-Digital-Agency/node_modules/jsdom/lib/jsdom/living/events/EventTarget-impl.js:350:25)
            at invokeEventListeners (/Users/ppmtrue/Documents/GitHub/SelenIT-Digital-Agency/node_modules/jsdom/lib/jsdom/living/events/EventTarget-impl.js:286:3)
            at HTMLUnknownElementImpl._dispatch (/Users/ppmtrue/Documents/GitHub/SelenIT-Digital-Agency/node_modules/jsdom/lib/jsdom/living/events/EventTarget-impl.js:233:9)
            at HTMLUnknownElementImpl.dispatchEvent (/Users/ppmtrue/Documents/GitHub/SelenIT-Digital-Agency/node_modules/jsdom/lib/jsdom/living/events/EventTarget-impl.js:104:17)
            at HTMLUnknownElement.dispatchEvent (/Users/ppmtrue/Documents/GitHub/SelenIT-Digital-Agency/node_modules/jsdom/lib/jsdom/living/generated/EventTarget.js:241:34)
            at Object.invokeGuardedCallbackDev (/Users/ppmtrue/Documents/GitHub/SelenIT-Digital-Agency/node_modules/react-dom/cjs/react-dom.development.js:4213:16)
            at invokeGuardedCallback (/Users/ppmtrue/Documents/GitHub/SelenIT-Digital-Agency/node_modules/react-dom/cjs/react-dom.development.js:4277:31)
            at beginWork$1 (/Users/ppmtrue/Documents/GitHub/SelenIT-Digital-Agency/node_modules/react-dom/cjs/react-dom.development.js:27490:7)
            at performUnitOfWork (/Users/ppmtrue/Documents/GitHub/SelenIT-Digital-Agency/node_modules/react-dom/cjs/react-dom.development.js:26599:12)
            at workLoopSync (/Users/ppmtrue/Documents/GitHub/SelenIT-Digital-Agency/node_modules/react-dom/cjs/react-dom.development.js:26505:5)
            at renderRootSync (/Users/ppmtrue/Documents/GitHub/SelenIT-Digital-Agency/node_modules/react-dom/cjs/react-dom.development.js:26473:7)
            at performConcurrentWorkOnRoot (/Users/ppmtrue/Documents/GitHub/SelenIT-Digital-Agency/node_modules/react-dom/cjs/react-dom.development.js:25777:74)
            at flushActQueue (/Users/ppmtrue/Documents/GitHub/SelenIT-Digital-Agency/node_modules/react/cjs/react.development.js:2667:24)
            at act (/Users/ppmtrue/Documents/GitHub/SelenIT-Digital-Agency/node_modules/react/cjs/react.development.js:2582:11)
            at /Users/ppmtrue/Documents/GitHub/SelenIT-Digital-Agency/node_modules/@testing-library/react/dist/act-compat.js:46:25
            at renderRoot (/Users/ppmtrue/Documents/GitHub/SelenIT-Digital-Agency/node_modules/@testing-library/react/dist/pure.js:189:26)
            at render (/Users/ppmtrue/Documents/GitHub/SelenIT-Digital-Agency/node_modules/@testing-library/react/dist/pure.js:291:10)
            at /Users/ppmtrue/Documents/GitHub/SelenIT-Digital-Agency/src/__tests__/components/ui/LazySection.test.tsx:268:19
            at Object.<anonymous> (/Users/ppmtrue/Documents/GitHub/SelenIT-Digital-Agency/node_modules/expect/build/index.js:1824:9)
            at Object.throwingMatcher [as toThrow] (/Users/ppmtrue/Documents/GitHub/SelenIT-Digital-Agency/node_modules/expect/build/index.js:2235:93)
            at Object.toThrow (/Users/ppmtrue/Documents/GitHub/SelenIT-Digital-Agency/src/__tests__/components/ui/LazySection.test.tsx:273:12)
            at Promise.finally.completed (/Users/ppmtrue/Documents/GitHub/SelenIT-Digital-Agency/node_modules/jest-circus/build/jestAdapterInit.js:1557:28)
            at new Promise (<anonymous>)
            at callAsyncCircusFn (/Users/ppmtrue/Documents/GitHub/SelenIT-Digital-Agency/node_modules/jest-circus/build/jestAdapterInit.js:1497:10)
            at _callCircusTest (/Users/ppmtrue/Documents/GitHub/SelenIT-Digital-Agency/node_modules/jest-circus/build/jestAdapterInit.js:1007:40)
            at processTicksAndRejections (node:internal/process/task_queues:105:5)
            at _runTest (/Users/ppmtrue/Documents/GitHub/SelenIT-Digital-Agency/node_modules/jest-circus/build/jestAdapterInit.js:947:3)
            at /Users/ppmtrue/Documents/GitHub/SelenIT-Digital-Agency/node_modules/jest-circus/build/jestAdapterInit.js:849:7
            at _runTestsForDescribeBlock (/Users/ppmtrue/Documents/GitHub/SelenIT-Digital-Agency/node_modules/jest-circus/build/jestAdapterInit.js:862:11)
            at _runTestsForDescribeBlock (/Users/ppmtrue/Documents/GitHub/SelenIT-Digital-Agency/node_modules/jest-circus/build/jestAdapterInit.js:857:11)
            at run (/Users/ppmtrue/Documents/GitHub/SelenIT-Digital-Agency/node_modules/jest-circus/build/jestAdapterInit.js:761:3)
            at runAndTransformResultsToJestFormat (/Users/ppmtrue/Documents/GitHub/SelenIT-Digital-Agency/node_modules/jest-circus/build/jestAdapterInit.js:1918:21)
            at jestAdapter (/Users/ppmtrue/Documents/GitHub/SelenIT-Digital-Agency/node_modules/jest-circus/build/runner.js:101:19)
            at runTestInternal (/Users/ppmtrue/Documents/GitHub/SelenIT-Digital-Agency/node_modules/jest-runner/build/testWorker.js:275:16)
            at runTest (/Users/ppmtrue/Documents/GitHub/SelenIT-Digital-Agency/node_modules/jest-runner/build/testWorker.js:343:7)
            at Object.worker (/Users/ppmtrue/Documents/GitHub/SelenIT-Digital-Agency/node_modules/jest-runner/build/testWorker.js:497:12),
        type: 'unhandled exception'
      }

      266 |
      267 |         expect(() => {
    > 268 |             render(
          |                   ^
      269 |                 <LazySection>
      270 |                     <ThrowErrorComponent />
      271 |                 </LazySection>,

      at VirtualConsole.<anonymous> (node_modules/@jest/environment-jsdom-abstract/build/index.js:87:23)
      at reportException (node_modules/jsdom/lib/jsdom/living/helpers/runtime-script-errors.js:70:28)
      at innerInvokeEventListeners (node_modules/jsdom/lib/jsdom/living/events/EventTarget-impl.js:353:9)
      at invokeEventListeners (node_modules/jsdom/lib/jsdom/living/events/EventTarget-impl.js:286:3)
      at HTMLUnknownElementImpl._dispatch (node_modules/jsdom/lib/jsdom/living/events/EventTarget-impl.js:233:9)
      at HTMLUnknownElementImpl.dispatchEvent (node_modules/jsdom/lib/jsdom/living/events/EventTarget-impl.js:104:17)
      at HTMLUnknownElement.dispatchEvent (node_modules/jsdom/lib/jsdom/living/generated/EventTarget.js:241:34)
      at Object.invokeGuardedCallbackDev (node_modules/react-dom/cjs/react-dom.development.js:4213:16)
      at invokeGuardedCallback (node_modules/react-dom/cjs/react-dom.development.js:4277:31)
      at beginWork$1 (node_modules/react-dom/cjs/react-dom.development.js:27490:7)
      at performUnitOfWork (node_modules/react-dom/cjs/react-dom.development.js:26599:12)
      at workLoopSync (node_modules/react-dom/cjs/react-dom.development.js:26505:5)
      at renderRootSync (node_modules/react-dom/cjs/react-dom.development.js:26473:7)
      at performConcurrentWorkOnRoot (node_modules/react-dom/cjs/react-dom.development.js:25777:74)
      at flushActQueue (node_modules/react/cjs/react.development.js:2667:24)
      at act (node_modules/react/cjs/react.development.js:2582:11)
      at node_modules/@testing-library/react/dist/act-compat.js:46:25
      at renderRoot (node_modules/@testing-library/react/dist/pure.js:189:26)
      at render (node_modules/@testing-library/react/dist/pure.js:291:10)
      at src/__tests__/components/ui/LazySection.test.tsx:268:19
      at Object.<anonymous> (node_modules/expect/build/index.js:1824:9)
      at Object.throwingMatcher [as toThrow] (node_modules/expect/build/index.js:2235:93)
      at Object.toThrow (src/__tests__/components/ui/LazySection.test.tsx:273:12)

    console.error
      Error: Uncaught [Error: Test error]
          at <unknown> (src/__tests__/components/ui/LazySection.test.tsx:268:19)
          at Object.toThrow (src/__tests__/components/ui/LazySection.test.tsx:273:12)
          at new Promise (<anonymous>) {
        detail: Error: Test error
            at ThrowErrorComponent (/Users/ppmtrue/Documents/GitHub/SelenIT-Digital-Agency/src/__tests__/components/ui/LazySection.test.tsx:264:19)
            at renderWithHooks (/Users/ppmtrue/Documents/GitHub/SelenIT-Digital-Agency/node_modules/react-dom/cjs/react-dom.development.js:15486:18)
            at mountIndeterminateComponent (/Users/ppmtrue/Documents/GitHub/SelenIT-Digital-Agency/node_modules/react-dom/cjs/react-dom.development.js:20103:13)
            at beginWork (/Users/ppmtrue/Documents/GitHub/SelenIT-Digital-Agency/node_modules/react-dom/cjs/react-dom.development.js:21626:16)
            at HTMLUnknownElement.callCallback (/Users/ppmtrue/Documents/GitHub/SelenIT-Digital-Agency/node_modules/react-dom/cjs/react-dom.development.js:4164:14)
            at HTMLUnknownElement.callTheUserObjectsOperation (/Users/ppmtrue/Documents/GitHub/SelenIT-Digital-Agency/node_modules/jsdom/lib/jsdom/living/generated/EventListener.js:26:30)
            at innerInvokeEventListeners (/Users/ppmtrue/Documents/GitHub/SelenIT-Digital-Agency/node_modules/jsdom/lib/jsdom/living/events/EventTarget-impl.js:350:25)
            at invokeEventListeners (/Users/ppmtrue/Documents/GitHub/SelenIT-Digital-Agency/node_modules/jsdom/lib/jsdom/living/events/EventTarget-impl.js:286:3)
            at HTMLUnknownElementImpl._dispatch (/Users/ppmtrue/Documents/GitHub/SelenIT-Digital-Agency/node_modules/jsdom/lib/jsdom/living/events/EventTarget-impl.js:233:9)
            at HTMLUnknownElementImpl.dispatchEvent (/Users/ppmtrue/Documents/GitHub/SelenIT-Digital-Agency/node_modules/jsdom/lib/jsdom/living/events/EventTarget-impl.js:104:17)
            at HTMLUnknownElement.dispatchEvent (/Users/ppmtrue/Documents/GitHub/SelenIT-Digital-Agency/node_modules/jsdom/lib/jsdom/living/generated/EventTarget.js:241:34)
            at Object.invokeGuardedCallbackDev (/Users/ppmtrue/Documents/GitHub/SelenIT-Digital-Agency/node_modules/react-dom/cjs/react-dom.development.js:4213:16)
            at invokeGuardedCallback (/Users/ppmtrue/Documents/GitHub/SelenIT-Digital-Agency/node_modules/react-dom/cjs/react-dom.development.js:4277:31)
            at beginWork$1 (/Users/ppmtrue/Documents/GitHub/SelenIT-Digital-Agency/node_modules/react-dom/cjs/react-dom.development.js:27490:7)
            at performUnitOfWork (/Users/ppmtrue/Documents/GitHub/SelenIT-Digital-Agency/node_modules/react-dom/cjs/react-dom.development.js:26599:12)
            at workLoopSync (/Users/ppmtrue/Documents/GitHub/SelenIT-Digital-Agency/node_modules/react-dom/cjs/react-dom.development.js:26505:5)
            at renderRootSync (/Users/ppmtrue/Documents/GitHub/SelenIT-Digital-Agency/node_modules/react-dom/cjs/react-dom.development.js:26473:7)
            at recoverFromConcurrentError (/Users/ppmtrue/Documents/GitHub/SelenIT-Digital-Agency/node_modules/react-dom/cjs/react-dom.development.js:25889:20)
            at performConcurrentWorkOnRoot (/Users/ppmtrue/Documents/GitHub/SelenIT-Digital-Agency/node_modules/react-dom/cjs/react-dom.development.js:25789:22)
            at flushActQueue (/Users/ppmtrue/Documents/GitHub/SelenIT-Digital-Agency/node_modules/react/cjs/react.development.js:2667:24)
            at act (/Users/ppmtrue/Documents/GitHub/SelenIT-Digital-Agency/node_modules/react/cjs/react.development.js:2582:11)
            at /Users/ppmtrue/Documents/GitHub/SelenIT-Digital-Agency/node_modules/@testing-library/react/dist/act-compat.js:46:25
            at renderRoot (/Users/ppmtrue/Documents/GitHub/SelenIT-Digital-Agency/node_modules/@testing-library/react/dist/pure.js:189:26)
            at render (/Users/ppmtrue/Documents/GitHub/SelenIT-Digital-Agency/node_modules/@testing-library/react/dist/pure.js:291:10)
            at /Users/ppmtrue/Documents/GitHub/SelenIT-Digital-Agency/src/__tests__/components/ui/LazySection.test.tsx:268:19
            at Object.<anonymous> (/Users/ppmtrue/Documents/GitHub/SelenIT-Digital-Agency/node_modules/expect/build/index.js:1824:9)
            at Object.throwingMatcher [as toThrow] (/Users/ppmtrue/Documents/GitHub/SelenIT-Digital-Agency/node_modules/expect/build/index.js:2235:93)
            at Object.toThrow (/Users/ppmtrue/Documents/GitHub/SelenIT-Digital-Agency/src/__tests__/components/ui/LazySection.test.tsx:273:12)
            at Promise.finally.completed (/Users/ppmtrue/Documents/GitHub/SelenIT-Digital-Agency/node_modules/jest-circus/build/jestAdapterInit.js:1557:28)
            at new Promise (<anonymous>)
            at callAsyncCircusFn (/Users/ppmtrue/Documents/GitHub/SelenIT-Digital-Agency/node_modules/jest-circus/build/jestAdapterInit.js:1497:10)
            at _callCircusTest (/Users/ppmtrue/Documents/GitHub/SelenIT-Digital-Agency/node_modules/jest-circus/build/jestAdapterInit.js:1007:40)
            at processTicksAndRejections (node:internal/process/task_queues:105:5)
            at _runTest (/Users/ppmtrue/Documents/GitHub/SelenIT-Digital-Agency/node_modules/jest-circus/build/jestAdapterInit.js:947:3)
            at /Users/ppmtrue/Documents/GitHub/SelenIT-Digital-Agency/node_modules/jest-circus/build/jestAdapterInit.js:849:7
            at _runTestsForDescribeBlock (/Users/ppmtrue/Documents/GitHub/SelenIT-Digital-Agency/node_modules/jest-circus/build/jestAdapterInit.js:862:11)
            at _runTestsForDescribeBlock (/Users/ppmtrue/Documents/GitHub/SelenIT-Digital-Agency/node_modules/jest-circus/build/jestAdapterInit.js:857:11)
            at run (/Users/ppmtrue/Documents/GitHub/SelenIT-Digital-Agency/node_modules/jest-circus/build/jestAdapterInit.js:761:3)
            at runAndTransformResultsToJestFormat (/Users/ppmtrue/Documents/GitHub/SelenIT-Digital-Agency/node_modules/jest-circus/build/jestAdapterInit.js:1918:21)
            at jestAdapter (/Users/ppmtrue/Documents/GitHub/SelenIT-Digital-Agency/node_modules/jest-circus/build/runner.js:101:19)
            at runTestInternal (/Users/ppmtrue/Documents/GitHub/SelenIT-Digital-Agency/node_modules/jest-runner/build/testWorker.js:275:16)
            at runTest (/Users/ppmtrue/Documents/GitHub/SelenIT-Digital-Agency/node_modules/jest-runner/build/testWorker.js:343:7)
            at Object.worker (/Users/ppmtrue/Documents/GitHub/SelenIT-Digital-Agency/node_modules/jest-runner/build/testWorker.js:497:12),
        type: 'unhandled exception'
      }

      266 |
      267 |         expect(() => {
    > 268 |             render(
          |                   ^
      269 |                 <LazySection>
      270 |                     <ThrowErrorComponent />
      271 |                 </LazySection>,

      at VirtualConsole.<anonymous> (node_modules/@jest/environment-jsdom-abstract/build/index.js:87:23)
      at reportException (node_modules/jsdom/lib/jsdom/living/helpers/runtime-script-errors.js:70:28)
      at innerInvokeEventListeners (node_modules/jsdom/lib/jsdom/living/events/EventTarget-impl.js:353:9)
      at invokeEventListeners (node_modules/jsdom/lib/jsdom/living/events/EventTarget-impl.js:286:3)
      at HTMLUnknownElementImpl._dispatch (node_modules/jsdom/lib/jsdom/living/events/EventTarget-impl.js:233:9)
      at HTMLUnknownElementImpl.dispatchEvent (node_modules/jsdom/lib/jsdom/living/events/EventTarget-impl.js:104:17)
      at HTMLUnknownElement.dispatchEvent (node_modules/jsdom/lib/jsdom/living/generated/EventTarget.js:241:34)
      at Object.invokeGuardedCallbackDev (node_modules/react-dom/cjs/react-dom.development.js:4213:16)
      at invokeGuardedCallback (node_modules/react-dom/cjs/react-dom.development.js:4277:31)
      at beginWork$1 (node_modules/react-dom/cjs/react-dom.development.js:27490:7)
      at performUnitOfWork (node_modules/react-dom/cjs/react-dom.development.js:26599:12)
      at workLoopSync (node_modules/react-dom/cjs/react-dom.development.js:26505:5)
      at renderRootSync (node_modules/react-dom/cjs/react-dom.development.js:26473:7)
      at recoverFromConcurrentError (node_modules/react-dom/cjs/react-dom.development.js:25889:20)
      at performConcurrentWorkOnRoot (node_modules/react-dom/cjs/react-dom.development.js:25789:22)
      at flushActQueue (node_modules/react/cjs/react.development.js:2667:24)
      at act (node_modules/react/cjs/react.development.js:2582:11)
      at node_modules/@testing-library/react/dist/act-compat.js:46:25
      at renderRoot (node_modules/@testing-library/react/dist/pure.js:189:26)
      at render (node_modules/@testing-library/react/dist/pure.js:291:10)
      at src/__tests__/components/ui/LazySection.test.tsx:268:19
      at Object.<anonymous> (node_modules/expect/build/index.js:1824:9)
      at Object.throwingMatcher [as toThrow] (node_modules/expect/build/index.js:2235:93)
      at Object.toThrow (src/__tests__/components/ui/LazySection.test.tsx:273:12)

    console.error
      The above error occurred in the <ThrowErrorComponent> component:
      
          at ThrowErrorComponent (/Users/ppmtrue/Documents/GitHub/SelenIT-Digital-Agency/src/__tests__/components/ui/LazySection.test.tsx:264:19)
          at Suspense
          at div
          at children (/Users/ppmtrue/Documents/GitHub/SelenIT-Digital-Agency/jest.setup.js:67:38)
          at children (/Users/ppmtrue/Documents/GitHub/SelenIT-Digital-Agency/src/components/ui/LazySection.tsx:29:5)
      
      Consider adding an error boundary to your tree to customize error handling behavior.
      Visit https://reactjs.org/link/error-boundaries to learn more about error boundaries.

      266 |
      267 |         expect(() => {
    > 268 |             render(
          |                   ^
      269 |                 <LazySection>
      270 |                     <ThrowErrorComponent />
      271 |                 </LazySection>,

      at logCapturedError (node_modules/react-dom/cjs/react-dom.development.js:18704:23)
      at update.callback (node_modules/react-dom/cjs/react-dom.development.js:18737:5)
      at callCallback (node_modules/react-dom/cjs/react-dom.development.js:15036:12)
      at commitUpdateQueue (node_modules/react-dom/cjs/react-dom.development.js:15057:9)
      at commitLayoutEffectOnFiber (node_modules/react-dom/cjs/react-dom.development.js:23430:13)
      at commitLayoutMountEffects_complete (node_modules/react-dom/cjs/react-dom.development.js:24727:9)
      at commitLayoutEffects_begin (node_modules/react-dom/cjs/react-dom.development.js:24713:7)
      at commitLayoutEffects (node_modules/react-dom/cjs/react-dom.development.js:24651:3)
      at commitRootImpl (node_modules/react-dom/cjs/react-dom.development.js:26862:5)
      at commitRoot (node_modules/react-dom/cjs/react-dom.development.js:26721:5)
      at finishConcurrentRender (node_modules/react-dom/cjs/react-dom.development.js:25931:9)
      at performConcurrentWorkOnRoot (node_modules/react-dom/cjs/react-dom.development.js:25848:7)
      at flushActQueue (node_modules/react/cjs/react.development.js:2667:24)
      at act (node_modules/react/cjs/react.development.js:2582:11)
      at node_modules/@testing-library/react/dist/act-compat.js:46:25
      at renderRoot (node_modules/@testing-library/react/dist/pure.js:189:26)
      at render (node_modules/@testing-library/react/dist/pure.js:291:10)
      at src/__tests__/components/ui/LazySection.test.tsx:268:19
      at Object.<anonymous> (node_modules/expect/build/index.js:1824:9)
      at Object.throwingMatcher [as toThrow] (node_modules/expect/build/index.js:2235:93)
      at Object.toThrow (src/__tests__/components/ui/LazySection.test.tsx:273:12)

  ● LazySection › renders custom fallback when provided

    TestingLibraryElementError: Unable to find an element by: [data-testid="custom-fallback"]

    Ignored nodes: comments, script, style
    [36m<body>[39m
      [36m<div>[39m
        [36m<div[39m
          [33mclass[39m=[32m""[39m
        [36m>[39m
          [36m<div[39m
            [33mdata-testid[39m=[32m"test-content"[39m
          [36m>[39m
            [0mTest Content[0m
          [36m</div>[39m
        [36m</div>[39m
      [36m</div>[39m
    [36m</body>[39m

      81 |         );
      82 |
    > 83 |         expect(screen.getByTestId('custom-fallback')).toBeInTheDocument();
         |                       ^
      84 |         expect(screen.getByText('Loading...')).toBeInTheDocument();
      85 |     });
      86 |

      at Object.getElementError (node_modules/@testing-library/dom/dist/config.js:37:19)
      at node_modules/@testing-library/dom/dist/query-helpers.js:76:38
      at node_modules/@testing-library/dom/dist/query-helpers.js:52:17
      at node_modules/@testing-library/dom/dist/query-helpers.js:95:19
      at Object.getByTestId (src/__tests__/components/ui/LazySection.test.tsx:83:23)

  ● LazySection › renders default fallback when none provided

    TestingLibraryElementError: Unable to find an element by: [data-testid="suspense-fallback"]

    Ignored nodes: comments, script, style
    [36m<body>[39m
      [36m<div>[39m
        [36m<div[39m
          [33mclass[39m=[32m""[39m
        [36m>[39m
          [36m<div[39m
            [33mdata-testid[39m=[32m"test-content"[39m
          [36m>[39m
            [0mTest Content[0m
          [36m</div>[39m
        [36m</div>[39m
      [36m</div>[39m
    [36m</body>[39m

      92 |         );
      93 |
    > 94 |         expect(screen.getByTestId('suspense-fallback')).toBeInTheDocument();
         |                       ^
      95 |         expect(screen.getByRole('generic')).toHaveClass('animate-pulse');
      96 |     });
      97 |

      at Object.getElementError (node_modules/@testing-library/dom/dist/config.js:37:19)
      at node_modules/@testing-library/dom/dist/query-helpers.js:76:38
      at node_modules/@testing-library/dom/dist/query-helpers.js:52:17
      at node_modules/@testing-library/dom/dist/query-helpers.js:95:19
      at Object.getByTestId (src/__tests__/components/ui/LazySection.test.tsx:94:23)

  ● LazySection › applies custom className

    TestingLibraryElementError: Unable to find an element by: [data-testid="lazy-section"]

    Ignored nodes: comments, script, style
    [36m<body>[39m
      [36m<div>[39m
        [36m<div[39m
          [33mclass[39m=[32m"custom-class"[39m
        [36m>[39m
          [36m<div[39m
            [33mdata-testid[39m=[32m"test-content"[39m
          [36m>[39m
            [0mTest Content[0m
          [36m</div>[39m
        [36m</div>[39m
      [36m</div>[39m
    [36m</body>[39m

      103 |         );
      104 |
    > 105 |         const section = screen.getByTestId('lazy-section');
          |                                ^
      106 |         expect(section).toHaveClass('custom-class');
      107 |     });
      108 |

      at Object.getElementError (node_modules/@testing-library/dom/dist/config.js:37:19)
      at node_modules/@testing-library/dom/dist/query-helpers.js:76:38
      at node_modules/@testing-library/dom/dist/query-helpers.js:52:17
      at node_modules/@testing-library/dom/dist/query-helpers.js:95:19
      at Object.getByTestId (src/__tests__/components/ui/LazySection.test.tsx:105:32)

  ● LazySection › passes custom threshold to viewport

    expect(jest.fn()).toHaveBeenCalledWith(...expected)

    Expected: Any<Function>, {"amount": 0.5, "margin": "50px", "once": true}

    Number of calls: 0

      121 |         );
      122 |
    > 123 |         expect(global.IntersectionObserver).toHaveBeenCalledWith(expect.any(Function), {
          |                                             ^
      124 |             once: true,
      125 |             amount: 0.5,
      126 |             margin: '50px',

      at Object.toHaveBeenCalledWith (src/__tests__/components/ui/LazySection.test.tsx:123:45)

  ● LazySection › passes custom rootMargin to viewport

    expect(jest.fn()).toHaveBeenCalledWith(...expected)

    Expected: Any<Function>, {"amount": 0.1, "margin": "100px", "once": true}

    Number of calls: 0

      142 |         );
      143 |
    > 144 |         expect(global.IntersectionObserver).toHaveBeenCalledWith(expect.any(Function), {
          |                                             ^
      145 |             once: true,
      146 |             amount: 0.1,
      147 |             margin: '100px',

      at Object.toHaveBeenCalledWith (src/__tests__/components/ui/LazySection.test.tsx:144:45)

  ● LazySection › passes custom delay to animation

    TestingLibraryElementError: Unable to find an element by: [data-testid="lazy-section"]

    Ignored nodes: comments, script, style
    [36m<body>[39m
      [36m<div>[39m
        [36m<div[39m
          [33mclass[39m=[32m""[39m
        [36m>[39m
          [36m<div[39m
            [33mdata-testid[39m=[32m"test-content"[39m
          [36m>[39m
            [0mTest Content[0m
          [36m</div>[39m
        [36m</div>[39m
      [36m</div>[39m
    [36m</body>[39m

      156 |         );
      157 |
    > 158 |         const section = screen.getByTestId('lazy-section');
          |                                ^
      159 |         expect(section).toBeInTheDocument();
      160 |     });
      161 |

      at Object.getElementError (node_modules/@testing-library/dom/dist/config.js:37:19)
      at node_modules/@testing-library/dom/dist/query-helpers.js:76:38
      at node_modules/@testing-library/dom/dist/query-helpers.js:52:17
      at node_modules/@testing-library/dom/dist/query-helpers.js:95:19
      at Object.getByTestId (src/__tests__/components/ui/LazySection.test.tsx:158:32)

  ● LazySection › handles empty children gracefully

    TestingLibraryElementError: Unable to find an element by: [data-testid="lazy-section"]

    Ignored nodes: comments, script, style
    [36m<body>[39m
      [36m<div>[39m
        [36m<div[39m
          [33mclass[39m=[32m""[39m
        [36m/>[39m
      [36m</div>[39m
    [36m</body>[39m

      163 |         render(<LazySection>{null}</LazySection>);
      164 |
    > 165 |         expect(screen.getByTestId('lazy-section')).toBeInTheDocument();
          |                       ^
      166 |     });
      167 |
      168 |     it('handles nested lazy sections', () => {

      at Object.getElementError (node_modules/@testing-library/dom/dist/config.js:37:19)
      at node_modules/@testing-library/dom/dist/query-helpers.js:76:38
      at node_modules/@testing-library/dom/dist/query-helpers.js:52:17
      at node_modules/@testing-library/dom/dist/query-helpers.js:95:19
      at Object.getByTestId (src/__tests__/components/ui/LazySection.test.tsx:165:23)

  ● LazySection › simulates lazy loading behavior

    TestingLibraryElementError: Unable to find an element by: [data-testid="suspense-fallback"]

    Ignored nodes: comments, script, style
    [36m<body>[39m
      [36m<div>[39m
        [36m<div[39m
          [33mclass[39m=[32m""[39m
        [36m>[39m
          [36m<div[39m
            [33mdata-testid[39m=[32m"lazy-loaded-content"[39m
          [36m>[39m
            [0mLazy Loaded Content[0m
          [36m</div>[39m
        [36m</div>[39m
      [36m</div>[39m
    [36m</body>[39m

      218 |
      219 |         // Initially shows fallback
    > 220 |         expect(screen.getByTestId('suspense-fallback')).toBeInTheDocument();
          |                       ^
      221 |
      222 |         // Wait for lazy loading
      223 |         await waitFor(() => {

      at Object.getElementError (node_modules/@testing-library/dom/dist/config.js:37:19)
      at node_modules/@testing-library/dom/dist/query-helpers.js:76:38
      at node_modules/@testing-library/dom/dist/query-helpers.js:52:17
      at node_modules/@testing-library/dom/dist/query-helpers.js:95:19
      at Object.getByTestId (src/__tests__/components/ui/LazySection.test.tsx:220:23)

  ● LazySection › handles props changes gracefully

    TestingLibraryElementError: Unable to find an element by: [data-testid="lazy-section"]

    Ignored nodes: comments, script, style
    [36m<body>[39m
      [36m<div>[39m
        [36m<div[39m
          [33mclass[39m=[32m"initial-class"[39m
        [36m>[39m
          [36m<div[39m
            [33mdata-testid[39m=[32m"test-content"[39m
          [36m>[39m
            [0mInitial Content[0m
          [36m</div>[39m
        [36m</div>[39m
      [36m</div>[39m
    [36m</body>[39m

      248 |         );
      249 |
    > 250 |         expect(screen.getByTestId('lazy-section')).toHaveClass('initial-class');
          |                       ^
      251 |
      252 |         rerender(
      253 |             <LazySection className="updated-class">

      at Object.getElementError (node_modules/@testing-library/dom/dist/config.js:37:19)
      at node_modules/@testing-library/dom/dist/query-helpers.js:76:38
      at node_modules/@testing-library/dom/dist/query-helpers.js:52:17
      at node_modules/@testing-library/dom/dist/query-helpers.js:95:19
      at Object.getByTestId (src/__tests__/components/ui/LazySection.test.tsx:250:23)

FAIL src/__tests__/components/ui/DesktopNav.test.tsx
  ● DesktopNav › renders desktop navigation correctly

    TestingLibraryElementError: Unable to find an element with the text: Get Started. This could be because the text is broken up by multiple elements. In this case, you can provide a function for your text matcher to make your matcher more flexible.

    Ignored nodes: comments, script, style
    [36m<body>[39m
      [36m<div>[39m
        [36m<nav[39m
          [33mclass[39m=[32m"absolute left-1/2 -translate-x-1/2 hidden md:block pointer-events-auto"[39m
        [36m>[39m
          [36m<div[39m
            [33mclass[39m=[32m"
                            px-1.5 py-1.5 rounded-full flex items-center gap-0.5
                            backdrop-blur-2xl
                            bg-cream-50/10 dark:bg-cream-50/5
                            border border-white/20 dark:border-white/10
                            shadow-[0_8px_32px_rgba(0,0,0,0.08)]
                            dark:shadow-[0_8px_32px_rgba(0,0,0,0.3)]
                            transition-all duration-500
                            
                        "[39m
          [36m>[39m
            [36m<a[39m
              [33mclass[39m=[32m"
                                        px-5 py-2.5 rounded-full text-sm font-medium
                                        transition-colors duration-500 relative focus:outline-none
                                        text-red-600 dark:text-red-500
                                    "[39m
              [33mhref[39m=[32m"/en"[39m
            [36m>[39m
              [36m<div[39m
                [33mclass[39m=[32m"absolute inset-0 border-2 border-red-600 dark:border-red-500 rounded-full -z-10 shadow-[0_0_12px_rgba(220,38,38,0.15)]"[39m
              [36m/>[39m
              [36m<span[39m
                [33mclass[39m=[32m"opacity-100"[39m
              [36m>[39m
                [0mHome[0m
              [36m</span>[39m
            [36m</a>[39m
            [36m<div[39m
              [33mclass[39m=[32m"relative"[39m
            [36m>[39m
              [36m<a[39m
                [33mclass[39m=[32m"
                        px-5 py-2.5 rounded-full text-sm font-medium
                        transition-colors duration-500 relative focus:outline-none flex items-center gap-1
                        text-slate-700 dark:text-slate-300 hover:text-red-600 dark:hover:text-red-500 hover:bg-red-600/5 dark:hover:bg-red-600/10
                    "[39m
                [33mhref[39m=[32m"/Services"[39m
              [36m>[39m
                [36m<span[39m
                  [33mclass[39m=[32m""[39m
                [36m>[39m
                  [0mServices[0m
                [36m</span>[39m
                [36m<svg[39m
                  [33mclass[39m=[32m"w-3.5 h-3.5 transition-transform duration-300 "[39m
                  [33mfill[39m=[32m"none"[39m
                  [33mstroke[39m=[32m"currentColor"[39m
                  [33mviewBox[39m=[32m"0 0 24 24"[39m
                [36m>[39m
                  [36m<path[39m
                    [33md[39m=[32m"M19 9l-7 7-7-7"[39m
                    [33mstroke-linecap[39m=[32m"round"[39m
                    [33mstroke-linejoin[39m=[32m"round"[39m
                    [33mstroke-width[39m=[32m"2"[39m
                  [36m/>[39m
                [36m</svg>[39m
              [36m</a>[39m
            [36m</div>[39m
            [36m<a[39m
              [33mclass[39m=[32m"
                                        px-5 py-2.5 rounded-full text-sm font-medium
                                        transition-colors duration-500 relative focus:outline-none
                                        text-slate-700 dark:text-slate-300 hover:text-red-600 dark:hover:text-red-500 hover:bg-red-600/5 dark:hover:bg-red-600/10
                                    "[39m
              [33mhref[39m=[32m"/en/showreel"[39m
            [36m>[39m
              [36m<span[39m
                [33mclass[39m=[32m""[39m
              [36m>[39m
                [0mShowreel[0m
              [36m</span>[39m
            [36m</a>[39m
            [36m<a[39m
              [33mclass[39m=[32m"
                                        px-5 py-2.5 rounded-full text-sm font-medium
                                        transition-colors duration-500 relative focus:outline-none
                                        text-slate-700 dark:text-slate-300 hover:text-red-600 dark:hover:text-red-500 hover:bg-red-600/5 dark:hover:bg-red-600/10
                                    "[39m
              [33mhref[39m=[32m"/en/about"[39m
            [36m>[39m
              [36m<span[39m
                [33mclass[39m=[32m""[39m
              [36m>[39m
                [0mAbout[0m
              [36m</span>[39m
            [36m</a>[39m
            [36m<a[39m
              [33mclass[39m=[32m"
                                        px-5 py-2.5 rounded-full text-sm font-medium
                                        transition-colors duration-500 relative focus:outline-none
                                        text-slate-700 dark:text-slate-300 hover:text-red-600 dark:hover:text-red-500 hover:bg-red-600/5 dark:hover:bg-red-600/10
                                    "[39m
              [33mhref[39m=[32m"/en/contact"[39m
            [36m>[39m
              [36m<span[39m
                [33mclass[39m=[32m""[39m
              [36m>[39m
                [0mContact[0m
              [36m</span>[39m
            [36m</a>[39m
          [36m</div>[39m
        [36m</nav>[39m
        [36m<div[39m
          [33mclass[39m=[32m"hidden md:flex items-center gap-2 pointer-events-auto transition-all duration-500 translate-y-0 opacity-100"[39m
        [36m>[39m
          [36m<div[39m
            [33mclass[39m=[32m"flex items-center gap-2"[39m
          [36m>[39m
            [36m<div[39m
              [33mclass[39m=[32m"backdrop-blur-2xl bg-cream-50/10 dark:bg-cream-50/5 p-1.5 rounded-full flex items-center gap-1 shadow-[0_4px_16px_rgba(0,0,0,0.06)]"[39m
            [36m>[39m
              [36m<div[39m
                [33maria-label[39m=[32m"Select language"[39m
                [33mclass[39m=[32m"
                    flex items-center gap-0.5 transition-opacity duration-300 max-w-fit
                    px-0 py-0 -my-2.5 -mx-1
                "[39m
                [33mrole[39m=[32m"group"[39m
              [36m>[39m
                [36m<button[39m
                  [33maria-label[39m=[32m"Switch to Español"[39m
                  [33maria-pressed[39m=[32m"false"[39m
                  [33mclass[39m=[32m"
                                relative px-2 py-1 text-xs font-bold uppercase
                                transition-all duration-300 rounded-full
                                text-slate-600 dark:text-slate-400 hover:text-red-600 dark:hover:text-red-500
                            "[39m
                [36m>[39m
                  [36m<span[39m
                    [33mclass[39m=[32m"relative z-10"[39m
                  [36m>[39m
                    [0mES[0m
                  [36m</span>[39m
                [36m</button>[39m
                [36m<button[39m
                  [33maria-label[39m=[32m"Switch to English"[39m
                  [33maria-pressed[39m=[32m"true"[39m
                  [33mclass[39m=[32m"
                                relative px-2 py-1 text-xs font-bold uppercase
                                transition-all duration-300 rounded-full
                                text-red-600 dark:text-red-500
                            "[39m
                [36m>[39m
                  [36m<span[39m
                    [33mclass[39m=[32m"relative z-10"[39m
                  [36m>[39m
                    [0mEN[0m
                  [36m</span>[39m
                [36m</button>[39m
                [36m<button[39m
                  [33maria-label[39m=[32m"Switch to Русский"[39m
                  [33maria-pressed[39m=[32m"false"[39m
                  [33mclass[39m=[32m"
                                relative px-2 py-1 text-xs font-bold uppercase
                                transition-all duration-300 rounded-full
                                text-slate-600 dark:text-slate-400 hover:text-red-600 dark:hover:text-red-500
                            "[39m
                [36m>[39m
                  [36m<span[39m
                    [33mclass[39m=[32m"relative z-10"[39m
                  [36m>[39m
                    [0mRU[0m
                  [36m</span>[39m
                [36m</button>[39m
              [36m</div>[39m
            [36m</div>[39m
            [36m<div[39m
              [33mclass[39m=[32m"backdrop-blur-2xl bg-cream-50/10 dark:bg-cream-50/5 border border-white/20 dark:border-white/10 p-1.5 rounded-full shadow-[0_4px_16px_rgba(0,0,0,0.06)]"[39m
            [36m>[39m
              [36m<button[39m
                [33maria-label[39m=[32m"Switch to dark mode"[39m
                [33mclass[39m=[32m"w-8 h-8 rounded-full flex items-center justify-center text-slate-600 dark:text-white transition-colors duration-300 "[39m
              [36m>[39m
                [36m<div>[39m
                  [36m<svg[39m
                    [33mclass[39m=[32m"w-5 h-5"[39m
                    [33mfill[39m=[32m"none"[39m
                    [33mstroke[39m=[32m"currentColor"[39m
                    [33mstroke-width[39m=[32m"2"[39m
                    [33mviewBox[39m=[32m"0 0 24 24"[39m
                  [36m>[39m
                    [36m<path[39m
                      [33md[39m=[32m"M21 12.79A9 9 0 1 1 11.21 3 7 7 0 0 0 21 12.79z"[39m
                      [33mstroke-linecap[39m=[32m"round"[39m
                      [33mstroke-linejoin[39m=[32m"round"[39m
                    [36m/>[39m
                  [36m</svg>[39m
                [36m</div>[39m
              [36m</button>[39m
            [36m</div>[39m
          [36m</div>[39m
        [36m</div>[39m
      [36m</div>[39m
    [36m</body>[39m

      89 |         expect(screen.getByText('About')).toBeInTheDocument();
      90 |         expect(screen.getByText('Contact')).toBeInTheDocument();
    > 91 |         expect(screen.getByText('Get Started')).toBeInTheDocument();
         |                       ^
      92 |     });
      93 |
      94 |     it('applies scrolled class when isScrolled is true', () => {

      at Object.getElementError (node_modules/@testing-library/dom/dist/config.js:37:19)
      at node_modules/@testing-library/dom/dist/query-helpers.js:76:38
      at node_modules/@testing-library/dom/dist/query-helpers.js:52:17
      at node_modules/@testing-library/dom/dist/query-helpers.js:95:19
      at Object.getByText (src/__tests__/components/ui/DesktopNav.test.tsx:91:23)

  ● DesktopNav › applies scrolled class when isScrolled is true

    expect(element).toHaveClass("scrolled")

    Expected the element to have class:
      scrolled
    Received:
      absolute left-1/2 -translate-x-1/2 hidden md:block pointer-events-auto

       96 |
       97 |         const nav = screen.getByRole('navigation');
    >  98 |         expect(nav).toHaveClass('scrolled');
          |                     ^
       99 |     });
      100 |
      101 |     it('does not apply scrolled class when isScrolled is false', () => {

      at Object.toHaveClass (src/__tests__/components/ui/DesktopNav.test.tsx:98:21)

  ● DesktopNav › renders logo correctly

    TestingLibraryElementError: Unable to find an element by: [data-testid="logo"]

    Ignored nodes: comments, script, style
    [36m<body>[39m
      [36m<div>[39m
        [36m<nav[39m
          [33mclass[39m=[32m"absolute left-1/2 -translate-x-1/2 hidden md:block pointer-events-auto"[39m
        [36m>[39m
          [36m<div[39m
            [33mclass[39m=[32m"
                            px-1.5 py-1.5 rounded-full flex items-center gap-0.5
                            backdrop-blur-2xl
                            bg-cream-50/10 dark:bg-cream-50/5
                            border border-white/20 dark:border-white/10
                            shadow-[0_8px_32px_rgba(0,0,0,0.08)]
                            dark:shadow-[0_8px_32px_rgba(0,0,0,0.3)]
                            transition-all duration-500
                            
                        "[39m
          [36m>[39m
            [36m<a[39m
              [33mclass[39m=[32m"
                                        px-5 py-2.5 rounded-full text-sm font-medium
                                        transition-colors duration-500 relative focus:outline-none
                                        text-red-600 dark:text-red-500
                                    "[39m
              [33mhref[39m=[32m"/en"[39m
            [36m>[39m
              [36m<div[39m
                [33mclass[39m=[32m"absolute inset-0 border-2 border-red-600 dark:border-red-500 rounded-full -z-10 shadow-[0_0_12px_rgba(220,38,38,0.15)]"[39m
              [36m/>[39m
              [36m<span[39m
                [33mclass[39m=[32m"opacity-100"[39m
              [36m>[39m
                [0mHome[0m
              [36m</span>[39m
            [36m</a>[39m
            [36m<div[39m
              [33mclass[39m=[32m"relative"[39m
            [36m>[39m
              [36m<a[39m
                [33mclass[39m=[32m"
                        px-5 py-2.5 rounded-full text-sm font-medium
                        transition-colors duration-500 relative focus:outline-none flex items-center gap-1
                        text-slate-700 dark:text-slate-300 hover:text-red-600 dark:hover:text-red-500 hover:bg-red-600/5 dark:hover:bg-red-600/10
                    "[39m
                [33mhref[39m=[32m"/Services"[39m
              [36m>[39m
                [36m<span[39m
                  [33mclass[39m=[32m""[39m
                [36m>[39m
                  [0mServices[0m
                [36m</span>[39m
                [36m<svg[39m
                  [33mclass[39m=[32m"w-3.5 h-3.5 transition-transform duration-300 "[39m
                  [33mfill[39m=[32m"none"[39m
                  [33mstroke[39m=[32m"currentColor"[39m
                  [33mviewBox[39m=[32m"0 0 24 24"[39m
                [36m>[39m
                  [36m<path[39m
                    [33md[39m=[32m"M19 9l-7 7-7-7"[39m
                    [33mstroke-linecap[39m=[32m"round"[39m
                    [33mstroke-linejoin[39m=[32m"round"[39m
                    [33mstroke-width[39m=[32m"2"[39m
                  [36m/>[39m
                [36m</svg>[39m
              [36m</a>[39m
            [36m</div>[39m
            [36m<a[39m
              [33mclass[39m=[32m"
                                        px-5 py-2.5 rounded-full text-sm font-medium
                                        transition-colors duration-500 relative focus:outline-none
                                        text-slate-700 dark:text-slate-300 hover:text-red-600 dark:hover:text-red-500 hover:bg-red-600/5 dark:hover:bg-red-600/10
                                    "[39m
              [33mhref[39m=[32m"/en/showreel"[39m
            [36m>[39m
              [36m<span[39m
                [33mclass[39m=[32m""[39m
              [36m>[39m
                [0mShowreel[0m
              [36m</span>[39m
            [36m</a>[39m
            [36m<a[39m
              [33mclass[39m=[32m"
                                        px-5 py-2.5 rounded-full text-sm font-medium
                                        transition-colors duration-500 relative focus:outline-none
                                        text-slate-700 dark:text-slate-300 hover:text-red-600 dark:hover:text-red-500 hover:bg-red-600/5 dark:hover:bg-red-600/10
                                    "[39m
              [33mhref[39m=[32m"/en/about"[39m
            [36m>[39m
              [36m<span[39m
                [33mclass[39m=[32m""[39m
              [36m>[39m
                [0mAbout[0m
              [36m</span>[39m
            [36m</a>[39m
            [36m<a[39m
              [33mclass[39m=[32m"
                                        px-5 py-2.5 rounded-full text-sm font-medium
                                        transition-colors duration-500 relative focus:outline-none
                                        text-slate-700 dark:text-slate-300 hover:text-red-600 dark:hover:text-red-500 hover:bg-red-600/5 dark:hover:bg-red-600/10
                                    "[39m
              [33mhref[39m=[32m"/en/contact"[39m
            [36m>[39m
              [36m<span[39m
                [33mclass[39m=[32m""[39m
              [36m>[39m
                [0mContact[0m
              [36m</span>[39m
            [36m</a>[39m
          [36m</div>[39m
        [36m</nav>[39m
        [36m<div[39m
          [33mclass[39m=[32m"hidden md:flex items-center gap-2 pointer-events-auto transition-all duration-500 translate-y-0 opacity-100"[39m
        [36m>[39m
          [36m<div[39m
            [33mclass[39m=[32m"flex items-center gap-2"[39m
          [36m>[39m
            [36m<div[39m
              [33mclass[39m=[32m"backdrop-blur-2xl bg-cream-50/10 dark:bg-cream-50/5 p-1.5 rounded-full flex items-center gap-1 shadow-[0_4px_16px_rgba(0,0,0,0.06)]"[39m
            [36m>[39m
              [36m<div[39m
                [33maria-label[39m=[32m"Select language"[39m
                [33mclass[39m=[32m"
                    flex items-center gap-0.5 transition-opacity duration-300 max-w-fit
                    px-0 py-0 -my-2.5 -mx-1
                "[39m
                [33mrole[39m=[32m"group"[39m
              [36m>[39m
                [36m<button[39m
                  [33maria-label[39m=[32m"Switch to Español"[39m
                  [33maria-pressed[39m=[32m"false"[39m
                  [33mclass[39m=[32m"
                                relative px-2 py-1 text-xs font-bold uppercase
                                transition-all duration-300 rounded-full
                                text-slate-600 dark:text-slate-400 hover:text-red-600 dark:hover:text-red-500
                            "[39m
                [36m>[39m
                  [36m<span[39m
                    [33mclass[39m=[32m"relative z-10"[39m
                  [36m>[39m
                    [0mES[0m
                  [36m</span>[39m
                [36m</button>[39m
                [36m<button[39m
                  [33maria-label[39m=[32m"Switch to English"[39m
                  [33maria-pressed[39m=[32m"true"[39m
                  [33mclass[39m=[32m"
                                relative px-2 py-1 text-xs font-bold uppercase
                                transition-all duration-300 rounded-full
                                text-red-600 dark:text-red-500
                            "[39m
                [36m>[39m
                  [36m<span[39m
                    [33mclass[39m=[32m"relative z-10"[39m
                  [36m>[39m
                    [0mEN[0m
                  [36m</span>[39m
                [36m</button>[39m
                [36m<button[39m
                  [33maria-label[39m=[32m"Switch to Русский"[39m
                  [33maria-pressed[39m=[32m"false"[39m
                  [33mclass[39m=[32m"
                                relative px-2 py-1 text-xs font-bold uppercase
                                transition-all duration-300 rounded-full
                                text-slate-600 dark:text-slate-400 hover:text-red-600 dark:hover:text-red-500
                            "[39m
                [36m>[39m
                  [36m<span[39m
                    [33mclass[39m=[32m"relative z-10"[39m
                  [36m>[39m
                    [0mRU[0m
                  [36m</span>[39m
                [36m</button>[39m
              [36m</div>[39m
            [36m</div>[39m
            [36m<div[39m
              [33mclass[39m=[32m"backdrop-blur-2xl bg-cream-50/10 dark:bg-cream-50/5 border border-white/20 dark:border-white/10 p-1.5 rounded-full shadow-[0_4px_16px_rgba(0,0,0,0.06)]"[39m
            [36m>[39m
              [36m<button[39m
                [33maria-label[39m=[32m"Switch to dark mode"[39m
                [33mclass[39m=[32m"w-8 h-8 rounded-full flex items-center justify-center text-slate-600 dark:text-white transition-colors duration-300 "[39m
              [36m>[39m
                [36m<div>[39m
                  [36m<svg[39m
                    [33mclass[39m=[32m"w-5 h-5"[39m
                    [33mfill[39m=[32m"none"[39m
                    [33mstroke[39m=[32m"currentColor"[39m
                    [33mstroke-width[39m=[32m"2"[39m
                    [33mviewBox[39m=[32m"0 0 24 24"[39m
                  [36m>[39m
                    [36m<path[39m
                      [33md[39m=[32m"M21 12.79A9 9 0 1 1 11.21 3 7 7 0 0 0 21 12.79z"[39m
                      [33mstroke-linecap[39m=[32m"round"[39m
                      [33mstroke-linejoin[39m=[32m"round"[39m
                    [36m/>[39m
                  [36m</svg>[39m
                [36m</div>[39m
              [36m</button>[39m
            [36m</div>[39m
          [36m</div>[39m
        [36m</div>[39m
      [36m</div>[39m
    [36m</body>[39m

      109 |         render(<DesktopNav {...defaultProps} />);
      110 |
    > 111 |         expect(screen.getByTestId('logo')).toBeInTheDocument();
          |                       ^
      112 |     });
      113 |
      114 |     it('renders navigation links correctly', () => {

      at Object.getElementError (node_modules/@testing-library/dom/dist/config.js:37:19)
      at node_modules/@testing-library/dom/dist/query-helpers.js:76:38
      at node_modules/@testing-library/dom/dist/query-helpers.js:52:17
      at node_modules/@testing-library/dom/dist/query-helpers.js:95:19
      at Object.getByTestId (src/__tests__/components/ui/DesktopNav.test.tsx:111:23)

  ● DesktopNav › renders navigation links correctly

    expect(element).toHaveAttribute("href", "/en/services") // element.getAttribute("href") === "/en/services"

    Expected the element to have attribute:
      href="/en/services"
    Received:
      href="/Services"

      116 |
      117 |         const servicesLink = screen.getByRole('link', { name: /services/i });
    > 118 |         expect(servicesLink).toHaveAttribute('href', '/en/services');
          |                              ^
      119 |
      120 |         const showreelLink = screen.getByRole('link', { name: /showreel/i });
      121 |         expect(showreelLink).toHaveAttribute('href', '/en/showreel');

      at Object.toHaveAttribute (src/__tests__/components/ui/DesktopNav.test.tsx:118:30)

  ● DesktopNav › renders utility controls

    TestingLibraryElementError: Unable to find an element by: [data-testid="theme-toggle"]

    Ignored nodes: comments, script, style
    [36m<body>[39m
      [36m<div>[39m
        [36m<nav[39m
          [33mclass[39m=[32m"absolute left-1/2 -translate-x-1/2 hidden md:block pointer-events-auto"[39m
        [36m>[39m
          [36m<div[39m
            [33mclass[39m=[32m"
                            px-1.5 py-1.5 rounded-full flex items-center gap-0.5
                            backdrop-blur-2xl
                            bg-cream-50/10 dark:bg-cream-50/5
                            border border-white/20 dark:border-white/10
                            shadow-[0_8px_32px_rgba(0,0,0,0.08)]
                            dark:shadow-[0_8px_32px_rgba(0,0,0,0.3)]
                            transition-all duration-500
                            
                        "[39m
          [36m>[39m
            [36m<a[39m
              [33mclass[39m=[32m"
                                        px-5 py-2.5 rounded-full text-sm font-medium
                                        transition-colors duration-500 relative focus:outline-none
                                        text-red-600 dark:text-red-500
                                    "[39m
              [33mhref[39m=[32m"/en"[39m
            [36m>[39m
              [36m<div[39m
                [33mclass[39m=[32m"absolute inset-0 border-2 border-red-600 dark:border-red-500 rounded-full -z-10 shadow-[0_0_12px_rgba(220,38,38,0.15)]"[39m
              [36m/>[39m
              [36m<span[39m
                [33mclass[39m=[32m"opacity-100"[39m
              [36m>[39m
                [0mHome[0m
              [36m</span>[39m
            [36m</a>[39m
            [36m<div[39m
              [33mclass[39m=[32m"relative"[39m
            [36m>[39m
              [36m<a[39m
                [33mclass[39m=[32m"
                        px-5 py-2.5 rounded-full text-sm font-medium
                        transition-colors duration-500 relative focus:outline-none flex items-center gap-1
                        text-slate-700 dark:text-slate-300 hover:text-red-600 dark:hover:text-red-500 hover:bg-red-600/5 dark:hover:bg-red-600/10
                    "[39m
                [33mhref[39m=[32m"/Services"[39m
              [36m>[39m
                [36m<span[39m
                  [33mclass[39m=[32m""[39m
                [36m>[39m
                  [0mServices[0m
                [36m</span>[39m
                [36m<svg[39m
                  [33mclass[39m=[32m"w-3.5 h-3.5 transition-transform duration-300 "[39m
                  [33mfill[39m=[32m"none"[39m
                  [33mstroke[39m=[32m"currentColor"[39m
                  [33mviewBox[39m=[32m"0 0 24 24"[39m
                [36m>[39m
                  [36m<path[39m
                    [33md[39m=[32m"M19 9l-7 7-7-7"[39m
                    [33mstroke-linecap[39m=[32m"round"[39m
                    [33mstroke-linejoin[39m=[32m"round"[39m
                    [33mstroke-width[39m=[32m"2"[39m
                  [36m/>[39m
                [36m</svg>[39m
              [36m</a>[39m
            [36m</div>[39m
            [36m<a[39m
              [33mclass[39m=[32m"
                                        px-5 py-2.5 rounded-full text-sm font-medium
                                        transition-colors duration-500 relative focus:outline-none
                                        text-slate-700 dark:text-slate-300 hover:text-red-600 dark:hover:text-red-500 hover:bg-red-600/5 dark:hover:bg-red-600/10
                                    "[39m
              [33mhref[39m=[32m"/en/showreel"[39m
            [36m>[39m
              [36m<span[39m
                [33mclass[39m=[32m""[39m
              [36m>[39m
                [0mShowreel[0m
              [36m</span>[39m
            [36m</a>[39m
            [36m<a[39m
              [33mclass[39m=[32m"
                                        px-5 py-2.5 rounded-full text-sm font-medium
                                        transition-colors duration-500 relative focus:outline-none
                                        text-slate-700 dark:text-slate-300 hover:text-red-600 dark:hover:text-red-500 hover:bg-red-600/5 dark:hover:bg-red-600/10
                                    "[39m
              [33mhref[39m=[32m"/en/about"[39m
            [36m>[39m
              [36m<span[39m
                [33mclass[39m=[32m""[39m
              [36m>[39m
                [0mAbout[0m
              [36m</span>[39m
            [36m</a>[39m
            [36m<a[39m
              [33mclass[39m=[32m"
                                        px-5 py-2.5 rounded-full text-sm font-medium
                                        transition-colors duration-500 relative focus:outline-none
                                        text-slate-700 dark:text-slate-300 hover:text-red-600 dark:hover:text-red-500 hover:bg-red-600/5 dark:hover:bg-red-600/10
                                    "[39m
              [33mhref[39m=[32m"/en/contact"[39m
            [36m>[39m
              [36m<span[39m
                [33mclass[39m=[32m""[39m
              [36m>[39m
                [0mContact[0m
              [36m</span>[39m
            [36m</a>[39m
          [36m</div>[39m
        [36m</nav>[39m
        [36m<div[39m
          [33mclass[39m=[32m"hidden md:flex items-center gap-2 pointer-events-auto transition-all duration-500 translate-y-0 opacity-100"[39m
        [36m>[39m
          [36m<div[39m
            [33mclass[39m=[32m"flex items-center gap-2"[39m
          [36m>[39m
            [36m<div[39m
              [33mclass[39m=[32m"backdrop-blur-2xl bg-cream-50/10 dark:bg-cream-50/5 p-1.5 rounded-full flex items-center gap-1 shadow-[0_4px_16px_rgba(0,0,0,0.06)]"[39m
            [36m>[39m
              [36m<div[39m
                [33maria-label[39m=[32m"Select language"[39m
                [33mclass[39m=[32m"
                    flex items-center gap-0.5 transition-opacity duration-300 max-w-fit
                    px-0 py-0 -my-2.5 -mx-1
                "[39m
                [33mrole[39m=[32m"group"[39m
              [36m>[39m
                [36m<button[39m
                  [33maria-label[39m=[32m"Switch to Español"[39m
                  [33maria-pressed[39m=[32m"false"[39m
                  [33mclass[39m=[32m"
                                relative px-2 py-1 text-xs font-bold uppercase
                                transition-all duration-300 rounded-full
                                text-slate-600 dark:text-slate-400 hover:text-red-600 dark:hover:text-red-500
                            "[39m
                [36m>[39m
                  [36m<span[39m
                    [33mclass[39m=[32m"relative z-10"[39m
                  [36m>[39m
                    [0mES[0m
                  [36m</span>[39m
                [36m</button>[39m
                [36m<button[39m
                  [33maria-label[39m=[32m"Switch to English"[39m
                  [33maria-pressed[39m=[32m"true"[39m
                  [33mclass[39m=[32m"
                                relative px-2 py-1 text-xs font-bold uppercase
                                transition-all duration-300 rounded-full
                                text-red-600 dark:text-red-500
                            "[39m
                [36m>[39m
                  [36m<span[39m
                    [33mclass[39m=[32m"relative z-10"[39m
                  [36m>[39m
                    [0mEN[0m
                  [36m</span>[39m
                [36m</button>[39m
                [36m<button[39m
                  [33maria-label[39m=[32m"Switch to Русский"[39m
                  [33maria-pressed[39m=[32m"false"[39m
                  [33mclass[39m=[32m"
                                relative px-2 py-1 text-xs font-bold uppercase
                                transition-all duration-300 rounded-full
                                text-slate-600 dark:text-slate-400 hover:text-red-600 dark:hover:text-red-500
                            "[39m
                [36m>[39m
                  [36m<span[39m
                    [33mclass[39m=[32m"relative z-10"[39m
                  [36m>[39m
                    [0mRU[0m
                  [36m</span>[39m
                [36m</button>[39m
              [36m</div>[39m
            [36m</div>[39m
            [36m<div[39m
              [33mclass[39m=[32m"backdrop-blur-2xl bg-cream-50/10 dark:bg-cream-50/5 border border-white/20 dark:border-white/10 p-1.5 rounded-full shadow-[0_4px_16px_rgba(0,0,0,0.06)]"[39m
            [36m>[39m
              [36m<button[39m
                [33maria-label[39m=[32m"Switch to dark mode"[39m
                [33mclass[39m=[32m"w-8 h-8 rounded-full flex items-center justify-center text-slate-600 dark:text-white transition-colors duration-300 "[39m
              [36m>[39m
                [36m<div>[39m
                  [36m<svg[39m
                    [33mclass[39m=[32m"w-5 h-5"[39m
                    [33mfill[39m=[32m"none"[39m
                    [33mstroke[39m=[32m"currentColor"[39m
                    [33mstroke-width[39m=[32m"2"[39m
                    [33mviewBox[39m=[32m"0 0 24 24"[39m
                  [36m>[39m
                    [36m<path[39m
                      [33md[39m=[32m"M21 12.79A9 9 0 1 1 11.21 3 7 7 0 0 0 21 12.79z"[39m
                      [33mstroke-linecap[39m=[32m"round"[39m
                      [33mstroke-linejoin[39m=[32m"round"[39m
                    [36m/>[39m
                  [36m</svg>[39m
                [36m</div>[39m
              [36m</button>[39m
            [36m</div>[39m
          [36m</div>[39m
        [36m</div>[39m
      [36m</div>[39m
    [36m</body>[39m

      145 |         render(<DesktopNav {...defaultProps} />);
      146 |
    > 147 |         expect(screen.getByTestId('theme-toggle')).toBeInTheDocument();
          |                       ^
      148 |         expect(screen.getByTestId('language-switcher')).toBeInTheDocument();
      149 |     });
      150 |

      at Object.getElementError (node_modules/@testing-library/dom/dist/config.js:37:19)
      at node_modules/@testing-library/dom/dist/query-helpers.js:76:38
      at node_modules/@testing-library/dom/dist/query-helpers.js:52:17
      at node_modules/@testing-library/dom/dist/query-helpers.js:95:19
      at Object.getByTestId (src/__tests__/components/ui/DesktopNav.test.tsx:147:23)

  ● DesktopNav › renders get started button correctly

    TestingLibraryElementError: Unable to find an accessible element with the role "link" and name `/get started/i`

    Here are the accessible roles:

      navigation:

      Name "":
      [36m<nav[39m
        [33mclass[39m=[32m"absolute left-1/2 -translate-x-1/2 hidden md:block pointer-events-auto"[39m
      [36m/>[39m

      --------------------------------------------------
      link:

      Name "Home":
      [36m<a[39m
        [33mclass[39m=[32m"
                                          px-5 py-2.5 rounded-full text-sm font-medium
                                          transition-colors duration-500 relative focus:outline-none
                                          text-red-600 dark:text-red-500
                                      "[39m
        [33mhref[39m=[32m"/en"[39m
      [36m/>[39m

      Name "Services":
      [36m<a[39m
        [33mclass[39m=[32m"
                          px-5 py-2.5 rounded-full text-sm font-medium
                          transition-colors duration-500 relative focus:outline-none flex items-center gap-1
                          text-slate-700 dark:text-slate-300 hover:text-red-600 dark:hover:text-red-500 hover:bg-red-600/5 dark:hover:bg-red-600/10
                      "[39m
        [33mhref[39m=[32m"/Services"[39m
      [36m/>[39m

      Name "Showreel":
      [36m<a[39m
        [33mclass[39m=[32m"
                                          px-5 py-2.5 rounded-full text-sm font-medium
                                          transition-colors duration-500 relative focus:outline-none
                                          text-slate-700 dark:text-slate-300 hover:text-red-600 dark:hover:text-red-500 hover:bg-red-600/5 dark:hover:bg-red-600/10
                                      "[39m
        [33mhref[39m=[32m"/en/showreel"[39m
      [36m/>[39m

      Name "About":
      [36m<a[39m
        [33mclass[39m=[32m"
                                          px-5 py-2.5 rounded-full text-sm font-medium
                                          transition-colors duration-500 relative focus:outline-none
                                          text-slate-700 dark:text-slate-300 hover:text-red-600 dark:hover:text-red-500 hover:bg-red-600/5 dark:hover:bg-red-600/10
                                      "[39m
        [33mhref[39m=[32m"/en/about"[39m
      [36m/>[39m

      Name "Contact":
      [36m<a[39m
        [33mclass[39m=[32m"
                                          px-5 py-2.5 rounded-full text-sm font-medium
                                          transition-colors duration-500 relative focus:outline-none
                                          text-slate-700 dark:text-slate-300 hover:text-red-600 dark:hover:text-red-500 hover:bg-red-600/5 dark:hover:bg-red-600/10
                                      "[39m
        [33mhref[39m=[32m"/en/contact"[39m
      [36m/>[39m

      --------------------------------------------------
      group:

      Name "Select language":
      [36m<div[39m
        [33maria-label[39m=[32m"Select language"[39m
        [33mclass[39m=[32m"
                      flex items-center gap-0.5 transition-opacity duration-300 max-w-fit
                      px-0 py-0 -my-2.5 -mx-1
                  "[39m
        [33mrole[39m=[32m"group"[39m
      [36m/>[39m

      --------------------------------------------------
      button:

      Name "Switch to Español":
      [36m<button[39m
        [33maria-label[39m=[32m"Switch to Español"[39m
        [33maria-pressed[39m=[32m"false"[39m
        [33mclass[39m=[32m"
                                  relative px-2 py-1 text-xs font-bold uppercase
                                  transition-all duration-300 rounded-full
                                  text-slate-600 dark:text-slate-400 hover:text-red-600 dark:hover:text-red-500
                              "[39m
      [36m/>[39m

      Name "Switch to English":
      [36m<button[39m
        [33maria-label[39m=[32m"Switch to English"[39m
        [33maria-pressed[39m=[32m"true"[39m
        [33mclass[39m=[32m"
                                  relative px-2 py-1 text-xs font-bold uppercase
                                  transition-all duration-300 rounded-full
                                  text-red-600 dark:text-red-500
                              "[39m
      [36m/>[39m

      Name "Switch to Русский":
      [36m<button[39m
        [33maria-label[39m=[32m"Switch to Русский"[39m
        [33maria-pressed[39m=[32m"false"[39m
        [33mclass[39m=[32m"
                                  relative px-2 py-1 text-xs font-bold uppercase
                                  transition-all duration-300 rounded-full
                                  text-slate-600 dark:text-slate-400 hover:text-red-600 dark:hover:text-red-500
                              "[39m
      [36m/>[39m

      Name "Switch to dark mode":
      [36m<button[39m
        [33maria-label[39m=[32m"Switch to dark mode"[39m
        [33mclass[39m=[32m"w-8 h-8 rounded-full flex items-center justify-center text-slate-600 dark:text-white transition-colors duration-300 "[39m
      [36m/>[39m

      --------------------------------------------------

    Ignored nodes: comments, script, style
    [36m<body>[39m
      [36m<div>[39m
        [36m<nav[39m
          [33mclass[39m=[32m"absolute left-1/2 -translate-x-1/2 hidden md:block pointer-events-auto"[39m
        [36m>[39m
          [36m<div[39m
            [33mclass[39m=[32m"
                            px-1.5 py-1.5 rounded-full flex items-center gap-0.5
                            backdrop-blur-2xl
                            bg-cream-50/10 dark:bg-cream-50/5
                            border border-white/20 dark:border-white/10
                            shadow-[0_8px_32px_rgba(0,0,0,0.08)]
                            dark:shadow-[0_8px_32px_rgba(0,0,0,0.3)]
                            transition-all duration-500
                            
                        "[39m
          [36m>[39m
            [36m<a[39m
              [33mclass[39m=[32m"
                                        px-5 py-2.5 rounded-full text-sm font-medium
                                        transition-colors duration-500 relative focus:outline-none
                                        text-red-600 dark:text-red-500
                                    "[39m
              [33mhref[39m=[32m"/en"[39m
            [36m>[39m
              [36m<div[39m
                [33mclass[39m=[32m"absolute inset-0 border-2 border-red-600 dark:border-red-500 rounded-full -z-10 shadow-[0_0_12px_rgba(220,38,38,0.15)]"[39m
              [36m/>[39m
              [36m<span[39m
                [33mclass[39m=[32m"opacity-100"[39m
              [36m>[39m
                [0mHome[0m
              [36m</span>[39m
            [36m</a>[39m
            [36m<div[39m
              [33mclass[39m=[32m"relative"[39m
            [36m>[39m
              [36m<a[39m
                [33mclass[39m=[32m"
                        px-5 py-2.5 rounded-full text-sm font-medium
                        transition-colors duration-500 relative focus:outline-none flex items-center gap-1
                        text-slate-700 dark:text-slate-300 hover:text-red-600 dark:hover:text-red-500 hover:bg-red-600/5 dark:hover:bg-red-600/10
                    "[39m
                [33mhref[39m=[32m"/Services"[39m
              [36m>[39m
                [36m<span[39m
                  [33mclass[39m=[32m""[39m
                [36m>[39m
                  [0mServices[0m
                [36m</span>[39m
                [36m<svg[39m
                  [33mclass[39m=[32m"w-3.5 h-3.5 transition-transform duration-300 "[39m
                  [33mfill[39m=[32m"none"[39m
                  [33mstroke[39m=[32m"currentColor"[39m
                  [33mviewBox[39m=[32m"0 0 24 24"[39m
                [36m>[39m
                  [36m<path[39m
                    [33md[39m=[32m"M19 9l-7 7-7-7"[39m
                    [33mstroke-linecap[39m=[32m"round"[39m
                    [33mstroke-linejoin[39m=[32m"round"[39m
                    [33mstroke-width[39m=[32m"2"[39m
                  [36m/>[39m
                [36m</svg>[39m
              [36m</a>[39m
            [36m</div>[39m
            [36m<a[39m
              [33mclass[39m=[32m"
                                        px-5 py-2.5 rounded-full text-sm font-medium
                                        transition-colors duration-500 relative focus:outline-none
                                        text-slate-700 dark:text-slate-300 hover:text-red-600 dark:hover:text-red-500 hover:bg-red-600/5 dark:hover:bg-red-600/10
                                    "[39m
              [33mhref[39m=[32m"/en/showreel"[39m
            [36m>[39m
              [36m<span[39m
                [33mclass[39m=[32m""[39m
              [36m>[39m
                [0mShowreel[0m
              [36m</span>[39m
            [36m</a>[39m
            [36m<a[39m
              [33mclass[39m=[32m"
                                        px-5 py-2.5 rounded-full text-sm font-medium
                                        transition-colors duration-500 relative focus:outline-none
                                        text-slate-700 dark:text-slate-300 hover:text-red-600 dark:hover:text-red-500 hover:bg-red-600/5 dark:hover:bg-red-600/10
                                    "[39m
              [33mhref[39m=[32m"/en/about"[39m
            [36m>[39m
              [36m<span[39m
                [33mclass[39m=[32m""[39m
              [36m>[39m
                [0mAbout[0m
              [36m</span>[39m
            [36m</a>[39m
            [36m<a[39m
              [33mclass[39m=[32m"
                                        px-5 py-2.5 rounded-full text-sm font-medium
                                        transition-colors duration-500 relative focus:outline-none
                                        text-slate-700 dark:text-slate-300 hover:text-red-600 dark:hover:text-red-500 hover:bg-red-600/5 dark:hover:bg-red-600/10
                                    "[39m
              [33mhref[39m=[32m"/en/contact"[39m
            [36m>[39m
              [36m<span[39m
                [33mclass[39m=[32m""[39m
              [36m>[39m
                [0mContact[0m
              [36m</span>[39m
            [36m</a>[39m
          [36m</div>[39m
        [36m</nav>[39m
        [36m<div[39m
          [33mclass[39m=[32m"hidden md:flex items-center gap-2 pointer-events-auto transition-all duration-500 translate-y-0 opacity-100"[39m
        [36m>[39m
          [36m<div[39m
            [33mclass[39m=[32m"flex items-center gap-2"[39m
          [36m>[39m
            [36m<div[39m
              [33mclass[39m=[32m"backdrop-blur-2xl bg-cream-50/10 dark:bg-cream-50/5 p-1.5 rounded-full flex items-center gap-1 shadow-[0_4px_16px_rgba(0,0,0,0.06)]"[39m
            [36m>[39m
              [36m<div[39m
                [33maria-label[39m=[32m"Select language"[39m
                [33mclass[39m=[32m"
                    flex items-center gap-0.5 transition-opacity duration-300 max-w-fit
                    px-0 py-0 -my-2.5 -mx-1
                "[39m
                [33mrole[39m=[32m"group"[39m
              [36m>[39m
                [36m<button[39m
                  [33maria-label[39m=[32m"Switch to Español"[39m
                  [33maria-pressed[39m=[32m"false"[39m
                  [33mclass[39m=[32m"
                                relative px-2 py-1 text-xs font-bold uppercase
                                transition-all duration-300 rounded-full
                                text-slate-600 dark:text-slate-400 hover:text-red-600 dark:hover:text-red-500
                            "[39m
                [36m>[39m
                  [36m<span[39m
                    [33mclass[39m=[32m"relative z-10"[39m
                  [36m>[39m
                    [0mES[0m
                  [36m</span>[39m
                [36m</button>[39m
                [36m<button[39m
                  [33maria-label[39m=[32m"Switch to English"[39m
                  [33maria-pressed[39m=[32m"true"[39m
                  [33mclass[39m=[32m"
                                relative px-2 py-1 text-xs font-bold uppercase
                                transition-all duration-300 rounded-full
                                text-red-600 dark:text-red-500
                            "[39m
                [36m>[39m
                  [36m<span[39m
                    [33mclass[39m=[32m"relative z-10"[39m
                  [36m>[39m
                    [0mEN[0m
                  [36m</span>[39m
                [36m</button>[39m
                [36m<button[39m
                  [33maria-label[39m=[32m"Switch to Русский"[39m
                  [33maria-pressed[39m=[32m"false"[39m
                  [33mclass[39m=[32m"
                                relative px-2 py-1 text-xs font-bold uppercase
                                transition-all duration-300 rounded-full
                                text-slate-600 dark:text-slate-400 hover:text-red-600 dark:hover:text-red-500
                            "[39m
                [36m>[39m
                  [36m<span[39m
                    [33mclass[39m=[32m"relative z-10"[39m
                  [36m>[39m
                    [0mRU[0m
                  [36m</span>[39m
                [36m</button>[39m
              [36m</div>[39m
            [36m</div>[39m
            [36m<div[39m
              [33mclass[39m=[32m"backdrop-blur-2xl bg-cream-50/10 dark:bg-cream-50/5 border border-white/20 dark:border-white/10 p-1.5 rounded-full shadow-[0_4px_16px_rgba(0,0,0,0.06)]"[39m
            [36m>[39m
              [36m<button[39m
                [33maria-label[39m=[32m"Switch to dark mode"[39m
                [33mclass[39m=[32m"w-8 h-8 rounded-full flex items-center justify-center text-slate-600 dark:text-white transition-colors duration-300 "[39m
              [36m>[39m
                [36m<div>[39m
                  [36m<svg[39m
                    [33mclass[39m=[32m"w-5 h-5"[39m
                    [33mfill[39m=[32m"none"[39m
                    [33mstroke[39m=[32m"currentColor"[39m
                    [33mstroke-width[39m=[32m"2"[39m
                    [33mviewBox[39m=[32m"0 0 24 24"[39m
                  [36m>[39m
                    [36m<path[39m
                      [33md[39m=[32m"M21 12.79A9 9 0 1 1 11.21 3 7 7 0 0 0 21 12.79z"[39m
                      [33mstroke-linecap[39m=[32m"round"[39m
                      [33mstroke-linejoin[39m=[32m"round"[39m
                    [36m/>[39m
                  [36m</svg>[39m
                [36m</div>[39m
              [36m</button>[39m
            [36m</div>[39m
          [36m</div>[39m
        [36m</div>[39m
      [36m</div>[39m
    [36m</body>[39m

      182 |         render(<DesktopNav {...defaultProps} />);
      183 |
    > 184 |         const getStartedButton = screen.getByRole('link', { name: /get started/i });
          |                                         ^
      185 |         expect(getStartedButton).toHaveAttribute('href', '/en/contact');
      186 |         expect(getStartedButton).toHaveClass('bg-red-600');
      187 |     });

      at Object.getElementError (node_modules/@testing-library/dom/dist/config.js:37:19)
      at node_modules/@testing-library/dom/dist/query-helpers.js:76:38
      at node_modules/@testing-library/dom/dist/query-helpers.js:52:17
      at node_modules/@testing-library/dom/dist/query-helpers.js:95:19
      at Object.getByRole (src/__tests__/components/ui/DesktopNav.test.tsx:184:41)

  ● DesktopNav › handles different languages correctly

    TestingLibraryElementError: Unable to find an element with the text: Empezar. This could be because the text is broken up by multiple elements. In this case, you can provide a function for your text matcher to make your matcher more flexible.

    Ignored nodes: comments, script, style
    [36m<body>[39m
      [36m<div>[39m
        [36m<nav[39m
          [33mclass[39m=[32m"absolute left-1/2 -translate-x-1/2 hidden md:block pointer-events-auto"[39m
        [36m>[39m
          [36m<div[39m
            [33mclass[39m=[32m"
                            px-1.5 py-1.5 rounded-full flex items-center gap-0.5
                            backdrop-blur-2xl
                            bg-cream-50/10 dark:bg-cream-50/5
                            border border-white/20 dark:border-white/10
                            shadow-[0_8px_32px_rgba(0,0,0,0.08)]
                            dark:shadow-[0_8px_32px_rgba(0,0,0,0.3)]
                            transition-all duration-500
                            
                        "[39m
          [36m>[39m
            [36m<a[39m
              [33mclass[39m=[32m"
                                        px-5 py-2.5 rounded-full text-sm font-medium
                                        transition-colors duration-500 relative focus:outline-none
                                        text-slate-700 dark:text-slate-300 hover:text-red-600 dark:hover:text-red-500 hover:bg-red-600/5 dark:hover:bg-red-600/10
                                    "[39m
              [33mhref[39m=[32m"/es"[39m
            [36m>[39m
              [36m<span[39m
                [33mclass[39m=[32m""[39m
              [36m>[39m
                [0mInicio[0m
              [36m</span>[39m
            [36m</a>[39m
            [36m<div[39m
              [33mclass[39m=[32m"relative"[39m
            [36m>[39m
              [36m<a[39m
                [33mclass[39m=[32m"
                        px-5 py-2.5 rounded-full text-sm font-medium
                        transition-colors duration-500 relative focus:outline-none flex items-center gap-1
                        text-slate-700 dark:text-slate-300 hover:text-red-600 dark:hover:text-red-500 hover:bg-red-600/5 dark:hover:bg-red-600/10
                    "[39m
                [33mhref[39m=[32m"/Servicios"[39m
              [36m>[39m
                [36m<span[39m
                  [33mclass[39m=[32m""[39m
                [36m>[39m
                  [0mServicios[0m
                [36m</span>[39m
                [36m<svg[39m
                  [33mclass[39m=[32m"w-3.5 h-3.5 transition-transform duration-300 "[39m
                  [33mfill[39m=[32m"none"[39m
                  [33mstroke[39m=[32m"currentColor"[39m
                  [33mviewBox[39m=[32m"0 0 24 24"[39m
                [36m>[39m
                  [36m<path[39m
                    [33md[39m=[32m"M19 9l-7 7-7-7"[39m
                    [33mstroke-linecap[39m=[32m"round"[39m
                    [33mstroke-linejoin[39m=[32m"round"[39m
                    [33mstroke-width[39m=[32m"2"[39m
                  [36m/>[39m
                [36m</svg>[39m
              [36m</a>[39m
            [36m</div>[39m
            [36m<a[39m
              [33mclass[39m=[32m"
                                        px-5 py-2.5 rounded-full text-sm font-medium
                                        transition-colors duration-500 relative focus:outline-none
                                        text-slate-700 dark:text-slate-300 hover:text-red-600 dark:hover:text-red-500 hover:bg-red-600/5 dark:hover:bg-red-600/10
                                    "[39m
              [33mhref[39m=[32m"/es/showreel"[39m
            [36m>[39m
              [36m<span[39m
                [33mclass[39m=[32m""[39m
              [36m>[39m
                [0mShowreel[0m
              [36m</span>[39m
            [36m</a>[39m
            [36m<a[39m
              [33mclass[39m=[32m"
                                        px-5 py-2.5 rounded-full text-sm font-medium
                                        transition-colors duration-500 relative focus:outline-none
                                        text-slate-700 dark:text-slate-300 hover:text-red-600 dark:hover:text-red-500 hover:bg-red-600/5 dark:hover:bg-red-600/10
                                    "[39m
              [33mhref[39m=[32m"/es/about"[39m
            [36m>[39m
              [36m<span[39m
                [33mclass[39m=[32m""[39m
              [36m>[39m
                [0mNosotros[0m
              [36m</span>[39m
            [36m</a>[39m
            [36m<a[39m
              [33mclass[39m=[32m"
                                        px-5 py-2.5 rounded-full text-sm font-medium
                                        transition-colors duration-500 relative focus:outline-none
                                        text-slate-700 dark:text-slate-300 hover:text-red-600 dark:hover:text-red-500 hover:bg-red-600/5 dark:hover:bg-red-600/10
                                    "[39m
              [33mhref[39m=[32m"/es/contact"[39m
            [36m>[39m
              [36m<span[39m
                [33mclass[39m=[32m""[39m
              [36m>[39m
                [0mContacto[0m
              [36m</span>[39m
            [36m</a>[39m
          [36m</div>[39m
        [36m</nav>[39m
        [36m<div[39m
          [33mclass[39m=[32m"hidden md:flex items-center gap-2 pointer-events-auto transition-all duration-500 translate-y-0 opacity-100"[39m
        [36m>[39m
          [36m<div[39m
            [33mclass[39m=[32m"flex items-center gap-2"[39m
          [36m>[39m
            [36m<div[39m
              [33mclass[39m=[32m"backdrop-blur-2xl bg-cream-50/10 dark:bg-cream-50/5 p-1.5 rounded-full flex items-center gap-1 shadow-[0_4px_16px_rgba(0,0,0,0.06)]"[39m
            [36m>[39m
              [36m<div[39m
                [33maria-label[39m=[32m"Select language"[39m
                [33mclass[39m=[32m"
                    flex items-center gap-0.5 transition-opacity duration-300 max-w-fit
                    px-0 py-0 -my-2.5 -mx-1
                "[39m
                [33mrole[39m=[32m"group"[39m
              [36m>[39m
                [36m<button[39m
                  [33maria-label[39m=[32m"Switch to Español"[39m
                  [33maria-pressed[39m=[32m"true"[39m
                  [33mclass[39m=[32m"
                                relative px-2 py-1 text-xs font-bold uppercase
                                transition-all duration-300 rounded-full
                                text-red-600 dark:text-red-500
                            "[39m
                [36m>[39m
                  [36m<span[39m
                    [33mclass[39m=[32m"relative z-10"[39m
                  [36m>[39m
                    [0mES[0m
                  [36m</span>[39m
                [36m</button>[39m
                [36m<button[39m
                  [33maria-label[39m=[32m"Switch to English"[39m
                  [33maria-pressed[39m=[32m"false"[39m
                  [33mclass[39m=[32m"
                                relative px-2 py-1 text-xs font-bold uppercase
                                transition-all duration-300 rounded-full
                                text-slate-600 dark:text-slate-400 hover:text-red-600 dark:hover:text-red-500
                            "[39m
                [36m>[39m
                  [36m<span[39m
                    [33mclass[39m=[32m"relative z-10"[39m
                  [36m>[39m
                    [0mEN[0m
                  [36m</span>[39m
                [36m</button>[39m
                [36m<button[39m
                  [33maria-label[39m=[32m"Switch to Русский"[39m
                  [33maria-pressed[39m=[32m"false"[39m
                  [33mclass[39m=[32m"
                                relative px-2 py-1 text-xs font-bold uppercase
                                transition-all duration-300 rounded-full
                                text-slate-600 dark:text-slate-400 hover:text-red-600 dark:hover:text-red-500
                            "[39m
                [36m>[39m
                  [36m<span[39m
                    [33mclass[39m=[32m"relative z-10"[39m
                  [36m>[39m
                    [0mRU[0m
                  [36m</span>[39m
                [36m</button>[39m
              [36m</div>[39m
            [36m</div>[39m
            [36m<div[39m
              [33mclass[39m=[32m"backdrop-blur-2xl bg-cream-50/10 dark:bg-cream-50/5 border border-white/20 dark:border-white/10 p-1.5 rounded-full shadow-[0_4px_16px_rgba(0,0,0,0.06)]"[39m
            [36m>[39m
              [36m<button[39m
                [33maria-label[39m=[32m"Switch to dark mode"[39m
                [33mclass[39m=[32m"w-8 h-8 rounded-full flex items-center justify-center text-slate-600 dark:text-white transition-colors duration-300 "[39m
              [36m>[39m
                [36m<div>[39m
                  [36m<svg[39m
                    [33mclass[39m=[32m"w-5 h-5"[39m
                    [33mfill[39m=[32m"none"[39m
                    [33mstroke[39m=[32m"currentColor"[39m
                    [33mstroke-width[39m=[32m"2"[39m
                    [33mviewBox[39m=[32m"0 0 24 24"[39m
                  [36m>[39m
                    [36m<path[39m
                      [33md[39m=[32m"M21 12.79A9 9 0 1 1 11.21 3 7 7 0 0 0 21 12.79z"[39m
                      [33mstroke-linecap[39m=[32m"round"[39m
                      [33mstroke-linejoin[39m=[32m"round"[39m
                    [36m/>[39m
                  [36m</svg>[39m
                [36m</div>[39m
              [36m</button>[39m
            [36m</div>[39m
          [36m</div>[39m
        [36m</div>[39m
      [36m</div>[39m
    [36m</body>[39m

      206 |         expect(screen.getByText('Servicios')).toBeInTheDocument();
      207 |         expect(screen.getByText('Contacto')).toBeInTheDocument();
    > 208 |         expect(screen.getByText('Empezar')).toBeInTheDocument();
          |                       ^
      209 |     });
      210 |
      211 |     it('handles empty services sublinks gracefully', () => {

      at Object.getElementError (node_modules/@testing-library/dom/dist/config.js:37:19)
      at node_modules/@testing-library/dom/dist/query-helpers.js:76:38
      at node_modules/@testing-library/dom/dist/query-helpers.js:52:17
      at node_modules/@testing-library/dom/dist/query-helpers.js:95:19
      at Object.getByText (src/__tests__/components/ui/DesktopNav.test.tsx:208:23)

  ● DesktopNav › applies correct CSS classes based on scroll state

    expect(element).toHaveClass("transition-all")

    Expected the element to have class:
      transition-all
    Received:
      absolute left-1/2 -translate-x-1/2 hidden md:block pointer-events-auto

      227 |
      228 |         const nav = screen.getByRole('navigation');
    > 229 |         expect(nav).toHaveClass('transition-all');
          |                     ^
      230 |
      231 |         rerender(<DesktopNav {...defaultProps} isScrolled={true} />);
      232 |         expect(nav).toHaveClass('scrolled');

      at Object.toHaveClass (src/__tests__/components/ui/DesktopNav.test.tsx:229:21)

  ● DesktopNav › renders with correct accessibility attributes

    expect(element).toHaveAttribute("aria-label") // element.hasAttribute("aria-label")

    Expected the element to have attribute:
      aria-label
    Received:
      null

      237 |
      238 |         const nav = screen.getByRole('navigation');
    > 239 |         expect(nav).toHaveAttribute('aria-label');
          |                     ^
      240 |     });
      241 | });
      242 |

      at Object.toHaveAttribute (src/__tests__/components/ui/DesktopNav.test.tsx:239:21)

FAIL src/__tests__/components/ContactForm.advanced.test.tsx
  ● Console

    console.error
      Warning: A suspended resource finished loading inside a test, but the event was not wrapped in act(...).
      
      When testing, code that resolves suspended data should be wrapped into act(...):
      
      act(() => {
        /* finish loading suspended data */
      });
      /* assert on the output */
      
      This ensures that you're testing the behavior the user would see in the browser. Learn more at https://reactjs.org/link/wrap-tests-with-act

      at printWarning (node_modules/react-dom/cjs/react-dom.development.js:86:30)
      at error (node_modules/react-dom/cjs/react-dom.development.js:60:7)
      at warnIfSuspenseResolutionNotWrappedWithActDEV (node_modules/react-dom/cjs/react-dom.development.js:27643:7)
      at pingSuspendedRoot (node_modules/react-dom/cjs/react-dom.development.js:27228:3)

    console.error
      Warning: A suspended resource finished loading inside a test, but the event was not wrapped in act(...).
      
      When testing, code that resolves suspended data should be wrapped into act(...):
      
      act(() => {
        /* finish loading suspended data */
      });
      /* assert on the output */
      
      This ensures that you're testing the behavior the user would see in the browser. Learn more at https://reactjs.org/link/wrap-tests-with-act

      at printWarning (node_modules/react-dom/cjs/react-dom.development.js:86:30)
      at error (node_modules/react-dom/cjs/react-dom.development.js:60:7)
      at warnIfSuspenseResolutionNotWrappedWithActDEV (node_modules/react-dom/cjs/react-dom.development.js:27643:7)
      at pingSuspendedRoot (node_modules/react-dom/cjs/react-dom.development.js:27228:3)

  ● ContactForm - Advanced Testing › Component Rendering › renders all form sections correctly

    TestingLibraryElementError: Unable to find an element with the text: Send a message. This could be because the text is broken up by multiple elements. In this case, you can provide a function for your text matcher to make your matcher more flexible.

    Ignored nodes: comments, script, style
    [36m<body>[39m
      [36m<div>[39m
        [36m<div[39m
          [33mclass[39m=[32m"contact-form p-4 sm:p-6 lg:p-10 shadow-2xl relative overflow-hidden group/card transition-all duration-500 overflow-x-hidden"[39m
        [36m>[39m
          [36m<div[39m
            [33mclass[39m=[32m"space-y-8 relative z-10"[39m
          [36m>[39m
            [36m<div[39m
              [33mclass[39m=[32m"flex p-1 bg-slate-200/50 dark:bg-dark-950/40 backdrop-blur-sm rounded-2xl w-full max-w-md mx-auto relative border border-slate-300/30 dark:border-white/5"[39m
            [36m>[39m
              [36m<div[39m
                [33mclass[39m=[32m"absolute top-1 bottom-1 rounded-xl bg-white dark:bg-dark-800 shadow-md border border-slate-200/50 dark:border-white/5"[39m
                [33mstyle[39m=[32m"width: calc(50% - 4px);"[39m
              [36m/>[39m
              [36m<button[39m
                [33mclass[39m=[32m"relative flex-1 py-2.5 text-xs sm:text-sm font-bold rounded-xl transition-all duration-300 z-10 text-primary-600 dark:text-primary-400"[39m
                [33mtype[39m=[32m"button"[39m
              [36m>[39m
                [0mSend Message[0m
              [36m</button>[39m
              [36m<button[39m
                [33mclass[39m=[32m"relative flex-1 py-2.5 text-xs sm:text-sm font-bold rounded-xl transition-all duration-300 z-10 text-slate-500 dark:text-dark-500 hover:text-slate-700 dark:hover:text-dark-300"[39m
                [33mtype[39m=[32m"button"[39m
              [36m>[39m
                [0mRequest Callback[0m
              [36m</button>[39m
            [36m</div>[39m
            [36m<form[39m
              [33maria-live[39m=[32m"polite"[39m
              [33mclass[39m=[32m"form-grid grid grid-cols-1 md:grid-cols-2 gap-x-4 sm:gap-x-6 gap-y-4 sm:gap-y-6"[39m
              [33mnovalidate[39m=[32m""[39m
            [36m>[39m
              [36m<div[39m
                [33mclass[39m=[32m"col-span-2 h-64 animate-pulse bg-slate-100 dark:bg-dark-800 rounded-2xl"[39m
              [36m/>[39m
              [36m<div[39m
                [33mclass[39m=[32m"col-span-2 h-12 animate-pulse bg-slate-100 dark:bg-dark-800 rounded-2xl"[39m
              [36m/>[39m
            [36m</form>[39m
            [36m<div[39m
              [33mclass[39m=[32m"mt-8 flex flex-col items-center gap-1.5 opacity-60"[39m
            [36m>[39m
              [36m<p[39m
                [33mclass[39m=[32m"text-[9px] text-slate-500 dark:text-dark-500 text-center font-bold uppercase tracking-[0.2em]"[39m
              [36m>[39m
                [0mProtected by reCAPTCHA[0m
              [36m</p>[39m
              [36m<div[39m
                [33mclass[39m=[32m"flex items-center gap-2 text-[9px] text-slate-500 dark:text-dark-500 font-bold uppercase tracking-[0.2em]"[39m
              [36m>[39m
                [36m<a[39m
                  [33mclass[39m=[32m"hover:text-primary-500 transition-colors underline decoration-dotted underline-offset-4"[39m
                  [33mhref[39m=[32m"https://policies.google.com/privacy"[39m
                  [33mrel[39m=[32m"noopener noreferrer"[39m
                  [33mtarget[39m=[32m"_blank"[39m
                [36m>[39m
                  [0mPrivacy[0m
                [36m</a>[39m
                [36m<span[39m
                  [33mclass[39m=[32m"text-[8px]"[39m
                [36m>[39m
                  [0m&[0m
                [36m</span>[39m
                [36m<a[39m
                  [33mclass[39m=[32m"hover:text-primary-500 transition-colors underline decoration-dotted underline-offset-4"[39m
                  [33mhref[39m=[32m"https://policies.google.com/terms"[39m
                  [33mrel[39m=[32m"noopener noreferrer"[39m
                  [33mtarget[39m=[32m"_blank"[39m
                [36m>[39m
                  [0mTerms[0m
                [36m</a>[39m
              [36m</div>[39m
            [36m</div>[39m
          [36m</div>[39m
        [36m</div>[39m
      [36m</div>[39m
    [36m</body>[39m

      42 |             render(<ContactForm lang="en" dict={mockDict} />);
      43 |
    > 44 |             expect(screen.getByText('Send a message')).toBeInTheDocument();
         |                           ^
      45 |             expect(screen.getByText('Request a callback')).toBeInTheDocument();
      46 |         });
      47 |

      at Object.getElementError (node_modules/@testing-library/dom/dist/config.js:37:19)
      at node_modules/@testing-library/dom/dist/query-helpers.js:76:38
      at node_modules/@testing-library/dom/dist/query-helpers.js:52:17
      at node_modules/@testing-library/dom/dist/query-helpers.js:95:19
      at Object.getByText (src/__tests__/components/ContactForm.advanced.test.tsx:44:27)

  ● ContactForm - Advanced Testing › Component Rendering › shows required field indicators

    TestingLibraryElementError: Unable to find an element with the text: Full Name *. This could be because the text is broken up by multiple elements. In this case, you can provide a function for your text matcher to make your matcher more flexible.

    Ignored nodes: comments, script, style
    [36m<body>[39m
      [36m<div>[39m
        [36m<div[39m
          [33mclass[39m=[32m"contact-form p-4 sm:p-6 lg:p-10 shadow-2xl relative overflow-hidden group/card transition-all duration-500 overflow-x-hidden"[39m
        [36m>[39m
          [36m<div[39m
            [33mclass[39m=[32m"space-y-8 relative z-10"[39m
          [36m>[39m
            [36m<div[39m
              [33mclass[39m=[32m"flex p-1 bg-slate-200/50 dark:bg-dark-950/40 backdrop-blur-sm rounded-2xl w-full max-w-md mx-auto relative border border-slate-300/30 dark:border-white/5"[39m
            [36m>[39m
              [36m<div[39m
                [33mclass[39m=[32m"absolute top-1 bottom-1 rounded-xl bg-white dark:bg-dark-800 shadow-md border border-slate-200/50 dark:border-white/5"[39m
                [33mstyle[39m=[32m"width: calc(50% - 4px);"[39m
              [36m/>[39m
              [36m<button[39m
                [33mclass[39m=[32m"relative flex-1 py-2.5 text-xs sm:text-sm font-bold rounded-xl transition-all duration-300 z-10 text-primary-600 dark:text-primary-400"[39m
                [33mtype[39m=[32m"button"[39m
              [36m>[39m
                [0mSend Message[0m
              [36m</button>[39m
              [36m<button[39m
                [33mclass[39m=[32m"relative flex-1 py-2.5 text-xs sm:text-sm font-bold rounded-xl transition-all duration-300 z-10 text-slate-500 dark:text-dark-500 hover:text-slate-700 dark:hover:text-dark-300"[39m
                [33mtype[39m=[32m"button"[39m
              [36m>[39m
                [0mRequest Callback[0m
              [36m</button>[39m
            [36m</div>[39m
            [36m<form[39m
              [33maria-live[39m=[32m"polite"[39m
              [33mclass[39m=[32m"form-grid grid grid-cols-1 md:grid-cols-2 gap-x-4 sm:gap-x-6 gap-y-4 sm:gap-y-6"[39m
              [33mnovalidate[39m=[32m""[39m
            [36m>[39m
              [36m<div[39m
                [33maria-hidden[39m=[32m"true"[39m
                [33mclass[39m=[32m"hidden"[39m
              [36m>[39m
                [36m<input[39m
                  [33mautocomplete[39m=[32m"off"[39m
                  [33mname[39m=[32m"website"[39m
                  [33mreadonly[39m=[32m""[39m
                  [33mtabindex[39m=[32m"-1"[39m
                  [33mtype[39m=[32m"text"[39m
                  [33mvalue[39m=[32m""[39m
                [36m/>[39m
              [36m</div>[39m
              [36m<div[39m
                [33mclass[39m=[32m"col-span-1 md:col-span-2 grid grid-cols-1 md:grid-cols-2 gap-x-6 gap-y-7"[39m
              [36m>[39m
                [36m<div[39m
                  [33mclass[39m=[32m"group/input "[39m
                [36m>[39m
                  [36m<label[39m
                    [33mclass[39m=[32m"block text-xs font-bold text-slate-500 dark:text-dark-500 uppercase tracking-[0.15em] mb-2.5 transition-colors group-focus-within/input:text-primary-500"[39m
                    [33mfor[39m=[32m"name"[39m
                  [36m>[39m
                    [0mFull Name[0m
                    [36m<span[39m
                      [33mclass[39m=[32m"text-red-500"[39m
                    [36m>[39m
                      [0m *[0m
                    [36m</span>[39m
                  [36m</label>[39m
                  [36m<input[39m
                    [33mclass[39m=[32m"w-full px-5 py-3.5 rounded-2xl bg-white/50 dark:bg-dark-900/40 border backdrop-blur-md transition-all outline-none border-slate-200 dark:border-white/10 text-slate-900 dark:text-white focus:border-primary-500/50 dark:focus:border-primary-500/50 shadow-sm "[39m
                    [33mid[39m=[32m"name"[39m
                    [33mname[39m=[32m"name"[39m
                    [33mplaceholder[39m=[32m"Jane Doe"[39m
                    [33mvalue[39m=[32m""[39m
                  [36m/>[39m
                [36m</div>[39m
                [36m<div[39m
                  [33mclass[39m=[32m"group/input "[39m
                [36m>[39m
                  [36m<label[39m
                    [33mclass[39m=[32m"block text-xs font-bold text-slate-500 dark:text-dark-500 uppercase tracking-[0.15em] mb-2.5 transition-colors group-focus-within/input:text-primary-500"[39m
                    [33mfor[39m=[32m"email"[39m
                  [36m>[39m
                    [0mEmail[0m
                    [36m<span[39m
                      [33mclass[39m=[32m"text-red-500"[39m
                    [36m>[39m
                      [0m *[0m
                    [36m</span>[39m
                  [36m</label>[39m
                  [36m<input[39m
                    [33mclass[39m=[32m"w-full px-5 py-3.5 rounded-2xl bg-white/50 dark:bg-dark-900/40 border backdrop-blur-md transition-all outline-none border-slate-200 dark:border-white/10 text-slate-900 dark:text-white focus:border-primary-500/50 dark:focus:border-primary-500/50 shadow-sm "[39m
                    [33mid[39m=[32m"email"[39m
                    [33mname[39m=[32m"email"[39m
                    [33mplaceholder[39m=[32m"jane@company.com"[39m
                    [33mtype[39m=[32m"email"[39m
                    [33mvalue[39m=[32m""[39m
                  [36m/>[39m
                [36m</div>[39m
                [36m<div[39m
                  [33mclass[39m=[32m"group/input "[39m
                [36m>[39m
                  [36m<label[39m
                    [33mclass[39m=[32m"block text-xs font-bold text-slate-500 dark:text-dark-500 uppercase tracking-[0.15em] mb-2.5 transition-colors group-focus-within/input:text-primary-500"[39m
                    [33mfor[39m=[32m"company"[39m
                  [36m>[39m
                    [0mCompany[0m
                  [36m</label>[39m
                  [36m<input[39m
                    [33mclass[39m=[32m"w-full px-5 py-3.5 rounded-2xl bg-white/50 dark:bg-dark-900/40 border backdrop-blur-md transition-all outline-none border-slate-200 dark:border-white/10 text-slate-900 dark:text-white focus:border-primary-500/50 dark:focus:border-primary-500/50 shadow-sm "[39m
                    [33mid[39m=[32m"company"[39m
                    [33mname[39m=[32m"company"[39m
                    [33mplaceholder[39m=[32m"Your company"[39m
                    [33mvalue[39m=[32m""[39m
                  [36m/>[39m
                [36m</div>[39m
                [36m<div[39m
                  [33mclass[39m=[32m"group/input "[39m
                [36m>[39m
                  [36m<label[39m
                    [33mclass[39m=[32m"block text-xs font-bold text-slate-500 dark:text-dark-500 uppercase tracking-[0.15em] mb-2.5 transition-colors group-focus-within/input:text-primary-500"[39m
                    [33mfor[39m=[32m"service"[39m
                  [36m>[39m
                    [0mService[0m
                    [36m<span[39m
                      [33mclass[39m=[32m"text-red-500"[39m
                    [36m>[39m
                      [0m *[0m
                    [36m</span>[39m
                  [36m</label>[39m
                  [36m<div[39m
                    [33mclass[39m=[32m"relative"[39m
                  [36m>[39m
                    [36m<select[39m
                      [33mclass[39m=[32m"w-full min-w-[200px] px-4 py-3 rounded-xl bg-white/80 da...

      58 |             render(<ContactForm lang="en" dict={mockDict} />);
      59 |
    > 60 |             expect(screen.getByText('Full Name *')).toBeInTheDocument();
         |                           ^
      61 |             expect(screen.getByText('Email *')).toBeInTheDocument();
      62 |         });
      63 |     });

      at Object.getElementError (node_modules/@testing-library/dom/dist/config.js:37:19)
      at node_modules/@testing-library/dom/dist/query-helpers.js:76:38
      at node_modules/@testing-library/dom/dist/query-helpers.js:52:17
      at node_modules/@testing-library/dom/dist/query-helpers.js:95:19
      at Object.getByText (src/__tests__/components/ContactForm.advanced.test.tsx:60:27)

  ● ContactForm - Advanced Testing › Tab Switching › switches between message and callback tabs

    TestingLibraryElementError: Unable to find an element with the text: Request a callback. This could be because the text is broken up by multiple elements. In this case, you can provide a function for your text matcher to make your matcher more flexible.

    Ignored nodes: comments, script, style
    [36m<body>[39m
      [36m<div>[39m
        [36m<div[39m
          [33mclass[39m=[32m"contact-form p-4 sm:p-6 lg:p-10 shadow-2xl relative overflow-hidden group/card transition-all duration-500 overflow-x-hidden"[39m
        [36m>[39m
          [36m<div[39m
            [33mclass[39m=[32m"space-y-8 relative z-10"[39m
          [36m>[39m
            [36m<div[39m
              [33mclass[39m=[32m"flex p-1 bg-slate-200/50 dark:bg-dark-950/40 backdrop-blur-sm rounded-2xl w-full max-w-md mx-auto relative border border-slate-300/30 dark:border-white/5"[39m
            [36m>[39m
              [36m<div[39m
                [33mclass[39m=[32m"absolute top-1 bottom-1 rounded-xl bg-white dark:bg-dark-800 shadow-md border border-slate-200/50 dark:border-white/5"[39m
                [33mstyle[39m=[32m"width: calc(50% - 4px);"[39m
              [36m/>[39m
              [36m<button[39m
                [33mclass[39m=[32m"relative flex-1 py-2.5 text-xs sm:text-sm font-bold rounded-xl transition-all duration-300 z-10 text-primary-600 dark:text-primary-400"[39m
                [33mtype[39m=[32m"button"[39m
              [36m>[39m
                [0mSend Message[0m
              [36m</button>[39m
              [36m<button[39m
                [33mclass[39m=[32m"relative flex-1 py-2.5 text-xs sm:text-sm font-bold rounded-xl transition-all duration-300 z-10 text-slate-500 dark:text-dark-500 hover:text-slate-700 dark:hover:text-dark-300"[39m
                [33mtype[39m=[32m"button"[39m
              [36m>[39m
                [0mRequest Callback[0m
              [36m</button>[39m
            [36m</div>[39m
            [36m<form[39m
              [33maria-live[39m=[32m"polite"[39m
              [33mclass[39m=[32m"form-grid grid grid-cols-1 md:grid-cols-2 gap-x-4 sm:gap-x-6 gap-y-4 sm:gap-y-6"[39m
              [33mnovalidate[39m=[32m""[39m
            [36m>[39m
              [36m<div[39m
                [33maria-hidden[39m=[32m"true"[39m
                [33mclass[39m=[32m"hidden"[39m
              [36m>[39m
                [36m<input[39m
                  [33mautocomplete[39m=[32m"off"[39m
                  [33mname[39m=[32m"website"[39m
                  [33mreadonly[39m=[32m""[39m
                  [33mtabindex[39m=[32m"-1"[39m
                  [33mtype[39m=[32m"text"[39m
                  [33mvalue[39m=[32m""[39m
                [36m/>[39m
              [36m</div>[39m
              [36m<div[39m
                [33mclass[39m=[32m"col-span-1 md:col-span-2 grid grid-cols-1 md:grid-cols-2 gap-x-6 gap-y-7"[39m
              [36m>[39m
                [36m<div[39m
                  [33mclass[39m=[32m"group/input "[39m
                [36m>[39m
                  [36m<label[39m
                    [33mclass[39m=[32m"block text-xs font-bold text-slate-500 dark:text-dark-500 uppercase tracking-[0.15em] mb-2.5 transition-colors group-focus-within/input:text-primary-500"[39m
                    [33mfor[39m=[32m"name"[39m
                  [36m>[39m
                    [0mFull Name[0m
                    [36m<span[39m
                      [33mclass[39m=[32m"text-red-500"[39m
                    [36m>[39m
                      [0m *[0m
                    [36m</span>[39m
                  [36m</label>[39m
                  [36m<input[39m
                    [33mclass[39m=[32m"w-full px-5 py-3.5 rounded-2xl bg-white/50 dark:bg-dark-900/40 border backdrop-blur-md transition-all outline-none border-slate-200 dark:border-white/10 text-slate-900 dark:text-white focus:border-primary-500/50 dark:focus:border-primary-500/50 shadow-sm "[39m
                    [33mid[39m=[32m"name"[39m
                    [33mname[39m=[32m"name"[39m
                    [33mplaceholder[39m=[32m"Jane Doe"[39m
                    [33mvalue[39m=[32m""[39m
                  [36m/>[39m
                [36m</div>[39m
                [36m<div[39m
                  [33mclass[39m=[32m"group/input "[39m
                [36m>[39m
                  [36m<label[39m
                    [33mclass[39m=[32m"block text-xs font-bold text-slate-500 dark:text-dark-500 uppercase tracking-[0.15em] mb-2.5 transition-colors group-focus-within/input:text-primary-500"[39m
                    [33mfor[39m=[32m"email"[39m
                  [36m>[39m
                    [0mEmail[0m
                    [36m<span[39m
                      [33mclass[39m=[32m"text-red-500"[39m
                    [36m>[39m
                      [0m *[0m
                    [36m</span>[39m
                  [36m</label>[39m
                  [36m<input[39m
                    [33mclass[39m=[32m"w-full px-5 py-3.5 rounded-2xl bg-white/50 dark:bg-dark-900/40 border backdrop-blur-md transition-all outline-none border-slate-200 dark:border-white/10 text-slate-900 dark:text-white focus:border-primary-500/50 dark:focus:border-primary-500/50 shadow-sm "[39m
                    [33mid[39m=[32m"email"[39m
                    [33mname[39m=[32m"email"[39m
                    [33mplaceholder[39m=[32m"jane@company.com"[39m
                    [33mtype[39m=[32m"email"[39m
                    [33mvalue[39m=[32m""[39m
                  [36m/>[39m
                [36m</div>[39m
                [36m<div[39m
                  [33mclass[39m=[32m"group/input "[39m
                [36m>[39m
                  [36m<label[39m
                    [33mclass[39m=[32m"block text-xs font-bold text-slate-500 dark:text-dark-500 uppercase tracking-[0.15em] mb-2.5 transition-colors group-focus-within/input:text-primary-500"[39m
                    [33mfor[39m=[32m"company"[39m
                  [36m>[39m
                    [0mCompany[0m
                  [36m</label>[39m
                  [36m<input[39m
                    [33mclass[39m=[32m"w-full px-5 py-3.5 rounded-2xl bg-white/50 dark:bg-dark-900/40 border backdrop-blur-md transition-all outline-none border-slate-200 dark:border-white/10 text-slate-900 dark:text-white focus:border-primary-500/50 dark:focus:border-primary-500/50 shadow-sm "[39m
                    [33mid[39m=[32m"company"[39m
                    [33mname[39m=[32m"company"[39m
                    [33mplaceholder[39m=[32m"Your company"[39m
                    [33mvalue[39m=[32m""[39m
                  [36m/>[39m
                [36m</div>[39m
                [36m<div[39m
                  [33mclass[39m=[32m"group/input "[39m
                [36m>[39m
                  [36m<label[39m
                    [33mclass[39m=[32m"block text-xs font-bold text-slate-500 dark:text-dark-500 uppercase tracking-[0.15em] mb-2.5 transition-colors group-focus-within/input:text-primary-500"[39m
                    [33mfor[39m=[32m"service"[39m
                  [36m>[39m
                    [0mService[0m
                    [36m<span[39m
                      [33mclass[39m=[32m"text-red-500"[39m
                    [36m>[39m
                      [0m *[0m
                    [36m</span>[39m
                  [36m</label>[39m
                  [36m<div[39m
                    [33mclass[39m=[32m"relative"[39m
                  [36m>[39m
                    [36m<select[39m
                      [33mclass[39m=[32m"w-full min-w-[200px] px-4 py-3 rounded-xl bg-white/80 da...

      68 |             render(<ContactForm lang="en" dict={mockDict} />);
      69 |
    > 70 |             const callbackTab = screen.getByText('Request a callback');
         |                                        ^
      71 |             await user.click(callbackTab);
      72 |
      73 |             expect(callbackTab).toHaveClass('text-primary-600');

      at Object.getElementError (node_modules/@testing-library/dom/dist/config.js:37:19)
      at node_modules/@testing-library/dom/dist/query-helpers.js:76:38
      at node_modules/@testing-library/dom/dist/query-helpers.js:52:17
      at node_modules/@testing-library/dom/dist/query-helpers.js:95:19
      at Object.getByText (src/__tests__/components/ContactForm.advanced.test.tsx:70:40)

  ● ContactForm - Advanced Testing › Form Submission › shows loading state during submission

    TestingLibraryElementError: Found multiple elements with the role "button" and name `/Send Message/i`

    Here are the matching elements:

    Ignored nodes: comments, script, style
    [36m<button[39m
      [33mclass[39m=[32m"relative flex-1 py-2.5 text-xs sm:text-sm font-bold rounded-xl transition-all duration-300 z-10 text-primary-600 dark:text-primary-400"[39m
      [33mtype[39m=[32m"button"[39m
    [36m>[39m
      [0mSend Message[0m
    [36m</button>[39m

    Ignored nodes: comments, script, style
    [36m<button[39m
      [33mclass[39m=[32m"btn-primary group/btn relative overflow-hidden w-full max-w-xs mx-auto block"[39m
      [33mtype[39m=[32m"submit"[39m
    [36m>[39m
      [36m<span[39m
        [33mclass[39m=[32m"relative z-10"[39m
      [36m>[39m
        [0mSend Message[0m
      [36m</span>[39m
      [36m<div[39m
        [33mclass[39m=[32m"absolute inset-0 bg-white/20 translate-y-full group-hover/btn:translate-y-0 transition-transform duration-300"[39m
      [36m/>[39m
    [36m</button>[39m

    (If this is intentional, then use the `*AllBy*` variant of the query (like `queryAllByText`, `getAllByText`, or `findAllByText`)).

    Ignored nodes: comments, script, style
    [36m<body>[39m
      [36m<div>[39m
        [36m<div[39m
          [33mclass[39m=[32m"contact-form p-4 sm:p-6 lg:p-10 shadow-2xl relative overflow-hidden group/card transition-all duration-500 overflow-x-hidden"[39m
        [36m>[39m
          [36m<div[39m
            [33mclass[39m=[32m"space-y-8 relative z-10"[39m
          [36m>[39m
            [36m<div[39m
              [33mclass[39m=[32m"flex p-1 bg-slate-200/50 dark:bg-dark-950/40 backdrop-blur-sm rounded-2xl w-full max-w-md mx-auto relative border border-slate-300/30 dark:border-white/5"[39m
            [36m>[39m
              [36m<div[39m
                [33mclass[39m=[32m"absolute top-1 bottom-1 rounded-xl bg-white dark:bg-dark-800 shadow-md border border-slate-200/50 dark:border-white/5"[39m
                [33mstyle[39m=[32m"width: calc(50% - 4px);"[39m
              [36m/>[39m
              [36m<button[39m
                [33mclass[39m=[32m"relative flex-1 py-2.5 text-xs sm:text-sm font-bold rounded-xl transition-all duration-300 z-10 text-primary-600 dark:text-primary-400"[39m
                [33mtype[39m=[32m"button"[39m
              [36m>[39m
                [0mSend Message[0m
              [36m</button>[39m
              [36m<button[39m
                [33mclass[39m=[32m"relative flex-1 py-2.5 text-xs sm:text-sm font-bold rounded-xl transition-all duration-300 z-10 text-slate-500 dark:text-dark-500 hover:text-slate-700 dark:hover:text-dark-300"[39m
                [33mtype[39m=[32m"button"[39m
              [36m>[39m
                [0mRequest Callback[0m
              [36m</button>[39m
            [36m</div>[39m
            [36m<form[39m
              [33maria-live[39m=[32m"polite"[39m
              [33mclass[39m=[32m"form-grid grid grid-cols-1 md:grid-cols-2 gap-x-4 sm:gap-x-6 gap-y-4 sm:gap-y-6"[39m
              [33mnovalidate[39m=[32m""[39m
            [36m>[39m
              [36m<div[39m
                [33maria-hidden[39m=[32m"true"[39m
                [33mclass[39m=[32m"hidden"[39m
              [36m>[39m
                [36m<input[39m
                  [33mautocomplete[39m=[32m"off"[39m
                  [33mname[39m=[32m"website"[39m
                  [33mreadonly[39m=[32m""[39m
                  [33mtabindex[39m=[32m"-1"[39m
                  [33mtype[39m=[32m"text"[39m
                  [33mvalue[39m=[32m""[39m
                [36m/>[39m
              [36m</div>[39m
              [36m<div[39m
                [33mclass[39m=[32m"col-span-1 md:col-span-2 grid grid-cols-1 md:grid-cols-2 gap-x-6 gap-y-7"[39m
              [36m>[39m
                [36m<div[39m
                  [33mclass[39m=[32m"group/input "[39m
                [36m>[39m
                  [36m<label[39m
                    [33mclass[39m=[32m"block text-xs font-bold text-slate-500 dark:text-dark-500 uppercase tracking-[0.15em] mb-2.5 transition-colors group-focus-within/input:text-primary-500"[39m
                    [33mfor[39m=[32m"name"[39m
                  [36m>[39m
                    [0mFull Name[0m
                    [36m<span[39m
                      [33mclass[39m=[32m"text-red-500"[39m
                    [36m>[39m
                      [0m *[0m
                    [36m</span>[39m
                  [36m</label>[39m
                  [36m<input[39m
                    [33mclass[39m=[32m"w-full px-5 py-3.5 rounded-2xl bg-white/50 dark:bg-dark-900/40 border backdrop-blur-md transition-all outline-none border-slate-200 dark:border-white/10 text-slate-900 dark:text-white focus:border-primary-500/50 dark:focus:border-primary-500/50 shadow-sm "[39m
                    [33mid[39m=[32m"name"[39m
                    [33mname[39m=[32m"name"[39m
                    [33mplaceholder[39m=[32m"Jane Doe"[39m
                    [33mvalue[39m=[32m"John Doe"[39m
                  [36m/>[39m
                [36m</div>[39m
                [36m<div[39m
                  [33mclass[39m=[32m"group/input "[39m
                [36m>[39m
                  [36m<label[39m
                    [33mclass[39m=[32m"block text-xs font-bold text-slate-500 dark:text-dark-500 uppercase tracking-[0.15em] mb-2.5 transition-colors group-focus-within/input:text-primary-500"[39m
                    [33mfor[39m=[32m"email"[39m
                  [36m>[39m
                    [0mEmail[0m
                    [36m<span[39m
                      [33mclass[39m=[32m"text-red-500"[39m
                    [36m>[39m
                      [0m *[0m
                    [36m</span>[39m
                  [36m</label>[39m
                  [36m<input[39m
                    [33mclass[39m=[32m"w-full px-5 py-3.5 rounded-2xl bg-white/50 dark:bg-dark-900/40 border backdrop-blur-md transition-all outline-none border-slate-200 dark:border-white/10 text-slate-900 dark:text-white focus:border-primary-500/50 dark:focus:border-primary-500/50 shadow-sm "[39m
                    [33mid[39m=[32m"email"[39m
                    [33mname[39m=[32m"email"[39m
                    [33mplaceholder[39m=[32m"jane@company.com"[39m
                    [33mtype[39m=[32m"email"[39m
                    [33mvalue[39m=[32m"john@example.com"[39m
                  [36m/>[39m
                [36m</div>[39m
                [36m<div[39m
                  [33mclass[39m=[32m"group/input "[39m
                [36m>[39m
                  [36m<label[39m
                    [33mclass[39m=[32m"block text-xs font-bold text-slate-500 dark:text-dark-500 uppercase tracking-[0.15em] mb-2.5 transition-colors group-focus-within/input:text-primary-500"[39m
                    [33mfor[39m=[32m"company"[39m
                  [36m>[39m
                    [0mCompany[0m
                  [36m</label>[39m
                  [36m<input[39m
                    [33mclass[39m=[32m"w-full px-5 py-3.5 rounded-2xl bg-white/50 dark:bg-dark-900/40 border backdrop-blur-md transition-all outline-none border-slate-200 dark:border-white/10 text-slate-900 dark:text-white focus:border-primary-500/50 dark:focus:border-primary-500/50 shadow-sm "[39m
                    [33mid[39m=[32m"company"[39m
                    [33mname[39m=[32m"company"[39m
                    [33mplaceholder[39m=[32m"Your company"[39m
                    [33mvalue[39m=[32m""[39m
                  [36m/>[39m
                [36m</div>[39m
                [36m<div[39m
                  [33mclass[39m=[32m"group/input "[39m
                [36m>[39m
                  [36m<label[39m
                    [33mclass[39m=[32m"block text-xs font-bold text-slate-500 dark:text-dark-500 uppercase tracking-[0.15em] mb-2.5 transition-colors group-focus-within/input:text-primary-500"[39m
                    [33mfor[39m=[32m"service"[39m
                  [36m>[39m
                    [0mService[0m
                    [36m<span[39m
                      [33mclass[39m=[32m"text-red-500"[39m
                    [36m>[39m
                      [0m *[0m
                    [36m</span>[39m
                  [36m</label>[39m
                  [36m<div[39m
                    [33mclass[39m=[32m"relative"[39m
                  [36m>[39m
                    [36m<select[39m
                      [33mclass[39m=[32m"w-full min-w-[200px] px-4 py-3 r...

      85 |
      86 |             // Submit form
    > 87 |             const submitButton = screen.getByRole('button', { name: /Send Message/i });
         |                                         ^
      88 |             await user.click(submitButton);
      89 |
      90 |             // Note: This test may need adjustment based on actual form behavior

      at Object.getElementError (node_modules/@testing-library/dom/dist/config.js:37:19)
      at getElementError (node_modules/@testing-library/dom/dist/query-helpers.js:20:35)
      at getMultipleElementsFoundError (node_modules/@testing-library/dom/dist/query-helpers.js:23:10)
      at node_modules/@testing-library/dom/dist/query-helpers.js:55:13
      at node_modules/@testing-library/dom/dist/query-helpers.js:95:19
      at Object.getByRole (src/__tests__/components/ContactForm.advanced.test.tsx:87:41)

  ● ContactForm - Advanced Testing › Accessibility › indicates required fields

    TestingLibraryElementError: Unable to find an element with the text: Full Name *. This could be because the text is broken up by multiple elements. In this case, you can provide a function for your text matcher to make your matcher more flexible.

    Ignored nodes: comments, script, style
    [36m<body>[39m
      [36m<div>[39m
        [36m<div[39m
          [33mclass[39m=[32m"contact-form p-4 sm:p-6 lg:p-10 shadow-2xl relative overflow-hidden group/card transition-all duration-500 overflow-x-hidden"[39m
        [36m>[39m
          [36m<div[39m
            [33mclass[39m=[32m"space-y-8 relative z-10"[39m
          [36m>[39m
            [36m<div[39m
              [33mclass[39m=[32m"flex p-1 bg-slate-200/50 dark:bg-dark-950/40 backdrop-blur-sm rounded-2xl w-full max-w-md mx-auto relative border border-slate-300/30 dark:border-white/5"[39m
            [36m>[39m
              [36m<div[39m
                [33mclass[39m=[32m"absolute top-1 bottom-1 rounded-xl bg-white dark:bg-dark-800 shadow-md border border-slate-200/50 dark:border-white/5"[39m
                [33mstyle[39m=[32m"width: calc(50% - 4px);"[39m
              [36m/>[39m
              [36m<button[39m
                [33mclass[39m=[32m"relative flex-1 py-2.5 text-xs sm:text-sm font-bold rounded-xl transition-all duration-300 z-10 text-primary-600 dark:text-primary-400"[39m
                [33mtype[39m=[32m"button"[39m
              [36m>[39m
                [0mSend Message[0m
              [36m</button>[39m
              [36m<button[39m
                [33mclass[39m=[32m"relative flex-1 py-2.5 text-xs sm:text-sm font-bold rounded-xl transition-all duration-300 z-10 text-slate-500 dark:text-dark-500 hover:text-slate-700 dark:hover:text-dark-300"[39m
                [33mtype[39m=[32m"button"[39m
              [36m>[39m
                [0mRequest Callback[0m
              [36m</button>[39m
            [36m</div>[39m
            [36m<form[39m
              [33maria-live[39m=[32m"polite"[39m
              [33mclass[39m=[32m"form-grid grid grid-cols-1 md:grid-cols-2 gap-x-4 sm:gap-x-6 gap-y-4 sm:gap-y-6"[39m
              [33mnovalidate[39m=[32m""[39m
            [36m>[39m
              [36m<div[39m
                [33maria-hidden[39m=[32m"true"[39m
                [33mclass[39m=[32m"hidden"[39m
              [36m>[39m
                [36m<input[39m
                  [33mautocomplete[39m=[32m"off"[39m
                  [33mname[39m=[32m"website"[39m
                  [33mreadonly[39m=[32m""[39m
                  [33mtabindex[39m=[32m"-1"[39m
                  [33mtype[39m=[32m"text"[39m
                  [33mvalue[39m=[32m""[39m
                [36m/>[39m
              [36m</div>[39m
              [36m<div[39m
                [33mclass[39m=[32m"col-span-1 md:col-span-2 grid grid-cols-1 md:grid-cols-2 gap-x-6 gap-y-7"[39m
              [36m>[39m
                [36m<div[39m
                  [33mclass[39m=[32m"group/input "[39m
                [36m>[39m
                  [36m<label[39m
                    [33mclass[39m=[32m"block text-xs font-bold text-slate-500 dark:text-dark-500 uppercase tracking-[0.15em] mb-2.5 transition-colors group-focus-within/input:text-primary-500"[39m
                    [33mfor[39m=[32m"name"[39m
                  [36m>[39m
                    [0mFull Name[0m
                    [36m<span[39m
                      [33mclass[39m=[32m"text-red-500"[39m
                    [36m>[39m
                      [0m *[0m
                    [36m</span>[39m
                  [36m</label>[39m
                  [36m<input[39m
                    [33mclass[39m=[32m"w-full px-5 py-3.5 rounded-2xl bg-white/50 dark:bg-dark-900/40 border backdrop-blur-md transition-all outline-none border-slate-200 dark:border-white/10 text-slate-900 dark:text-white focus:border-primary-500/50 dark:focus:border-primary-500/50 shadow-sm "[39m
                    [33mid[39m=[32m"name"[39m
                    [33mname[39m=[32m"name"[39m
                    [33mplaceholder[39m=[32m"Jane Doe"[39m
                    [33mvalue[39m=[32m""[39m
                  [36m/>[39m
                [36m</div>[39m
                [36m<div[39m
                  [33mclass[39m=[32m"group/input "[39m
                [36m>[39m
                  [36m<label[39m
                    [33mclass[39m=[32m"block text-xs font-bold text-slate-500 dark:text-dark-500 uppercase tracking-[0.15em] mb-2.5 transition-colors group-focus-within/input:text-primary-500"[39m
                    [33mfor[39m=[32m"email"[39m
                  [36m>[39m
                    [0mEmail[0m
                    [36m<span[39m
                      [33mclass[39m=[32m"text-red-500"[39m
                    [36m>[39m
                      [0m *[0m
                    [36m</span>[39m
                  [36m</label>[39m
                  [36m<input[39m
                    [33mclass[39m=[32m"w-full px-5 py-3.5 rounded-2xl bg-white/50 dark:bg-dark-900/40 border backdrop-blur-md transition-all outline-none border-slate-200 dark:border-white/10 text-slate-900 dark:text-white focus:border-primary-500/50 dark:focus:border-primary-500/50 shadow-sm "[39m
                    [33mid[39m=[32m"email"[39m
                    [33mname[39m=[32m"email"[39m
                    [33mplaceholder[39m=[32m"jane@company.com"[39m
                    [33mtype[39m=[32m"email"[39m
                    [33mvalue[39m=[32m""[39m
                  [36m/>[39m
                [36m</div>[39m
                [36m<div[39m
                  [33mclass[39m=[32m"group/input "[39m
                [36m>[39m
                  [36m<label[39m
                    [33mclass[39m=[32m"block text-xs font-bold text-slate-500 dark:text-dark-500 uppercase tracking-[0.15em] mb-2.5 transition-colors group-focus-within/input:text-primary-500"[39m
                    [33mfor[39m=[32m"company"[39m
                  [36m>[39m
                    [0mCompany[0m
                  [36m</label>[39m
                  [36m<input[39m
                    [33mclass[39m=[32m"w-full px-5 py-3.5 rounded-2xl bg-white/50 dark:bg-dark-900/40 border backdrop-blur-md transition-all outline-none border-slate-200 dark:border-white/10 text-slate-900 dark:text-white focus:border-primary-500/50 dark:focus:border-primary-500/50 shadow-sm "[39m
                    [33mid[39m=[32m"company"[39m
                    [33mname[39m=[32m"company"[39m
                    [33mplaceholder[39m=[32m"Your company"[39m
                    [33mvalue[39m=[32m""[39m
                  [36m/>[39m
                [36m</div>[39m
                [36m<div[39m
                  [33mclass[39m=[32m"group/input "[39m
                [36m>[39m
                  [36m<label[39m
                    [33mclass[39m=[32m"block text-xs font-bold text-slate-500 dark:text-dark-500 uppercase tracking-[0.15em] mb-2.5 transition-colors group-focus-within/input:text-primary-500"[39m
                    [33mfor[39m=[32m"service"[39m
                  [36m>[39m
                    [0mService[0m
                    [36m<span[39m
                      [33mclass[39m=[32m"text-red-500"[39m
                    [36m>[39m
                      [0m *[0m
                    [36m</span>[39m
                  [36m</label>[39m
                  [36m<div[39m
                    [33mclass[39m=[32m"relative"[39m
                  [36m>[39m
                    [36m<select[39m
                      [33mclass[39m=[32m"w-full min-w-[200px] px-4 py-3 rounded-xl bg-white/80 da...

      105 |             render(<ContactForm lang="en" dict={mockDict} />);
      106 |
    > 107 |             expect(screen.getByText('Full Name *')).toBeInTheDocument();
          |                           ^
      108 |             expect(screen.getByText('Email *')).toBeInTheDocument();
      109 |         });
      110 |

      at Object.getElementError (node_modules/@testing-library/dom/dist/config.js:37:19)
      at node_modules/@testing-library/dom/dist/query-helpers.js:76:38
      at node_modules/@testing-library/dom/dist/query-helpers.js:52:17
      at node_modules/@testing-library/dom/dist/query-helpers.js:95:19
      at Object.getByText (src/__tests__/components/ContactForm.advanced.test.tsx:107:27)

  ● ContactForm - Advanced Testing › Accessibility › has proper button types

    TestingLibraryElementError: Found multiple elements with the role "button" and name `/Send Message/i`

    Here are the matching elements:

    Ignored nodes: comments, script, style
    [36m<button[39m
      [33mclass[39m=[32m"relative flex-1 py-2.5 text-xs sm:text-sm font-bold rounded-xl transition-all duration-300 z-10 text-primary-600 dark:text-primary-400"[39m
      [33mtype[39m=[32m"button"[39m
    [36m>[39m
      [0mSend Message[0m
    [36m</button>[39m

    Ignored nodes: comments, script, style
    [36m<button[39m
      [33mclass[39m=[32m"btn-primary group/btn relative overflow-hidden w-full max-w-xs mx-auto block"[39m
      [33mtype[39m=[32m"submit"[39m
    [36m>[39m
      [36m<span[39m
        [33mclass[39m=[32m"relative z-10"[39m
      [36m>[39m
        [0mSend Message[0m
      [36m</span>[39m
      [36m<div[39m
        [33mclass[39m=[32m"absolute inset-0 bg-white/20 translate-y-full group-hover/btn:translate-y-0 transition-transform duration-300"[39m
      [36m/>[39m
    [36m</button>[39m

    (If this is intentional, then use the `*AllBy*` variant of the query (like `queryAllByText`, `getAllByText`, or `findAllByText`)).

    Ignored nodes: comments, script, style
    [36m<body>[39m
      [36m<div>[39m
        [36m<div[39m
          [33mclass[39m=[32m"contact-form p-4 sm:p-6 lg:p-10 shadow-2xl relative overflow-hidden group/card transition-all duration-500 overflow-x-hidden"[39m
        [36m>[39m
          [36m<div[39m
            [33mclass[39m=[32m"space-y-8 relative z-10"[39m
          [36m>[39m
            [36m<div[39m
              [33mclass[39m=[32m"flex p-1 bg-slate-200/50 dark:bg-dark-950/40 backdrop-blur-sm rounded-2xl w-full max-w-md mx-auto relative border border-slate-300/30 dark:border-white/5"[39m
            [36m>[39m
              [36m<div[39m
                [33mclass[39m=[32m"absolute top-1 bottom-1 rounded-xl bg-white dark:bg-dark-800 shadow-md border border-slate-200/50 dark:border-white/5"[39m
                [33mstyle[39m=[32m"width: calc(50% - 4px);"[39m
              [36m/>[39m
              [36m<button[39m
                [33mclass[39m=[32m"relative flex-1 py-2.5 text-xs sm:text-sm font-bold rounded-xl transition-all duration-300 z-10 text-primary-600 dark:text-primary-400"[39m
                [33mtype[39m=[32m"button"[39m
              [36m>[39m
                [0mSend Message[0m
              [36m</button>[39m
              [36m<button[39m
                [33mclass[39m=[32m"relative flex-1 py-2.5 text-xs sm:text-sm font-bold rounded-xl transition-all duration-300 z-10 text-slate-500 dark:text-dark-500 hover:text-slate-700 dark:hover:text-dark-300"[39m
                [33mtype[39m=[32m"button"[39m
              [36m>[39m
                [0mRequest Callback[0m
              [36m</button>[39m
            [36m</div>[39m
            [36m<form[39m
              [33maria-live[39m=[32m"polite"[39m
              [33mclass[39m=[32m"form-grid grid grid-cols-1 md:grid-cols-2 gap-x-4 sm:gap-x-6 gap-y-4 sm:gap-y-6"[39m
              [33mnovalidate[39m=[32m""[39m
            [36m>[39m
              [36m<div[39m
                [33maria-hidden[39m=[32m"true"[39m
                [33mclass[39m=[32m"hidden"[39m
              [36m>[39m
                [36m<input[39m
                  [33mautocomplete[39m=[32m"off"[39m
                  [33mname[39m=[32m"website"[39m
                  [33mreadonly[39m=[32m""[39m
                  [33mtabindex[39m=[32m"-1"[39m
                  [33mtype[39m=[32m"text"[39m
                  [33mvalue[39m=[32m""[39m
                [36m/>[39m
              [36m</div>[39m
              [36m<div[39m
                [33mclass[39m=[32m"col-span-1 md:col-span-2 grid grid-cols-1 md:grid-cols-2 gap-x-6 gap-y-7"[39m
              [36m>[39m
                [36m<div[39m
                  [33mclass[39m=[32m"group/input "[39m
                [36m>[39m
                  [36m<label[39m
                    [33mclass[39m=[32m"block text-xs font-bold text-slate-500 dark:text-dark-500 uppercase tracking-[0.15em] mb-2.5 transition-colors group-focus-within/input:text-primary-500"[39m
                    [33mfor[39m=[32m"name"[39m
                  [36m>[39m
                    [0mFull Name[0m
                    [36m<span[39m
                      [33mclass[39m=[32m"text-red-500"[39m
                    [36m>[39m
                      [0m *[0m
                    [36m</span>[39m
                  [36m</label>[39m
                  [36m<input[39m
                    [33mclass[39m=[32m"w-full px-5 py-3.5 rounded-2xl bg-white/50 dark:bg-dark-900/40 border backdrop-blur-md transition-all outline-none border-slate-200 dark:border-white/10 text-slate-900 dark:text-white focus:border-primary-500/50 dark:focus:border-primary-500/50 shadow-sm "[39m
                    [33mid[39m=[32m"name"[39m
                    [33mname[39m=[32m"name"[39m
                    [33mplaceholder[39m=[32m"Jane Doe"[39m
                    [33mvalue[39m=[32m""[39m
                  [36m/>[39m
                [36m</div>[39m
                [36m<div[39m
                  [33mclass[39m=[32m"group/input "[39m
                [36m>[39m
                  [36m<label[39m
                    [33mclass[39m=[32m"block text-xs font-bold text-slate-500 dark:text-dark-500 uppercase tracking-[0.15em] mb-2.5 transition-colors group-focus-within/input:text-primary-500"[39m
                    [33mfor[39m=[32m"email"[39m
                  [36m>[39m
                    [0mEmail[0m
                    [36m<span[39m
                      [33mclass[39m=[32m"text-red-500"[39m
                    [36m>[39m
                      [0m *[0m
                    [36m</span>[39m
                  [36m</label>[39m
                  [36m<input[39m
                    [33mclass[39m=[32m"w-full px-5 py-3.5 rounded-2xl bg-white/50 dark:bg-dark-900/40 border backdrop-blur-md transition-all outline-none border-slate-200 dark:border-white/10 text-slate-900 dark:text-white focus:border-primary-500/50 dark:focus:border-primary-500/50 shadow-sm "[39m
                    [33mid[39m=[32m"email"[39m
                    [33mname[39m=[32m"email"[39m
                    [33mplaceholder[39m=[32m"jane@company.com"[39m
                    [33mtype[39m=[32m"email"[39m
                    [33mvalue[39m=[32m""[39m
                  [36m/>[39m
                [36m</div>[39m
                [36m<div[39m
                  [33mclass[39m=[32m"group/input "[39m
                [36m>[39m
                  [36m<label[39m
                    [33mclass[39m=[32m"block text-xs font-bold text-slate-500 dark:text-dark-500 uppercase tracking-[0.15em] mb-2.5 transition-colors group-focus-within/input:text-primary-500"[39m
                    [33mfor[39m=[32m"company"[39m
                  [36m>[39m
                    [0mCompany[0m
                  [36m</label>[39m
                  [36m<input[39m
                    [33mclass[39m=[32m"w-full px-5 py-3.5 rounded-2xl bg-white/50 dark:bg-dark-900/40 border backdrop-blur-md transition-all outline-none border-slate-200 dark:border-white/10 text-slate-900 dark:text-white focus:border-primary-500/50 dark:focus:border-primary-500/50 shadow-sm "[39m
                    [33mid[39m=[32m"company"[39m
                    [33mname[39m=[32m"company"[39m
                    [33mplaceholder[39m=[32m"Your company"[39m
                    [33mvalue[39m=[32m""[39m
                  [36m/>[39m
                [36m</div>[39m
                [36m<div[39m
                  [33mclass[39m=[32m"group/input "[39m
                [36m>[39m
                  [36m<label[39m
                    [33mclass[39m=[32m"block text-xs font-bold text-slate-500 dark:text-dark-500 uppercase tracking-[0.15em] mb-2.5 transition-colors group-focus-within/input:text-primary-500"[39m
                    [33mfor[39m=[32m"service"[39m
                  [36m>[39m
                    [0mService[0m
                    [36m<span[39m
                      [33mclass[39m=[32m"text-red-500"[39m
                    [36m>[39m
                      [0m *[0m
                    [36m</span>[39m
                  [36m</label>[39m
                  [36m<div[39m
                    [33mclass[39m=[32m"relative"[39m
                  [36m>[39m
                    [36m<select[39m
                      [33mclass[39m=[32m"w-full min-w-[200px] px-4 py-3 rounded-xl bg-white/80 da...

      112 |             render(<ContactForm lang="en" dict={mockDict} />);
      113 |
    > 114 |             const submitButton = screen.getByRole('button', { name: /Send Message/i });
          |                                         ^
      115 |             expect(submitButton).toHaveAttribute('type', 'submit');
      116 |         });
      117 |     });

      at Object.getElementError (node_modules/@testing-library/dom/dist/config.js:37:19)
      at getElementError (node_modules/@testing-library/dom/dist/query-helpers.js:20:35)
      at getMultipleElementsFoundError (node_modules/@testing-library/dom/dist/query-helpers.js:23:10)
      at node_modules/@testing-library/dom/dist/query-helpers.js:55:13
      at node_modules/@testing-library/dom/dist/query-helpers.js:95:19
      at Object.getByRole (src/__tests__/components/ContactForm.advanced.test.tsx:114:41)

  ● ContactForm - Advanced Testing › Internationalization › displays correct language content

    TestingLibraryElementError: Unable to find an element with the text: Send a message. This could be because the text is broken up by multiple elements. In this case, you can provide a function for your text matcher to make your matcher more flexible.

    Ignored nodes: comments, script, style
    [36m<body>[39m
      [36m<div>[39m
        [36m<div[39m
          [33mclass[39m=[32m"contact-form p-4 sm:p-6 lg:p-10 shadow-2xl relative overflow-hidden group/card transition-all duration-500 overflow-x-hidden"[39m
        [36m>[39m
          [36m<div[39m
            [33mclass[39m=[32m"space-y-8 relative z-10"[39m
          [36m>[39m
            [36m<div[39m
              [33mclass[39m=[32m"flex p-1 bg-slate-200/50 dark:bg-dark-950/40 backdrop-blur-sm rounded-2xl w-full max-w-md mx-auto relative border border-slate-300/30 dark:border-white/5"[39m
            [36m>[39m
              [36m<div[39m
                [33mclass[39m=[32m"absolute top-1 bottom-1 rounded-xl bg-white dark:bg-dark-800 shadow-md border border-slate-200/50 dark:border-white/5"[39m
                [33mstyle[39m=[32m"width: calc(50% - 4px);"[39m
              [36m/>[39m
              [36m<button[39m
                [33mclass[39m=[32m"relative flex-1 py-2.5 text-xs sm:text-sm font-bold rounded-xl transition-all duration-300 z-10 text-primary-600 dark:text-primary-400"[39m
                [33mtype[39m=[32m"button"[39m
              [36m>[39m
                [0mSend Message[0m
              [36m</button>[39m
              [36m<button[39m
                [33mclass[39m=[32m"relative flex-1 py-2.5 text-xs sm:text-sm font-bold rounded-xl transition-all duration-300 z-10 text-slate-500 dark:text-dark-500 hover:text-slate-700 dark:hover:text-dark-300"[39m
                [33mtype[39m=[32m"button"[39m
              [36m>[39m
                [0mRequest Callback[0m
              [36m</button>[39m
            [36m</div>[39m
            [36m<form[39m
              [33maria-live[39m=[32m"polite"[39m
              [33mclass[39m=[32m"form-grid grid grid-cols-1 md:grid-cols-2 gap-x-4 sm:gap-x-6 gap-y-4 sm:gap-y-6"[39m
              [33mnovalidate[39m=[32m""[39m
            [36m>[39m
              [36m<div[39m
                [33maria-hidden[39m=[32m"true"[39m
                [33mclass[39m=[32m"hidden"[39m
              [36m>[39m
                [36m<input[39m
                  [33mautocomplete[39m=[32m"off"[39m
                  [33mname[39m=[32m"website"[39m
                  [33mreadonly[39m=[32m""[39m
                  [33mtabindex[39m=[32m"-1"[39m
                  [33mtype[39m=[32m"text"[39m
                  [33mvalue[39m=[32m""[39m
                [36m/>[39m
              [36m</div>[39m
              [36m<div[39m
                [33mclass[39m=[32m"col-span-1 md:col-span-2 grid grid-cols-1 md:grid-cols-2 gap-x-6 gap-y-7"[39m
              [36m>[39m
                [36m<div[39m
                  [33mclass[39m=[32m"group/input "[39m
                [36m>[39m
                  [36m<label[39m
                    [33mclass[39m=[32m"block text-xs font-bold text-slate-500 dark:text-dark-500 uppercase tracking-[0.15em] mb-2.5 transition-colors group-focus-within/input:text-primary-500"[39m
                    [33mfor[39m=[32m"name"[39m
                  [36m>[39m
                    [0mFull Name[0m
                    [36m<span[39m
                      [33mclass[39m=[32m"text-red-500"[39m
                    [36m>[39m
                      [0m *[0m
                    [36m</span>[39m
                  [36m</label>[39m
                  [36m<input[39m
                    [33mclass[39m=[32m"w-full px-5 py-3.5 rounded-2xl bg-white/50 dark:bg-dark-900/40 border backdrop-blur-md transition-all outline-none border-slate-200 dark:border-white/10 text-slate-900 dark:text-white focus:border-primary-500/50 dark:focus:border-primary-500/50 shadow-sm "[39m
                    [33mid[39m=[32m"name"[39m
                    [33mname[39m=[32m"name"[39m
                    [33mplaceholder[39m=[32m"Jane Doe"[39m
                    [33mvalue[39m=[32m""[39m
                  [36m/>[39m
                [36m</div>[39m
                [36m<div[39m
                  [33mclass[39m=[32m"group/input "[39m
                [36m>[39m
                  [36m<label[39m
                    [33mclass[39m=[32m"block text-xs font-bold text-slate-500 dark:text-dark-500 uppercase tracking-[0.15em] mb-2.5 transition-colors group-focus-within/input:text-primary-500"[39m
                    [33mfor[39m=[32m"email"[39m
                  [36m>[39m
                    [0mEmail[0m
                    [36m<span[39m
                      [33mclass[39m=[32m"text-red-500"[39m
                    [36m>[39m
                      [0m *[0m
                    [36m</span>[39m
                  [36m</label>[39m
                  [36m<input[39m
                    [33mclass[39m=[32m"w-full px-5 py-3.5 rounded-2xl bg-white/50 dark:bg-dark-900/40 border backdrop-blur-md transition-all outline-none border-slate-200 dark:border-white/10 text-slate-900 dark:text-white focus:border-primary-500/50 dark:focus:border-primary-500/50 shadow-sm "[39m
                    [33mid[39m=[32m"email"[39m
                    [33mname[39m=[32m"email"[39m
                    [33mplaceholder[39m=[32m"jane@company.com"[39m
                    [33mtype[39m=[32m"email"[39m
                    [33mvalue[39m=[32m""[39m
                  [36m/>[39m
                [36m</div>[39m
                [36m<div[39m
                  [33mclass[39m=[32m"group/input "[39m
                [36m>[39m
                  [36m<label[39m
                    [33mclass[39m=[32m"block text-xs font-bold text-slate-500 dark:text-dark-500 uppercase tracking-[0.15em] mb-2.5 transition-colors group-focus-within/input:text-primary-500"[39m
                    [33mfor[39m=[32m"company"[39m
                  [36m>[39m
                    [0mCompany[0m
                  [36m</label>[39m
                  [36m<input[39m
                    [33mclass[39m=[32m"w-full px-5 py-3.5 rounded-2xl bg-white/50 dark:bg-dark-900/40 border backdrop-blur-md transition-all outline-none border-slate-200 dark:border-white/10 text-slate-900 dark:text-white focus:border-primary-500/50 dark:focus:border-primary-500/50 shadow-sm "[39m
                    [33mid[39m=[32m"company"[39m
                    [33mname[39m=[32m"company"[39m
                    [33mplaceholder[39m=[32m"Your company"[39m
                    [33mvalue[39m=[32m""[39m
                  [36m/>[39m
                [36m</div>[39m
                [36m<div[39m
                  [33mclass[39m=[32m"group/input "[39m
                [36m>[39m
                  [36m<label[39m
                    [33mclass[39m=[32m"block text-xs font-bold text-slate-500 dark:text-dark-500 uppercase tracking-[0.15em] mb-2.5 transition-colors group-focus-within/input:text-primary-500"[39m
                    [33mfor[39m=[32m"service"[39m
                  [36m>[39m
                    [0mService[0m
                    [36m<span[39m
                      [33mclass[39m=[32m"text-red-500"[39m
                    [36m>[39m
                      [0m *[0m
                    [36m</span>[39m
                  [36m</label>[39m
                  [36m<div[39m
                    [33mclass[39m=[32m"relative"[39m
                  [36m>[39m
                    [36m<select[39m
                      [33mclass[39m=[32m"w-full min-w-[200px] px-4 py-3 rounded-xl bg-white/80 da...

      121 |             render(<ContactForm lang="en" dict={mockDict} />);
      122 |
    > 123 |             expect(screen.getByText('Send a message')).toBeInTheDocument();
          |                           ^
      124 |             expect(screen.getByText('Request a callback')).toBeInTheDocument();
      125 |         });
      126 |     });

      at Object.getElementError (node_modules/@testing-library/dom/dist/config.js:37:19)
      at node_modules/@testing-library/dom/dist/query-helpers.js:76:38
      at node_modules/@testing-library/dom/dist/query-helpers.js:52:17
      at node_modules/@testing-library/dom/dist/query-helpers.js:95:19
      at Object.getByText (src/__tests__/components/ContactForm.advanced.test.tsx:123:27)

FAIL src/__tests__/components/ui/SuccessMessage.test.tsx
  ● SuccessMessage Component › has correct CSS classes

    expect(element).toHaveClass("btn-secondary group/btn relative overflow-hidden")

    Expected the element to have class:
      btn-secondary group/btn relative overflow-hidden
    Received:
      btn-primary group/btn relative overflow-hidden

      69 |
      70 |         const button = screen.getByRole('button', { name: 'Send another message' });
    > 71 |         expect(button).toHaveClass('btn-secondary', 'group/btn', 'relative', 'overflow-hidden');
         |                        ^
      72 |     });
      73 |
      74 |     it('renders with callback success message', () => {

      at Object.toHaveClass (src/__tests__/components/ui/SuccessMessage.test.tsx:71:24)

FAIL src/__tests__/hooks/useNavigationLogic.test.tsx
  ● useNavigationLogic › should initialize with default values

    TypeError: baseElement.appendChild is not a function

      16 |
      17 |     // Вызываем оригинальный renderHook
    > 18 |     const result = renderHookOriginal(callback, options);
         |                                      ^
      19 |
      20 |     // Очищаем после теста
      21 |     return {

      at render (node_modules/@testing-library/react/dist/pure.js:259:29)
      at renderHook (node_modules/@testing-library/react/dist/pure.js:339:7)
      at renderHook (src/__tests__/utils/renderHook.tsx:18:38)
      at Object.<anonymous> (src/__tests__/hooks/useNavigationLogic.test.tsx:101:44)

  ● useNavigationLogic › should handle scroll detection

    TypeError: baseElement.appendChild is not a function

      16 |
      17 |     // Вызываем оригинальный renderHook
    > 18 |     const result = renderHookOriginal(callback, options);
         |                                      ^
      19 |
      20 |     // Очищаем после теста
      21 |     return {

      at render (node_modules/@testing-library/react/dist/pure.js:259:29)
      at renderHook (node_modules/@testing-library/react/dist/pure.js:339:7)
      at renderHook (src/__tests__/utils/renderHook.tsx:18:38)
      at Object.<anonymous> (src/__tests__/hooks/useNavigationLogic.test.tsx:113:44)

  ● useNavigationLogic › should toggle mobile menu

    TypeError: baseElement.appendChild is not a function

      16 |
      17 |     // Вызываем оригинальный renderHook
    > 18 |     const result = renderHookOriginal(callback, options);
         |                                      ^
      19 |
      20 |     // Очищаем после теста
      21 |     return {

      at render (node_modules/@testing-library/react/dist/pure.js:259:29)
      at renderHook (node_modules/@testing-library/react/dist/pure.js:339:7)
      at renderHook (src/__tests__/utils/renderHook.tsx:18:38)
      at Object.<anonymous> (src/__tests__/hooks/useNavigationLogic.test.tsx:129:44)

  ● useNavigationLogic › should toggle services menu

    TypeError: baseElement.appendChild is not a function

      16 |
      17 |     // Вызываем оригинальный renderHook
    > 18 |     const result = renderHookOriginal(callback, options);
         |                                      ^
      19 |
      20 |     // Очищаем после теста
      21 |     return {

      at render (node_modules/@testing-library/react/dist/pure.js:259:29)
      at renderHook (node_modules/@testing-library/react/dist/pure.js:339:7)
      at renderHook (src/__tests__/utils/renderHook.tsx:18:38)
      at Object.<anonymous> (src/__tests__/hooks/useNavigationLogic.test.tsx:149:44)

  ● useNavigationLogic › should handle desktop services hover

    TypeError: baseElement.appendChild is not a function

      16 |
      17 |     // Вызываем оригинальный renderHook
    > 18 |     const result = renderHookOriginal(callback, options);
         |                                      ^
      19 |
      20 |     // Очищаем после теста
      21 |     return {

      at render (node_modules/@testing-library/react/dist/pure.js:259:29)
      at renderHook (node_modules/@testing-library/react/dist/pure.js:339:7)
      at renderHook (src/__tests__/utils/renderHook.tsx:18:38)
      at Object.<anonymous> (src/__tests__/hooks/useNavigationLogic.test.tsx:169:44)

  ● useNavigationLogic › should close menu when closeMenu is called

    TypeError: baseElement.appendChild is not a function

      16 |
      17 |     // Вызываем оригинальный renderHook
    > 18 |     const result = renderHookOriginal(callback, options);
         |                                      ^
      19 |
      20 |     // Очищаем после теста
      21 |     return {

      at render (node_modules/@testing-library/react/dist/pure.js:259:29)
      at renderHook (node_modules/@testing-library/react/dist/pure.js:339:7)
      at renderHook (src/__tests__/utils/renderHook.tsx:18:38)
      at Object.<anonymous> (src/__tests__/hooks/useNavigationLogic.test.tsx:189:44)

  ● useNavigationLogic › should manage body scroll when mobile menu is open

    TypeError: baseElement.appendChild is not a function

      16 |
      17 |     // Вызываем оригинальный renderHook
    > 18 |     const result = renderHookOriginal(callback, options);
         |                                      ^
      19 |
      20 |     // Очищаем после теста
      21 |     return {

      at render (node_modules/@testing-library/react/dist/pure.js:259:29)
      at renderHook (node_modules/@testing-library/react/dist/pure.js:339:7)
      at renderHook (src/__tests__/utils/renderHook.tsx:18:38)
      at Object.<anonymous> (src/__tests__/hooks/useNavigationLogic.test.tsx:210:44)

  ● useNavigationLogic › should handle keyboard navigation (Escape key)

    TypeError: baseElement.appendChild is not a function

      16 |
      17 |     // Вызываем оригинальный renderHook
    > 18 |     const result = renderHookOriginal(callback, options);
         |                                      ^
      19 |
      20 |     // Очищаем после теста
      21 |     return {

      at render (node_modules/@testing-library/react/dist/pure.js:259:29)
      at renderHook (node_modules/@testing-library/react/dist/pure.js:339:7)
      at renderHook (src/__tests__/utils/renderHook.tsx:18:38)
      at Object.<anonymous> (src/__tests__/hooks/useNavigationLogic.test.tsx:230:44)

  ● useNavigationLogic › should generate correct services sublinks

    TypeError: baseElement.appendChild is not a function

      16 |
      17 |     // Вызываем оригинальный renderHook
    > 18 |     const result = renderHookOriginal(callback, options);
         |                                      ^
      19 |
      20 |     // Очищаем после теста
      21 |     return {

      at render (node_modules/@testing-library/react/dist/pure.js:259:29)
      at renderHook (node_modules/@testing-library/react/dist/pure.js:339:7)
      at renderHook (src/__tests__/utils/renderHook.tsx:18:38)
      at Object.<anonymous> (src/__tests__/hooks/useNavigationLogic.test.tsx:251:44)

  ● useNavigationLogic › should provide access to dictionary data

    TypeError: baseElement.appendChild is not a function

      16 |
      17 |     // Вызываем оригинальный renderHook
    > 18 |     const result = renderHookOriginal(callback, options);
         |                                      ^
      19 |
      20 |     // Очищаем после теста
      21 |     return {

      at render (node_modules/@testing-library/react/dist/pure.js:259:29)
      at renderHook (node_modules/@testing-library/react/dist/pure.js:339:7)
      at renderHook (src/__tests__/utils/renderHook.tsx:18:38)
      at Object.<anonymous> (src/__tests__/hooks/useNavigationLogic.test.tsx:264:44)

  ● useNavigationLogic › should handle different languages

    TypeError: baseElement.appendChild is not a function

      16 |
      17 |     // Вызываем оригинальный renderHook
    > 18 |     const result = renderHookOriginal(callback, options);
         |                                      ^
      19 |
      20 |     // Очищаем после теста
      21 |     return {

      at render (node_modules/@testing-library/react/dist/pure.js:259:29)
      at renderHook (node_modules/@testing-library/react/dist/pure.js:339:7)
      at renderHook (src/__tests__/utils/renderHook.tsx:18:38)
      at Object.<anonymous> (src/__tests__/hooks/useNavigationLogic.test.tsx:279:44)

  ● useNavigationLogic › should handle scroll bar width calculation

    TypeError: baseElement.appendChild is not a function

      16 |
      17 |     // Вызываем оригинальный renderHook
    > 18 |     const result = renderHookOriginal(callback, options);
         |                                      ^
      19 |
      20 |     // Очищаем после теста
      21 |     return {

      at render (node_modules/@testing-library/react/dist/pure.js:259:29)
      at renderHook (node_modules/@testing-library/react/dist/pure.js:339:7)
      at renderHook (src/__tests__/utils/renderHook.tsx:18:38)
      at Object.<anonymous> (src/__tests__/hooks/useNavigationLogic.test.tsx:287:44)

  ● useNavigationLogic › should restore scroll position on menu close

    TypeError: baseElement.appendChild is not a function

      16 |
      17 |     // Вызываем оригинальный renderHook
    > 18 |     const result = renderHookOriginal(callback, options);
         |                                      ^
      19 |
      20 |     // Очищаем после теста
      21 |     return {

      at render (node_modules/@testing-library/react/dist/pure.js:259:29)
      at renderHook (node_modules/@testing-library/react/dist/pure.js:339:7)
      at renderHook (src/__tests__/utils/renderHook.tsx:18:38)
      at Object.<anonymous> (src/__tests__/hooks/useNavigationLogic.test.tsx:306:44)

FAIL src/__tests__/components/ui/RecaptchaNotice.test.tsx
  ● RecaptchaNotice Component › has separator between links

    SyntaxError: '.text-,,,px,' is not a valid selector

      126 |         render(<RecaptchaNotice lang="en" />);
      127 |
    > 128 |         const separator = document.querySelector('.text-[8px]');
          |                                    ^
      129 |         expect(separator).toBeInTheDocument();
      130 |         expect(separator).toHaveTextContent('&');
      131 |     });

      at emit (node_modules/nwsapi/src/nwsapi.js:670:17)
      at parse (node_modules/nwsapi/src/nwsapi.js:1612:13)
      at _querySelectorAll (node_modules/nwsapi/src/nwsapi.js:1701:44)
      at Object._querySelector [as first] (node_modules/nwsapi/src/nwsapi.js:1637:14)
      at DocumentImpl.querySelector (node_modules/jsdom/lib/jsdom/living/nodes/ParentNode-impl.js:69:44)
      at Document.querySelector (node_modules/jsdom/lib/jsdom/living/generated/Document.js:1026:58)
      at Object.querySelector (src/__tests__/components/ui/RecaptchaNotice.test.tsx:128:36)

FAIL src/__tests__/components/ui/ErrorMessage.test.tsx
  ● ErrorMessage Component › displays error with icon and text

    expect(received).toBeInTheDocument()

    received value must be an HTMLElement or an SVGElement.
    Received has value: null

      68 |
      69 |         expect(icon).toBeInTheDocument();
    > 70 |         expect(text).toBeInTheDocument();
         |                      ^
      71 |         expect(text).toHaveTextContent(defaultMessage);
      72 |     });
      73 | });

      at __EXTERNAL_MATCHER_TRAP__ (node_modules/expect/build/index.js:2240:22)
      at Object.throwingMatcher [as toBeInTheDocument] (node_modules/expect/build/index.js:2241:6)
      at Object.toBeInTheDocument (src/__tests__/components/ui/ErrorMessage.test.tsx:70:22)

FAIL src/__tests__/components/ui/FormFields.test.tsx
  ● FormFields Components › FormInput renders with correct props

    TestingLibraryElementError: Unable to find an element by: [data-testid="form-input"]

    Ignored nodes: comments, script, style
    [36m<body>[39m
      [36m<div>[39m
        [36m<input[39m
          [33mclass[39m=[32m"w-full px-5 py-3.5 rounded-2xl bg-white/50 dark:bg-dark-900/40 border backdrop-blur-md transition-all outline-none border-slate-200 dark:border-white/10 text-slate-900 dark:text-white focus:border-primary-500/50 dark:focus:border-primary-500/50 shadow-sm "[39m
          [33mid[39m=[32m"test-input"[39m
          [33mplaceholder[39m=[32m"Test placeholder"[39m
          [33mtype[39m=[32m"text"[39m
        [36m/>[39m
      [36m</div>[39m
    [36m</body>[39m

      31 |         render(<FormInput id="test-input" type="text" placeholder="Test placeholder" />);
      32 |
    > 33 |         const input = screen.getByTestId('form-input');
         |                              ^
      34 |         expect(input).toHaveAttribute('id', 'test-input');
      35 |         expect(input).toHaveAttribute('type', 'text');
      36 |         expect(input).toHaveAttribute('placeholder', 'Test placeholder');

      at Object.getElementError (node_modules/@testing-library/dom/dist/config.js:37:19)
      at node_modules/@testing-library/dom/dist/query-helpers.js:76:38
      at node_modules/@testing-library/dom/dist/query-helpers.js:52:17
      at node_modules/@testing-library/dom/dist/query-helpers.js:95:19
      at Object.getByTestId (src/__tests__/components/ui/FormFields.test.tsx:33:30)

  ● FormFields Components › FormInput shows error state

    TestingLibraryElementError: Unable to find an element by: [data-testid="form-input"]

    Ignored nodes: comments, script, style
    [36m<body>[39m
      [36m<div>[39m
        [36m<input[39m
          [33mclass[39m=[32m"w-full px-5 py-3.5 rounded-2xl bg-white/50 dark:bg-dark-900/40 border backdrop-blur-md transition-all outline-none border-red-500/50 text-red-900 dark:text-red-400 bg-red-50/10 "[39m
        [36m/>[39m
      [36m</div>[39m
    [36m</body>[39m

      40 |         render(<FormInput error={true} />);
      41 |
    > 42 |         const input = screen.getByTestId('form-input');
         |                              ^
      43 |         expect(input).toBeInTheDocument();
      44 |     });
      45 |

      at Object.getElementError (node_modules/@testing-library/dom/dist/config.js:37:19)
      at node_modules/@testing-library/dom/dist/query-helpers.js:76:38
      at node_modules/@testing-library/dom/dist/query-helpers.js:52:17
      at node_modules/@testing-library/dom/dist/query-helpers.js:95:19
      at Object.getByTestId (src/__tests__/components/ui/FormFields.test.tsx:42:30)

  ● FormFields Components › FormSelect renders with options

    TestingLibraryElementError: Unable to find an element by: [data-testid="form-select"]

    Ignored nodes: comments, script, style
    [36m<body>[39m
      [36m<div>[39m
        [36m<div[39m
          [33mclass[39m=[32m"relative"[39m
        [36m>[39m
          [36m<select[39m
            [33mclass[39m=[32m"w-full min-w-[200px] px-4 py-3 rounded-xl bg-white/80 dark:bg-dark-900/60 border transition-all outline-none appearance-none cursor-pointer text-sm whitespace-nowrap border-slate-300 dark:border-white/20 text-slate-900 dark:text-white focus:border-primary-500/50 dark:focus:border-primary-500/50 shadow-sm backdrop-blur-md hover:border-slate-400 dark:hover:border-white/30 "[39m
          [36m>[39m
            [36m<option[39m
              [33mvalue[39m=[32m"option1"[39m
            [36m>[39m
              [0mOption 1[0m
            [36m</option>[39m
            [36m<option[39m
              [33mvalue[39m=[32m"option2"[39m
            [36m>[39m
              [0mOption 2[0m
            [36m</option>[39m
          [36m</select>[39m
          [36m<div[39m
            [33mclass[39m=[32m"absolute right-4 top-1/2 -translate-y-1/2 pointer-events-none text-slate-500 dark:text-slate-400"[39m
          [36m>[39m
            [36m<svg[39m
              [33mclass[39m=[32m"w-4 h-4"[39m
              [33mfill[39m=[32m"none"[39m
              [33mstroke[39m=[32m"currentColor"[39m
              [33mviewBox[39m=[32m"0 0 24 24"[39m
            [36m>[39m
              [36m<path[39m
                [33md[39m=[32m"M19 9l-7 7-7-7"[39m
                [33mstroke-linecap[39m=[32m"round"[39m
                [33mstroke-linejoin[39m=[32m"round"[39m
                [33mstroke-width[39m=[32m"2"[39m
              [36m/>[39m
            [36m</svg>[39m
          [36m</div>[39m
        [36m</div>[39m
      [36m</div>[39m
    [36m</body>[39m

      52 |         );
      53 |
    > 54 |         const select = screen.getByTestId('form-select');
         |                               ^
      55 |         expect(select).toBeInTheDocument();
      56 |         expect(screen.getByText('Option 1')).toBeInTheDocument();
      57 |         expect(screen.getByText('Option 2')).toBeInTheDocument();

      at Object.getElementError (node_modules/@testing-library/dom/dist/config.js:37:19)
      at node_modules/@testing-library/dom/dist/query-helpers.js:76:38
      at node_modules/@testing-library/dom/dist/query-helpers.js:52:17
      at node_modules/@testing-library/dom/dist/query-helpers.js:95:19
      at Object.getByTestId (src/__tests__/components/ui/FormFields.test.tsx:54:31)

  ● FormFields Components › FormTextarea renders with correct props

    TestingLibraryElementError: Unable to find an element by: [data-testid="form-textarea"]

    Ignored nodes: comments, script, style
    [36m<body>[39m
      [36m<div>[39m
        [36m<textarea[39m
          [33mclass[39m=[32m"w-full px-5 py-4 rounded-2xl bg-white/50 dark:bg-dark-900/40 border backdrop-blur-md transition-all outline-none resize-none border-slate-200 dark:border-white/10 text-slate-900 dark:text-white focus:border-primary-500/50 dark:focus:border-primary-500/50 shadow-sm "[39m
          [33mplaceholder[39m=[32m"Test placeholder"[39m
          [33mrows[39m=[32m"5"[39m
        [36m/>[39m
      [36m</div>[39m
    [36m</body>[39m

      61 |         render(<FormTextarea rows={5} placeholder="Test placeholder" />);
      62 |
    > 63 |         const textarea = screen.getByTestId('form-textarea');
         |                                 ^
      64 |         expect(textarea).toHaveAttribute('rows', '5');
      65 |         expect(textarea).toHaveAttribute('placeholder', 'Test placeholder');
      66 |     });

      at Object.getElementError (node_modules/@testing-library/dom/dist/config.js:37:19)
      at node_modules/@testing-library/dom/dist/query-helpers.js:76:38
      at node_modules/@testing-library/dom/dist/query-helpers.js:52:17
      at node_modules/@testing-library/dom/dist/query-helpers.js:95:19
      at Object.getByTestId (src/__tests__/components/ui/FormFields.test.tsx:63:33)

FAIL src/__tests__/utils/cookieUtils.test.ts
  ● Cookie Utils › exists() › returns false for deleted cookie

    expect(received).toBe(expected) // Object.is equality

    Expected: false
    Received: true

      236 |
      237 |             cookieUtils.delete('to-delete');
    > 238 |             expect(cookieUtils.exists('to-delete')).toBe(false);
          |                                                     ^
      239 |         });
      240 |     });
      241 |

      at Object.toBe (src/__tests__/utils/cookieUtils.test.ts:238:53)

  ● Cookie Utils › delete() › deletes a cookie

    expect(received).toBe(expected) // Object.is equality

    Expected: null
    Received: ""

      246 |
      247 |             cookieUtils.delete('delete-me');
    > 248 |             expect(cookieUtils.get('delete-me')).toBe(null);
          |                                                  ^
      249 |         });
      250 |
      251 |         it('deletes cookie with path', () => {

      at Object.toBe (src/__tests__/utils/cookieUtils.test.ts:248:50)

  ● Cookie Utils › delete() › deletes cookie with path

    expect(received).toBe(expected) // Object.is equality

    Expected: null
    Received: ""

      252 |             cookieUtils.set('delete-path', 'value', { path: '/test' });
      253 |             cookieUtils.delete('delete-path', { path: '/test' });
    > 254 |             expect(cookieUtils.get('delete-path')).toBe(null);
          |                                                    ^
      255 |         });
      256 |
      257 |         it('deletes cookie with domain', () => {

      at Object.toBe (src/__tests__/utils/cookieUtils.test.ts:254:52)

  ● Cookie Utils › delete() › deletes cookie with domain

    expect(received).toBe(expected) // Object.is equality

    Expected: null
    Received: ""

      258 |             cookieUtils.set('delete-domain', 'value', { domain: 'example.com' });
      259 |             cookieUtils.delete('delete-domain', { domain: 'example.com' });
    > 260 |             expect(cookieUtils.get('delete-domain')).toBe(null);
          |                                                      ^
      261 |         });
      262 |     });
      263 |

      at Object.toBe (src/__tests__/utils/cookieUtils.test.ts:260:54)

  ● Cookie Utils › getAll() › returns all cookies as object

    expect(received).toEqual(expected) // deep equality

    - Expected  - 2
    + Received  + 0

      Object {
    -   "cookie1": "value1",
    -   "cookie2": "value2",
        "cookie3": "value3",
      }

      273 |
      274 |             const allCookies = cookieUtils.getAll();
    > 275 |             expect(allCookies).toEqual({
          |                                ^
      276 |                 cookie1: 'value1',
      277 |                 cookie2: 'value2',
      278 |                 cookie3: 'value3',

      at Object.toEqual (src/__tests__/utils/cookieUtils.test.ts:275:32)

  ● Cookie Utils › clearAll() › clears all cookies

    expect(received).toEqual(expected) // deep equality

    - Expected  - 2
    + Received  + 0

      Object {
    -   "keep1": "value1",
    -   "keep2": "value2",
        "keep3": "value3",
      }

      295 |             cookieUtils.set('keep3', 'value3');
      296 |
    > 297 |             expect(cookieUtils.getAll()).toEqual({
          |                                          ^
      298 |                 keep1: 'value1',
      299 |                 keep2: 'value2',
      300 |                 keep3: 'value3',

      at Object.toEqual (src/__tests__/utils/cookieUtils.test.ts:297:42)

  ● Cookie Utils › Edge Cases › handles multiple cookies with similar names

    expect(received).toBe(expected) // Object.is equality

    Expected: "value1"
    Received: null

      334 |             cookieUtils.set('tested', 'value3');
      335 |
    > 336 |             expect(cookieUtils.get('test')).toBe('value1');
          |                                             ^
      337 |             expect(cookieUtils.get('testing')).toBe('value2');
      338 |             expect(cookieUtils.get('tested')).toBe('value3');
      339 |         });

      at Object.toBe (src/__tests__/utils/cookieUtils.test.ts:336:45)

FAIL src/__tests__/utils/cookieUtils.simple.test.ts
  ● Cookie Utils › exists() › returns false for deleted cookie

    expect(received).toBe(expected) // Object.is equality

    Expected: false
    Received: true

      145 |
      146 |             cookieUtils.delete('to-delete');
    > 147 |             expect(cookieUtils.exists('to-delete')).toBe(false);
          |                                                     ^
      148 |         });
      149 |     });
      150 |

      at Object.toBe (src/__tests__/utils/cookieUtils.simple.test.ts:147:53)

  ● Cookie Utils › delete() › deletes a cookie

    expect(received).toBe(expected) // Object.is equality

    Expected: null
    Received: ""

      155 |
      156 |             cookieUtils.delete('delete-me');
    > 157 |             expect(cookieUtils.get('delete-me')).toBe(null);
          |                                                  ^
      158 |         });
      159 |     });
      160 |

      at Object.toBe (src/__tests__/utils/cookieUtils.simple.test.ts:157:50)

  ● Cookie Utils › getAll() › returns all cookies as object

    expect(received).toEqual(expected) // deep equality

    - Expected  - 2
    + Received  + 0

      Object {
    -   "cookie1": "value1",
    -   "cookie2": "value2",
        "cookie3": "value3",
      }

      170 |
      171 |             const allCookies = cookieUtils.getAll();
    > 172 |             expect(allCookies).toEqual({
          |                                ^
      173 |                 cookie1: 'value1',
      174 |                 cookie2: 'value2',
      175 |                 cookie3: 'value3',

      at Object.toEqual (src/__tests__/utils/cookieUtils.simple.test.ts:172:32)

  ● Cookie Utils › clearAll() › clears all cookies

    expect(received).toEqual(expected) // deep equality

    - Expected  - 2
    + Received  + 0

      Object {
    -   "keep1": "value1",
    -   "keep2": "value2",
        "keep3": "value3",
      }

      184 |             cookieUtils.set('keep3', 'value3');
      185 |
    > 186 |             expect(cookieUtils.getAll()).toEqual({
          |                                          ^
      187 |                 keep1: 'value1',
      188 |                 keep2: 'value2',
      189 |                 keep3: 'value3',

      at Object.toEqual (src/__tests__/utils/cookieUtils.simple.test.ts:186:42)

FAIL src/__tests__/components/Header.test.tsx
  ● Console

    console.error
      Warning: React does not recognize the `whileHover` prop on a DOM element. If you intentionally want it to appear in the DOM as a custom attribute, spell it as lowercase `whilehover` instead. If you accidentally passed it from a parent component, remove it from the DOM element.
          at button
          at div
          at currentLang (/Users/ppmtrue/Documents/GitHub/SelenIT-Digital-Agency/src/components/ui/LanguageSwitcher.tsx:20:36)
          at div
          at div
          at div
          at div
          at lang (/Users/ppmtrue/Documents/GitHub/SelenIT-Digital-Agency/src/components/layout/Header.tsx:23:34)

      126 |     describe('Rendering', () => {
      127 |         it('renders logo with link to home', () => {
    > 128 |             render(<Header lang="en" dict={mockDictionaries.en} />);
          |                   ^
      129 |
      130 |             // The logo is a link to home
      131 |             const logoLink = document.querySelector('a[href="/en"]');

      at printWarning (node_modules/react-dom/cjs/react-dom.development.js:86:30)
      at error (node_modules/react-dom/cjs/react-dom.development.js:60:7)
      at validateProperty$1 (node_modules/react-dom/cjs/react-dom.development.js:3757:7)
      at warnUnknownProperties (node_modules/react-dom/cjs/react-dom.development.js:3803:21)
      at validateProperties$2 (node_modules/react-dom/cjs/react-dom.development.js:3827:3)
      at validatePropertiesInDevelopment (node_modules/react-dom/cjs/react-dom.development.js:9541:5)
      at setInitialProperties (node_modules/react-dom/cjs/react-dom.development.js:9830:5)
      at finalizeInitialChildren (node_modules/react-dom/cjs/react-dom.development.js:10950:3)
      at completeWork (node_modules/react-dom/cjs/react-dom.development.js:22232:17)
      at completeUnitOfWork (node_modules/react-dom/cjs/react-dom.development.js:26632:16)
      at performUnitOfWork (node_modules/react-dom/cjs/react-dom.development.js:26607:5)
      at workLoopSync (node_modules/react-dom/cjs/react-dom.development.js:26505:5)
      at renderRootSync (node_modules/react-dom/cjs/react-dom.development.js:26473:7)
      at performConcurrentWorkOnRoot (node_modules/react-dom/cjs/react-dom.development.js:25777:74)
      at flushActQueue (node_modules/react/cjs/react.development.js:2667:24)
      at act (node_modules/react/cjs/react.development.js:2582:11)
      at node_modules/@testing-library/react/dist/act-compat.js:46:25
      at renderRoot (node_modules/@testing-library/react/dist/pure.js:189:26)
      at render (node_modules/@testing-library/react/dist/pure.js:291:10)
      at Object.<anonymous> (src/__tests__/components/Header.test.tsx:128:19)

    console.error
      Warning: React does not recognize the `layoutId` prop on a DOM element. If you intentionally want it to appear in the DOM as a custom attribute, spell it as lowercase `layoutid` instead. If you accidentally passed it from a parent component, remove it from the DOM element.
          at div
          at a
          at hrefProp (/Users/ppmtrue/Documents/GitHub/SelenIT-Digital-Agency/node_modules/next/src/client/link.tsx:299:13)
          at div
          at nav
          at lang (/Users/ppmtrue/Documents/GitHub/SelenIT-Digital-Agency/src/components/ui/DesktopNav.tsx:58:5)
          at div
          at header
          at lang (/Users/ppmtrue/Documents/GitHub/SelenIT-Digital-Agency/src/components/layout/Header.tsx:23:34)

      126 |     describe('Rendering', () => {
      127 |         it('renders logo with link to home', () => {
    > 128 |             render(<Header lang="en" dict={mockDictionaries.en} />);
          |                   ^
      129 |
      130 |             // The logo is a link to home
      131 |             const logoLink = document.querySelector('a[href="/en"]');

      at printWarning (node_modules/react-dom/cjs/react-dom.development.js:86:30)
      at error (node_modules/react-dom/cjs/react-dom.development.js:60:7)
      at validateProperty$1 (node_modules/react-dom/cjs/react-dom.development.js:3757:7)
      at warnUnknownProperties (node_modules/react-dom/cjs/react-dom.development.js:3803:21)
      at validateProperties$2 (node_modules/react-dom/cjs/react-dom.development.js:3827:3)
      at validatePropertiesInDevelopment (node_modules/react-dom/cjs/react-dom.development.js:9541:5)
      at setInitialProperties (node_modules/react-dom/cjs/react-dom.development.js:9830:5)
      at finalizeInitialChildren (node_modules/react-dom/cjs/react-dom.development.js:10950:3)
      at completeWork (node_modules/react-dom/cjs/react-dom.development.js:22232:17)
      at completeUnitOfWork (node_modules/react-dom/cjs/react-dom.development.js:26632:16)
      at performUnitOfWork (node_modules/react-dom/cjs/react-dom.development.js:26607:5)
      at workLoopSync (node_modules/react-dom/cjs/react-dom.development.js:26505:5)
      at renderRootSync (node_modules/react-dom/cjs/react-dom.development.js:26473:7)
      at performConcurrentWorkOnRoot (node_modules/react-dom/cjs/react-dom.development.js:25777:74)
      at flushActQueue (node_modules/react/cjs/react.development.js:2667:24)
      at act (node_modules/react/cjs/react.development.js:2582:11)
      at node_modules/@testing-library/react/dist/act-compat.js:46:25
      at renderRoot (node_modules/@testing-library/react/dist/pure.js:189:26)
      at render (node_modules/@testing-library/react/dist/pure.js:291:10)
      at Object.<anonymous> (src/__tests__/components/Header.test.tsx:128:19)

    console.error
      Warning: React does not recognize the `whileTap` prop on a DOM element. If you intentionally want it to appear in the DOM as a custom attribute, spell it as lowercase `whiletap` instead. If you accidentally passed it from a parent component, remove it from the DOM element.
          at button
          at div
          at div
          at header
          at lang (/Users/ppmtrue/Documents/GitHub/SelenIT-Digital-Agency/src/components/layout/Header.tsx:23:34)

      126 |     describe('Rendering', () => {
      127 |         it('renders logo with link to home', () => {
    > 128 |             render(<Header lang="en" dict={mockDictionaries.en} />);
          |                   ^
      129 |
      130 |             // The logo is a link to home
      131 |             const logoLink = document.querySelector('a[href="/en"]');

      at printWarning (node_modules/react-dom/cjs/react-dom.development.js:86:30)
      at error (node_modules/react-dom/cjs/react-dom.development.js:60:7)
      at validateProperty$1 (node_modules/react-dom/cjs/react-dom.development.js:3757:7)
      at warnUnknownProperties (node_modules/react-dom/cjs/react-dom.development.js:3803:21)
      at validateProperties$2 (node_modules/react-dom/cjs/react-dom.development.js:3827:3)
      at validatePropertiesInDevelopment (node_modules/react-dom/cjs/react-dom.development.js:9541:5)
      at setInitialProperties (node_modules/react-dom/cjs/react-dom.development.js:9830:5)
      at finalizeInitialChildren (node_modules/react-dom/cjs/react-dom.development.js:10950:3)
      at completeWork (node_modules/react-dom/cjs/react-dom.development.js:22232:17)
      at completeUnitOfWork (node_modules/react-dom/cjs/react-dom.development.js:26632:16)
      at performUnitOfWork (node_modules/react-dom/cjs/react-dom.development.js:26607:5)
      at workLoopSync (node_modules/react-dom/cjs/react-dom.development.js:26505:5)
      at renderRootSync (node_modules/react-dom/cjs/react-dom.development.js:26473:7)
      at performConcurrentWorkOnRoot (node_modules/react-dom/cjs/react-dom.development.js:25777:74)
      at flushActQueue (node_modules/react/cjs/react.development.js:2667:24)
      at act (node_modules/react/cjs/react.development.js:2582:11)
      at node_modules/@testing-library/react/dist/act-compat.js:46:25
      at renderRoot (node_modules/@testing-library/react/dist/pure.js:189:26)
      at render (node_modules/@testing-library/react/dist/pure.js:291:10)
      at Object.<anonymous> (src/__tests__/components/Header.test.tsx:128:19)

    console.error
      Warning: Unknown event handler property `onHoverStart`. It will be ignored.
          at button
          at className (/Users/ppmtrue/Documents/GitHub/SelenIT-Digital-Agency/src/components/ui/DesktopThemeToggle.tsx:15:5)
          at div
          at div
          at div
          at lang (/Users/ppmtrue/Documents/GitHub/SelenIT-Digital-Agency/src/components/ui/DesktopNav.tsx:58:5)
          at div
          at header
          at lang (/Users/ppmtrue/Documents/GitHub/SelenIT-Digital-Agency/src/components/layout/Header.tsx:23:34)

      126 |     describe('Rendering', () => {
      127 |         it('renders logo with link to home', () => {
    > 128 |             render(<Header lang="en" dict={mockDictionaries.en} />);
          |                   ^
      129 |
      130 |             // The logo is a link to home
      131 |             const logoLink = document.querySelector('a[href="/en"]');

      at printWarning (node_modules/react-dom/cjs/react-dom.development.js:86:30)
      at error (node_modules/react-dom/cjs/react-dom.development.js:60:7)
      at validateProperty$1 (node_modules/react-dom/cjs/react-dom.development.js:3692:9)
      at warnUnknownProperties (node_modules/react-dom/cjs/react-dom.development.js:3803:21)
      at validateProperties$2 (node_modules/react-dom/cjs/react-dom.development.js:3827:3)
      at validatePropertiesInDevelopment (node_modules/react-dom/cjs/react-dom.development.js:9541:5)
      at setInitialProperties (node_modules/react-dom/cjs/react-dom.development.js:9830:5)
      at finalizeInitialChildren (node_modules/react-dom/cjs/react-dom.development.js:10950:3)
      at completeWork (node_modules/react-dom/cjs/react-dom.development.js:22232:17)
      at completeUnitOfWork (node_modules/react-dom/cjs/react-dom.development.js:26632:16)
      at performUnitOfWork (node_modules/react-dom/cjs/react-dom.development.js:26607:5)
      at workLoopSync (node_modules/react-dom/cjs/react-dom.development.js:26505:5)
      at renderRootSync (node_modules/react-dom/cjs/react-dom.development.js:26473:7)
      at performConcurrentWorkOnRoot (node_modules/react-dom/cjs/react-dom.development.js:25777:74)
      at flushActQueue (node_modules/react/cjs/react.development.js:2667:24)
      at act (node_modules/react/cjs/react.development.js:2582:11)
      at node_modules/@testing-library/react/dist/act-compat.js:46:25
      at renderRoot (node_modules/@testing-library/react/dist/pure.js:189:26)
      at render (node_modules/@testing-library/react/dist/pure.js:291:10)
      at Object.<anonymous> (src/__tests__/components/Header.test.tsx:128:19)

    console.error
      Warning: Unknown event handler property `onHoverEnd`. It will be ignored.
          at button
          at className (/Users/ppmtrue/Documents/GitHub/SelenIT-Digital-Agency/src/components/ui/DesktopThemeToggle.tsx:15:5)
          at div
          at div
          at div
          at lang (/Users/ppmtrue/Documents/GitHub/SelenIT-Digital-Agency/src/components/ui/DesktopNav.tsx:58:5)
          at div
          at header
          at lang (/Users/ppmtrue/Documents/GitHub/SelenIT-Digital-Agency/src/components/layout/Header.tsx:23:34)

      126 |     describe('Rendering', () => {
      127 |         it('renders logo with link to home', () => {
    > 128 |             render(<Header lang="en" dict={mockDictionaries.en} />);
          |                   ^
      129 |
      130 |             // The logo is a link to home
      131 |             const logoLink = document.querySelector('a[href="/en"]');

      at printWarning (node_modules/react-dom/cjs/react-dom.development.js:86:30)
      at error (node_modules/react-dom/cjs/react-dom.development.js:60:7)
      at validateProperty$1 (node_modules/react-dom/cjs/react-dom.development.js:3692:9)
      at warnUnknownProperties (node_modules/react-dom/cjs/react-dom.development.js:3803:21)
      at validateProperties$2 (node_modules/react-dom/cjs/react-dom.development.js:3827:3)
      at validatePropertiesInDevelopment (node_modules/react-dom/cjs/react-dom.development.js:9541:5)
      at setInitialProperties (node_modules/react-dom/cjs/react-dom.development.js:9830:5)
      at finalizeInitialChildren (node_modules/react-dom/cjs/react-dom.development.js:10950:3)
      at completeWork (node_modules/react-dom/cjs/react-dom.development.js:22232:17)
      at completeUnitOfWork (node_modules/react-dom/cjs/react-dom.development.js:26632:16)
      at performUnitOfWork (node_modules/react-dom/cjs/react-dom.development.js:26607:5)
      at workLoopSync (node_modules/react-dom/cjs/react-dom.development.js:26505:5)
      at renderRootSync (node_modules/react-dom/cjs/react-dom.development.js:26473:7)
      at performConcurrentWorkOnRoot (node_modules/react-dom/cjs/react-dom.development.js:25777:74)
      at flushActQueue (node_modules/react/cjs/react.development.js:2667:24)
      at act (node_modules/react/cjs/react.development.js:2582:11)
      at node_modules/@testing-library/react/dist/act-compat.js:46:25
      at renderRoot (node_modules/@testing-library/react/dist/pure.js:189:26)
      at render (node_modules/@testing-library/react/dist/pure.js:291:10)
      at Object.<anonymous> (src/__tests__/components/Header.test.tsx:128:19)

    console.error
      [Error: Not implemented: navigation (except hash changes)] {
        type: 'not implemented'
      }

      at VirtualConsole.<anonymous> (node_modules/@jest/environment-jsdom-abstract/build/index.js:87:23)
      at module.exports (node_modules/jsdom/lib/jsdom/browser/not-implemented.js:12:26)
      at navigateFetch (node_modules/jsdom/lib/jsdom/living/window/navigation.js:77:3)
      at exports.navigate (node_modules/jsdom/lib/jsdom/living/window/navigation.js:55:3)
      at Timeout._onTimeout (node_modules/jsdom/lib/jsdom/living/nodes/HTMLHyperlinkElementUtils-impl.js:80:7)

  ● Header › Rendering › renders correct links for English locale

    expect(element).toHaveAttribute("href", "/en/services") // element.getAttribute("href") === "/en/services"

    Expected the element to have attribute:
      href="/en/services"
    Received:
      href="/Services"

      150 |
      151 |             expect(screen.getByRole('link', { name: /home/i })).toHaveAttribute('href', '/en');
    > 152 |             expect(screen.getByRole('link', { name: /services/i })).toHaveAttribute(
          |                                                                     ^
      153 |                 'href',
      154 |                 '/en/services',
      155 |             );

      at Object.toHaveAttribute (src/__tests__/components/Header.test.tsx:152:69)

FAIL src/__tests__/components/ui/MobileMenu.test.tsx
  ● MobileMenu › calls closeMenu when backdrop is clicked

    TestingLibraryElementError: Unable to find an element by: [data-testid="mobile-menu-backdrop"]

    Ignored nodes: comments, script, style
    [36m<body>[39m
      [36m<div>[39m
        [36m<div[39m
          [33mclass[39m=[32m"fixed inset-0 z-[60] md:hidden"[39m
        [36m>[39m
          [36m<div[39m
            [33mclass[39m=[32m"absolute inset-0 bg-cream-50/70 dark:bg-dark-950/70 backdrop-blur-2xl"[39m
          [36m/>[39m
          [36m<div[39m
            [33mclass[39m=[32m"absolute inset-0 w-full h-full bg-cream-50/80 dark:bg-dark-950/80 backdrop-blur-2xl overflow-hidden"[39m
          [36m>[39m
            [36m<div[39m
              [33mclass[39m=[32m"relative z-10 h-full flex flex-col p-5 pt-8"[39m
            [36m>[39m
              [36m<div[39m
                [33mclass[39m=[32m"flex justify-between items-center mb-8 mr-2"[39m
              [36m>[39m
                [36m<h2[39m
                  [33mclass[39m=[32m"text-7xl sm:text-8xl md:text-9xl lg:text-10xl font-bold text-slate-900 dark:text-white ml-4 relative"[39m
                [36m>[39m
                  [0mMenu[0m
                  [36m<span[39m
                    [33mclass[39m=[32m"absolute bottom-0 left-0 w-full h-1 bg-gradient-to-r from-red-600 to-red-500 -mb-2"[39m
                  [36m/>[39m
                [36m</h2>[39m
                [36m<button[39m
                  [33maria-label[39m=[32m"Close"[39m
                  [33mclass[39m=[32m"flex items-center gap-2 text-slate-500 dark:text-slate-300 hover:text-slate-900 dark:hover:text-white transition-colors -mt-7"[39m
                [36m>[39m
                  [36m<span[39m
                    [33mclass[39m=[32m"text-[11px] tracking-wide"[39m
                  [36m>[39m
                    [0mClose[0m
                  [36m</span>[39m
                  [36m<svg[39m
                    [33mclass[39m=[32m"w-4 h-4"[39m
                    [33mfill[39m=[32m"none"[39m
                    [33mstroke[39m=[32m"currentColor"[39m
                    [33mviewBox[39m=[32m"0 0 24 24"[39m
                  [36m>[39m
                    [36m<path[39m
                      [33md[39m=[32m"M6 18L18 6M6 6l12 12"[39m
                      [33mstroke-linecap[39m=[32m"round"[39m
                      [33mstroke-linejoin[39m=[32m"round"[39m
                      [33mstroke-width[39m=[32m"2"[39m
                    [36m/>[39m
                  [36m</svg>[39m
                [36m</button>[39m
              [36m</div>[39m
              [36m<div[39m
                [33mclass[39m=[32m"flex-1 overflow-y-auto py-4 mt-8"[39m
              [36m>[39m
                [36m<div[39m
                  [33mclass[39m=[32m"flex flex-col gap-4"[39m
                [36m>[39m
                  [36m<div[39m
                    [33mclass[39m=[32m"rounded-2xl"[39m
                  [36m>[39m
                    [36m<a[39m
                      [33mclass[39m=[32m"group flex items-center justify-between px-4 py-3 transition-all duration-300 relative border-b border-slate-200/30 dark:border-white/10 text-red-600 dark:text-red-500"[39m
                      [33mhref[39m=[32m"/en"[39m
                    [36m>[39m
                      [36m<div[39m
                        [33mclass[39m=[32m"flex items-center gap-3"[39m
                      [36m>[39m
                        [36m<span[39m
                          [33mclass[39m=[32m"font-semibold text-base tracking-wide"[39m
                        [36m>[39m
                          [0mHome[0m
                        [36m</span>[39m
                      [36m</div>[39m
                      [36m<span[39m
                        [33mclass[39m=[32m"absolute bottom-0 left-4 right-4 h-px bg-gradient-to-r from-red-600 to-red-500"[39m
                      [36m/>[39m
                    [36m</a>[39m
                  [36m</div>[39m
                  [36m<div[39m
                    [33mclass[39m=[32m"rounded-2xl"[39m
                  [36m>[39m
                    [36m<div[39m
                      [33mclass[39m=[32m"relative"[39m
                    [36m>[39m
                      [36m<button[39m
                        [33mclass[39m=[32m"w-full flex items-center justify-between px-4 py-3 transition-all duration-300 relative border-b border-slate-200/30 dark:border-white/10 text-slate-700 dark:text-slate-200"[39m
                        [33mtype[39m=[32m"button"[39m
                      [36m>[39m
                        [36m<div[39m
                          [33mclass[39m=[32m"flex items-center gap-3"[39m
                        [36m>[39m
                          [36m<span[39m
                            [33mclass[39m=[32m"font-semibold text-base tracking-wide text-slate-700 dark:text-slate-200"[39m
                          [36m>[39m
                            [0mServices[0m
                          [36m</span>[39m
                        [36m</div>[39m
                        [36m<img[39m
                          [33malt[39m=[32m"Arrow"[39m
                          [33mclass[39m=[32m"w-4 h-4 transition-transform duration-300 mr-0 brightness-0 saturate-100 dark:brightness-0 dark:invert"[39m
                          [33msrc[39m=[32m"/arrow.png"[39m
                        [36m/>[39m
                        [36m<span[39m
                          [33mclass[39m=[32m"absolute bottom-0 left-4 right-4 h-px bg-gradient-to-r from-red-600 to-red-500"[39m
                        [36m/>[39m
                      [36m</button>[39m
                    [36m</div>[39m
                  [36m</div>[39m
                  [36m<div[39m
                    [33mclass[39m=[32m"rounded-2xl"[39m
                  [36m>[39m
                    [36m<a[39m
                      [33mclass[39m=[32m"group flex items-center justify-between px-4 py-3 transition-all duration-300 relative border-b border-slate-200/30 dark:border-white/10 text-slate-700 dark:text-slate-200"[39m
                      [33mhref[39m=[32m"/en/showreel"[39m
                    [36m>[39m
                      [36m<div[39m
                        [33mclass[39m=[32m"flex items-center gap-3"[39m
                      [36m>[39m
                        [36m<span[39m
                          [33mclass[39m=[32m"font-semibold text-base tracking-wide"[39m
                        [36m>[39m
                          [0mShowreel[0m
                        [36m</span>[39m
                      [36m</div>[39m
                      [36m<span[39m
                        [33mclass[39m=[32m"absolute bottom-0 left-4 right-4 h-px bg-gradient-to-r from-red-600 to-red-500"[39m
                      [36m/>[39m
                    [36m</a>[39m
                  [36m</div>[39m
                  [36m<div[39m
                    [33mclass[39m=[32m"rounded-2xl"[39m
                  [36m>[39m
                    [36m<a[39m
                      [33mclass[39m=[32m"group flex items-center justify-between px-4 py-3 transition-all duration-300 relative border-b border-slate-200/30 dark:border-white/10 text-slate-700 dark:text-slate-200"[39m
                      [33mhref[39m=[32m"/en/about"[39m
                    [36m>[39m
                      [36m<div[39m
                        [33mclass[39m=[32m"flex items-center gap-3"[39m
                      [36m>[39m
                        [36m<span[39m
                          [33mclass[39m=[32m"font-semibold text-base tracking-wide"[39m
                        [36m>[39m
                          [0mAbout[0m
                        [36m</span>[39m
                      [36m</div>[39m
                      [36m<span[39m
                        [33mclass[39m=[32m"absolute bottom-0 left-4 right-4 h-px bg-gradient-to-r from-red-600 to-red-500"[39m
                      [36m/>[39m
                    [36m</a>[39m
                  [36m</div>[39m
                  [36m<div[39m
                    [33mclass[39m=[32m"rounded-2xl"[39m
                  [36m>[39m
                    [36m<a[39m
                      [33mclass[39m=[32m"group flex items-center justify-between px-4 py-3 transition-all duration-300 relative border-b border-slate-200/30 dark:border-white/10 text-slate-700 dark:text-slate-200"[39m
                      [33mhref[39m=[32m"/en/contact"[39m
                    [36m>[39m
                      [36m<div[39m
                        [33mclass[39m=[32m"flex items-center gap-3"[39m
                      [36m>[39m
                        [36m<span[39m
                          [33mclass[39m=[32m"font-semibold text-base tracking-wide"[39m
                        [36m>[39m
                          [0mContact[0m
                        [36m</span>[39m
                      [36m</div>[39m
                      [36m<span[39m
                        [33mclass[39m=[32m"absolute bottom-0 left-4 right-4 h-px bg-gradient-to-r from-red-600 to-red-500"[39m
                      [36m/>[39m
                    [36m</a>[39m
                  [36m</div>[39m
                [36m</div>[39m
              [36m</div>[39m
              [36m<div[39m
                [33mclass[39m=[32m"pt-4 border-t border-slate-200/50 dark:border-white/10 flex items-center justify-between"[39m
              [36m>[39m
                [36m<span[39m
                  [33mclass[39m=[32m"text-xs font-medium text-slate-400 dark:text-slate-500 uppercase tracking-wider"[39m
                [36m>[39m
                  [0mLanguage[0m
                [36m</span>[39m
                [36m<div[39m
                  [33maria-label[39m=[32m"Select language"[39m
                  [33mclass[39m=[32m"
                    flex items-center gap-0.5 transition-opacity duration-300 max-w-fit
                    px-0 py-0 -my-2.5 -mx-1
                "[39m
                  [33mrole[39m=[32m"group"[39m
                [36m>[39m
                  [36m<button[39m
                    [33maria-label[39m=[32m"Switch to Español"[39m
                    [33maria-pressed[39m=[32m"false"[39m
                    [33mclass[39m=[32m"
                                relative px-2 py-1 text-xs font-bold uppercase
                                transition-all duration-300 rounded-full
                                text-slate-600 dark:text-slate-400 hover:text-red-600 dark:hover:text-red-500
                            "[39m
                  [36m>[39m
                    [36m<span[39m
                      [33mclass[39m=[32m"relative z-10"[39m
                    [36m>[39m
                      [0mES[0m
                    [36m</span>[39m
                  [36m</button>[39m
                  [36m<button[39m
                    [33maria-label[39m=[32m"Switch to English"[39m
                    [33maria-pressed[39m=[32m"true"[39m
                    [33mclass[39m=[32m"
                                relative px-2 py-1 text-xs font-bold uppercase
                                transition-all duration-300 rounded-full
                                text-red-600 dark:text-red-500
                            "[39m
                  [36m>[39m
                    [36m<span[39m
                      [33mclass[39m=[32m"relative z-10"[39m
                    [36m>[39m
                      [0mEN[0m
                    [36m</span>[39m
                  [36m</button>[39m
                  [36m<button[39m
                    [33maria-label[39m=[32m"Switch to Русский"[39m
                    [33maria-pressed[39m=[32m"false"[39m
                    [33mclass[39m=[32m"
                                relative px-2 py-1 text-xs font-bold uppercase
                                transition-all duration-300 rounded-full
                                text-slate-600 dark:text-slate-400 hover:text-red-600 dark:hover:text-red-500
                            "[39m
                  [36m>[39m
                    [36m<span[39m
                      [33mclass[39m=[32m"relative z-10"[39m
                    [36m>[39m
                      [0mRU[0m
                    [36m</span>[39m
                  [36m</button>[39m
                [36m</div>[39m
              [36m</div>[39m
              [36m<div[39m
                [33mclass[39m=[32m"mt-2"[39m
              [36m>[39m
                [36m<a[39m
                  [33mclass[39m=[32m"block w-full text-center px-5 py-3.5 rounded-2xl text-sm font-semibold text-white bg-red-600 shadow-lg shadow-red-600/20"[39m
                  [33mhref[39m=[32m"/en/contact"[39m
                [36m>[39m
                  [0mGet Started[0m
                [36m</a>[39m
              [36m</div>[39m
            [36m</div>[39m
          [36m</div>[39m
        [36m</div>[39m
      [36m</div>[39m
    [36m</body>[39m

      128 |         render(<MobileMenu {...defaultProps} isMobileMenuOpen={true} closeMenu={closeMenu} />);
      129 |
    > 130 |         const backdrop = screen.getByTestId('mobile-menu-backdrop');
          |                                 ^
      131 |         fireEvent.click(backdrop);
      132 |
      133 |         expect(closeMenu).toHaveBeenCalled();

      at Object.getElementError (node_modules/@testing-library/dom/dist/config.js:37:19)
      at node_modules/@testing-library/dom/dist/query-helpers.js:76:38
      at node_modules/@testing-library/dom/dist/query-helpers.js:52:17
      at node_modules/@testing-library/dom/dist/query-helpers.js:95:19
      at Object.getByTestId (src/__tests__/components/ui/MobileMenu.test.tsx:130:33)

  ● MobileMenu › renders navigation links correctly

    TestingLibraryElementError: Unable to find an accessible element with the role "link" and name `/services/i`

    Here are the accessible roles:

      heading:

      Name "Menu":
      [36m<h2[39m
        [33mclass[39m=[32m"text-7xl sm:text-8xl md:text-9xl lg:text-10xl font-bold text-slate-900 dark:text-white ml-4 relative"[39m
      [36m/>[39m

      --------------------------------------------------
      button:

      Name "Close":
      [36m<button[39m
        [33maria-label[39m=[32m"Close"[39m
        [33mclass[39m=[32m"flex items-center gap-2 text-slate-500 dark:text-slate-300 hover:text-slate-900 dark:hover:text-white transition-colors -mt-7"[39m
      [36m/>[39m

      Name "Services Arrow":
      [36m<button[39m
        [33mclass[39m=[32m"w-full flex items-center justify-between px-4 py-3 transition-all duration-300 relative border-b border-slate-200/30 dark:border-white/10 text-slate-700 dark:text-slate-200"[39m
        [33mtype[39m=[32m"button"[39m
      [36m/>[39m

      Name "Switch to Español":
      [36m<button[39m
        [33maria-label[39m=[32m"Switch to Español"[39m
        [33maria-pressed[39m=[32m"false"[39m
        [33mclass[39m=[32m"
                                  relative px-2 py-1 text-xs font-bold uppercase
                                  transition-all duration-300 rounded-full
                                  text-slate-600 dark:text-slate-400 hover:text-red-600 dark:hover:text-red-500
                              "[39m
      [36m/>[39m

      Name "Switch to English":
      [36m<button[39m
        [33maria-label[39m=[32m"Switch to English"[39m
        [33maria-pressed[39m=[32m"true"[39m
        [33mclass[39m=[32m"
                                  relative px-2 py-1 text-xs font-bold uppercase
                                  transition-all duration-300 rounded-full
                                  text-red-600 dark:text-red-500
                              "[39m
      [36m/>[39m

      Name "Switch to Русский":
      [36m<button[39m
        [33maria-label[39m=[32m"Switch to Русский"[39m
        [33maria-pressed[39m=[32m"false"[39m
        [33mclass[39m=[32m"
                                  relative px-2 py-1 text-xs font-bold uppercase
                                  transition-all duration-300 rounded-full
                                  text-slate-600 dark:text-slate-400 hover:text-red-600 dark:hover:text-red-500
                              "[39m
      [36m/>[39m

      --------------------------------------------------
      link:

      Name "Home":
      [36m<a[39m
        [33mclass[39m=[32m"group flex items-center justify-between px-4 py-3 transition-all duration-300 relative border-b border-slate-200/30 dark:border-white/10 text-red-600 dark:text-red-500"[39m
        [33mhref[39m=[32m"/en"[39m
      [36m/>[39m

      Name "Showreel":
      [36m<a[39m
        [33mclass[39m=[32m"group flex items-center justify-between px-4 py-3 transition-all duration-300 relative border-b border-slate-200/30 dark:border-white/10 text-slate-700 dark:text-slate-200"[39m
        [33mhref[39m=[32m"/en/showreel"[39m
      [36m/>[39m

      Name "About":
      [36m<a[39m
        [33mclass[39m=[32m"group flex items-center justify-between px-4 py-3 transition-all duration-300 relative border-b border-slate-200/30 dark:border-white/10 text-slate-700 dark:text-slate-200"[39m
        [33mhref[39m=[32m"/en/about"[39m
      [36m/>[39m

      Name "Contact":
      [36m<a[39m
        [33mclass[39m=[32m"group flex items-center justify-between px-4 py-3 transition-all duration-300 relative border-b border-slate-200/30 dark:border-white/10 text-slate-700 dark:text-slate-200"[39m
        [33mhref[39m=[32m"/en/contact"[39m
      [36m/>[39m

      Name "Get Started":
      [36m<a[39m
        [33mclass[39m=[32m"block w-full text-center px-5 py-3.5 rounded-2xl text-sm font-semibold text-white bg-red-600 shadow-lg shadow-red-600/20"[39m
        [33mhref[39m=[32m"/en/contact"[39m
      [36m/>[39m

      --------------------------------------------------
      img:

      Name "Arrow":
      [36m<img[39m
        [33malt[39m=[32m"Arrow"[39m
        [33mclass[39m=[32m"w-4 h-4 transition-transform duration-300 mr-0 brightness-0 saturate-100 dark:brightness-0 dark:invert"[39m
        [33msrc[39m=[32m"/arrow.png"[39m
      [36m/>[39m

      --------------------------------------------------
      group:

      Name "Select language":
      [36m<div[39m
        [33maria-label[39m=[32m"Select language"[39m
        [33mclass[39m=[32m"
                      flex items-center gap-0.5 transition-opacity duration-300 max-w-fit
                      px-0 py-0 -my-2.5 -mx-1
                  "[39m
        [33mrole[39m=[32m"group"[39m
      [36m/>[39m

      --------------------------------------------------

    Ignored nodes: comments, script, style
    [36m<body>[39m
      [36m<div>[39m
        [36m<div[39m
          [33mclass[39m=[32m"fixed inset-0 z-[60] md:hidden"[39m
        [36m>[39m
          [36m<div[39m
            [33mclass[39m=[32m"absolute inset-0 bg-cream-50/70 dark:bg-dark-950/70 backdrop-blur-2xl"[39m
          [36m/>[39m
          [36m<div[39m
            [33mclass[39m=[32m"absolute inset-0 w-full h-full bg-cream-50/80 dark:bg-dark-950/80 backdrop-blur-2xl overflow-hidden"[39m
          [36m>[39m
            [36m<div[39m
              [33mclass[39m=[32m"relative z-10 h-full flex flex-col p-5 pt-8"[39m
            [36m>[39m
              [36m<div[39m
                [33mclass[39m=[32m"flex justify-between items-center mb-8 mr-2"[39m
              [36m>[39m
                [36m<h2[39m
                  [33mclass[39m=[32m"text-7xl sm:text-8xl md:text-9xl lg:text-10xl font-bold text-slate-900 dark:text-white ml-4 relative"[39m
                [36m>[39m
                  [0mMenu[0m
                  [36m<span[39m
                    [33mclass[39m=[32m"absolute bottom-0 left-0 w-full h-1 bg-gradient-to-r from-red-600 to-red-500 -mb-2"[39m
                  [36m/>[39m
                [36m</h2>[39m
                [36m<button[39m
                  [33maria-label[39m=[32m"Close"[39m
                  [33mclass[39m=[32m"flex items-center gap-2 text-slate-500 dark:text-slate-300 hover:text-slate-900 dark:hover:text-white transition-colors -mt-7"[39m
                [36m>[39m
                  [36m<span[39m
                    [33mclass[39m=[32m"text-[11px] tracking-wide"[39m
                  [36m>[39m
                    [0mClose[0m
                  [36m</span>[39m
                  [36m<svg[39m
                    [33mclass[39m=[32m"w-4 h-4"[39m
                    [33mfill[39m=[32m"none"[39m
                    [33mstroke[39m=[32m"currentColor"[39m
                    [33mviewBox[39m=[32m"0 0 24 24"[39m
                  [36m>[39m
                    [36m<path[39m
                      [33md[39m=[32m"M6 18L18 6M6 6l12 12"[39m
                      [33mstroke-linecap[39m=[32m"round"[39m
                      [33mstroke-linejoin[39m=[32m"round"[39m
                      [33mstroke-width[39m=[32m"2"[39m
                    [36m/>[39m
                  [36m</svg>[39m
                [36m</button>[39m
              [36m</div>[39m
              [36m<div[39m
                [33mclass[39m=[32m"flex-1 overflow-y-auto py-4 mt-8"[39m
              [36m>[39m
                [36m<div[39m
                  [33mclass[39m=[32m"flex flex-col gap-4"[39m
                [36m>[39m
                  [36m<div[39m
                    [33mclass[39m=[32m"rounded-2xl"[39m
                  [36m>[39m
                    [36m<a[39m
                      [33mclass[39m=[32m"group flex items-center justify-between px-4 py-3 transition-all duration-300 relative border-b border-slate-200/30 dark:border-white/10 text-red-600 dark:text-red-500"[39m
                      [33mhref[39m=[32m"/en"[39m
                    [36m>[39m
                      [36m<div[39m
                        [33mclass[39m=[32m"flex items-center gap-3"[39m
                      [36m>[39m
                        [36m<span[39m
                          [33mclass[39m=[32m"font-semibold text-base tracking-wide"[39m
                        [36m>[39m
                          [0mHome[0m
                        [36m</span>[39m
                      [36m</div>[39m
                      [36m<span[39m
                        [33mclass[39m=[32m"absolute bottom-0 left-4 right-4 h-px bg-gradient-to-r from-red-600 to-red-500"[39m
                      [36m/>[39m
                    [36m</a>[39m
                  [36m</div>[39m
                  [36m<div[39m
                    [33mclass[39m=[32m"rounded-2xl"[39m
                  [36m>[39m
                    [36m<div[39m
                      [33mclass[39m=[32m"relative"[39m
                    [36m>[39m
                      [36m<button[39m
                        [33mclass[39m=[32m"w-full flex items-center justify-between px-4 py-3 transition-all duration-300 relative border-b border-slate-200/30 dark:border-white/10 text-slate-700 dark:text-slate-200"[39m
                        [33mtype[39m=[32m"button"[39m
                      [36m>[39m
                        [36m<div[39m
                          [33mclass[39m=[32m"flex items-center gap-3"[39m
                        [36m>[39m
                          [36m<span[39m
                            [33mclass[39m=[32m"font-semibold text-base tracking-wide text-slate-700 dark:text-slate-200"[39m
                          [36m>[39m
                            [0mServices[0m
                          [36m</span>[39m
                        [36m</div>[39m
                        [36m<img[39m
                          [33malt[39m=[32m"Arrow"[39m
                          [33mclass[39m=[32m"w-4 h-4 transition-transform duration-300 mr-0 brightness-0 saturate-100 dark:brightness-0 dark:invert"[39m
                          [33msrc[39m=[32m"/arrow.png"[39m
                        [36m/>[39m
                        [36m<span[39m
                          [33mclass[39m=[32m"absolute bottom-0 left-4 right-4 h-px bg-gradient-to-r from-red-600 to-red-500"[39m
                        [36m/>[39m
                      [36m</button>[39m
                    [36m</div>[39m
                  [36m</div>[39m
                  [36m<div[39m
                    [33mclass[39m=[32m"rounded-2xl"[39m
                  [36m>[39m
                    [36m<a[39m
                      [33mclass[39m=[32m"group flex items-center justify-between px-4 py-3 transition-all duration-300 relative border-b border-slate-200/30 dark:border-white/10 text-slate-700 dark:text-slate-200"[39m
                      [33mhref[39m=[32m"/en/showreel"[39m
                    [36m>[39m
                      [36m<div[39m
                        [33mclass[39m=[32m"flex items-center gap-3"[39m
                      [36m>[39m
                        [36m<span[39m
                          [33mclass[39m=[32m"font-semibold text-base tracking-wide"[39m
                        [36m>[39m
                          [0mShowreel[0m
                        [36m</span>[39m
                      [36m</div>[39m
                      [36m<span[39m
                        [33mclass[39m=[32m"absolute bottom-0 left-4 right-4 h-px bg-gradient-to-r from-red-600 to-red-500"[39m
                      [36m/>[39m
                    [36m</a>[39m
                  [36m</div>[39m
                  [36m<div[39m
                    [33mclass[39m=[32m"rounded-2xl"[39m
                  [36m>[39m
                    [36m<a[39m
                      [33mclass[39m=[32m"group flex items-center justify-between px-4 py-3 transition-all duration-300 relative border-b border-slate-200/30 dark:border-white/10 text-slate-700 dark:text-slate-200"[39m
                      [33mhref[39m=[32m"/en/about"[39m
                    [36m>[39m
                      [36m<div[39m
                        [33mclass[39m=[32m"flex items-center gap-3"[39m
                      [36m>[39m
                        [36m<span[39m
                          [33mclass[39m=[32m"font-semibold text-base tracking-wide"[39m
                        [36m>[39m
                          [0mAbout[0m
                        [36m</span>[39m
                      [36m</div>[39m
                      [36m<span[39m
                        [33mclass[39m=[32m"absolute bottom-0 left-4 right-4 h-px bg-gradient-to-r from-red-600 to-red-500"[39m
                      [36m/>[39m
                    [36m</a>[39m
                  [36m</div>[39m
                  [36m<div[39m
                    [33mclass[39m=[32m"rounded-2xl"[39m
                  [36m>[39m
                    [36m<a[39m
                      [33mclass[39m=[32m"group flex items-center justify-between px-4 py-3 transition-all duration-300 relative border-b border-slate-200/30 dark:border-white/10 text-slate-700 dark:text-slate-200"[39m
                      [33mhref[39m=[32m"/en/contact"[39m
                    [36m>[39m
                      [36m<div[39m
                        [33mclass[39m=[32m"flex items-center gap-3"[39m
                      [36m>[39m
                        [36m<span[39m
                          [33mclass[39m=[32m"font-semibold text-base tracking-wide"[39m
                        [36m>[39m
                          [0mContact[0m
                        [36m</span>[39m
                      [36m</div>[39m
                      [36m<span[39m
                        [33mclass[39m=[32m"absolute bottom-0 left-4 right-4 h-px bg-gradient-to-r from-red-600 to-red-500"[39m
                      [36m/>[39m
                    [36m</a>[39m
                  [36m</div>[39m
                [36m</div>[39m
              [36m</div>[39m
              [36m<div[39m
                [33mclass[39m=[32m"pt-4 border-t border-slate-200/50 dark:border-white/10 flex items-center justify-between"[39m
              [36m>[39m
                [36m<span[39m
                  [33mclass[39m=[32m"text-xs font-medium text-slate-400 dark:text-slate-500 uppercase tracking-wider"[39m
                [36m>[39m
                  [0mLanguage[0m
                [36m</span>[39m
                [36m<div[39m
                  [33maria-label[39m=[32m"Select language"[39m
                  [33mclass[39m=[32m"
                    flex items-center gap-0.5 transition-opacity duration-300 max-w-fit
                    px-0 py-0 -my-2.5 -mx-1
                "[39m
                  [33mrole[39m=[32m"group"[39m
                [36m>[39m
                  [36m<button[39m
                    [33maria-label[39m=[32m"Switch to Español"[39m
                    [33maria-pressed[39m=[32m"false"[39m
                    [33mclass[39m=[32m"
                                relative px-2 py-1 text-xs font-bold uppercase
                                transition-all duration-300 rounded-full
                                text-slate-600 dark:text-slate-400 hover:text-red-600 dark:hover:text-red-500
                            "[39m
                  [36m>[39m
                    [36m<span[39m
                      [33mclass[39m=[32m"relative z-10"[39m
                    [36m>[39m
                      [0mES[0m
                    [36m</span>[39m
                  [36m</button>[39m
                  [36m<button[39m
                    [33maria-label[39m=[32m"Switch to English"[39m
                    [33maria-pressed[39m=[32m"true"[39m
                    [33mclass[39m=[32m"
                                relative px-2 py-1 text-xs font-bold uppercase
                                transition-all duration-300 rounded-full
                                text-red-600 dark:text-red-500
                            "[39m
                  [36m>[39m
                    [36m<span[39m
                      [33mclass[39m=[32m"relative z-10"[39m
                    [36m>[39m
                      [0mEN[0m
                    [36m</span>[39m
                  [36m</button>[39m
                  [36m<button[39m
                    [33maria-label[39m=[32m"Switch to Русский"[39m
                    [33maria-pressed[39m=[32m"false"[39m
                    [33mclass[39m=[32m"
                                relative px-2 py-1 text-xs font-bold uppercase
                                transition-all duration-300 rounded-full
                                text-slate-600 dark:text-slate-400 hover:text-red-600 dark:hover:text-red-500
                            "[39m
                  [36m>[39m
                    [36m<span[39m
                      [33mclass[39m=[32m"relative z-10"[39m
                    [36m>[39m
                      [0mRU[0m
                    [36m</span>[39m
                  [36m</button>[39m
                [36m</div>[39m
              [36m</div>[39m
              [36m<div[39m
                [33mclass[39m=[32m"mt-2"[39m
              [36m>[39m
                [36m<a[39m
                  [33mclass[39m=[32m"block w-full text-center px-5 py-3.5 rounded-2xl text-sm font-semibold text-white bg-red-600 shadow-lg shadow-red-600/20"[39m
                  [33mhref[39m=[32m"/en/contact"[39m
                [36m>[39m
                  [0mGet Started[0m
                [36m</a>[39m
              [36m</div>[39m
            [36m</div>[39m
          [36m</div>[39m
        [36m</div>[39m
      [36m</div>[39m
    [36m</body>[39m

      137 |         render(<MobileMenu {...defaultProps} isMobileMenuOpen={true} />);
      138 |
    > 139 |         const servicesLink = screen.getByRole('link', { name: /services/i });
          |                                     ^
      140 |         expect(servicesLink).toHaveAttribute('href', '/en/services');
      141 |
      142 |         const showreelLink = screen.getByRole('link', { name: /showreel/i });

      at Object.getElementError (node_modules/@testing-library/dom/dist/config.js:37:19)
      at node_modules/@testing-library/dom/dist/query-helpers.js:76:38
      at node_modules/@testing-library/dom/dist/query-helpers.js:52:17
      at node_modules/@testing-library/dom/dist/query-helpers.js:95:19
      at Object.getByRole (src/__tests__/components/ui/MobileMenu.test.tsx:139:37)

  ● MobileMenu › does not highlight inactive links

    TestingLibraryElementError: Unable to find an accessible element with the role "link" and name `/services/i`

    Here are the accessible roles:

      heading:

      Name "Menu":
      [36m<h2[39m
        [33mclass[39m=[32m"text-7xl sm:text-8xl md:text-9xl lg:text-10xl font-bold text-slate-900 dark:text-white ml-4 relative"[39m
      [36m/>[39m

      --------------------------------------------------
      button:

      Name "Close":
      [36m<button[39m
        [33maria-label[39m=[32m"Close"[39m
        [33mclass[39m=[32m"flex items-center gap-2 text-slate-500 dark:text-slate-300 hover:text-slate-900 dark:hover:text-white transition-colors -mt-7"[39m
      [36m/>[39m

      Name "Services Arrow":
      [36m<button[39m
        [33mclass[39m=[32m"w-full flex items-center justify-between px-4 py-3 transition-all duration-300 relative border-b border-slate-200/30 dark:border-white/10 text-slate-700 dark:text-slate-200"[39m
        [33mtype[39m=[32m"button"[39m
      [36m/>[39m

      Name "Switch to Español":
      [36m<button[39m
        [33maria-label[39m=[32m"Switch to Español"[39m
        [33maria-pressed[39m=[32m"false"[39m
        [33mclass[39m=[32m"
                                  relative px-2 py-1 text-xs font-bold uppercase
                                  transition-all duration-300 rounded-full
                                  text-slate-600 dark:text-slate-400 hover:text-red-600 dark:hover:text-red-500
                              "[39m
      [36m/>[39m

      Name "Switch to English":
      [36m<button[39m
        [33maria-label[39m=[32m"Switch to English"[39m
        [33maria-pressed[39m=[32m"true"[39m
        [33mclass[39m=[32m"
                                  relative px-2 py-1 text-xs font-bold uppercase
                                  transition-all duration-300 rounded-full
                                  text-red-600 dark:text-red-500
                              "[39m
      [36m/>[39m

      Name "Switch to Русский":
      [36m<button[39m
        [33maria-label[39m=[32m"Switch to Русский"[39m
        [33maria-pressed[39m=[32m"false"[39m
        [33mclass[39m=[32m"
                                  relative px-2 py-1 text-xs font-bold uppercase
                                  transition-all duration-300 rounded-full
                                  text-slate-600 dark:text-slate-400 hover:text-red-600 dark:hover:text-red-500
                              "[39m
      [36m/>[39m

      --------------------------------------------------
      link:

      Name "Home":
      [36m<a[39m
        [33mclass[39m=[32m"group flex items-center justify-between px-4 py-3 transition-all duration-300 relative border-b border-slate-200/30 dark:border-white/10 text-red-600 dark:text-red-500"[39m
        [33mhref[39m=[32m"/en"[39m
      [36m/>[39m

      Name "Showreel":
      [36m<a[39m
        [33mclass[39m=[32m"group flex items-center justify-between px-4 py-3 transition-all duration-300 relative border-b border-slate-200/30 dark:border-white/10 text-slate-700 dark:text-slate-200"[39m
        [33mhref[39m=[32m"/en/showreel"[39m
      [36m/>[39m

      Name "About":
      [36m<a[39m
        [33mclass[39m=[32m"group flex items-center justify-between px-4 py-3 transition-all duration-300 relative border-b border-slate-200/30 dark:border-white/10 text-slate-700 dark:text-slate-200"[39m
        [33mhref[39m=[32m"/en/about"[39m
      [36m/>[39m

      Name "Contact":
      [36m<a[39m
        [33mclass[39m=[32m"group flex items-center justify-between px-4 py-3 transition-all duration-300 relative border-b border-slate-200/30 dark:border-white/10 text-slate-700 dark:text-slate-200"[39m
        [33mhref[39m=[32m"/en/contact"[39m
      [36m/>[39m

      Name "Get Started":
      [36m<a[39m
        [33mclass[39m=[32m"block w-full text-center px-5 py-3.5 rounded-2xl text-sm font-semibold text-white bg-red-600 shadow-lg shadow-red-600/20"[39m
        [33mhref[39m=[32m"/en/contact"[39m
      [36m/>[39m

      --------------------------------------------------
      img:

      Name "Arrow":
      [36m<img[39m
        [33malt[39m=[32m"Arrow"[39m
        [33mclass[39m=[32m"w-4 h-4 transition-transform duration-300 mr-0 brightness-0 saturate-100 dark:brightness-0 dark:invert"[39m
        [33msrc[39m=[32m"/arrow.png"[39m
      [36m/>[39m

      --------------------------------------------------
      group:

      Name "Select language":
      [36m<div[39m
        [33maria-label[39m=[32m"Select language"[39m
        [33mclass[39m=[32m"
                      flex items-center gap-0.5 transition-opacity duration-300 max-w-fit
                      px-0 py-0 -my-2.5 -mx-1
                  "[39m
        [33mrole[39m=[32m"group"[39m
      [36m/>[39m

      --------------------------------------------------

    Ignored nodes: comments, script, style
    [36m<body>[39m
      [36m<div>[39m
        [36m<div[39m
          [33mclass[39m=[32m"fixed inset-0 z-[60] md:hidden"[39m
        [36m>[39m
          [36m<div[39m
            [33mclass[39m=[32m"absolute inset-0 bg-cream-50/70 dark:bg-dark-950/70 backdrop-blur-2xl"[39m
          [36m/>[39m
          [36m<div[39m
            [33mclass[39m=[32m"absolute inset-0 w-full h-full bg-cream-50/80 dark:bg-dark-950/80 backdrop-blur-2xl overflow-hidden"[39m
          [36m>[39m
            [36m<div[39m
              [33mclass[39m=[32m"relative z-10 h-full flex flex-col p-5 pt-8"[39m
            [36m>[39m
              [36m<div[39m
                [33mclass[39m=[32m"flex justify-between items-center mb-8 mr-2"[39m
              [36m>[39m
                [36m<h2[39m
                  [33mclass[39m=[32m"text-7xl sm:text-8xl md:text-9xl lg:text-10xl font-bold text-slate-900 dark:text-white ml-4 relative"[39m
                [36m>[39m
                  [0mMenu[0m
                  [36m<span[39m
                    [33mclass[39m=[32m"absolute bottom-0 left-0 w-full h-1 bg-gradient-to-r from-red-600 to-red-500 -mb-2"[39m
                  [36m/>[39m
                [36m</h2>[39m
                [36m<button[39m
                  [33maria-label[39m=[32m"Close"[39m
                  [33mclass[39m=[32m"flex items-center gap-2 text-slate-500 dark:text-slate-300 hover:text-slate-900 dark:hover:text-white transition-colors -mt-7"[39m
                [36m>[39m
                  [36m<span[39m
                    [33mclass[39m=[32m"text-[11px] tracking-wide"[39m
                  [36m>[39m
                    [0mClose[0m
                  [36m</span>[39m
                  [36m<svg[39m
                    [33mclass[39m=[32m"w-4 h-4"[39m
                    [33mfill[39m=[32m"none"[39m
                    [33mstroke[39m=[32m"currentColor"[39m
                    [33mviewBox[39m=[32m"0 0 24 24"[39m
                  [36m>[39m
                    [36m<path[39m
                      [33md[39m=[32m"M6 18L18 6M6 6l12 12"[39m
                      [33mstroke-linecap[39m=[32m"round"[39m
                      [33mstroke-linejoin[39m=[32m"round"[39m
                      [33mstroke-width[39m=[32m"2"[39m
                    [36m/>[39m
                  [36m</svg>[39m
                [36m</button>[39m
              [36m</div>[39m
              [36m<div[39m
                [33mclass[39m=[32m"flex-1 overflow-y-auto py-4 mt-8"[39m
              [36m>[39m
                [36m<div[39m
                  [33mclass[39m=[32m"flex flex-col gap-4"[39m
                [36m>[39m
                  [36m<div[39m
                    [33mclass[39m=[32m"rounded-2xl"[39m
                  [36m>[39m
                    [36m<a[39m
                      [33mclass[39m=[32m"group flex items-center justify-between px-4 py-3 transition-all duration-300 relative border-b border-slate-200/30 dark:border-white/10 text-red-600 dark:text-red-500"[39m
                      [33mhref[39m=[32m"/en"[39m
                    [36m>[39m
                      [36m<div[39m
                        [33mclass[39m=[32m"flex items-center gap-3"[39m
                      [36m>[39m
                        [36m<span[39m
                          [33mclass[39m=[32m"font-semibold text-base tracking-wide"[39m
                        [36m>[39m
                          [0mHome[0m
                        [36m</span>[39m
                      [36m</div>[39m
                      [36m<span[39m
                        [33mclass[39m=[32m"absolute bottom-0 left-4 right-4 h-px bg-gradient-to-r from-red-600 to-red-500"[39m
                      [36m/>[39m
                    [36m</a>[39m
                  [36m</div>[39m
                  [36m<div[39m
                    [33mclass[39m=[32m"rounded-2xl"[39m
                  [36m>[39m
                    [36m<div[39m
                      [33mclass[39m=[32m"relative"[39m
                    [36m>[39m
                      [36m<button[39m
                        [33mclass[39m=[32m"w-full flex items-center justify-between px-4 py-3 transition-all duration-300 relative border-b border-slate-200/30 dark:border-white/10 text-slate-700 dark:text-slate-200"[39m
                        [33mtype[39m=[32m"button"[39m
                      [36m>[39m
                        [36m<div[39m
                          [33mclass[39m=[32m"flex items-center gap-3"[39m
                        [36m>[39m
                          [36m<span[39m
                            [33mclass[39m=[32m"font-semibold text-base tracking-wide text-slate-700 dark:text-slate-200"[39m
                          [36m>[39m
                            [0mServices[0m
                          [36m</span>[39m
                        [36m</div>[39m
                        [36m<img[39m
                          [33malt[39m=[32m"Arrow"[39m
                          [33mclass[39m=[32m"w-4 h-4 transition-transform duration-300 mr-0 brightness-0 saturate-100 dark:brightness-0 dark:invert"[39m
                          [33msrc[39m=[32m"/arrow.png"[39m
                        [36m/>[39m
                        [36m<span[39m
                          [33mclass[39m=[32m"absolute bottom-0 left-4 right-4 h-px bg-gradient-to-r from-red-600 to-red-500"[39m
                        [36m/>[39m
                      [36m</button>[39m
                    [36m</div>[39m
                  [36m</div>[39m
                  [36m<div[39m
                    [33mclass[39m=[32m"rounded-2xl"[39m
                  [36m>[39m
                    [36m<a[39m
                      [33mclass[39m=[32m"group flex items-center justify-between px-4 py-3 transition-all duration-300 relative border-b border-slate-200/30 dark:border-white/10 text-slate-700 dark:text-slate-200"[39m
                      [33mhref[39m=[32m"/en/showreel"[39m
                    [36m>[39m
                      [36m<div[39m
                        [33mclass[39m=[32m"flex items-center gap-3"[39m
                      [36m>[39m
                        [36m<span[39m
                          [33mclass[39m=[32m"font-semibold text-base tracking-wide"[39m
                        [36m>[39m
                          [0mShowreel[0m
                        [36m</span>[39m
                      [36m</div>[39m
                      [36m<span[39m
                        [33mclass[39m=[32m"absolute bottom-0 left-4 right-4 h-px bg-gradient-to-r from-red-600 to-red-500"[39m
                      [36m/>[39m
                    [36m</a>[39m
                  [36m</div>[39m
                  [36m<div[39m
                    [33mclass[39m=[32m"rounded-2xl"[39m
                  [36m>[39m
                    [36m<a[39m
                      [33mclass[39m=[32m"group flex items-center justify-between px-4 py-3 transition-all duration-300 relative border-b border-slate-200/30 dark:border-white/10 text-slate-700 dark:text-slate-200"[39m
                      [33mhref[39m=[32m"/en/about"[39m
                    [36m>[39m
                      [36m<div[39m
                        [33mclass[39m=[32m"flex items-center gap-3"[39m
                      [36m>[39m
                        [36m<span[39m
                          [33mclass[39m=[32m"font-semibold text-base tracking-wide"[39m
                        [36m>[39m
                          [0mAbout[0m
                        [36m</span>[39m
                      [36m</div>[39m
                      [36m<span[39m
                        [33mclass[39m=[32m"absolute bottom-0 left-4 right-4 h-px bg-gradient-to-r from-red-600 to-red-500"[39m
                      [36m/>[39m
                    [36m</a>[39m
                  [36m</div>[39m
                  [36m<div[39m
                    [33mclass[39m=[32m"rounded-2xl"[39m
                  [36m>[39m
                    [36m<a[39m
                      [33mclass[39m=[32m"group flex items-center justify-between px-4 py-3 transition-all duration-300 relative border-b border-slate-200/30 dark:border-white/10 text-slate-700 dark:text-slate-200"[39m
                      [33mhref[39m=[32m"/en/contact"[39m
                    [36m>[39m
                      [36m<div[39m
                        [33mclass[39m=[32m"flex items-center gap-3"[39m
                      [36m>[39m
                        [36m<span[39m
                          [33mclass[39m=[32m"font-semibold text-base tracking-wide"[39m
                        [36m>[39m
                          [0mContact[0m
                        [36m</span>[39m
                      [36m</div>[39m
                      [36m<span[39m
                        [33mclass[39m=[32m"absolute bottom-0 left-4 right-4 h-px bg-gradient-to-r from-red-600 to-red-500"[39m
                      [36m/>[39m
                    [36m</a>[39m
                  [36m</div>[39m
                [36m</div>[39m
              [36m</div>[39m
              [36m<div[39m
                [33mclass[39m=[32m"pt-4 border-t border-slate-200/50 dark:border-white/10 flex items-center justify-between"[39m
              [36m>[39m
                [36m<span[39m
                  [33mclass[39m=[32m"text-xs font-medium text-slate-400 dark:text-slate-500 uppercase tracking-wider"[39m
                [36m>[39m
                  [0mLanguage[0m
                [36m</span>[39m
                [36m<div[39m
                  [33maria-label[39m=[32m"Select language"[39m
                  [33mclass[39m=[32m"
                    flex items-center gap-0.5 transition-opacity duration-300 max-w-fit
                    px-0 py-0 -my-2.5 -mx-1
                "[39m
                  [33mrole[39m=[32m"group"[39m
                [36m>[39m
                  [36m<button[39m
                    [33maria-label[39m=[32m"Switch to Español"[39m
                    [33maria-pressed[39m=[32m"false"[39m
                    [33mclass[39m=[32m"
                                relative px-2 py-1 text-xs font-bold uppercase
                                transition-all duration-300 rounded-full
                                text-slate-600 dark:text-slate-400 hover:text-red-600 dark:hover:text-red-500
                            "[39m
                  [36m>[39m
                    [36m<span[39m
                      [33mclass[39m=[32m"relative z-10"[39m
                    [36m>[39m
                      [0mES[0m
                    [36m</span>[39m
                  [36m</button>[39m
                  [36m<button[39m
                    [33maria-label[39m=[32m"Switch to English"[39m
                    [33maria-pressed[39m=[32m"true"[39m
                    [33mclass[39m=[32m"
                                relative px-2 py-1 text-xs font-bold uppercase
                                transition-all duration-300 rounded-full
                                text-red-600 dark:text-red-500
                            "[39m
                  [36m>[39m
                    [36m<span[39m
                      [33mclass[39m=[32m"relative z-10"[39m
                    [36m>[39m
                      [0mEN[0m
                    [36m</span>[39m
                  [36m</button>[39m
                  [36m<button[39m
                    [33maria-label[39m=[32m"Switch to Русский"[39m
                    [33maria-pressed[39m=[32m"false"[39m
                    [33mclass[39m=[32m"
                                relative px-2 py-1 text-xs font-bold uppercase
                                transition-all duration-300 rounded-full
                                text-slate-600 dark:text-slate-400 hover:text-red-600 dark:hover:text-red-500
                            "[39m
                  [36m>[39m
                    [36m<span[39m
                      [33mclass[39m=[32m"relative z-10"[39m
                    [36m>[39m
                      [0mRU[0m
                    [36m</span>[39m
                  [36m</button>[39m
                [36m</div>[39m
              [36m</div>[39m
              [36m<div[39m
                [33mclass[39m=[32m"mt-2"[39m
              [36m>[39m
                [36m<a[39m
                  [33mclass[39m=[32m"block w-full text-center px-5 py-3.5 rounded-2xl text-sm font-semibold text-white bg-red-600 shadow-lg shadow-red-600/20"[39m
                  [33mhref[39m=[32m"/en/contact"[39m
                [36m>[39m
                  [0mGet Started[0m
                [36m</a>[39m
              [36m</div>[39m
            [36m</div>[39m
          [36m</div>[39m
        [36m</div>[39m
      [36m</div>[39m
    [36m</body>[39m

      160 |         render(<MobileMenu {...defaultProps} isMobileMenuOpen={true} />);
      161 |
    > 162 |         const servicesLink = screen.getByRole('link', { name: /services/i });
          |                                     ^
      163 |         expect(servicesLink).not.toHaveClass('text-red-600');
      164 |     });
      165 |

      at Object.getElementError (node_modules/@testing-library/dom/dist/config.js:37:19)
      at node_modules/@testing-library/dom/dist/query-helpers.js:76:38
      at node_modules/@testing-library/dom/dist/query-helpers.js:52:17
      at node_modules/@testing-library/dom/dist/query-helpers.js:95:19
      at Object.getByRole (src/__tests__/components/ui/MobileMenu.test.tsx:162:37)

  ● MobileMenu › renders services dropdown when open

    TestingLibraryElementError: Unable to find an element with the text: Branding description. This could be because the text is broken up by multiple elements. In this case, you can provide a function for your text matcher to make your matcher more flexible.

    Ignored nodes: comments, script, style
    [36m<body>[39m
      [36m<div>[39m
        [36m<div[39m
          [33mclass[39m=[32m"fixed inset-0 z-[60] md:hidden"[39m
        [36m>[39m
          [36m<div[39m
            [33mclass[39m=[32m"absolute inset-0 bg-cream-50/70 dark:bg-dark-950/70 backdrop-blur-2xl"[39m
          [36m/>[39m
          [36m<div[39m
            [33mclass[39m=[32m"absolute inset-0 w-full h-full bg-cream-50/80 dark:bg-dark-950/80 backdrop-blur-2xl overflow-hidden"[39m
          [36m>[39m
            [36m<div[39m
              [33mclass[39m=[32m"relative z-10 h-full flex flex-col p-5 pt-8"[39m
            [36m>[39m
              [36m<div[39m
                [33mclass[39m=[32m"flex justify-between items-center mb-8 mr-2"[39m
              [36m>[39m
                [36m<h2[39m
                  [33mclass[39m=[32m"text-7xl sm:text-8xl md:text-9xl lg:text-10xl font-bold text-slate-900 dark:text-white ml-4 relative"[39m
                [36m>[39m
                  [0mMenu[0m
                  [36m<span[39m
                    [33mclass[39m=[32m"absolute bottom-0 left-0 w-full h-1 bg-gradient-to-r from-red-600 to-red-500 -mb-2"[39m
                  [36m/>[39m
                [36m</h2>[39m
                [36m<button[39m
                  [33maria-label[39m=[32m"Close"[39m
                  [33mclass[39m=[32m"flex items-center gap-2 text-slate-500 dark:text-slate-300 hover:text-slate-900 dark:hover:text-white transition-colors -mt-7"[39m
                [36m>[39m
                  [36m<span[39m
                    [33mclass[39m=[32m"text-[11px] tracking-wide"[39m
                  [36m>[39m
                    [0mClose[0m
                  [36m</span>[39m
                  [36m<svg[39m
                    [33mclass[39m=[32m"w-4 h-4"[39m
                    [33mfill[39m=[32m"none"[39m
                    [33mstroke[39m=[32m"currentColor"[39m
                    [33mviewBox[39m=[32m"0 0 24 24"[39m
                  [36m>[39m
                    [36m<path[39m
                      [33md[39m=[32m"M6 18L18 6M6 6l12 12"[39m
                      [33mstroke-linecap[39m=[32m"round"[39m
                      [33mstroke-linejoin[39m=[32m"round"[39m
                      [33mstroke-width[39m=[32m"2"[39m
                    [36m/>[39m
                  [36m</svg>[39m
                [36m</button>[39m
              [36m</div>[39m
              [36m<div[39m
                [33mclass[39m=[32m"flex-1 overflow-y-auto py-4 mt-8"[39m
              [36m>[39m
                [36m<div[39m
                  [33mclass[39m=[32m"flex flex-col gap-4"[39m
                [36m>[39m
                  [36m<div[39m
                    [33mclass[39m=[32m"rounded-2xl"[39m
                  [36m>[39m
                    [36m<a[39m
                      [33mclass[39m=[32m"group flex items-center justify-between px-4 py-3 transition-all duration-300 relative border-b border-slate-200/30 dark:border-white/10 text-red-600 dark:text-red-500"[39m
                      [33mhref[39m=[32m"/en"[39m
                    [36m>[39m
                      [36m<div[39m
                        [33mclass[39m=[32m"flex items-center gap-3"[39m
                      [36m>[39m
                        [36m<span[39m
                          [33mclass[39m=[32m"font-semibold text-base tracking-wide"[39m
                        [36m>[39m
                          [0mHome[0m
                        [36m</span>[39m
                      [36m</div>[39m
                      [36m<span[39m
                        [33mclass[39m=[32m"absolute bottom-0 left-4 right-4 h-px bg-gradient-to-r from-red-600 to-red-500"[39m
                      [36m/>[39m
                    [36m</a>[39m
                  [36m</div>[39m
                  [36m<div[39m
                    [33mclass[39m=[32m"rounded-2xl"[39m
                  [36m>[39m
                    [36m<div[39m
                      [33mclass[39m=[32m"relative"[39m
                    [36m>[39m
                      [36m<button[39m
                        [33mclass[39m=[32m"w-full flex items-center justify-between px-4 py-3 transition-all duration-300 relative border-b border-slate-200/30 dark:border-white/10 text-red-600 dark:text-red-500"[39m
                        [33mtype[39m=[32m"button"[39m
                      [36m>[39m
                        [36m<div[39m
                          [33mclass[39m=[32m"flex items-center gap-3"[39m
                        [36m>[39m
                          [36m<span[39m
                            [33mclass[39m=[32m"font-semibold text-base tracking-wide text-red-600 dark:text-red-500"[39m
                          [36m>[39m
                            [0mServices[0m
                          [36m</span>[39m
                        [36m</div>[39m
                        [36m<img[39m
                          [33malt[39m=[32m"Arrow"[39m
                          [33mclass[39m=[32m"w-4 h-4 transition-transform duration-300 mr-0 brightness-0 saturate-100"[39m
                          [33msrc[39m=[32m"/arrow.png"[39m
                        [36m/>[39m
                        [36m<span[39m
                          [33mclass[39m=[32m"absolute bottom-0 left-4 right-4 h-px bg-gradient-to-r from-red-600 to-red-500"[39m
                        [36m/>[39m
                      [36m</button>[39m
                      [36m<div[39m
                        [33mclass[39m=[32m"px-4 pb-4 pt-3 flex flex-col gap-2"[39m
                      [36m>[39m
                        [36m<a[39m
                          [33mclass[39m=[32m"block px-3 py-2 text-sm font-medium text-slate-600 dark:text-dark-200 hover:text-red-600 dark:hover:text-red-500 transition-colors"[39m
                          [33mhref[39m=[32m"/en/services/branding"[39m
                        [36m>[39m
                          [0mBranding[0m
                        [36m</a>[39m
                        [36m<a[39m
                          [33mclass[39m=[32m"block px-3 py-2 text-sm font-medium text-slate-600 dark:text-dark-200 hover:text-red-600 dark:hover:text-red-500 transition-colors"[39m
                          [33mhref[39m=[32m"/en/services/websites"[39m
                        [36m>[39m
                          [0mWebsites[0m
                        [36m</a>[39m
                      [36m</div>[39m
                    [36m</div>[39m
                  [36m</div>[39m
                  [36m<div[39m
                    [33mclass[39m=[32m"rounded-2xl"[39m
                  [36m>[39m
                    [36m<a[39m
                      [33mclass[39m=[32m"group flex items-center justify-between px-4 py-3 transition-all duration-300 relative border-b border-slate-200/30 dark:border-white/10 text-slate-700 dark:text-slate-200"[39m
                      [33mhref[39m=[32m"/en/showreel"[39m
                    [36m>[39m
                      [36m<div[39m
                        [33mclass[39m=[32m"flex items-center gap-3"[39m
                      [36m>[39m
                        [36m<span[39m
                          [33mclass[39m=[32m"font-semibold text-base tracking-wide"[39m
                        [36m>[39m
                          [0mShowreel[0m
                        [36m</span>[39m
                      [36m</div>[39m
                      [36m<span[39m
                        [33mclass[39m=[32m"absolute bottom-0 left-4 right-4 h-px bg-gradient-to-r from-red-600 to-red-500"[39m
                      [36m/>[39m
                    [36m</a>[39m
                  [36m</div>[39m
                  [36m<div[39m
                    [33mclass[39m=[32m"rounded-2xl"[39m
                  [36m>[39m
                    [36m<a[39m
                      [33mclass[39m=[32m"group flex items-center justify-between px-4 py-3 transition-all duration-300 relative border-b border-slate-200/30 dark:border-white/10 text-slate-700 dark:text-slate-200"[39m
                      [33mhref[39m=[32m"/en/about"[39m
                    [36m>[39m
                      [36m<div[39m
                        [33mclass[39m=[32m"flex items-center gap-3"[39m
                      [36m>[39m
                        [36m<span[39m
                          [33mclass[39m=[32m"font-semibold text-base tracking-wide"[39m
                        [36m>[39m
                          [0mAbout[0m
                        [36m</span>[39m
                      [36m</div>[39m
                      [36m<span[39m
                        [33mclass[39m=[32m"absolute bottom-0 left-4 right-4 h-px bg-gradient-to-r from-red-600 to-red-500"[39m
                      [36m/>[39m
                    [36m</a>[39m
                  [36m</div>[39m
                  [36m<div[39m
                    [33mclass[39m=[32m"rounded-2xl"[39m
                  [36m>[39m
                    [36m<a[39m
                      [33mclass[39m=[32m"group flex items-center justify-between px-4 py-3 transition-all duration-300 relative border-b border-slate-200/30 dark:border-white/10 text-slate-700 dark:text-slate-200"[39m
                      [33mhref[39m=[32m"/en/contact"[39m
                    [36m>[39m
                      [36m<div[39m
                        [33mclass[39m=[32m"flex items-center gap-3"[39m
                      [36m>[39m
                        [36m<span[39m
                          [33mclass[39m=[32m"font-semibold text-base tracking-wide"[39m
                        [36m>[39m
                          [0mContact[0m
                        [36m</span>[39m
                      [36m</div>[39m
                      [36m<span[39m
                        [33mclass[39m=[32m"absolute bottom-0 left-4 right-4 h-px bg-gradient-to-r from-red-600 to-red-500"[39m
                      [36m/>[39m
                    [36m</a>[39m
                  [36m</div>[39m
                [36m</div>[39m
              [36m</div>[39m
              [36m<div[39m
                [33mclass[39m=[32m"pt-4 border-t border-slate-200/50 dark:border-white/10 flex items-center justify-between"[39m
              [36m>[39m
                [36m<span[39m
                  [33mclass[39m=[32m"text-xs font-medium text-slate-400 dark:text-slate-500 uppercase tracking-wider"[39m
                [36m>[39m
                  [0mLanguage[0m
                [36m</span>[39m
                [36m<div[39m
                  [33maria-label[39m=[32m"Select language"[39m
                  [33mclass[39m=[32m"
                    flex items-center gap-0.5 transition-opacity duration-300 max-w-fit
                    px-0 py-0 -my-2.5 -mx-1
                "[39m
                  [33mrole[39m=[32m"group"[39m
                [36m>[39m
                  [36m<button[39m
                    [33maria-label[39m=[32m"Switch to Español"[39m
                    [33maria-pressed[39m=[32m"false"[39m
                    [33mclass[39m=[32m"
                                relative px-2 py-1 text-xs font-bold uppercase
                                transition-all duration-300 rounded-full
                                text-slate-600 dark:text-slate-400 hover:text-red-600 dark:hover:text-red-500
                            "[39m
                  [36m>[39m
                    [36m<span[39m
                      [33mclass[39m=[32m"relative z-10"[39m
                    [36m>[39m
                      [0mES[0m
                    [36m</span>[39m
                  [36m</button>[39m
                  [36m<button[39m
                    [33maria-label[39m=[32m"Switch to English"[39m
                    [33maria-pressed[39m=[32m"true"[39m
                    [33mclass[39m=[32m"
                                relative px-2 py-1 text-xs font-bold uppercase
                                transition-all duration-300 rounded-full
                                text-red-600 dark:text-red-500
                            "[39m
                  [36m>[39m
                    [36m<span[39m
                      [33mclass[39m=[32m"relative z-10"[39m
                    [36m>[39m
                      [0mEN[0m
                    [36m</span>[39m
                  [36m</button>[39m
                  [36m<button[39m
                    [33maria-label[39m=[32m"Switch to Русский"[39m
                    [33maria-pressed[39m=[32m"false"[39m
                    [33mclass[39m=[32m"
                                relative px-2 py-1 text-xs font-bold uppercase
                                transition-all duration-300 rounded-full
                                text-slate-600 dark:text-slate-400 hover:text-red-600 dark:hover:text-red-500
                            "[39m
                  [36m>[39m
                    [36m<span[39m
                      [33mclass[39m=[32m"relative z-10"[39m
                    [36m>[39m
                      [0mRU[0m
                    [36m</span>[39m
                  [36m</button>[39m
                [36m</div>[39m
              [36m</div>[39m
              [36m<div[39m
                [33mclass[39m=[32m"mt-2"[39m
              [36m>[39m
                [36m<a[39m
                  [33mclass[39m=[32m"block w-full text-center px-5 py-3.5 rounded-2xl text-sm font-semibold text-white bg-red-600 shadow-lg shadow-red-600/20"[39m
                  [33mhref[39m=[32m"/en/contact"[39m
                [36m>[39m
                  [0mGet Started[0m
                [36m</a>[39m
              [36m</div>[39m
            [36m</div>[39m
          [36m</div>[39m
        [36m</div>[39m
      [36m</div>[39m
    [36m</body>[39m

      169 |         expect(screen.getByText('Branding')).toBeInTheDocument();
      170 |         expect(screen.getByText('Websites')).toBeInTheDocument();
    > 171 |         expect(screen.getByText('Branding description')).toBeInTheDocument();
          |                       ^
      172 |         expect(screen.getByText('Websites description')).toBeInTheDocument();
      173 |     });
      174 |

      at Object.getElementError (node_modules/@testing-library/dom/dist/config.js:37:19)
      at node_modules/@testing-library/dom/dist/query-helpers.js:76:38
      at node_modules/@testing-library/dom/dist/query-helpers.js:52:17
      at node_modules/@testing-library/dom/dist/query-helpers.js:95:19
      at Object.getByText (src/__tests__/components/ui/MobileMenu.test.tsx:171:23)

  ● MobileMenu › renders utility controls

    TestingLibraryElementError: Unable to find an element by: [data-testid="theme-toggle"]

    Ignored nodes: comments, script, style
    [36m<body>[39m
      [36m<div>[39m
        [36m<div[39m
          [33mclass[39m=[32m"fixed inset-0 z-[60] md:hidden"[39m
        [36m>[39m
          [36m<div[39m
            [33mclass[39m=[32m"absolute inset-0 bg-cream-50/70 dark:bg-dark-950/70 backdrop-blur-2xl"[39m
          [36m/>[39m
          [36m<div[39m
            [33mclass[39m=[32m"absolute inset-0 w-full h-full bg-cream-50/80 dark:bg-dark-950/80 backdrop-blur-2xl overflow-hidden"[39m
          [36m>[39m
            [36m<div[39m
              [33mclass[39m=[32m"relative z-10 h-full flex flex-col p-5 pt-8"[39m
            [36m>[39m
              [36m<div[39m
                [33mclass[39m=[32m"flex justify-between items-center mb-8 mr-2"[39m
              [36m>[39m
                [36m<h2[39m
                  [33mclass[39m=[32m"text-7xl sm:text-8xl md:text-9xl lg:text-10xl font-bold text-slate-900 dark:text-white ml-4 relative"[39m
                [36m>[39m
                  [0mMenu[0m
                  [36m<span[39m
                    [33mclass[39m=[32m"absolute bottom-0 left-0 w-full h-1 bg-gradient-to-r from-red-600 to-red-500 -mb-2"[39m
                  [36m/>[39m
                [36m</h2>[39m
                [36m<button[39m
                  [33maria-label[39m=[32m"Close"[39m
                  [33mclass[39m=[32m"flex items-center gap-2 text-slate-500 dark:text-slate-300 hover:text-slate-900 dark:hover:text-white transition-colors -mt-7"[39m
                [36m>[39m
                  [36m<span[39m
                    [33mclass[39m=[32m"text-[11px] tracking-wide"[39m
                  [36m>[39m
                    [0mClose[0m
                  [36m</span>[39m
                  [36m<svg[39m
                    [33mclass[39m=[32m"w-4 h-4"[39m
                    [33mfill[39m=[32m"none"[39m
                    [33mstroke[39m=[32m"currentColor"[39m
                    [33mviewBox[39m=[32m"0 0 24 24"[39m
                  [36m>[39m
                    [36m<path[39m
                      [33md[39m=[32m"M6 18L18 6M6 6l12 12"[39m
                      [33mstroke-linecap[39m=[32m"round"[39m
                      [33mstroke-linejoin[39m=[32m"round"[39m
                      [33mstroke-width[39m=[32m"2"[39m
                    [36m/>[39m
                  [36m</svg>[39m
                [36m</button>[39m
              [36m</div>[39m
              [36m<div[39m
                [33mclass[39m=[32m"flex-1 overflow-y-auto py-4 mt-8"[39m
              [36m>[39m
                [36m<div[39m
                  [33mclass[39m=[32m"flex flex-col gap-4"[39m
                [36m>[39m
                  [36m<div[39m
                    [33mclass[39m=[32m"rounded-2xl"[39m
                  [36m>[39m
                    [36m<a[39m
                      [33mclass[39m=[32m"group flex items-center justify-between px-4 py-3 transition-all duration-300 relative border-b border-slate-200/30 dark:border-white/10 text-red-600 dark:text-red-500"[39m
                      [33mhref[39m=[32m"/en"[39m
                    [36m>[39m
                      [36m<div[39m
                        [33mclass[39m=[32m"flex items-center gap-3"[39m
                      [36m>[39m
                        [36m<span[39m
                          [33mclass[39m=[32m"font-semibold text-base tracking-wide"[39m
                        [36m>[39m
                          [0mHome[0m
                        [36m</span>[39m
                      [36m</div>[39m
                      [36m<span[39m
                        [33mclass[39m=[32m"absolute bottom-0 left-4 right-4 h-px bg-gradient-to-r from-red-600 to-red-500"[39m
                      [36m/>[39m
                    [36m</a>[39m
                  [36m</div>[39m
                  [36m<div[39m
                    [33mclass[39m=[32m"rounded-2xl"[39m
                  [36m>[39m
                    [36m<div[39m
                      [33mclass[39m=[32m"relative"[39m
                    [36m>[39m
                      [36m<button[39m
                        [33mclass[39m=[32m"w-full flex items-center justify-between px-4 py-3 transition-all duration-300 relative border-b border-slate-200/30 dark:border-white/10 text-slate-700 dark:text-slate-200"[39m
                        [33mtype[39m=[32m"button"[39m
                      [36m>[39m
                        [36m<div[39m
                          [33mclass[39m=[32m"flex items-center gap-3"[39m
                        [36m>[39m
                          [36m<span[39m
                            [33mclass[39m=[32m"font-semibold text-base tracking-wide text-slate-700 dark:text-slate-200"[39m
                          [36m>[39m
                            [0mServices[0m
                          [36m</span>[39m
                        [36m</div>[39m
                        [36m<img[39m
                          [33malt[39m=[32m"Arrow"[39m
                          [33mclass[39m=[32m"w-4 h-4 transition-transform duration-300 mr-0 brightness-0 saturate-100 dark:brightness-0 dark:invert"[39m
                          [33msrc[39m=[32m"/arrow.png"[39m
                        [36m/>[39m
                        [36m<span[39m
                          [33mclass[39m=[32m"absolute bottom-0 left-4 right-4 h-px bg-gradient-to-r from-red-600 to-red-500"[39m
                        [36m/>[39m
                      [36m</button>[39m
                    [36m</div>[39m
                  [36m</div>[39m
                  [36m<div[39m
                    [33mclass[39m=[32m"rounded-2xl"[39m
                  [36m>[39m
                    [36m<a[39m
                      [33mclass[39m=[32m"group flex items-center justify-between px-4 py-3 transition-all duration-300 relative border-b border-slate-200/30 dark:border-white/10 text-slate-700 dark:text-slate-200"[39m
                      [33mhref[39m=[32m"/en/showreel"[39m
                    [36m>[39m
                      [36m<div[39m
                        [33mclass[39m=[32m"flex items-center gap-3"[39m
                      [36m>[39m
                        [36m<span[39m
                          [33mclass[39m=[32m"font-semibold text-base tracking-wide"[39m
                        [36m>[39m
                          [0mShowreel[0m
                        [36m</span>[39m
                      [36m</div>[39m
                      [36m<span[39m
                        [33mclass[39m=[32m"absolute bottom-0 left-4 right-4 h-px bg-gradient-to-r from-red-600 to-red-500"[39m
                      [36m/>[39m
                    [36m</a>[39m
                  [36m</div>[39m
                  [36m<div[39m
                    [33mclass[39m=[32m"rounded-2xl"[39m
                  [36m>[39m
                    [36m<a[39m
                      [33mclass[39m=[32m"group flex items-center justify-between px-4 py-3 transition-all duration-300 relative border-b border-slate-200/30 dark:border-white/10 text-slate-700 dark:text-slate-200"[39m
                      [33mhref[39m=[32m"/en/about"[39m
                    [36m>[39m
                      [36m<div[39m
                        [33mclass[39m=[32m"flex items-center gap-3"[39m
                      [36m>[39m
                        [36m<span[39m
                          [33mclass[39m=[32m"font-semibold text-base tracking-wide"[39m
                        [36m>[39m
                          [0mAbout[0m
                        [36m</span>[39m
                      [36m</div>[39m
                      [36m<span[39m
                        [33mclass[39m=[32m"absolute bottom-0 left-4 right-4 h-px bg-gradient-to-r from-red-600 to-red-500"[39m
                      [36m/>[39m
                    [36m</a>[39m
                  [36m</div>[39m
                  [36m<div[39m
                    [33mclass[39m=[32m"rounded-2xl"[39m
                  [36m>[39m
                    [36m<a[39m
                      [33mclass[39m=[32m"group flex items-center justify-between px-4 py-3 transition-all duration-300 relative border-b border-slate-200/30 dark:border-white/10 text-slate-700 dark:text-slate-200"[39m
                      [33mhref[39m=[32m"/en/contact"[39m
                    [36m>[39m
                      [36m<div[39m
                        [33mclass[39m=[32m"flex items-center gap-3"[39m
                      [36m>[39m
                        [36m<span[39m
                          [33mclass[39m=[32m"font-semibold text-base tracking-wide"[39m
                        [36m>[39m
                          [0mContact[0m
                        [36m</span>[39m
                      [36m</div>[39m
                      [36m<span[39m
                        [33mclass[39m=[32m"absolute bottom-0 left-4 right-4 h-px bg-gradient-to-r from-red-600 to-red-500"[39m
                      [36m/>[39m
                    [36m</a>[39m
                  [36m</div>[39m
                [36m</div>[39m
              [36m</div>[39m
              [36m<div[39m
                [33mclass[39m=[32m"pt-4 border-t border-slate-200/50 dark:border-white/10 flex items-center justify-between"[39m
              [36m>[39m
                [36m<span[39m
                  [33mclass[39m=[32m"text-xs font-medium text-slate-400 dark:text-slate-500 uppercase tracking-wider"[39m
                [36m>[39m
                  [0mLanguage[0m
                [36m</span>[39m
                [36m<div[39m
                  [33maria-label[39m=[32m"Select language"[39m
                  [33mclass[39m=[32m"
                    flex items-center gap-0.5 transition-opacity duration-300 max-w-fit
                    px-0 py-0 -my-2.5 -mx-1
                "[39m
                  [33mrole[39m=[32m"group"[39m
                [36m>[39m
                  [36m<button[39m
                    [33maria-label[39m=[32m"Switch to Español"[39m
                    [33maria-pressed[39m=[32m"false"[39m
                    [33mclass[39m=[32m"
                                relative px-2 py-1 text-xs font-bold uppercase
                                transition-all duration-300 rounded-full
                                text-slate-600 dark:text-slate-400 hover:text-red-600 dark:hover:text-red-500
                            "[39m
                  [36m>[39m
                    [36m<span[39m
                      [33mclass[39m=[32m"relative z-10"[39m
                    [36m>[39m
                      [0mES[0m
                    [36m</span>[39m
                  [36m</button>[39m
                  [36m<button[39m
                    [33maria-label[39m=[32m"Switch to English"[39m
                    [33maria-pressed[39m=[32m"true"[39m
                    [33mclass[39m=[32m"
                                relative px-2 py-1 text-xs font-bold uppercase
                                transition-all duration-300 rounded-full
                                text-red-600 dark:text-red-500
                            "[39m
                  [36m>[39m
                    [36m<span[39m
                      [33mclass[39m=[32m"relative z-10"[39m
                    [36m>[39m
                      [0mEN[0m
                    [36m</span>[39m
                  [36m</button>[39m
                  [36m<button[39m
                    [33maria-label[39m=[32m"Switch to Русский"[39m
                    [33maria-pressed[39m=[32m"false"[39m
                    [33mclass[39m=[32m"
                                relative px-2 py-1 text-xs font-bold uppercase
                                transition-all duration-300 rounded-full
                                text-slate-600 dark:text-slate-400 hover:text-red-600 dark:hover:text-red-500
                            "[39m
                  [36m>[39m
                    [36m<span[39m
                      [33mclass[39m=[32m"relative z-10"[39m
                    [36m>[39m
                      [0mRU[0m
                    [36m</span>[39m
                  [36m</button>[39m
                [36m</div>[39m
              [36m</div>[39m
              [36m<div[39m
                [33mclass[39m=[32m"mt-2"[39m
              [36m>[39m
                [36m<a[39m
                  [33mclass[39m=[32m"block w-full text-center px-5 py-3.5 rounded-2xl text-sm font-semibold text-white bg-red-600 shadow-lg shadow-red-600/20"[39m
                  [33mhref[39m=[32m"/en/contact"[39m
                [36m>[39m
                  [0mGet Started[0m
                [36m</a>[39m
              [36m</div>[39m
            [36m</div>[39m
          [36m</div>[39m
        [36m</div>[39m
      [36m</div>[39m
    [36m</body>[39m

      199 |         render(<MobileMenu {...defaultProps} isMobileMenuOpen={true} />);
      200 |
    > 201 |         expect(screen.getByTestId('theme-toggle')).toBeInTheDocument();
          |                       ^
      202 |         expect(screen.getByTestId('language-switcher')).toBeInTheDocument();
      203 |     });
      204 |

      at Object.getElementError (node_modules/@testing-library/dom/dist/config.js:37:19)
      at node_modules/@testing-library/dom/dist/query-helpers.js:76:38
      at node_modules/@testing-library/dom/dist/query-helpers.js:52:17
      at node_modules/@testing-library/dom/dist/query-helpers.js:95:19
      at Object.getByTestId (src/__tests__/components/ui/MobileMenu.test.tsx:201:23)

  ● MobileMenu › renders footer section

    TestingLibraryElementError: Unable to find an element with the text: All rights reserved.. This could be because the text is broken up by multiple elements. In this case, you can provide a function for your text matcher to make your matcher more flexible.

    Ignored nodes: comments, script, style
    [36m<body>[39m
      [36m<div>[39m
        [36m<div[39m
          [33mclass[39m=[32m"fixed inset-0 z-[60] md:hidden"[39m
        [36m>[39m
          [36m<div[39m
            [33mclass[39m=[32m"absolute inset-0 bg-cream-50/70 dark:bg-dark-950/70 backdrop-blur-2xl"[39m
          [36m/>[39m
          [36m<div[39m
            [33mclass[39m=[32m"absolute inset-0 w-full h-full bg-cream-50/80 dark:bg-dark-950/80 backdrop-blur-2xl overflow-hidden"[39m
          [36m>[39m
            [36m<div[39m
              [33mclass[39m=[32m"relative z-10 h-full flex flex-col p-5 pt-8"[39m
            [36m>[39m
              [36m<div[39m
                [33mclass[39m=[32m"flex justify-between items-center mb-8 mr-2"[39m
              [36m>[39m
                [36m<h2[39m
                  [33mclass[39m=[32m"text-7xl sm:text-8xl md:text-9xl lg:text-10xl font-bold text-slate-900 dark:text-white ml-4 relative"[39m
                [36m>[39m
                  [0mMenu[0m
                  [36m<span[39m
                    [33mclass[39m=[32m"absolute bottom-0 left-0 w-full h-1 bg-gradient-to-r from-red-600 to-red-500 -mb-2"[39m
                  [36m/>[39m
                [36m</h2>[39m
                [36m<button[39m
                  [33maria-label[39m=[32m"Close"[39m
                  [33mclass[39m=[32m"flex items-center gap-2 text-slate-500 dark:text-slate-300 hover:text-slate-900 dark:hover:text-white transition-colors -mt-7"[39m
                [36m>[39m
                  [36m<span[39m
                    [33mclass[39m=[32m"text-[11px] tracking-wide"[39m
                  [36m>[39m
                    [0mClose[0m
                  [36m</span>[39m
                  [36m<svg[39m
                    [33mclass[39m=[32m"w-4 h-4"[39m
                    [33mfill[39m=[32m"none"[39m
                    [33mstroke[39m=[32m"currentColor"[39m
                    [33mviewBox[39m=[32m"0 0 24 24"[39m
                  [36m>[39m
                    [36m<path[39m
                      [33md[39m=[32m"M6 18L18 6M6 6l12 12"[39m
                      [33mstroke-linecap[39m=[32m"round"[39m
                      [33mstroke-linejoin[39m=[32m"round"[39m
                      [33mstroke-width[39m=[32m"2"[39m
                    [36m/>[39m
                  [36m</svg>[39m
                [36m</button>[39m
              [36m</div>[39m
              [36m<div[39m
                [33mclass[39m=[32m"flex-1 overflow-y-auto py-4 mt-8"[39m
              [36m>[39m
                [36m<div[39m
                  [33mclass[39m=[32m"flex flex-col gap-4"[39m
                [36m>[39m
                  [36m<div[39m
                    [33mclass[39m=[32m"rounded-2xl"[39m
                  [36m>[39m
                    [36m<a[39m
                      [33mclass[39m=[32m"group flex items-center justify-between px-4 py-3 transition-all duration-300 relative border-b border-slate-200/30 dark:border-white/10 text-red-600 dark:text-red-500"[39m
                      [33mhref[39m=[32m"/en"[39m
                    [36m>[39m
                      [36m<div[39m
                        [33mclass[39m=[32m"flex items-center gap-3"[39m
                      [36m>[39m
                        [36m<span[39m
                          [33mclass[39m=[32m"font-semibold text-base tracking-wide"[39m
                        [36m>[39m
                          [0mHome[0m
                        [36m</span>[39m
                      [36m</div>[39m
                      [36m<span[39m
                        [33mclass[39m=[32m"absolute bottom-0 left-4 right-4 h-px bg-gradient-to-r from-red-600 to-red-500"[39m
                      [36m/>[39m
                    [36m</a>[39m
                  [36m</div>[39m
                  [36m<div[39m
                    [33mclass[39m=[32m"rounded-2xl"[39m
                  [36m>[39m
                    [36m<div[39m
                      [33mclass[39m=[32m"relative"[39m
                    [36m>[39m
                      [36m<button[39m
                        [33mclass[39m=[32m"w-full flex items-center justify-between px-4 py-3 transition-all duration-300 relative border-b border-slate-200/30 dark:border-white/10 text-slate-700 dark:text-slate-200"[39m
                        [33mtype[39m=[32m"button"[39m
                      [36m>[39m
                        [36m<div[39m
                          [33mclass[39m=[32m"flex items-center gap-3"[39m
                        [36m>[39m
                          [36m<span[39m
                            [33mclass[39m=[32m"font-semibold text-base tracking-wide text-slate-700 dark:text-slate-200"[39m
                          [36m>[39m
                            [0mServices[0m
                          [36m</span>[39m
                        [36m</div>[39m
                        [36m<img[39m
                          [33malt[39m=[32m"Arrow"[39m
                          [33mclass[39m=[32m"w-4 h-4 transition-transform duration-300 mr-0 brightness-0 saturate-100 dark:brightness-0 dark:invert"[39m
                          [33msrc[39m=[32m"/arrow.png"[39m
                        [36m/>[39m
                        [36m<span[39m
                          [33mclass[39m=[32m"absolute bottom-0 left-4 right-4 h-px bg-gradient-to-r from-red-600 to-red-500"[39m
                        [36m/>[39m
                      [36m</button>[39m
                    [36m</div>[39m
                  [36m</div>[39m
                  [36m<div[39m
                    [33mclass[39m=[32m"rounded-2xl"[39m
                  [36m>[39m
                    [36m<a[39m
                      [33mclass[39m=[32m"group flex items-center justify-between px-4 py-3 transition-all duration-300 relative border-b border-slate-200/30 dark:border-white/10 text-slate-700 dark:text-slate-200"[39m
                      [33mhref[39m=[32m"/en/showreel"[39m
                    [36m>[39m
                      [36m<div[39m
                        [33mclass[39m=[32m"flex items-center gap-3"[39m
                      [36m>[39m
                        [36m<span[39m
                          [33mclass[39m=[32m"font-semibold text-base tracking-wide"[39m
                        [36m>[39m
                          [0mShowreel[0m
                        [36m</span>[39m
                      [36m</div>[39m
                      [36m<span[39m
                        [33mclass[39m=[32m"absolute bottom-0 left-4 right-4 h-px bg-gradient-to-r from-red-600 to-red-500"[39m
                      [36m/>[39m
                    [36m</a>[39m
                  [36m</div>[39m
                  [36m<div[39m
                    [33mclass[39m=[32m"rounded-2xl"[39m
                  [36m>[39m
                    [36m<a[39m
                      [33mclass[39m=[32m"group flex items-center justify-between px-4 py-3 transition-all duration-300 relative border-b border-slate-200/30 dark:border-white/10 text-slate-700 dark:text-slate-200"[39m
                      [33mhref[39m=[32m"/en/about"[39m
                    [36m>[39m
                      [36m<div[39m
                        [33mclass[39m=[32m"flex items-center gap-3"[39m
                      [36m>[39m
                        [36m<span[39m
                          [33mclass[39m=[32m"font-semibold text-base tracking-wide"[39m
                        [36m>[39m
                          [0mAbout[0m
                        [36m</span>[39m
                      [36m</div>[39m
                      [36m<span[39m
                        [33mclass[39m=[32m"absolute bottom-0 left-4 right-4 h-px bg-gradient-to-r from-red-600 to-red-500"[39m
                      [36m/>[39m
                    [36m</a>[39m
                  [36m</div>[39m
                  [36m<div[39m
                    [33mclass[39m=[32m"rounded-2xl"[39m
                  [36m>[39m
                    [36m<a[39m
                      [33mclass[39m=[32m"group flex items-center justify-between px-4 py-3 transition-all duration-300 relative border-b border-slate-200/30 dark:border-white/10 text-slate-700 dark:text-slate-200"[39m
                      [33mhref[39m=[32m"/en/contact"[39m
                    [36m>[39m
                      [36m<div[39m
                        [33mclass[39m=[32m"flex items-center gap-3"[39m
                      [36m>[39m
                        [36m<span[39m
                          [33mclass[39m=[32m"font-semibold text-base tracking-wide"[39m
                        [36m>[39m
                          [0mContact[0m
                        [36m</span>[39m
                      [36m</div>[39m
                      [36m<span[39m
                        [33mclass[39m=[32m"absolute bottom-0 left-4 right-4 h-px bg-gradient-to-r from-red-600 to-red-500"[39m
                      [36m/>[39m
                    [36m</a>[39m
                  [36m</div>[39m
                [36m</div>[39m
              [36m</div>[39m
              [36m<div[39m
                [33mclass[39m=[32m"pt-4 border-t border-slate-200/50 dark:border-white/10 flex items-center justify-between"[39m
              [36m>[39m
                [36m<span[39m
                  [33mclass[39m=[32m"text-xs font-medium text-slate-400 dark:text-slate-500 uppercase tracking-wider"[39m
                [36m>[39m
                  [0mLanguage[0m
                [36m</span>[39m
                [36m<div[39m
                  [33maria-label[39m=[32m"Select language"[39m
                  [33mclass[39m=[32m"
                    flex items-center gap-0.5 transition-opacity duration-300 max-w-fit
                    px-0 py-0 -my-2.5 -mx-1
                "[39m
                  [33mrole[39m=[32m"group"[39m
                [36m>[39m
                  [36m<button[39m
                    [33maria-label[39m=[32m"Switch to Español"[39m
                    [33maria-pressed[39m=[32m"false"[39m
                    [33mclass[39m=[32m"
                                relative px-2 py-1 text-xs font-bold uppercase
                                transition-all duration-300 rounded-full
                                text-slate-600 dark:text-slate-400 hover:text-red-600 dark:hover:text-red-500
                            "[39m
                  [36m>[39m
                    [36m<span[39m
                      [33mclass[39m=[32m"relative z-10"[39m
                    [36m>[39m
                      [0mES[0m
                    [36m</span>[39m
                  [36m</button>[39m
                  [36m<button[39m
                    [33maria-label[39m=[32m"Switch to English"[39m
                    [33maria-pressed[39m=[32m"true"[39m
                    [33mclass[39m=[32m"
                                relative px-2 py-1 text-xs font-bold uppercase
                                transition-all duration-300 rounded-full
                                text-red-600 dark:text-red-500
                            "[39m
                  [36m>[39m
                    [36m<span[39m
                      [33mclass[39m=[32m"relative z-10"[39m
                    [36m>[39m
                      [0mEN[0m
                    [36m</span>[39m
                  [36m</button>[39m
                  [36m<button[39m
                    [33maria-label[39m=[32m"Switch to Русский"[39m
                    [33maria-pressed[39m=[32m"false"[39m
                    [33mclass[39m=[32m"
                                relative px-2 py-1 text-xs font-bold uppercase
                                transition-all duration-300 rounded-full
                                text-slate-600 dark:text-slate-400 hover:text-red-600 dark:hover:text-red-500
                            "[39m
                  [36m>[39m
                    [36m<span[39m
                      [33mclass[39m=[32m"relative z-10"[39m
                    [36m>[39m
                      [0mRU[0m
                    [36m</span>[39m
                  [36m</button>[39m
                [36m</div>[39m
              [36m</div>[39m
              [36m<div[39m
                [33mclass[39m=[32m"mt-2"[39m
              [36m>[39m
                [36m<a[39m
                  [33mclass[39m=[32m"block w-full text-center px-5 py-3.5 rounded-2xl text-sm font-semibold text-white bg-red-600 shadow-lg shadow-red-600/20"[39m
                  [33mhref[39m=[32m"/en/contact"[39m
                [36m>[39m
                  [0mGet Started[0m
                [36m</a>[39m
              [36m</div>[39m
            [36m</div>[39m
          [36m</div>[39m
        [36m</div>[39m
      [36m</div>[39m
    [36m</body>[39m

      206 |         render(<MobileMenu {...defaultProps} isMobileMenuOpen={true} />);
      207 |
    > 208 |         expect(screen.getByText('All rights reserved.')).toBeInTheDocument();
          |                       ^
      209 |     });
      210 |
      211 |     it('handles different languages correctly', () => {

      at Object.getElementError (node_modules/@testing-library/dom/dist/config.js:37:19)
      at node_modules/@testing-library/dom/dist/query-helpers.js:76:38
      at node_modules/@testing-library/dom/dist/query-helpers.js:52:17
      at node_modules/@testing-library/dom/dist/query-helpers.js:95:19
      at Object.getByText (src/__tests__/components/ui/MobileMenu.test.tsx:208:23)

  ● MobileMenu › handles missing navDict gracefully

    TestingLibraryElementError: Unable to find an accessible element with the role "navigation"

    Here are the accessible roles:

      heading:

      Name "Menu":
      [36m<h2[39m
        [33mclass[39m=[32m"text-7xl sm:text-8xl md:text-9xl lg:text-10xl font-bold text-slate-900 dark:text-white ml-4 relative"[39m
      [36m/>[39m

      --------------------------------------------------
      button:

      Name "Close":
      [36m<button[39m
        [33maria-label[39m=[32m"Close"[39m
        [33mclass[39m=[32m"flex items-center gap-2 text-slate-500 dark:text-slate-300 hover:text-slate-900 dark:hover:text-white transition-colors -mt-7"[39m
      [36m/>[39m

      Name "Arrow":
      [36m<button[39m
        [33mclass[39m=[32m"w-full flex items-center justify-between px-4 py-3 transition-all duration-300 relative border-b border-slate-200/30 dark:border-white/10 text-slate-700 dark:text-slate-200"[39m
        [33mtype[39m=[32m"button"[39m
      [36m/>[39m

      Name "Switch to Español":
      [36m<button[39m
        [33maria-label[39m=[32m"Switch to Español"[39m
        [33maria-pressed[39m=[32m"false"[39m
        [33mclass[39m=[32m"
                                  relative px-2 py-1 text-xs font-bold uppercase
                                  transition-all duration-300 rounded-full
                                  text-slate-600 dark:text-slate-400 hover:text-red-600 dark:hover:text-red-500
                              "[39m
      [36m/>[39m

      Name "Switch to English":
      [36m<button[39m
        [33maria-label[39m=[32m"Switch to English"[39m
        [33maria-pressed[39m=[32m"true"[39m
        [33mclass[39m=[32m"
                                  relative px-2 py-1 text-xs font-bold uppercase
                                  transition-all duration-300 rounded-full
                                  text-red-600 dark:text-red-500
                              "[39m
      [36m/>[39m

      Name "Switch to Русский":
      [36m<button[39m
        [33maria-label[39m=[32m"Switch to Русский"[39m
        [33maria-pressed[39m=[32m"false"[39m
        [33mclass[39m=[32m"
                                  relative px-2 py-1 text-xs font-bold uppercase
                                  transition-all duration-300 rounded-full
                                  text-slate-600 dark:text-slate-400 hover:text-red-600 dark:hover:text-red-500
                              "[39m
      [36m/>[39m

      --------------------------------------------------
      link:

      Name "":
      [36m<a[39m
        [33mclass[39m=[32m"group flex items-center justify-between px-4 py-3 transition-all duration-300 relative border-b border-slate-200/30 dark:border-white/10 text-red-600 dark:text-red-500"[39m
        [33mhref[39m=[32m"/en"[39m
      [36m/>[39m

      Name "":
      [36m<a[39m
        [33mclass[39m=[32m"group flex items-center justify-between px-4 py-3 transition-all duration-300 relative border-b border-slate-200/30 dark:border-white/10 text-slate-700 dark:text-slate-200"[39m
        [33mhref[39m=[32m"/en/showreel"[39m
      [36m/>[39m

      Name "":
      [36m<a[39m
        [33mclass[39m=[32m"group flex items-center justify-between px-4 py-3 transition-all duration-300 relative border-b border-slate-200/30 dark:border-white/10 text-slate-700 dark:text-slate-200"[39m
        [33mhref[39m=[32m"/en/about"[39m
      [36m/>[39m

      Name "":
      [36m<a[39m
        [33mclass[39m=[32m"group flex items-center justify-between px-4 py-3 transition-all duration-300 relative border-b border-slate-200/30 dark:border-white/10 text-slate-700 dark:text-slate-200"[39m
        [33mhref[39m=[32m"/en/contact"[39m
      [36m/>[39m

      Name "":
      [36m<a[39m
        [33mclass[39m=[32m"block w-full text-center px-5 py-3.5 rounded-2xl text-sm font-semibold text-white bg-red-600 shadow-lg shadow-red-600/20"[39m
        [33mhref[39m=[32m"/en/contact"[39m
      [36m/>[39m

      --------------------------------------------------
      img:

      Name "Arrow":
      [36m<img[39m
        [33malt[39m=[32m"Arrow"[39m
        [33mclass[39m=[32m"w-4 h-4 transition-transform duration-300 mr-0 brightness-0 saturate-100 dark:brightness-0 dark:invert"[39m
        [33msrc[39m=[32m"/arrow.png"[39m
      [36m/>[39m

      --------------------------------------------------
      group:

      Name "Select language":
      [36m<div[39m
        [33maria-label[39m=[32m"Select language"[39m
        [33mclass[39m=[32m"
                      flex items-center gap-0.5 transition-opacity duration-300 max-w-fit
                      px-0 py-0 -my-2.5 -mx-1
                  "[39m
        [33mrole[39m=[32m"group"[39m
      [36m/>[39m

      --------------------------------------------------

    Ignored nodes: comments, script, style
    [36m<body>[39m
      [36m<div>[39m
        [36m<div[39m
          [33mclass[39m=[32m"fixed inset-0 z-[60] md:hidden"[39m
        [36m>[39m
          [36m<div[39m
            [33mclass[39m=[32m"absolute inset-0 bg-cream-50/70 dark:bg-dark-950/70 backdrop-blur-2xl"[39m
          [36m/>[39m
          [36m<div[39m
            [33mclass[39m=[32m"absolute inset-0 w-full h-full bg-cream-50/80 dark:bg-dark-950/80 backdrop-blur-2xl overflow-hidden"[39m
          [36m>[39m
            [36m<div[39m
              [33mclass[39m=[32m"relative z-10 h-full flex flex-col p-5 pt-8"[39m
            [36m>[39m
              [36m<div[39m
                [33mclass[39m=[32m"flex justify-between items-center mb-8 mr-2"[39m
              [36m>[39m
                [36m<h2[39m
                  [33mclass[39m=[32m"text-7xl sm:text-8xl md:text-9xl lg:text-10xl font-bold text-slate-900 dark:text-white ml-4 relative"[39m
                [36m>[39m
                  [0mMenu[0m
                  [36m<span[39m
                    [33mclass[39m=[32m"absolute bottom-0 left-0 w-full h-1 bg-gradient-to-r from-red-600 to-red-500 -mb-2"[39m
                  [36m/>[39m
                [36m</h2>[39m
                [36m<button[39m
                  [33maria-label[39m=[32m"Close"[39m
                  [33mclass[39m=[32m"flex items-center gap-2 text-slate-500 dark:text-slate-300 hover:text-slate-900 dark:hover:text-white transition-colors -mt-7"[39m
                [36m>[39m
                  [36m<span[39m
                    [33mclass[39m=[32m"text-[11px] tracking-wide"[39m
                  [36m>[39m
                    [0mClose[0m
                  [36m</span>[39m
                  [36m<svg[39m
                    [33mclass[39m=[32m"w-4 h-4"[39m
                    [33mfill[39m=[32m"none"[39m
                    [33mstroke[39m=[32m"currentColor"[39m
                    [33mviewBox[39m=[32m"0 0 24 24"[39m
                  [36m>[39m
                    [36m<path[39m
                      [33md[39m=[32m"M6 18L18 6M6 6l12 12"[39m
                      [33mstroke-linecap[39m=[32m"round"[39m
                      [33mstroke-linejoin[39m=[32m"round"[39m
                      [33mstroke-width[39m=[32m"2"[39m
                    [36m/>[39m
                  [36m</svg>[39m
                [36m</button>[39m
              [36m</div>[39m
              [36m<div[39m
                [33mclass[39m=[32m"flex-1 overflow-y-auto py-4 mt-8"[39m
              [36m>[39m
                [36m<div[39m
                  [33mclass[39m=[32m"flex flex-col gap-4"[39m
                [36m>[39m
                  [36m<div[39m
                    [33mclass[39m=[32m"rounded-2xl"[39m
                  [36m>[39m
                    [36m<a[39m
                      [33mclass[39m=[32m"group flex items-center justify-between px-4 py-3 transition-all duration-300 relative border-b border-slate-200/30 dark:border-white/10 text-red-600 dark:text-red-500"[39m
                      [33mhref[39m=[32m"/en"[39m
                    [36m>[39m
                      [36m<div[39m
                        [33mclass[39m=[32m"flex items-center gap-3"[39m
                      [36m>[39m
                        [36m<span[39m
                          [33mclass[39m=[32m"font-semibold text-base tracking-wide"[39m
                        [36m/>[39m
                      [36m</div>[39m
                      [36m<span[39m
                        [33mclass[39m=[32m"absolute bottom-0 left-4 right-4 h-px bg-gradient-to-r from-red-600 to-red-500"[39m
                      [36m/>[39m
                    [36m</a>[39m
                  [36m</div>[39m
                  [36m<div[39m
                    [33mclass[39m=[32m"rounded-2xl"[39m
                  [36m>[39m
                    [36m<div[39m
                      [33mclass[39m=[32m"relative"[39m
                    [36m>[39m
                      [36m<button[39m
                        [33mclass[39m=[32m"w-full flex items-center justify-between px-4 py-3 transition-all duration-300 relative border-b border-slate-200/30 dark:border-white/10 text-slate-700 dark:text-slate-200"[39m
                        [33mtype[39m=[32m"button"[39m
                      [36m>[39m
                        [36m<div[39m
                          [33mclass[39m=[32m"flex items-center gap-3"[39m
                        [36m>[39m
                          [36m<span[39m
                            [33mclass[39m=[32m"font-semibold text-base tracking-wide text-slate-700 dark:text-slate-200"[39m
                          [36m/>[39m
                        [36m</div>[39m
                        [36m<img[39m
                          [33malt[39m=[32m"Arrow"[39m
                          [33mclass[39m=[32m"w-4 h-4 transition-transform duration-300 mr-0 brightness-0 saturate-100 dark:brightness-0 dark:invert"[39m
                          [33msrc[39m=[32m"/arrow.png"[39m
                        [36m/>[39m
                        [36m<span[39m
                          [33mclass[39m=[32m"absolute bottom-0 left-4 right-4 h-px bg-gradient-to-r from-red-600 to-red-500"[39m
                        [36m/>[39m
                      [36m</button>[39m
                    [36m</div>[39m
                  [36m</div>[39m
                  [36m<div[39m
                    [33mclass[39m=[32m"rounded-2xl"[39m
                  [36m>[39m
                    [36m<a[39m
                      [33mclass[39m=[32m"group flex items-center justify-between px-4 py-3 transition-all duration-300 relative border-b border-slate-200/30 dark:border-white/10 text-slate-700 dark:text-slate-200"[39m
                      [33mhref[39m=[32m"/en/showreel"[39m
                    [36m>[39m
                      [36m<div[39m
                        [33mclass[39m=[32m"flex items-center gap-3"[39m
                      [36m>[39m
                        [36m<span[39m
                          [33mclass[39m=[32m"font-semibold text-base tracking-wide"[39m
                        [36m/>[39m
                      [36m</div>[39m
                      [36m<span[39m
                        [33mclass[39m=[32m"absolute bottom-0 left-4 right-4 h-px bg-gradient-to-r from-red-600 to-red-500"[39m
                      [36m/>[39m
                    [36m</a>[39m
                  [36m</div>[39m
                  [36m<div[39m
                    [33mclass[39m=[32m"rounded-2xl"[39m
                  [36m>[39m
                    [36m<a[39m
                      [33mclass[39m=[32m"group flex items-center justify-between px-4 py-3 transition-all duration-300 relative border-b border-slate-200/30 dark:border-white/10 text-slate-700 dark:text-slate-200"[39m
                      [33mhref[39m=[32m"/en/about"[39m
                    [36m>[39m
                      [36m<div[39m
                        [33mclass[39m=[32m"flex items-center gap-3"[39m
                      [36m>[39m
                        [36m<span[39m
                          [33mclass[39m=[32m"font-semibold text-base tracking-wide"[39m
                        [36m/>[39m
                      [36m</div>[39m
                      [36m<span[39m
                        [33mclass[39m=[32m"absolute bottom-0 left-4 right-4 h-px bg-gradient-to-r from-red-600 to-red-500"[39m
                      [36m/>[39m
                    [36m</a>[39m
                  [36m</div>[39m
                  [36m<div[39m
                    [33mclass[39m=[32m"rounded-2xl"[39m
                  [36m>[39m
                    [36m<a[39m
                      [33mclass[39m=[32m"group flex items-center justify-between px-4 py-3 transition-all duration-300 relative border-b border-slate-200/30 dark:border-white/10 text-slate-700 dark:text-slate-200"[39m
                      [33mhref[39m=[32m"/en/contact"[39m
                    [36m>[39m
                      [36m<div[39m
                        [33mclass[39m=[32m"flex items-center gap-3"[39m
                      [36m>[39m
                        [36m<span[39m
                          [33mclass[39m=[32m"font-semibold text-base tracking-wide"[39m
                        [36m/>[39m
                      [36m</div>[39m
                      [36m<span[39m
                        [33mclass[39m=[32m"absolute bottom-0 left-4 right-4 h-px bg-gradient-to-r from-red-600 to-red-500"[39m
                      [36m/>[39m
                    [36m</a>[39m
                  [36m</div>[39m
                [36m</div>[39m
              [36m</div>[39m
              [36m<div[39m
                [33mclass[39m=[32m"pt-4 border-t border-slate-200/50 dark:border-white/10 flex items-center justify-between"[39m
              [36m>[39m
                [36m<span[39m
                  [33mclass[39m=[32m"text-xs font-medium text-slate-400 dark:text-slate-500 uppercase tracking-wider"[39m
                [36m>[39m
                  [0mLanguage[0m
                [36m</span>[39m
                [36m<div[39m
                  [33maria-label[39m=[32m"Select language"[39m
                  [33mclass[39m=[32m"
                    flex items-center gap-0.5 transition-opacity duration-300 max-w-fit
                    px-0 py-0 -my-2.5 -mx-1
                "[39m
                  [33mrole[39m=[32m"group"[39m
                [36m>[39m
                  [36m<button[39m
                    [33maria-label[39m=[32m"Switch to Español"[39m
                    [33maria-pressed[39m=[32m"false"[39m
                    [33mclass[39m=[32m"
                                relative px-2 py-1 text-xs font-bold uppercase
                                transition-all duration-300 rounded-full
                                text-slate-600 dark:text-slate-400 hover:text-red-600 dark:hover:text-red-500
                            "[39m
                  [36m>[39m
                    [36m<span[39m
                      [33mclass[39m=[32m"relative z-10"[39m
                    [36m>[39m
                      [0mES[0m
                    [36m</span>[39m
                  [36m</button>[39m
                  [36m<button[39m
                    [33maria-label[39m=[32m"Switch to English"[39m
                    [33maria-pressed[39m=[32m"true"[39m
                    [33mclass[39m=[32m"
                                relative px-2 py-1 text-xs font-bold uppercase
                                transition-all duration-300 rounded-full
                                text-red-600 dark:text-red-500
                            "[39m
                  [36m>[39m
                    [36m<span[39m
                      [33mclass[39m=[32m"relative z-10"[39m
                    [36m>[39m
                      [0mEN[0m
                    [36m</span>[39m
                  [36m</button>[39m
                  [36m<button[39m
                    [33maria-label[39m=[32m"Switch to Русский"[39m
                    [33maria-pressed[39m=[32m"false"[39m
                    [33mclass[39m=[32m"
                                relative px-2 py-1 text-xs font-bold uppercase
                                transition-all duration-300 rounded-full
                                text-slate-600 dark:text-slate-400 hover:text-red-600 dark:hover:text-red-500
                            "[39m
                  [36m>[39m
                    [36m<span[39m
                      [33mclass[39m=[32m"relative z-10"[39m
                    [36m>[39m
                      [0mRU[0m
                    [36m</span>[39m
                  [36m</button>[39m
                [36m</div>[39m
              [36m</div>[39m
              [36m<div[39m
                [33mclass[39m=[32m"mt-2"[39m
              [36m>[39m
                [36m<a[39m
                  [33mclass[39m=[32m"block w-full text-center px-5 py-3.5 rounded-2xl text-sm font-semibold text-white bg-red-600 shadow-lg shadow-red-600/20"[39m
                  [33mhref[39m=[32m"/en/contact"[39m
                [36m/>[39m
              [36m</div>[39m
            [36m</div>[39m
          [36m</div>[39m
        [36m</div>[39m
      [36m</div>[39m
    [36m</body>[39m

      248 |
      249 |         // Should render navigation without crashing
    > 250 |         expect(screen.getByRole('navigation')).toBeInTheDocument();
          |                       ^
      251 |     });
      252 |
      253 |     it('handles missing headerDict gracefully', () => {

      at Object.getElementError (node_modules/@testing-library/dom/dist/config.js:37:19)
      at node_modules/@testing-library/dom/dist/query-helpers.js:76:38
      at node_modules/@testing-library/dom/dist/query-helpers.js:52:17
      at node_modules/@testing-library/dom/dist/query-helpers.js:95:19
      at Object.getByRole (src/__tests__/components/ui/MobileMenu.test.tsx:250:23)

  ● MobileMenu › handles missing headerDict gracefully

    TestingLibraryElementError: Unable to find an accessible element with the role "navigation"

    Here are the accessible roles:

      heading:

      Name "":
      [36m<h2[39m
        [33mclass[39m=[32m"text-7xl sm:text-8xl md:text-9xl lg:text-10xl font-bold text-slate-900 dark:text-white ml-4 relative"[39m
      [36m/>[39m

      --------------------------------------------------
      button:

      Name "":
      [36m<button[39m
        [33maria-label[39m=[32m""[39m
        [33mclass[39m=[32m"flex items-center gap-2 text-slate-500 dark:text-slate-300 hover:text-slate-900 dark:hover:text-white transition-colors -mt-7"[39m
      [36m/>[39m

      Name "Services Arrow":
      [36m<button[39m
        [33mclass[39m=[32m"w-full flex items-center justify-between px-4 py-3 transition-all duration-300 relative border-b border-slate-200/30 dark:border-white/10 text-slate-700 dark:text-slate-200"[39m
        [33mtype[39m=[32m"button"[39m
      [36m/>[39m

      Name "Switch to Español":
      [36m<button[39m
        [33maria-label[39m=[32m"Switch to Español"[39m
        [33maria-pressed[39m=[32m"false"[39m
        [33mclass[39m=[32m"
                                  relative px-2 py-1 text-xs font-bold uppercase
                                  transition-all duration-300 rounded-full
                                  text-slate-600 dark:text-slate-400 hover:text-red-600 dark:hover:text-red-500
                              "[39m
      [36m/>[39m

      Name "Switch to English":
      [36m<button[39m
        [33maria-label[39m=[32m"Switch to English"[39m
        [33maria-pressed[39m=[32m"true"[39m
        [33mclass[39m=[32m"
                                  relative px-2 py-1 text-xs font-bold uppercase
                                  transition-all duration-300 rounded-full
                                  text-red-600 dark:text-red-500
                              "[39m
      [36m/>[39m

      Name "Switch to Русский":
      [36m<button[39m
        [33maria-label[39m=[32m"Switch to Русский"[39m
        [33maria-pressed[39m=[32m"false"[39m
        [33mclass[39m=[32m"
                                  relative px-2 py-1 text-xs font-bold uppercase
                                  transition-all duration-300 rounded-full
                                  text-slate-600 dark:text-slate-400 hover:text-red-600 dark:hover:text-red-500
                              "[39m
      [36m/>[39m

      --------------------------------------------------
      link:

      Name "Home":
      [36m<a[39m
        [33mclass[39m=[32m"group flex items-center justify-between px-4 py-3 transition-all duration-300 relative border-b border-slate-200/30 dark:border-white/10 text-red-600 dark:text-red-500"[39m
        [33mhref[39m=[32m"/en"[39m
      [36m/>[39m

      Name "Showreel":
      [36m<a[39m
        [33mclass[39m=[32m"group flex items-center justify-between px-4 py-3 transition-all duration-300 relative border-b border-slate-200/30 dark:border-white/10 text-slate-700 dark:text-slate-200"[39m
        [33mhref[39m=[32m"/en/showreel"[39m
      [36m/>[39m

      Name "About":
      [36m<a[39m
        [33mclass[39m=[32m"group flex items-center justify-between px-4 py-3 transition-all duration-300 relative border-b border-slate-200/30 dark:border-white/10 text-slate-700 dark:text-slate-200"[39m
        [33mhref[39m=[32m"/en/about"[39m
      [36m/>[39m

      Name "Contact":
      [36m<a[39m
        [33mclass[39m=[32m"group flex items-center justify-between px-4 py-3 transition-all duration-300 relative border-b border-slate-200/30 dark:border-white/10 text-slate-700 dark:text-slate-200"[39m
        [33mhref[39m=[32m"/en/contact"[39m
      [36m/>[39m

      Name "Get Started":
      [36m<a[39m
        [33mclass[39m=[32m"block w-full text-center px-5 py-3.5 rounded-2xl text-sm font-semibold text-white bg-red-600 shadow-lg shadow-red-600/20"[39m
        [33mhref[39m=[32m"/en/contact"[39m
      [36m/>[39m

      --------------------------------------------------
      img:

      Name "Arrow":
      [36m<img[39m
        [33malt[39m=[32m"Arrow"[39m
        [33mclass[39m=[32m"w-4 h-4 transition-transform duration-300 mr-0 brightness-0 saturate-100 dark:brightness-0 dark:invert"[39m
        [33msrc[39m=[32m"/arrow.png"[39m
      [36m/>[39m

      --------------------------------------------------
      group:

      Name "Select language":
      [36m<div[39m
        [33maria-label[39m=[32m"Select language"[39m
        [33mclass[39m=[32m"
                      flex items-center gap-0.5 transition-opacity duration-300 max-w-fit
                      px-0 py-0 -my-2.5 -mx-1
                  "[39m
        [33mrole[39m=[32m"group"[39m
      [36m/>[39m

      --------------------------------------------------

    Ignored nodes: comments, script, style
    [36m<body>[39m
      [36m<div>[39m
        [36m<div[39m
          [33mclass[39m=[32m"fixed inset-0 z-[60] md:hidden"[39m
        [36m>[39m
          [36m<div[39m
            [33mclass[39m=[32m"absolute inset-0 bg-cream-50/70 dark:bg-dark-950/70 backdrop-blur-2xl"[39m
          [36m/>[39m
          [36m<div[39m
            [33mclass[39m=[32m"absolute inset-0 w-full h-full bg-cream-50/80 dark:bg-dark-950/80 backdrop-blur-2xl overflow-hidden"[39m
          [36m>[39m
            [36m<div[39m
              [33mclass[39m=[32m"relative z-10 h-full flex flex-col p-5 pt-8"[39m
            [36m>[39m
              [36m<div[39m
                [33mclass[39m=[32m"flex justify-between items-center mb-8 mr-2"[39m
              [36m>[39m
                [36m<h2[39m
                  [33mclass[39m=[32m"text-7xl sm:text-8xl md:text-9xl lg:text-10xl font-bold text-slate-900 dark:text-white ml-4 relative"[39m
                [36m>[39m
                  [36m<span[39m
                    [33mclass[39m=[32m"absolute bottom-0 left-0 w-full h-1 bg-gradient-to-r from-red-600 to-red-500 -mb-2"[39m
                  [36m/>[39m
                [36m</h2>[39m
                [36m<button[39m
                  [33maria-label[39m=[32m""[39m
                  [33mclass[39m=[32m"flex items-center gap-2 text-slate-500 dark:text-slate-300 hover:text-slate-900 dark:hover:text-white transition-colors -mt-7"[39m
                [36m>[39m
                  [36m<span[39m
                    [33mclass[39m=[32m"text-[11px] tracking-wide"[39m
                  [36m/>[39m
                  [36m<svg[39m
                    [33mclass[39m=[32m"w-4 h-4"[39m
                    [33mfill[39m=[32m"none"[39m
                    [33mstroke[39m=[32m"currentColor"[39m
                    [33mviewBox[39m=[32m"0 0 24 24"[39m
                  [36m>[39m
                    [36m<path[39m
                      [33md[39m=[32m"M6 18L18 6M6 6l12 12"[39m
                      [33mstroke-linecap[39m=[32m"round"[39m
                      [33mstroke-linejoin[39m=[32m"round"[39m
                      [33mstroke-width[39m=[32m"2"[39m
                    [36m/>[39m
                  [36m</svg>[39m
                [36m</button>[39m
              [36m</div>[39m
              [36m<div[39m
                [33mclass[39m=[32m"flex-1 overflow-y-auto py-4 mt-8"[39m
              [36m>[39m
                [36m<div[39m
                  [33mclass[39m=[32m"flex flex-col gap-4"[39m
                [36m>[39m
                  [36m<div[39m
                    [33mclass[39m=[32m"rounded-2xl"[39m
                  [36m>[39m
                    [36m<a[39m
                      [33mclass[39m=[32m"group flex items-center justify-between px-4 py-3 transition-all duration-300 relative border-b border-slate-200/30 dark:border-white/10 text-red-600 dark:text-red-500"[39m
                      [33mhref[39m=[32m"/en"[39m
                    [36m>[39m
                      [36m<div[39m
                        [33mclass[39m=[32m"flex items-center gap-3"[39m
                      [36m>[39m
                        [36m<span[39m
                          [33mclass[39m=[32m"font-semibold text-base tracking-wide"[39m
                        [36m>[39m
                          [0mHome[0m
                        [36m</span>[39m
                      [36m</div>[39m
                      [36m<span[39m
                        [33mclass[39m=[32m"absolute bottom-0 left-4 right-4 h-px bg-gradient-to-r from-red-600 to-red-500"[39m
                      [36m/>[39m
                    [36m</a>[39m
                  [36m</div>[39m
                  [36m<div[39m
                    [33mclass[39m=[32m"rounded-2xl"[39m
                  [36m>[39m
                    [36m<div[39m
                      [33mclass[39m=[32m"relative"[39m
                    [36m>[39m
                      [36m<button[39m
                        [33mclass[39m=[32m"w-full flex items-center justify-between px-4 py-3 transition-all duration-300 relative border-b border-slate-200/30 dark:border-white/10 text-slate-700 dark:text-slate-200"[39m
                        [33mtype[39m=[32m"button"[39m
                      [36m>[39m
                        [36m<div[39m
                          [33mclass[39m=[32m"flex items-center gap-3"[39m
                        [36m>[39m
                          [36m<span[39m
                            [33mclass[39m=[32m"font-semibold text-base tracking-wide text-slate-700 dark:text-slate-200"[39m
                          [36m>[39m
                            [0mServices[0m
                          [36m</span>[39m
                        [36m</div>[39m
                        [36m<img[39m
                          [33malt[39m=[32m"Arrow"[39m
                          [33mclass[39m=[32m"w-4 h-4 transition-transform duration-300 mr-0 brightness-0 saturate-100 dark:brightness-0 dark:invert"[39m
                          [33msrc[39m=[32m"/arrow.png"[39m
                        [36m/>[39m
                        [36m<span[39m
                          [33mclass[39m=[32m"absolute bottom-0 left-4 right-4 h-px bg-gradient-to-r from-red-600 to-red-500"[39m
                        [36m/>[39m
                      [36m</button>[39m
                    [36m</div>[39m
                  [36m</div>[39m
                  [36m<div[39m
                    [33mclass[39m=[32m"rounded-2xl"[39m
                  [36m>[39m
                    [36m<a[39m
                      [33mclass[39m=[32m"group flex items-center justify-between px-4 py-3 transition-all duration-300 relative border-b border-slate-200/30 dark:border-white/10 text-slate-700 dark:text-slate-200"[39m
                      [33mhref[39m=[32m"/en/showreel"[39m
                    [36m>[39m
                      [36m<div[39m
                        [33mclass[39m=[32m"flex items-center gap-3"[39m
                      [36m>[39m
                        [36m<span[39m
                          [33mclass[39m=[32m"font-semibold text-base tracking-wide"[39m
                        [36m>[39m
                          [0mShowreel[0m
                        [36m</span>[39m
                      [36m</div>[39m
                      [36m<span[39m
                        [33mclass[39m=[32m"absolute bottom-0 left-4 right-4 h-px bg-gradient-to-r from-red-600 to-red-500"[39m
                      [36m/>[39m
                    [36m</a>[39m
                  [36m</div>[39m
                  [36m<div[39m
                    [33mclass[39m=[32m"rounded-2xl"[39m
                  [36m>[39m
                    [36m<a[39m
                      [33mclass[39m=[32m"group flex items-center justify-between px-4 py-3 transition-all duration-300 relative border-b border-slate-200/30 dark:border-white/10 text-slate-700 dark:text-slate-200"[39m
                      [33mhref[39m=[32m"/en/about"[39m
                    [36m>[39m
                      [36m<div[39m
                        [33mclass[39m=[32m"flex items-center gap-3"[39m
                      [36m>[39m
                        [36m<span[39m
                          [33mclass[39m=[32m"font-semibold text-base tracking-wide"[39m
                        [36m>[39m
                          [0mAbout[0m
                        [36m</span>[39m
                      [36m</div>[39m
                      [36m<span[39m
                        [33mclass[39m=[32m"absolute bottom-0 left-4 right-4 h-px bg-gradient-to-r from-red-600 to-red-500"[39m
                      [36m/>[39m
                    [36m</a>[39m
                  [36m</div>[39m
                  [36m<div[39m
                    [33mclass[39m=[32m"rounded-2xl"[39m
                  [36m>[39m
                    [36m<a[39m
                      [33mclass[39m=[32m"group flex items-center justify-between px-4 py-3 transition-all duration-300 relative border-b border-slate-200/30 dark:border-white/10 text-slate-700 dark:text-slate-200"[39m
                      [33mhref[39m=[32m"/en/contact"[39m
                    [36m>[39m
                      [36m<div[39m
                        [33mclass[39m=[32m"flex items-center gap-3"[39m
                      [36m>[39m
                        [36m<span[39m
                          [33mclass[39m=[32m"font-semibold text-base tracking-wide"[39m
                        [36m>[39m
                          [0mContact[0m
                        [36m</span>[39m
                      [36m</div>[39m
                      [36m<span[39m
                        [33mclass[39m=[32m"absolute bottom-0 left-4 right-4 h-px bg-gradient-to-r from-red-600 to-red-500"[39m
                      [36m/>[39m
                    [36m</a>[39m
                  [36m</div>[39m
                [36m</div>[39m
              [36m</div>[39m
              [36m<div[39m
                [33mclass[39m=[32m"pt-4 border-t border-slate-200/50 dark:border-white/10 flex items-center justify-between"[39m
              [36m>[39m
                [36m<span[39m
                  [33mclass[39m=[32m"text-xs font-medium text-slate-400 dark:text-slate-500 uppercase tracking-wider"[39m
                [36m/>[39m
                [36m<div[39m
                  [33maria-label[39m=[32m"Select language"[39m
                  [33mclass[39m=[32m"
                    flex items-center gap-0.5 transition-opacity duration-300 max-w-fit
                    px-0 py-0 -my-2.5 -mx-1
                "[39m
                  [33mrole[39m=[32m"group"[39m
                [36m>[39m
                  [36m<button[39m
                    [33maria-label[39m=[32m"Switch to Español"[39m
                    [33maria-pressed[39m=[32m"false"[39m
                    [33mclass[39m=[32m"
                                relative px-2 py-1 text-xs font-bold uppercase
                                transition-all duration-300 rounded-full
                                text-slate-600 dark:text-slate-400 hover:text-red-600 dark:hover:text-red-500
                            "[39m
                  [36m>[39m
                    [36m<span[39m
                      [33mclass[39m=[32m"relative z-10"[39m
                    [36m>[39m
                      [0mES[0m
                    [36m</span>[39m
                  [36m</button>[39m
                  [36m<button[39m
                    [33maria-label[39m=[32m"Switch to English"[39m
                    [33maria-pressed[39m=[32m"true"[39m
                    [33mclass[39m=[32m"
                                relative px-2 py-1 text-xs font-bold uppercase
                                transition-all duration-300 rounded-full
                                text-red-600 dark:text-red-500
                            "[39m
                  [36m>[39m
                    [36m<span[39m
                      [33mclass[39m=[32m"relative z-10"[39m
                    [36m>[39m
                      [0mEN[0m
                    [36m</span>[39m
                  [36m</button>[39m
                  [36m<button[39m
                    [33maria-label[39m=[32m"Switch to Русский"[39m
                    [33maria-pressed[39m=[32m"false"[39m
                    [33mclass[39m=[32m"
                                relative px-2 py-1 text-xs font-bold uppercase
                                transition-all duration-300 rounded-full
                                text-slate-600 dark:text-slate-400 hover:text-red-600 dark:hover:text-red-500
                            "[39m
                  [36m>[39m
                    [36m<span[39m
                      [33mclass[39m=[32m"relative z-10"[39m
                    [36m>[39m
                      [0mRU[0m
                    [36m</span>[39m
                  [36m</button>[39m
                [36m</div>[39m
              [36m</div>[39m
              [36m<div[39m
                [33mclass[39m=[32m"mt-2"[39m
              [36m>[39m
                [36m<a[39m
                  [33mclass[39m=[32m"block w-full text-center px-5 py-3.5 rounded-2xl text-sm font-semibold text-white bg-red-600 shadow-lg shadow-red-600/20"[39m
                  [33mhref[39m=[32m"/en/contact"[39m
                [36m>[39m
                  [0mGet Started[0m
                [36m</a>[39m
              [36m</div>[39m
            [36m</div>[39m
          [36m</div>[39m
        [36m</div>[39m
      [36m</div>[39m
    [36m</body>[39m

      255 |
      256 |         // Should render navigation without crashing
    > 257 |         expect(screen.getByRole('navigation')).toBeInTheDocument();
          |                       ^
      258 |     });
      259 |
      260 |     it('applies correct CSS classes for animations', () => {

      at Object.getElementError (node_modules/@testing-library/dom/dist/config.js:37:19)
      at node_modules/@testing-library/dom/dist/query-helpers.js:76:38
      at node_modules/@testing-library/dom/dist/query-helpers.js:52:17
      at node_modules/@testing-library/dom/dist/query-helpers.js:95:19
      at Object.getByRole (src/__tests__/components/ui/MobileMenu.test.tsx:257:23)

  ● MobileMenu › applies correct CSS classes for animations

    TestingLibraryElementError: Unable to find an element by: [data-testid="mobile-menu"]

    Ignored nodes: comments, script, style
    [36m<body>[39m
      [36m<div>[39m
        [36m<div[39m
          [33mclass[39m=[32m"fixed inset-0 z-[60] md:hidden"[39m
        [36m>[39m
          [36m<div[39m
            [33mclass[39m=[32m"absolute inset-0 bg-cream-50/70 dark:bg-dark-950/70 backdrop-blur-2xl"[39m
          [36m/>[39m
          [36m<div[39m
            [33mclass[39m=[32m"absolute inset-0 w-full h-full bg-cream-50/80 dark:bg-dark-950/80 backdrop-blur-2xl overflow-hidden"[39m
          [36m>[39m
            [36m<div[39m
              [33mclass[39m=[32m"relative z-10 h-full flex flex-col p-5 pt-8"[39m
            [36m>[39m
              [36m<div[39m
                [33mclass[39m=[32m"flex justify-between items-center mb-8 mr-2"[39m
              [36m>[39m
                [36m<h2[39m
                  [33mclass[39m=[32m"text-7xl sm:text-8xl md:text-9xl lg:text-10xl font-bold text-slate-900 dark:text-white ml-4 relative"[39m
                [36m>[39m
                  [0mMenu[0m
                  [36m<span[39m
                    [33mclass[39m=[32m"absolute bottom-0 left-0 w-full h-1 bg-gradient-to-r from-red-600 to-red-500 -mb-2"[39m
                  [36m/>[39m
                [36m</h2>[39m
                [36m<button[39m
                  [33maria-label[39m=[32m"Close"[39m
                  [33mclass[39m=[32m"flex items-center gap-2 text-slate-500 dark:text-slate-300 hover:text-slate-900 dark:hover:text-white transition-colors -mt-7"[39m
                [36m>[39m
                  [36m<span[39m
                    [33mclass[39m=[32m"text-[11px] tracking-wide"[39m
                  [36m>[39m
                    [0mClose[0m
                  [36m</span>[39m
                  [36m<svg[39m
                    [33mclass[39m=[32m"w-4 h-4"[39m
                    [33mfill[39m=[32m"none"[39m
                    [33mstroke[39m=[32m"currentColor"[39m
                    [33mviewBox[39m=[32m"0 0 24 24"[39m
                  [36m>[39m
                    [36m<path[39m
                      [33md[39m=[32m"M6 18L18 6M6 6l12 12"[39m
                      [33mstroke-linecap[39m=[32m"round"[39m
                      [33mstroke-linejoin[39m=[32m"round"[39m
                      [33mstroke-width[39m=[32m"2"[39m
                    [36m/>[39m
                  [36m</svg>[39m
                [36m</button>[39m
              [36m</div>[39m
              [36m<div[39m
                [33mclass[39m=[32m"flex-1 overflow-y-auto py-4 mt-8"[39m
              [36m>[39m
                [36m<div[39m
                  [33mclass[39m=[32m"flex flex-col gap-4"[39m
                [36m>[39m
                  [36m<div[39m
                    [33mclass[39m=[32m"rounded-2xl"[39m
                  [36m>[39m
                    [36m<a[39m
                      [33mclass[39m=[32m"group flex items-center justify-between px-4 py-3 transition-all duration-300 relative border-b border-slate-200/30 dark:border-white/10 text-red-600 dark:text-red-500"[39m
                      [33mhref[39m=[32m"/en"[39m
                    [36m>[39m
                      [36m<div[39m
                        [33mclass[39m=[32m"flex items-center gap-3"[39m
                      [36m>[39m
                        [36m<span[39m
                          [33mclass[39m=[32m"font-semibold text-base tracking-wide"[39m
                        [36m>[39m
                          [0mHome[0m
                        [36m</span>[39m
                      [36m</div>[39m
                      [36m<span[39m
                        [33mclass[39m=[32m"absolute bottom-0 left-4 right-4 h-px bg-gradient-to-r from-red-600 to-red-500"[39m
                      [36m/>[39m
                    [36m</a>[39m
                  [36m</div>[39m
                  [36m<div[39m
                    [33mclass[39m=[32m"rounded-2xl"[39m
                  [36m>[39m
                    [36m<div[39m
                      [33mclass[39m=[32m"relative"[39m
                    [36m>[39m
                      [36m<button[39m
                        [33mclass[39m=[32m"w-full flex items-center justify-between px-4 py-3 transition-all duration-300 relative border-b border-slate-200/30 dark:border-white/10 text-slate-700 dark:text-slate-200"[39m
                        [33mtype[39m=[32m"button"[39m
                      [36m>[39m
                        [36m<div[39m
                          [33mclass[39m=[32m"flex items-center gap-3"[39m
                        [36m>[39m
                          [36m<span[39m
                            [33mclass[39m=[32m"font-semibold text-base tracking-wide text-slate-700 dark:text-slate-200"[39m
                          [36m>[39m
                            [0mServices[0m
                          [36m</span>[39m
                        [36m</div>[39m
                        [36m<img[39m
                          [33malt[39m=[32m"Arrow"[39m
                          [33mclass[39m=[32m"w-4 h-4 transition-transform duration-300 mr-0 brightness-0 saturate-100 dark:brightness-0 dark:invert"[39m
                          [33msrc[39m=[32m"/arrow.png"[39m
                        [36m/>[39m
                        [36m<span[39m
                          [33mclass[39m=[32m"absolute bottom-0 left-4 right-4 h-px bg-gradient-to-r from-red-600 to-red-500"[39m
                        [36m/>[39m
                      [36m</button>[39m
                    [36m</div>[39m
                  [36m</div>[39m
                  [36m<div[39m
                    [33mclass[39m=[32m"rounded-2xl"[39m
                  [36m>[39m
                    [36m<a[39m
                      [33mclass[39m=[32m"group flex items-center justify-between px-4 py-3 transition-all duration-300 relative border-b border-slate-200/30 dark:border-white/10 text-slate-700 dark:text-slate-200"[39m
                      [33mhref[39m=[32m"/en/showreel"[39m
                    [36m>[39m
                      [36m<div[39m
                        [33mclass[39m=[32m"flex items-center gap-3"[39m
                      [36m>[39m
                        [36m<span[39m
                          [33mclass[39m=[32m"font-semibold text-base tracking-wide"[39m
                        [36m>[39m
                          [0mShowreel[0m
                        [36m</span>[39m
                      [36m</div>[39m
                      [36m<span[39m
                        [33mclass[39m=[32m"absolute bottom-0 left-4 right-4 h-px bg-gradient-to-r from-red-600 to-red-500"[39m
                      [36m/>[39m
                    [36m</a>[39m
                  [36m</div>[39m
                  [36m<div[39m
                    [33mclass[39m=[32m"rounded-2xl"[39m
                  [36m>[39m
                    [36m<a[39m
                      [33mclass[39m=[32m"group flex items-center justify-between px-4 py-3 transition-all duration-300 relative border-b border-slate-200/30 dark:border-white/10 text-slate-700 dark:text-slate-200"[39m
                      [33mhref[39m=[32m"/en/about"[39m
                    [36m>[39m
                      [36m<div[39m
                        [33mclass[39m=[32m"flex items-center gap-3"[39m
                      [36m>[39m
                        [36m<span[39m
                          [33mclass[39m=[32m"font-semibold text-base tracking-wide"[39m
                        [36m>[39m
                          [0mAbout[0m
                        [36m</span>[39m
                      [36m</div>[39m
                      [36m<span[39m
                        [33mclass[39m=[32m"absolute bottom-0 left-4 right-4 h-px bg-gradient-to-r from-red-600 to-red-500"[39m
                      [36m/>[39m
                    [36m</a>[39m
                  [36m</div>[39m
                  [36m<div[39m
                    [33mclass[39m=[32m"rounded-2xl"[39m
                  [36m>[39m
                    [36m<a[39m
                      [33mclass[39m=[32m"group flex items-center justify-between px-4 py-3 transition-all duration-300 relative border-b border-slate-200/30 dark:border-white/10 text-slate-700 dark:text-slate-200"[39m
                      [33mhref[39m=[32m"/en/contact"[39m
                    [36m>[39m
                      [36m<div[39m
                        [33mclass[39m=[32m"flex items-center gap-3"[39m
                      [36m>[39m
                        [36m<span[39m
                          [33mclass[39m=[32m"font-semibold text-base tracking-wide"[39m
                        [36m>[39m
                          [0mContact[0m
                        [36m</span>[39m
                      [36m</div>[39m
                      [36m<span[39m
                        [33mclass[39m=[32m"absolute bottom-0 left-4 right-4 h-px bg-gradient-to-r from-red-600 to-red-500"[39m
                      [36m/>[39m
                    [36m</a>[39m
                  [36m</div>[39m
                [36m</div>[39m
              [36m</div>[39m
              [36m<div[39m
                [33mclass[39m=[32m"pt-4 border-t border-slate-200/50 dark:border-white/10 flex items-center justify-between"[39m
              [36m>[39m
                [36m<span[39m
                  [33mclass[39m=[32m"text-xs font-medium text-slate-400 dark:text-slate-500 uppercase tracking-wider"[39m
                [36m>[39m
                  [0mLanguage[0m
                [36m</span>[39m
                [36m<div[39m
                  [33maria-label[39m=[32m"Select language"[39m
                  [33mclass[39m=[32m"
                    flex items-center gap-0.5 transition-opacity duration-300 max-w-fit
                    px-0 py-0 -my-2.5 -mx-1
                "[39m
                  [33mrole[39m=[32m"group"[39m
                [36m>[39m
                  [36m<button[39m
                    [33maria-label[39m=[32m"Switch to Español"[39m
                    [33maria-pressed[39m=[32m"false"[39m
                    [33mclass[39m=[32m"
                                relative px-2 py-1 text-xs font-bold uppercase
                                transition-all duration-300 rounded-full
                                text-slate-600 dark:text-slate-400 hover:text-red-600 dark:hover:text-red-500
                            "[39m
                  [36m>[39m
                    [36m<span[39m
                      [33mclass[39m=[32m"relative z-10"[39m
                    [36m>[39m
                      [0mES[0m
                    [36m</span>[39m
                  [36m</button>[39m
                  [36m<button[39m
                    [33maria-label[39m=[32m"Switch to English"[39m
                    [33maria-pressed[39m=[32m"true"[39m
                    [33mclass[39m=[32m"
                                relative px-2 py-1 text-xs font-bold uppercase
                                transition-all duration-300 rounded-full
                                text-red-600 dark:text-red-500
                            "[39m
                  [36m>[39m
                    [36m<span[39m
                      [33mclass[39m=[32m"relative z-10"[39m
                    [36m>[39m
                      [0mEN[0m
                    [36m</span>[39m
                  [36m</button>[39m
                  [36m<button[39m
                    [33maria-label[39m=[32m"Switch to Русский"[39m
                    [33maria-pressed[39m=[32m"false"[39m
                    [33mclass[39m=[32m"
                                relative px-2 py-1 text-xs font-bold uppercase
                                transition-all duration-300 rounded-full
                                text-slate-600 dark:text-slate-400 hover:text-red-600 dark:hover:text-red-500
                            "[39m
                  [36m>[39m
                    [36m<span[39m
                      [33mclass[39m=[32m"relative z-10"[39m
                    [36m>[39m
                      [0mRU[0m
                    [36m</span>[39m
                  [36m</button>[39m
                [36m</div>[39m
              [36m</div>[39m
              [36m<div[39m
                [33mclass[39m=[32m"mt-2"[39m
              [36m>[39m
                [36m<a[39m
                  [33mclass[39m=[32m"block w-full text-center px-5 py-3.5 rounded-2xl text-sm font-semibold text-white bg-red-600 shadow-lg shadow-red-600/20"[39m
                  [33mhref[39m=[32m"/en/contact"[39m
                [36m>[39m
                  [0mGet Started[0m
                [36m</a>[39m
              [36m</div>[39m
            [36m</div>[39m
          [36m</div>[39m
        [36m</div>[39m
      [36m</div>[39m
    [36m</body>[39m

      261 |         render(<MobileMenu {...defaultProps} isMobileMenuOpen={true} />);
      262 |
    > 263 |         const menu = screen.getByTestId('mobile-menu');
          |                             ^
      264 |         expect(menu).toHaveClass('fixed');
      265 |         expect(menu).toHaveClass('inset-0');
      266 |     });

      at Object.getElementError (node_modules/@testing-library/dom/dist/config.js:37:19)
      at node_modules/@testing-library/dom/dist/query-helpers.js:76:38
      at node_modules/@testing-library/dom/dist/query-helpers.js:52:17
      at node_modules/@testing-library/dom/dist/query-helpers.js:95:19
      at Object.getByTestId (src/__tests__/components/ui/MobileMenu.test.tsx:263:29)

  ● MobileMenu › renders with correct accessibility attributes

    TestingLibraryElementError: Unable to find an accessible element with the role "navigation"

    Here are the accessible roles:

      heading:

      Name "Menu":
      [36m<h2[39m
        [33mclass[39m=[32m"text-7xl sm:text-8xl md:text-9xl lg:text-10xl font-bold text-slate-900 dark:text-white ml-4 relative"[39m
      [36m/>[39m

      --------------------------------------------------
      button:

      Name "Close":
      [36m<button[39m
        [33maria-label[39m=[32m"Close"[39m
        [33mclass[39m=[32m"flex items-center gap-2 text-slate-500 dark:text-slate-300 hover:text-slate-900 dark:hover:text-white transition-colors -mt-7"[39m
      [36m/>[39m

      Name "Services Arrow":
      [36m<button[39m
        [33mclass[39m=[32m"w-full flex items-center justify-between px-4 py-3 transition-all duration-300 relative border-b border-slate-200/30 dark:border-white/10 text-slate-700 dark:text-slate-200"[39m
        [33mtype[39m=[32m"button"[39m
      [36m/>[39m

      Name "Switch to Español":
      [36m<button[39m
        [33maria-label[39m=[32m"Switch to Español"[39m
        [33maria-pressed[39m=[32m"false"[39m
        [33mclass[39m=[32m"
                                  relative px-2 py-1 text-xs font-bold uppercase
                                  transition-all duration-300 rounded-full
                                  text-slate-600 dark:text-slate-400 hover:text-red-600 dark:hover:text-red-500
                              "[39m
      [36m/>[39m

      Name "Switch to English":
      [36m<button[39m
        [33maria-label[39m=[32m"Switch to English"[39m
        [33maria-pressed[39m=[32m"true"[39m
        [33mclass[39m=[32m"
                                  relative px-2 py-1 text-xs font-bold uppercase
                                  transition-all duration-300 rounded-full
                                  text-red-600 dark:text-red-500
                              "[39m
      [36m/>[39m

      Name "Switch to Русский":
      [36m<button[39m
        [33maria-label[39m=[32m"Switch to Русский"[39m
        [33maria-pressed[39m=[32m"false"[39m
        [33mclass[39m=[32m"
                                  relative px-2 py-1 text-xs font-bold uppercase
                                  transition-all duration-300 rounded-full
                                  text-slate-600 dark:text-slate-400 hover:text-red-600 dark:hover:text-red-500
                              "[39m
      [36m/>[39m

      --------------------------------------------------
      link:

      Name "Home":
      [36m<a[39m
        [33mclass[39m=[32m"group flex items-center justify-between px-4 py-3 transition-all duration-300 relative border-b border-slate-200/30 dark:border-white/10 text-red-600 dark:text-red-500"[39m
        [33mhref[39m=[32m"/en"[39m
      [36m/>[39m

      Name "Showreel":
      [36m<a[39m
        [33mclass[39m=[32m"group flex items-center justify-between px-4 py-3 transition-all duration-300 relative border-b border-slate-200/30 dark:border-white/10 text-slate-700 dark:text-slate-200"[39m
        [33mhref[39m=[32m"/en/showreel"[39m
      [36m/>[39m

      Name "About":
      [36m<a[39m
        [33mclass[39m=[32m"group flex items-center justify-between px-4 py-3 transition-all duration-300 relative border-b border-slate-200/30 dark:border-white/10 text-slate-700 dark:text-slate-200"[39m
        [33mhref[39m=[32m"/en/about"[39m
      [36m/>[39m

      Name "Contact":
      [36m<a[39m
        [33mclass[39m=[32m"group flex items-center justify-between px-4 py-3 transition-all duration-300 relative border-b border-slate-200/30 dark:border-white/10 text-slate-700 dark:text-slate-200"[39m
        [33mhref[39m=[32m"/en/contact"[39m
      [36m/>[39m

      Name "Get Started":
      [36m<a[39m
        [33mclass[39m=[32m"block w-full text-center px-5 py-3.5 rounded-2xl text-sm font-semibold text-white bg-red-600 shadow-lg shadow-red-600/20"[39m
        [33mhref[39m=[32m"/en/contact"[39m
      [36m/>[39m

      --------------------------------------------------
      img:

      Name "Arrow":
      [36m<img[39m
        [33malt[39m=[32m"Arrow"[39m
        [33mclass[39m=[32m"w-4 h-4 transition-transform duration-300 mr-0 brightness-0 saturate-100 dark:brightness-0 dark:invert"[39m
        [33msrc[39m=[32m"/arrow.png"[39m
      [36m/>[39m

      --------------------------------------------------
      group:

      Name "Select language":
      [36m<div[39m
        [33maria-label[39m=[32m"Select language"[39m
        [33mclass[39m=[32m"
                      flex items-center gap-0.5 transition-opacity duration-300 max-w-fit
                      px-0 py-0 -my-2.5 -mx-1
                  "[39m
        [33mrole[39m=[32m"group"[39m
      [36m/>[39m

      --------------------------------------------------

    Ignored nodes: comments, script, style
    [36m<body>[39m
      [36m<div>[39m
        [36m<div[39m
          [33mclass[39m=[32m"fixed inset-0 z-[60] md:hidden"[39m
        [36m>[39m
          [36m<div[39m
            [33mclass[39m=[32m"absolute inset-0 bg-cream-50/70 dark:bg-dark-950/70 backdrop-blur-2xl"[39m
          [36m/>[39m
          [36m<div[39m
            [33mclass[39m=[32m"absolute inset-0 w-full h-full bg-cream-50/80 dark:bg-dark-950/80 backdrop-blur-2xl overflow-hidden"[39m
          [36m>[39m
            [36m<div[39m
              [33mclass[39m=[32m"relative z-10 h-full flex flex-col p-5 pt-8"[39m
            [36m>[39m
              [36m<div[39m
                [33mclass[39m=[32m"flex justify-between items-center mb-8 mr-2"[39m
              [36m>[39m
                [36m<h2[39m
                  [33mclass[39m=[32m"text-7xl sm:text-8xl md:text-9xl lg:text-10xl font-bold text-slate-900 dark:text-white ml-4 relative"[39m
                [36m>[39m
                  [0mMenu[0m
                  [36m<span[39m
                    [33mclass[39m=[32m"absolute bottom-0 left-0 w-full h-1 bg-gradient-to-r from-red-600 to-red-500 -mb-2"[39m
                  [36m/>[39m
                [36m</h2>[39m
                [36m<button[39m
                  [33maria-label[39m=[32m"Close"[39m
                  [33mclass[39m=[32m"flex items-center gap-2 text-slate-500 dark:text-slate-300 hover:text-slate-900 dark:hover:text-white transition-colors -mt-7"[39m
                [36m>[39m
                  [36m<span[39m
                    [33mclass[39m=[32m"text-[11px] tracking-wide"[39m
                  [36m>[39m
                    [0mClose[0m
                  [36m</span>[39m
                  [36m<svg[39m
                    [33mclass[39m=[32m"w-4 h-4"[39m
                    [33mfill[39m=[32m"none"[39m
                    [33mstroke[39m=[32m"currentColor"[39m
                    [33mviewBox[39m=[32m"0 0 24 24"[39m
                  [36m>[39m
                    [36m<path[39m
                      [33md[39m=[32m"M6 18L18 6M6 6l12 12"[39m
                      [33mstroke-linecap[39m=[32m"round"[39m
                      [33mstroke-linejoin[39m=[32m"round"[39m
                      [33mstroke-width[39m=[32m"2"[39m
                    [36m/>[39m
                  [36m</svg>[39m
                [36m</button>[39m
              [36m</div>[39m
              [36m<div[39m
                [33mclass[39m=[32m"flex-1 overflow-y-auto py-4 mt-8"[39m
              [36m>[39m
                [36m<div[39m
                  [33mclass[39m=[32m"flex flex-col gap-4"[39m
                [36m>[39m
                  [36m<div[39m
                    [33mclass[39m=[32m"rounded-2xl"[39m
                  [36m>[39m
                    [36m<a[39m
                      [33mclass[39m=[32m"group flex items-center justify-between px-4 py-3 transition-all duration-300 relative border-b border-slate-200/30 dark:border-white/10 text-red-600 dark:text-red-500"[39m
                      [33mhref[39m=[32m"/en"[39m
                    [36m>[39m
                      [36m<div[39m
                        [33mclass[39m=[32m"flex items-center gap-3"[39m
                      [36m>[39m
                        [36m<span[39m
                          [33mclass[39m=[32m"font-semibold text-base tracking-wide"[39m
                        [36m>[39m
                          [0mHome[0m
                        [36m</span>[39m
                      [36m</div>[39m
                      [36m<span[39m
                        [33mclass[39m=[32m"absolute bottom-0 left-4 right-4 h-px bg-gradient-to-r from-red-600 to-red-500"[39m
                      [36m/>[39m
                    [36m</a>[39m
                  [36m</div>[39m
                  [36m<div[39m
                    [33mclass[39m=[32m"rounded-2xl"[39m
                  [36m>[39m
                    [36m<div[39m
                      [33mclass[39m=[32m"relative"[39m
                    [36m>[39m
                      [36m<button[39m
                        [33mclass[39m=[32m"w-full flex items-center justify-between px-4 py-3 transition-all duration-300 relative border-b border-slate-200/30 dark:border-white/10 text-slate-700 dark:text-slate-200"[39m
                        [33mtype[39m=[32m"button"[39m
                      [36m>[39m
                        [36m<div[39m
                          [33mclass[39m=[32m"flex items-center gap-3"[39m
                        [36m>[39m
                          [36m<span[39m
                            [33mclass[39m=[32m"font-semibold text-base tracking-wide text-slate-700 dark:text-slate-200"[39m
                          [36m>[39m
                            [0mServices[0m
                          [36m</span>[39m
                        [36m</div>[39m
                        [36m<img[39m
                          [33malt[39m=[32m"Arrow"[39m
                          [33mclass[39m=[32m"w-4 h-4 transition-transform duration-300 mr-0 brightness-0 saturate-100 dark:brightness-0 dark:invert"[39m
                          [33msrc[39m=[32m"/arrow.png"[39m
                        [36m/>[39m
                        [36m<span[39m
                          [33mclass[39m=[32m"absolute bottom-0 left-4 right-4 h-px bg-gradient-to-r from-red-600 to-red-500"[39m
                        [36m/>[39m
                      [36m</button>[39m
                    [36m</div>[39m
                  [36m</div>[39m
                  [36m<div[39m
                    [33mclass[39m=[32m"rounded-2xl"[39m
                  [36m>[39m
                    [36m<a[39m
                      [33mclass[39m=[32m"group flex items-center justify-between px-4 py-3 transition-all duration-300 relative border-b border-slate-200/30 dark:border-white/10 text-slate-700 dark:text-slate-200"[39m
                      [33mhref[39m=[32m"/en/showreel"[39m
                    [36m>[39m
                      [36m<div[39m
                        [33mclass[39m=[32m"flex items-center gap-3"[39m
                      [36m>[39m
                        [36m<span[39m
                          [33mclass[39m=[32m"font-semibold text-base tracking-wide"[39m
                        [36m>[39m
                          [0mShowreel[0m
                        [36m</span>[39m
                      [36m</div>[39m
                      [36m<span[39m
                        [33mclass[39m=[32m"absolute bottom-0 left-4 right-4 h-px bg-gradient-to-r from-red-600 to-red-500"[39m
                      [36m/>[39m
                    [36m</a>[39m
                  [36m</div>[39m
                  [36m<div[39m
                    [33mclass[39m=[32m"rounded-2xl"[39m
                  [36m>[39m
                    [36m<a[39m
                      [33mclass[39m=[32m"group flex items-center justify-between px-4 py-3 transition-all duration-300 relative border-b border-slate-200/30 dark:border-white/10 text-slate-700 dark:text-slate-200"[39m
                      [33mhref[39m=[32m"/en/about"[39m
                    [36m>[39m
                      [36m<div[39m
                        [33mclass[39m=[32m"flex items-center gap-3"[39m
                      [36m>[39m
                        [36m<span[39m
                          [33mclass[39m=[32m"font-semibold text-base tracking-wide"[39m
                        [36m>[39m
                          [0mAbout[0m
                        [36m</span>[39m
                      [36m</div>[39m
                      [36m<span[39m
                        [33mclass[39m=[32m"absolute bottom-0 left-4 right-4 h-px bg-gradient-to-r from-red-600 to-red-500"[39m
                      [36m/>[39m
                    [36m</a>[39m
                  [36m</div>[39m
                  [36m<div[39m
                    [33mclass[39m=[32m"rounded-2xl"[39m
                  [36m>[39m
                    [36m<a[39m
                      [33mclass[39m=[32m"group flex items-center justify-between px-4 py-3 transition-all duration-300 relative border-b border-slate-200/30 dark:border-white/10 text-slate-700 dark:text-slate-200"[39m
                      [33mhref[39m=[32m"/en/contact"[39m
                    [36m>[39m
                      [36m<div[39m
                        [33mclass[39m=[32m"flex items-center gap-3"[39m
                      [36m>[39m
                        [36m<span[39m
                          [33mclass[39m=[32m"font-semibold text-base tracking-wide"[39m
                        [36m>[39m
                          [0mContact[0m
                        [36m</span>[39m
                      [36m</div>[39m
                      [36m<span[39m
                        [33mclass[39m=[32m"absolute bottom-0 left-4 right-4 h-px bg-gradient-to-r from-red-600 to-red-500"[39m
                      [36m/>[39m
                    [36m</a>[39m
                  [36m</div>[39m
                [36m</div>[39m
              [36m</div>[39m
              [36m<div[39m
                [33mclass[39m=[32m"pt-4 border-t border-slate-200/50 dark:border-white/10 flex items-center justify-between"[39m
              [36m>[39m
                [36m<span[39m
                  [33mclass[39m=[32m"text-xs font-medium text-slate-400 dark:text-slate-500 uppercase tracking-wider"[39m
                [36m>[39m
                  [0mLanguage[0m
                [36m</span>[39m
                [36m<div[39m
                  [33maria-label[39m=[32m"Select language"[39m
                  [33mclass[39m=[32m"
                    flex items-center gap-0.5 transition-opacity duration-300 max-w-fit
                    px-0 py-0 -my-2.5 -mx-1
                "[39m
                  [33mrole[39m=[32m"group"[39m
                [36m>[39m
                  [36m<button[39m
                    [33maria-label[39m=[32m"Switch to Español"[39m
                    [33maria-pressed[39m=[32m"false"[39m
                    [33mclass[39m=[32m"
                                relative px-2 py-1 text-xs font-bold uppercase
                                transition-all duration-300 rounded-full
                                text-slate-600 dark:text-slate-400 hover:text-red-600 dark:hover:text-red-500
                            "[39m
                  [36m>[39m
                    [36m<span[39m
                      [33mclass[39m=[32m"relative z-10"[39m
                    [36m>[39m
                      [0mES[0m
                    [36m</span>[39m
                  [36m</button>[39m
                  [36m<button[39m
                    [33maria-label[39m=[32m"Switch to English"[39m
                    [33maria-pressed[39m=[32m"true"[39m
                    [33mclass[39m=[32m"
                                relative px-2 py-1 text-xs font-bold uppercase
                                transition-all duration-300 rounded-full
                                text-red-600 dark:text-red-500
                            "[39m
                  [36m>[39m
                    [36m<span[39m
                      [33mclass[39m=[32m"relative z-10"[39m
                    [36m>[39m
                      [0mEN[0m
                    [36m</span>[39m
                  [36m</button>[39m
                  [36m<button[39m
                    [33maria-label[39m=[32m"Switch to Русский"[39m
                    [33maria-pressed[39m=[32m"false"[39m
                    [33mclass[39m=[32m"
                                relative px-2 py-1 text-xs font-bold uppercase
                                transition-all duration-300 rounded-full
                                text-slate-600 dark:text-slate-400 hover:text-red-600 dark:hover:text-red-500
                            "[39m
                  [36m>[39m
                    [36m<span[39m
                      [33mclass[39m=[32m"relative z-10"[39m
                    [36m>[39m
                      [0mRU[0m
                    [36m</span>[39m
                  [36m</button>[39m
                [36m</div>[39m
              [36m</div>[39m
              [36m<div[39m
                [33mclass[39m=[32m"mt-2"[39m
              [36m>[39m
                [36m<a[39m
                  [33mclass[39m=[32m"block w-full text-center px-5 py-3.5 rounded-2xl text-sm font-semibold text-white bg-red-600 shadow-lg shadow-red-600/20"[39m
                  [33mhref[39m=[32m"/en/contact"[39m
                [36m>[39m
                  [0mGet Started[0m
                [36m</a>[39m
              [36m</div>[39m
            [36m</div>[39m
          [36m</div>[39m
        [36m</div>[39m
      [36m</div>[39m
    [36m</body>[39m

      269 |         render(<MobileMenu {...defaultProps} isMobileMenuOpen={true} />);
      270 |
    > 271 |         const nav = screen.getByRole('navigation');
          |                            ^
      272 |         expect(nav).toHaveAttribute('aria-label');
      273 |     });
      274 |

      at Object.getElementError (node_modules/@testing-library/dom/dist/config.js:37:19)
      at node_modules/@testing-library/dom/dist/query-helpers.js:76:38
      at node_modules/@testing-library/dom/dist/query-helpers.js:52:17
      at node_modules/@testing-library/dom/dist/query-helpers.js:95:19
      at Object.getByRole (src/__tests__/components/ui/MobileMenu.test.tsx:271:28)

FAIL src/__tests__/components/ContactForm.accessibility.test.tsx
  ● Console

    console.error
      Warning: A suspended resource finished loading inside a test, but the event was not wrapped in act(...).
      
      When testing, code that resolves suspended data should be wrapped into act(...):
      
      act(() => {
        /* finish loading suspended data */
      });
      /* assert on the output */
      
      This ensures that you're testing the behavior the user would see in the browser. Learn more at https://reactjs.org/link/wrap-tests-with-act

      at printWarning (node_modules/react-dom/cjs/react-dom.development.js:86:30)
      at error (node_modules/react-dom/cjs/react-dom.development.js:60:7)
      at warnIfSuspenseResolutionNotWrappedWithActDEV (node_modules/react-dom/cjs/react-dom.development.js:27643:7)
      at pingSuspendedRoot (node_modules/react-dom/cjs/react-dom.development.js:27228:3)

    console.error
      Warning: A suspended resource finished loading inside a test, but the event was not wrapped in act(...).
      
      When testing, code that resolves suspended data should be wrapped into act(...):
      
      act(() => {
        /* finish loading suspended data */
      });
      /* assert on the output */
      
      This ensures that you're testing the behavior the user would see in the browser. Learn more at https://reactjs.org/link/wrap-tests-with-act

      at printWarning (node_modules/react-dom/cjs/react-dom.development.js:86:30)
      at error (node_modules/react-dom/cjs/react-dom.development.js:60:7)
      at warnIfSuspenseResolutionNotWrappedWithActDEV (node_modules/react-dom/cjs/react-dom.development.js:27643:7)
      at pingSuspendedRoot (node_modules/react-dom/cjs/react-dom.development.js:27228:3)

    console.error
      Submit error: ReferenceError: fetch is not defined
          at /Users/ppmtrue/Documents/GitHub/SelenIT-Digital-Agency/src/components/ContactForm.tsx:46:30
          at /Users/ppmtrue/Documents/GitHub/SelenIT-Digital-Agency/src/hooks/useContactForm.ts:164:17

      168 |                 window.scrollTo({ top: 0, behavior: 'smooth' });
      169 |             } catch (error) {
    > 170 |                 console.error('Submit error:', error);
          |                         ^
      171 |                 setSubmitError(
      172 |                     lang === 'ru'
      173 |                         ? 'Ошибка отправки. Попробуйте позже.'

      at error (src/hooks/useContactForm.ts:170:25)

    console.error
      Warning: An update to ContactForm inside a test was not wrapped in act(...).
      
      When testing, code that causes React state updates should be wrapped into act(...):
      
      act(() => {
        /* fire events that update state */
      });
      /* assert on the output */
      
      This ensures that you're testing the behavior the user would see in the browser. Learn more at https://reactjs.org/link/wrap-tests-with-act
          at lang (/Users/ppmtrue/Documents/GitHub/SelenIT-Digital-Agency/src/components/ContactForm.tsx:23:39)
          at children (/Users/ppmtrue/Documents/GitHub/SelenIT-Digital-Agency/src/components/providers/CookieConsentProvider.tsx:18:41)
          at children (/Users/ppmtrue/Documents/GitHub/SelenIT-Digital-Agency/src/__tests__/utils/test-utils.tsx:7:28)

      49 |
      50 |     const setSubmitError = useCallback((error: string | null) => {
    > 51 |         setSubmitErrorState(error);
         |         ^
      52 |     }, []);
      53 |
      54 |     const validate = useCallback((): boolean => {

      at printWarning (node_modules/react-dom/cjs/react-dom.development.js:86:30)
      at error (node_modules/react-dom/cjs/react-dom.development.js:60:7)
      at warnIfUpdatesNotWrappedWithActDEV (node_modules/react-dom/cjs/react-dom.development.js:27628:9)
      at scheduleUpdateOnFiber (node_modules/react-dom/cjs/react-dom.development.js:25547:5)
      at dispatchSetState (node_modules/react-dom/cjs/react-dom.development.js:16708:7)
      at setSubmitErrorState (src/hooks/useContactForm.ts:51:9)
      at setSubmitError (src/hooks/useContactForm.ts:171:17)

    console.error
      Warning: An update to ContactForm inside a test was not wrapped in act(...).
      
      When testing, code that causes React state updates should be wrapped into act(...):
      
      act(() => {
        /* fire events that update state */
      });
      /* assert on the output */
      
      This ensures that you're testing the behavior the user would see in the browser. Learn more at https://reactjs.org/link/wrap-tests-with-act
          at lang (/Users/ppmtrue/Documents/GitHub/SelenIT-Digital-Agency/src/components/ContactForm.tsx:23:39)
          at children (/Users/ppmtrue/Documents/GitHub/SelenIT-Digital-Agency/src/components/providers/CookieConsentProvider.tsx:18:41)
          at children (/Users/ppmtrue/Documents/GitHub/SelenIT-Digital-Agency/src/__tests__/utils/test-utils.tsx:7:28)

      177 |                 );
      178 |             } finally {
    > 179 |                 setIsSubmitting(false);
          |                 ^
      180 |             }
      181 |         },
      182 |         [formState, validate, onSubmit, resetForm, lang, setSubmitError],

      at printWarning (node_modules/react-dom/cjs/react-dom.development.js:86:30)
      at error (node_modules/react-dom/cjs/react-dom.development.js:60:7)
      at warnIfUpdatesNotWrappedWithActDEV (node_modules/react-dom/cjs/react-dom.development.js:27628:9)
      at scheduleUpdateOnFiber (node_modules/react-dom/cjs/react-dom.development.js:25547:5)
      at dispatchSetState (node_modules/react-dom/cjs/react-dom.development.js:16708:7)
      at setIsSubmitting (src/hooks/useContactForm.ts:179:17)

    console.error
      Submit error: ReferenceError: fetch is not defined
          at /Users/ppmtrue/Documents/GitHub/SelenIT-Digital-Agency/src/components/ContactForm.tsx:46:30
          at /Users/ppmtrue/Documents/GitHub/SelenIT-Digital-Agency/src/hooks/useContactForm.ts:164:17

      168 |                 window.scrollTo({ top: 0, behavior: 'smooth' });
      169 |             } catch (error) {
    > 170 |                 console.error('Submit error:', error);
          |                         ^
      171 |                 setSubmitError(
      172 |                     lang === 'ru'
      173 |                         ? 'Ошибка отправки. Попробуйте позже.'

      at error (src/hooks/useContactForm.ts:170:25)

    console.error
      Warning: An update to ContactForm inside a test was not wrapped in act(...).
      
      When testing, code that causes React state updates should be wrapped into act(...):
      
      act(() => {
        /* fire events that update state */
      });
      /* assert on the output */
      
      This ensures that you're testing the behavior the user would see in the browser. Learn more at https://reactjs.org/link/wrap-tests-with-act
          at lang (/Users/ppmtrue/Documents/GitHub/SelenIT-Digital-Agency/src/components/ContactForm.tsx:23:39)
          at children (/Users/ppmtrue/Documents/GitHub/SelenIT-Digital-Agency/src/components/providers/CookieConsentProvider.tsx:18:41)
          at children (/Users/ppmtrue/Documents/GitHub/SelenIT-Digital-Agency/src/__tests__/utils/test-utils.tsx:7:28)

      49 |
      50 |     const setSubmitError = useCallback((error: string | null) => {
    > 51 |         setSubmitErrorState(error);
         |         ^
      52 |     }, []);
      53 |
      54 |     const validate = useCallback((): boolean => {

      at printWarning (node_modules/react-dom/cjs/react-dom.development.js:86:30)
      at error (node_modules/react-dom/cjs/react-dom.development.js:60:7)
      at warnIfUpdatesNotWrappedWithActDEV (node_modules/react-dom/cjs/react-dom.development.js:27628:9)
      at scheduleUpdateOnFiber (node_modules/react-dom/cjs/react-dom.development.js:25547:5)
      at dispatchSetState (node_modules/react-dom/cjs/react-dom.development.js:16708:7)
      at setSubmitErrorState (src/hooks/useContactForm.ts:51:9)
      at setSubmitError (src/hooks/useContactForm.ts:171:17)

    console.error
      Warning: An update to ContactForm inside a test was not wrapped in act(...).
      
      When testing, code that causes React state updates should be wrapped into act(...):
      
      act(() => {
        /* fire events that update state */
      });
      /* assert on the output */
      
      This ensures that you're testing the behavior the user would see in the browser. Learn more at https://reactjs.org/link/wrap-tests-with-act
          at lang (/Users/ppmtrue/Documents/GitHub/SelenIT-Digital-Agency/src/components/ContactForm.tsx:23:39)
          at children (/Users/ppmtrue/Documents/GitHub/SelenIT-Digital-Agency/src/components/providers/CookieConsentProvider.tsx:18:41)
          at children (/Users/ppmtrue/Documents/GitHub/SelenIT-Digital-Agency/src/__tests__/utils/test-utils.tsx:7:28)

      177 |                 );
      178 |             } finally {
    > 179 |                 setIsSubmitting(false);
          |                 ^
      180 |             }
      181 |         },
      182 |         [formState, validate, onSubmit, resetForm, lang, setSubmitError],

      at printWarning (node_modules/react-dom/cjs/react-dom.development.js:86:30)
      at error (node_modules/react-dom/cjs/react-dom.development.js:60:7)
      at warnIfUpdatesNotWrappedWithActDEV (node_modules/react-dom/cjs/react-dom.development.js:27628:9)
      at scheduleUpdateOnFiber (node_modules/react-dom/cjs/react-dom.development.js:25547:5)
      at dispatchSetState (node_modules/react-dom/cjs/react-dom.development.js:16708:7)
      at setIsSubmitting (src/hooks/useContactForm.ts:179:17)

  ● ContactForm - Accessibility (a11y) › Form Structure Accessibility › has proper labels for all form fields

    TestingLibraryElementError: Unable to find a label with the text of: /Phone/i

    Ignored nodes: comments, script, style
    [36m<body>[39m
      [36m<div>[39m
        [36m<div[39m
          [33mclass[39m=[32m"contact-form p-4 sm:p-6 lg:p-10 shadow-2xl relative overflow-hidden group/card transition-all duration-500 overflow-x-hidden"[39m
        [36m>[39m
          [36m<div[39m
            [33mclass[39m=[32m"space-y-8 relative z-10"[39m
          [36m>[39m
            [36m<div[39m
              [33mclass[39m=[32m"flex p-1 bg-slate-200/50 dark:bg-dark-950/40 backdrop-blur-sm rounded-2xl w-full max-w-md mx-auto relative border border-slate-300/30 dark:border-white/5"[39m
            [36m>[39m
              [36m<div[39m
                [33mclass[39m=[32m"absolute top-1 bottom-1 rounded-xl bg-white dark:bg-dark-800 shadow-md border border-slate-200/50 dark:border-white/5"[39m
                [33mstyle[39m=[32m"width: calc(50% - 4px);"[39m
              [36m/>[39m
              [36m<button[39m
                [33mclass[39m=[32m"relative flex-1 py-2.5 text-xs sm:text-sm font-bold rounded-xl transition-all duration-300 z-10 text-primary-600 dark:text-primary-400"[39m
                [33mtype[39m=[32m"button"[39m
              [36m>[39m
                [0mSend a message[0m
              [36m</button>[39m
              [36m<button[39m
                [33mclass[39m=[32m"relative flex-1 py-2.5 text-xs sm:text-sm font-bold rounded-xl transition-all duration-300 z-10 text-slate-500 dark:text-dark-500 hover:text-slate-700 dark:hover:text-dark-300"[39m
                [33mtype[39m=[32m"button"[39m
              [36m>[39m
                [0mRequest a callback[0m
              [36m</button>[39m
            [36m</div>[39m
            [36m<form[39m
              [33maria-live[39m=[32m"polite"[39m
              [33mclass[39m=[32m"form-grid grid grid-cols-1 md:grid-cols-2 gap-x-4 sm:gap-x-6 gap-y-4 sm:gap-y-6"[39m
              [33mnovalidate[39m=[32m""[39m
            [36m>[39m
              [36m<div[39m
                [33maria-hidden[39m=[32m"true"[39m
                [33mclass[39m=[32m"hidden"[39m
              [36m>[39m
                [36m<input[39m
                  [33mautocomplete[39m=[32m"off"[39m
                  [33mname[39m=[32m"website"[39m
                  [33mreadonly[39m=[32m""[39m
                  [33mtabindex[39m=[32m"-1"[39m
                  [33mtype[39m=[32m"text"[39m
                  [33mvalue[39m=[32m""[39m
                [36m/>[39m
              [36m</div>[39m
              [36m<div[39m
                [33mclass[39m=[32m"col-span-1 md:col-span-2 grid grid-cols-1 md:grid-cols-2 gap-x-6 gap-y-7"[39m
              [36m>[39m
                [36m<div[39m
                  [33mclass[39m=[32m"group/input "[39m
                [36m>[39m
                  [36m<label[39m
                    [33mclass[39m=[32m"block text-xs font-bold text-slate-500 dark:text-dark-500 uppercase tracking-[0.15em] mb-2.5 transition-colors group-focus-within/input:text-primary-500"[39m
                    [33mfor[39m=[32m"name"[39m
                  [36m>[39m
                    [0mFull Name[0m
                    [36m<span[39m
                      [33mclass[39m=[32m"text-red-500"[39m
                    [36m>[39m
                      [0m *[0m
                    [36m</span>[39m
                  [36m</label>[39m
                  [36m<input[39m
                    [33mclass[39m=[32m"w-full px-5 py-3.5 rounded-2xl bg-white/50 dark:bg-dark-900/40 border backdrop-blur-md transition-all outline-none border-slate-200 dark:border-white/10 text-slate-900 dark:text-white focus:border-primary-500/50 dark:focus:border-primary-500/50 shadow-sm "[39m
                    [33mid[39m=[32m"name"[39m
                    [33mname[39m=[32m"name"[39m
                    [33mplaceholder[39m=[32m"Jane Doe"[39m
                    [33mvalue[39m=[32m""[39m
                  [36m/>[39m
                [36m</div>[39m
                [36m<div[39m
                  [33mclass[39m=[32m"group/input "[39m
                [36m>[39m
                  [36m<label[39m
                    [33mclass[39m=[32m"block text-xs font-bold text-slate-500 dark:text-dark-500 uppercase tracking-[0.15em] mb-2.5 transition-colors group-focus-within/input:text-primary-500"[39m
                    [33mfor[39m=[32m"email"[39m
                  [36m>[39m
                    [0mEmail[0m
                    [36m<span[39m
                      [33mclass[39m=[32m"text-red-500"[39m
                    [36m>[39m
                      [0m *[0m
                    [36m</span>[39m
                  [36m</label>[39m
                  [36m<input[39m
                    [33mclass[39m=[32m"w-full px-5 py-3.5 rounded-2xl bg-white/50 dark:bg-dark-900/40 border backdrop-blur-md transition-all outline-none border-slate-200 dark:border-white/10 text-slate-900 dark:text-white focus:border-primary-500/50 dark:focus:border-primary-500/50 shadow-sm "[39m
                    [33mid[39m=[32m"email"[39m
                    [33mname[39m=[32m"email"[39m
                    [33mplaceholder[39m=[32m"jane@company.com"[39m
                    [33mtype[39m=[32m"email"[39m
                    [33mvalue[39m=[32m""[39m
                  [36m/>[39m
                [36m</div>[39m
                [36m<div[39m
                  [33mclass[39m=[32m"group/input "[39m
                [36m>[39m
                  [36m<label[39m
                    [33mclass[39m=[32m"block text-xs font-bold text-slate-500 dark:text-dark-500 uppercase tracking-[0.15em] mb-2.5 transition-colors group-focus-within/input:text-primary-500"[39m
                    [33mfor[39m=[32m"company"[39m
                  [36m>[39m
                    [0mCompany[0m
                  [36m</label>[39m
                  [36m<input[39m
                    [33mclass[39m=[32m"w-full px-5 py-3.5 rounded-2xl bg-white/50 dark:bg-dark-900/40 border backdrop-blur-md transition-all outline-none border-slate-200 dark:border-white/10 text-slate-900 dark:text-white focus:border-primary-500/50 dark:focus:border-primary-500/50 shadow-sm "[39m
                    [33mid[39m=[32m"company"[39m
                    [33mname[39m=[32m"company"[39m
                    [33mplaceholder[39m=[32m"Your company name"[39m
                    [33mvalue[39m=[32m""[39m
                  [36m/>[39m
                [36m</div>[39m
                [36m<div[39m
                  [33mclass[39m=[32m"group/input "[39m
                [36m>[39m
                  [36m<label[39m
                    [33mclass[39m=[32m"block text-xs font-bold text-slate-500 dark:text-dark-500 uppercase tracking-[0.15em] mb-2.5 transition-colors group-focus-within/input:text-primary-500"[39m
                    [33mfor[39m=[32m"service"[39m
                  [36m>[39m
                    [0mService[0m
                    [36m<span[39m
                      [33mclass[39m=[32m"text-red-500"[39m
                    [36m>[39m
                      [0m *[0m
                    [36m</span>[39m
                  [36m</label>[39m
                  [36m<div[39m
                    [33mclass[39m=[32m"relative"[39m
                  [36m>[39m
                    [36m<select[39m
                      [33mclass[39m=[32m"w-full min-w-[200px] px-4 py-3 rounded-xl bg-wh...

      22 |             expect(document.querySelector('[name="name"]')).toBeInTheDocument();
      23 |             expect(screen.getByLabelText(/Email/i)).toBeInTheDocument();
    > 24 |             expect(screen.getByLabelText(/Phone/i)).toBeInTheDocument();
         |                           ^
      25 |             expect(screen.getByLabelText(/Company/i)).toBeInTheDocument();
      26 |             expect(screen.getByLabelText(/Service/i)).toBeInTheDocument();
      27 |             expect(screen.getByLabelText(/Budget/i)).toBeInTheDocument();

      at Object.getElementError (node_modules/@testing-library/dom/dist/config.js:37:19)
      at getAllByLabelText (node_modules/@testing-library/dom/dist/queries/label-text.js:111:38)
      at node_modules/@testing-library/dom/dist/query-helpers.js:52:17
      at node_modules/@testing-library/dom/dist/query-helpers.js:95:19
      at Object.getByLabelText (src/__tests__/components/ContactForm.accessibility.test.tsx:24:27)

  ● ContactForm - Accessibility (a11y) › Form Structure Accessibility › has proper ARIA attributes

    expect(element).toHaveAttribute("aria-hidden", "true") // element.getAttribute("aria-hidden") === "true"

    Expected the element to have attribute:
      aria-hidden="true"
    Received:
      null

      54 |             // Check for ARIA attributes on form elements
      55 |             const honeypotField = document.querySelector('input[name="website"]')!;
    > 56 |             expect(honeypotField).toHaveAttribute('aria-hidden', 'true');
         |                                   ^
      57 |             expect(honeypotField).toHaveAttribute('tabindex', '-1');
      58 |         });
      59 |     });

      at Object.toHaveAttribute (src/__tests__/components/ContactForm.accessibility.test.tsx:56:35)

  ● ContactForm - Accessibility (a11y) › Screen Reader Support › has descriptive text for form fields

    TestingLibraryElementError: Unable to find an element with the text: /Full Name \*/. This could be because the text is broken up by multiple elements. In this case, you can provide a function for your text matcher to make your matcher more flexible.

    Ignored nodes: comments, script, style
    [36m<body>[39m
      [36m<div>[39m
        [36m<div[39m
          [33mclass[39m=[32m"contact-form p-4 sm:p-6 lg:p-10 shadow-2xl relative overflow-hidden group/card transition-all duration-500 overflow-x-hidden"[39m
        [36m>[39m
          [36m<div[39m
            [33mclass[39m=[32m"space-y-8 relative z-10"[39m
          [36m>[39m
            [36m<div[39m
              [33mclass[39m=[32m"flex p-1 bg-slate-200/50 dark:bg-dark-950/40 backdrop-blur-sm rounded-2xl w-full max-w-md mx-auto relative border border-slate-300/30 dark:border-white/5"[39m
            [36m>[39m
              [36m<div[39m
                [33mclass[39m=[32m"absolute top-1 bottom-1 rounded-xl bg-white dark:bg-dark-800 shadow-md border border-slate-200/50 dark:border-white/5"[39m
                [33mstyle[39m=[32m"width: calc(50% - 4px);"[39m
              [36m/>[39m
              [36m<button[39m
                [33mclass[39m=[32m"relative flex-1 py-2.5 text-xs sm:text-sm font-bold rounded-xl transition-all duration-300 z-10 text-primary-600 dark:text-primary-400"[39m
                [33mtype[39m=[32m"button"[39m
              [36m>[39m
                [0mSend a message[0m
              [36m</button>[39m
              [36m<button[39m
                [33mclass[39m=[32m"relative flex-1 py-2.5 text-xs sm:text-sm font-bold rounded-xl transition-all duration-300 z-10 text-slate-500 dark:text-dark-500 hover:text-slate-700 dark:hover:text-dark-300"[39m
                [33mtype[39m=[32m"button"[39m
              [36m>[39m
                [0mRequest a callback[0m
              [36m</button>[39m
            [36m</div>[39m
            [36m<form[39m
              [33maria-live[39m=[32m"polite"[39m
              [33mclass[39m=[32m"form-grid grid grid-cols-1 md:grid-cols-2 gap-x-4 sm:gap-x-6 gap-y-4 sm:gap-y-6"[39m
              [33mnovalidate[39m=[32m""[39m
            [36m>[39m
              [36m<div[39m
                [33maria-hidden[39m=[32m"true"[39m
                [33mclass[39m=[32m"hidden"[39m
              [36m>[39m
                [36m<input[39m
                  [33mautocomplete[39m=[32m"off"[39m
                  [33mname[39m=[32m"website"[39m
                  [33mreadonly[39m=[32m""[39m
                  [33mtabindex[39m=[32m"-1"[39m
                  [33mtype[39m=[32m"text"[39m
                  [33mvalue[39m=[32m""[39m
                [36m/>[39m
              [36m</div>[39m
              [36m<div[39m
                [33mclass[39m=[32m"col-span-1 md:col-span-2 grid grid-cols-1 md:grid-cols-2 gap-x-6 gap-y-7"[39m
              [36m>[39m
                [36m<div[39m
                  [33mclass[39m=[32m"group/input "[39m
                [36m>[39m
                  [36m<label[39m
                    [33mclass[39m=[32m"block text-xs font-bold text-slate-500 dark:text-dark-500 uppercase tracking-[0.15em] mb-2.5 transition-colors group-focus-within/input:text-primary-500"[39m
                    [33mfor[39m=[32m"name"[39m
                  [36m>[39m
                    [0mFull Name[0m
                    [36m<span[39m
                      [33mclass[39m=[32m"text-red-500"[39m
                    [36m>[39m
                      [0m *[0m
                    [36m</span>[39m
                  [36m</label>[39m
                  [36m<input[39m
                    [33mclass[39m=[32m"w-full px-5 py-3.5 rounded-2xl bg-white/50 dark:bg-dark-900/40 border backdrop-blur-md transition-all outline-none border-slate-200 dark:border-white/10 text-slate-900 dark:text-white focus:border-primary-500/50 dark:focus:border-primary-500/50 shadow-sm "[39m
                    [33mid[39m=[32m"name"[39m
                    [33mname[39m=[32m"name"[39m
                    [33mplaceholder[39m=[32m"Jane Doe"[39m
                    [33mvalue[39m=[32m""[39m
                  [36m/>[39m
                [36m</div>[39m
                [36m<div[39m
                  [33mclass[39m=[32m"group/input "[39m
                [36m>[39m
                  [36m<label[39m
                    [33mclass[39m=[32m"block text-xs font-bold text-slate-500 dark:text-dark-500 uppercase tracking-[0.15em] mb-2.5 transition-colors group-focus-within/input:text-primary-500"[39m
                    [33mfor[39m=[32m"email"[39m
                  [36m>[39m
                    [0mEmail[0m
                    [36m<span[39m
                      [33mclass[39m=[32m"text-red-500"[39m
                    [36m>[39m
                      [0m *[0m
                    [36m</span>[39m
                  [36m</label>[39m
                  [36m<input[39m
                    [33mclass[39m=[32m"w-full px-5 py-3.5 rounded-2xl bg-white/50 dark:bg-dark-900/40 border backdrop-blur-md transition-all outline-none border-slate-200 dark:border-white/10 text-slate-900 dark:text-white focus:border-primary-500/50 dark:focus:border-primary-500/50 shadow-sm "[39m
                    [33mid[39m=[32m"email"[39m
                    [33mname[39m=[32m"email"[39m
                    [33mplaceholder[39m=[32m"jane@company.com"[39m
                    [33mtype[39m=[32m"email"[39m
                    [33mvalue[39m=[32m""[39m
                  [36m/>[39m
                [36m</div>[39m
                [36m<div[39m
                  [33mclass[39m=[32m"group/input "[39m
                [36m>[39m
                  [36m<label[39m
                    [33mclass[39m=[32m"block text-xs font-bold text-slate-500 dark:text-dark-500 uppercase tracking-[0.15em] mb-2.5 transition-colors group-focus-within/input:text-primary-500"[39m
                    [33mfor[39m=[32m"company"[39m
                  [36m>[39m
                    [0mCompany[0m
                  [36m</label>[39m
                  [36m<input[39m
                    [33mclass[39m=[32m"w-full px-5 py-3.5 rounded-2xl bg-white/50 dark:bg-dark-900/40 border backdrop-blur-md transition-all outline-none border-slate-200 dark:border-white/10 text-slate-900 dark:text-white focus:border-primary-500/50 dark:focus:border-primary-500/50 shadow-sm "[39m
                    [33mid[39m=[32m"company"[39m
                    [33mname[39m=[32m"company"[39m
                    [33mplaceholder[39m=[32m"Your company name"[39m
                    [33mvalue[39m=[32m""[39m
                  [36m/>[39m
                [36m</div>[39m
                [36m<div[39m
                  [33mclass[39m=[32m"group/input "[39m
                [36m>[39m
                  [36m<label[39m
                    [33mclass[39m=[32m"block text-xs font-bold text-slate-500 dark:text-dark-500 uppercase tracking-[0.15em] mb-2.5 transition-colors group-focus-within/input:text-primary-500"[39m
                    [33mfor[39m=[32m"service"[39m
                  [36m>[39m
                    [0mService[0m
                    [36m<span[39m
                      [33mclass[39m=[32m"text-red-500"[39m
                    [36m>[39m
                      [0m *[0m
                    [36m</span>[39m
                  [36m</label>[39m
                  [36m<div[39m
                    [33mclass[39m=[32m"relative"[39m
                  [36m>[39m
                    [36m<select[39m
                      [33mclass[39m=[32m"w-full min-w-[200px] px-4 py-3 rounded-xl bg-wh...

       97 |             render(<ContactForm lang="en" dict={mockContactFormDict} />);
       98 |
    >  99 |             expect(screen.getByText(/Full Name \*/)).toBeInTheDocument();
          |                           ^
      100 |             expect(screen.getByText(/Email \*/)).toBeInTheDocument();
      101 |             expect(screen.getByText(/Service \*/)).toBeInTheDocument();
      102 |             expect(screen.getByText(/Project Details \*/)).toBeInTheDocument();

      at Object.getElementError (node_modules/@testing-library/dom/dist/config.js:37:19)
      at node_modules/@testing-library/dom/dist/query-helpers.js:76:38
      at node_modules/@testing-library/dom/dist/query-helpers.js:52:17
      at node_modules/@testing-library/dom/dist/query-helpers.js:95:19
      at Object.getByText (src/__tests__/components/ContactForm.accessibility.test.tsx:99:27)

  ● ContactForm - Accessibility (a11y) › Screen Reader Support › has proper error announcements

    expect(received).toBeGreaterThan(expected)

    Expected: > 0
    Received:   0

      114 |             // Check for error messages (they should be in the DOM)
      115 |             const errorElements = container.querySelectorAll('[data-testid="field-error"]');
    > 116 |             expect(errorElements.length).toBeGreaterThan(0);
          |                                          ^
      117 |         });
      118 |
      119 |         it('has proper success message announcements', async () => {

      at Object.toBeGreaterThan (src/__tests__/components/ContactForm.accessibility.test.tsx:116:42)

  ● ContactForm - Accessibility (a11y) › Screen Reader Support › has proper success message announcements

    expect(received).toBeInTheDocument()

    received value must be an HTMLElement or an SVGElement.
    Received has value: null

      142 |             // Check for success message
      143 |             const successElement = container.querySelector('[data-testid="success-message"]');
    > 144 |             expect(successElement).toBeInTheDocument();
          |                                    ^
      145 |         });
      146 |
      147 |         it('has proper loading state announcements', () => {

      at __EXTERNAL_MATCHER_TRAP__ (node_modules/expect/build/index.js:2240:22)
      at Object.throwingMatcher [as toBeInTheDocument] (node_modules/expect/build/index.js:2241:6)
      at Object.toBeInTheDocument (src/__tests__/components/ContactForm.accessibility.test.tsx:144:36)

  ● ContactForm - Accessibility (a11y) › Visual Accessibility › has proper focus indicators

    expect(element).toHaveClass("focus:ring-4 focus:ring-primary-500/10")

    Expected the element to have class:
      focus:ring-4 focus:ring-primary-500/10
    Received:
      w-full px-5 py-3.5 rounded-2xl bg-white/50 dark:bg-dark-900/40 border backdrop-blur-md transition-all outline-none border-slate-200 dark:border-white/10 text-slate-900 dark:text-white focus:border-primary-500/50 dark:focus:border-primary-500/50 shadow-sm

      173 |
      174 |             // Check for focus classes
    > 175 |             expect(nameInput).toHaveClass('focus:ring-4', 'focus:ring-primary-500/10');
          |                               ^
      176 |         });
      177 |
      178 |         it('has proper error state styling', async () => {

      at Object.toHaveClass (src/__tests__/components/ContactForm.accessibility.test.tsx:175:31)

  ● ContactForm - Accessibility (a11y) › Visual Accessibility › has proper error state styling

    expect(received).toBeGreaterThan(expected)

    Expected: > 0
    Received:   0

      187 |             // Check for error styling
      188 |             const errorElements = container.querySelectorAll('[data-testid="field-error"]');
    > 189 |             expect(errorElements.length).toBeGreaterThan(0);
          |                                          ^
      190 |         });
      191 |     });
      192 |

      at Object.toBeGreaterThan (src/__tests__/components/ContactForm.accessibility.test.tsx:189:42)

  ● ContactForm - Accessibility (a11y) › Cognitive Accessibility › has clear instructions and feedback

    TestingLibraryElementError: Unable to find an element with the text: /Full Name \*/. This could be because the text is broken up by multiple elements. In this case, you can provide a function for your text matcher to make your matcher more flexible.

    Ignored nodes: comments, script, style
    [36m<body>[39m
      [36m<div>[39m
        [36m<div[39m
          [33mclass[39m=[32m"contact-form p-4 sm:p-6 lg:p-10 shadow-2xl relative overflow-hidden group/card transition-all duration-500 overflow-x-hidden"[39m
        [36m>[39m
          [36m<div[39m
            [33mclass[39m=[32m"space-y-8 relative z-10"[39m
          [36m>[39m
            [36m<div[39m
              [33mclass[39m=[32m"flex p-1 bg-slate-200/50 dark:bg-dark-950/40 backdrop-blur-sm rounded-2xl w-full max-w-md mx-auto relative border border-slate-300/30 dark:border-white/5"[39m
            [36m>[39m
              [36m<div[39m
                [33mclass[39m=[32m"absolute top-1 bottom-1 rounded-xl bg-white dark:bg-dark-800 shadow-md border border-slate-200/50 dark:border-white/5"[39m
                [33mstyle[39m=[32m"width: calc(50% - 4px);"[39m
              [36m/>[39m
              [36m<button[39m
                [33mclass[39m=[32m"relative flex-1 py-2.5 text-xs sm:text-sm font-bold rounded-xl transition-all duration-300 z-10 text-primary-600 dark:text-primary-400"[39m
                [33mtype[39m=[32m"button"[39m
              [36m>[39m
                [0mSend a message[0m
              [36m</button>[39m
              [36m<button[39m
                [33mclass[39m=[32m"relative flex-1 py-2.5 text-xs sm:text-sm font-bold rounded-xl transition-all duration-300 z-10 text-slate-500 dark:text-dark-500 hover:text-slate-700 dark:hover:text-dark-300"[39m
                [33mtype[39m=[32m"button"[39m
              [36m>[39m
                [0mRequest a callback[0m
              [36m</button>[39m
            [36m</div>[39m
            [36m<form[39m
              [33maria-live[39m=[32m"polite"[39m
              [33mclass[39m=[32m"form-grid grid grid-cols-1 md:grid-cols-2 gap-x-4 sm:gap-x-6 gap-y-4 sm:gap-y-6"[39m
              [33mnovalidate[39m=[32m""[39m
            [36m>[39m
              [36m<div[39m
                [33maria-hidden[39m=[32m"true"[39m
                [33mclass[39m=[32m"hidden"[39m
              [36m>[39m
                [36m<input[39m
                  [33mautocomplete[39m=[32m"off"[39m
                  [33mname[39m=[32m"website"[39m
                  [33mreadonly[39m=[32m""[39m
                  [33mtabindex[39m=[32m"-1"[39m
                  [33mtype[39m=[32m"text"[39m
                  [33mvalue[39m=[32m""[39m
                [36m/>[39m
              [36m</div>[39m
              [36m<div[39m
                [33mclass[39m=[32m"col-span-1 md:col-span-2 grid grid-cols-1 md:grid-cols-2 gap-x-6 gap-y-7"[39m
              [36m>[39m
                [36m<div[39m
                  [33mclass[39m=[32m"group/input "[39m
                [36m>[39m
                  [36m<label[39m
                    [33mclass[39m=[32m"block text-xs font-bold text-slate-500 dark:text-dark-500 uppercase tracking-[0.15em] mb-2.5 transition-colors group-focus-within/input:text-primary-500"[39m
                    [33mfor[39m=[32m"name"[39m
                  [36m>[39m
                    [0mFull Name[0m
                    [36m<span[39m
                      [33mclass[39m=[32m"text-red-500"[39m
                    [36m>[39m
                      [0m *[0m
                    [36m</span>[39m
                  [36m</label>[39m
                  [36m<input[39m
                    [33mclass[39m=[32m"w-full px-5 py-3.5 rounded-2xl bg-white/50 dark:bg-dark-900/40 border backdrop-blur-md transition-all outline-none border-slate-200 dark:border-white/10 text-slate-900 dark:text-white focus:border-primary-500/50 dark:focus:border-primary-500/50 shadow-sm "[39m
                    [33mid[39m=[32m"name"[39m
                    [33mname[39m=[32m"name"[39m
                    [33mplaceholder[39m=[32m"Jane Doe"[39m
                    [33mvalue[39m=[32m""[39m
                  [36m/>[39m
                [36m</div>[39m
                [36m<div[39m
                  [33mclass[39m=[32m"group/input "[39m
                [36m>[39m
                  [36m<label[39m
                    [33mclass[39m=[32m"block text-xs font-bold text-slate-500 dark:text-dark-500 uppercase tracking-[0.15em] mb-2.5 transition-colors group-focus-within/input:text-primary-500"[39m
                    [33mfor[39m=[32m"email"[39m
                  [36m>[39m
                    [0mEmail[0m
                    [36m<span[39m
                      [33mclass[39m=[32m"text-red-500"[39m
                    [36m>[39m
                      [0m *[0m
                    [36m</span>[39m
                  [36m</label>[39m
                  [36m<input[39m
                    [33mclass[39m=[32m"w-full px-5 py-3.5 rounded-2xl bg-white/50 dark:bg-dark-900/40 border backdrop-blur-md transition-all outline-none border-slate-200 dark:border-white/10 text-slate-900 dark:text-white focus:border-primary-500/50 dark:focus:border-primary-500/50 shadow-sm "[39m
                    [33mid[39m=[32m"email"[39m
                    [33mname[39m=[32m"email"[39m
                    [33mplaceholder[39m=[32m"jane@company.com"[39m
                    [33mtype[39m=[32m"email"[39m
                    [33mvalue[39m=[32m""[39m
                  [36m/>[39m
                [36m</div>[39m
                [36m<div[39m
                  [33mclass[39m=[32m"group/input "[39m
                [36m>[39m
                  [36m<label[39m
                    [33mclass[39m=[32m"block text-xs font-bold text-slate-500 dark:text-dark-500 uppercase tracking-[0.15em] mb-2.5 transition-colors group-focus-within/input:text-primary-500"[39m
                    [33mfor[39m=[32m"company"[39m
                  [36m>[39m
                    [0mCompany[0m
                  [36m</label>[39m
                  [36m<input[39m
                    [33mclass[39m=[32m"w-full px-5 py-3.5 rounded-2xl bg-white/50 dark:bg-dark-900/40 border backdrop-blur-md transition-all outline-none border-slate-200 dark:border-white/10 text-slate-900 dark:text-white focus:border-primary-500/50 dark:focus:border-primary-500/50 shadow-sm "[39m
                    [33mid[39m=[32m"company"[39m
                    [33mname[39m=[32m"company"[39m
                    [33mplaceholder[39m=[32m"Your company name"[39m
                    [33mvalue[39m=[32m""[39m
                  [36m/>[39m
                [36m</div>[39m
                [36m<div[39m
                  [33mclass[39m=[32m"group/input "[39m
                [36m>[39m
                  [36m<label[39m
                    [33mclass[39m=[32m"block text-xs font-bold text-slate-500 dark:text-dark-500 uppercase tracking-[0.15em] mb-2.5 transition-colors group-focus-within/input:text-primary-500"[39m
                    [33mfor[39m=[32m"service"[39m
                  [36m>[39m
                    [0mService[0m
                    [36m<span[39m
                      [33mclass[39m=[32m"text-red-500"[39m
                    [36m>[39m
                      [0m *[0m
                    [36m</span>[39m
                  [36m</label>[39m
                  [36m<div[39m
                    [33mclass[39m=[32m"relative"[39m
                  [36m>[39m
                    [36m<select[39m
                      [33mclass[39m=[32m"w-full min-w-[200px] px-4 py-3 rounded-xl bg-wh...

      208 |
      209 |             // Check for clear field labels
    > 210 |             expect(screen.getByText(/Full Name \*/)).toBeInTheDocument();
          |                           ^
      211 |             expect(screen.getByText(/Email \*/)).toBeInTheDocument();
      212 |
      213 |             // Check for clear submit button text

      at Object.getElementError (node_modules/@testing-library/dom/dist/config.js:37:19)
      at node_modules/@testing-library/dom/dist/query-helpers.js:76:38
      at node_modules/@testing-library/dom/dist/query-helpers.js:52:17
      at node_modules/@testing-library/dom/dist/query-helpers.js:95:19
      at Object.getByText (src/__tests__/components/ContactForm.accessibility.test.tsx:210:27)

  ● ContactForm - Accessibility (a11y) › Cognitive Accessibility › has consistent error messaging

    expect(received).toBeGreaterThan(expected)

    Expected: > 0
    Received:   0

      226 |             // Check for consistent error styling
      227 |             const errorElements = container.querySelectorAll('[data-testid="field-error"]');
    > 228 |             expect(errorElements.length).toBeGreaterThan(0);
          |                                          ^
      229 |         });
      230 |
      231 |         it('has proper form completion feedback', async () => {

      at Object.toBeGreaterThan (src/__tests__/components/ContactForm.accessibility.test.tsx:228:42)

  ● ContactForm - Accessibility (a11y) › Cognitive Accessibility › has proper form completion feedback

    expect(received).toBeInTheDocument()

    received value must be an HTMLElement or an SVGElement.
    Received has value: null

      254 |             // Check for clear success feedback
      255 |             const successElement = container.querySelector('[data-testid="success-message"]');
    > 256 |             expect(successElement).toBeInTheDocument();
          |                                    ^
      257 |         });
      258 |     });
      259 |

      at __EXTERNAL_MATCHER_TRAP__ (node_modules/expect/build/index.js:2240:22)
      at Object.throwingMatcher [as toBeInTheDocument] (node_modules/expect/build/index.js:2241:6)
      at Object.toBeInTheDocument (src/__tests__/components/ContactForm.accessibility.test.tsx:256:36)

  ● ContactForm - Accessibility (a11y) › Motor Accessibility › has appropriate click targets

    expect(element).toHaveClass("py-2.5")

    Expected the element to have class:
      py-2.5
    Received:
      btn-primary group/btn relative overflow-hidden w-full max-w-xs mx-auto block

      269 |
      270 |             tabButtons.forEach((button) => {
    > 271 |                 expect(button).toHaveClass('py-2.5');
          |                                ^
      272 |             });
      273 |         });
      274 |

      at toHaveClass (src/__tests__/components/ContactForm.accessibility.test.tsx:271:32)
          at Array.forEach (<anonymous>)
      at Object.forEach (src/__tests__/components/ContactForm.accessibility.test.tsx:270:24)

PASS src/__tests__/components/ui/ServicesDropdown.test.tsx
PASS src/__tests__/components/ThemeToggle.test.tsx
  ● Console

    console.error
      Warning: Unknown event handler property `onHoverStart`. It will be ignored.
          at button
          at children (/Users/ppmtrue/Documents/GitHub/SelenIT-Digital-Agency/src/__tests__/components/ThemeToggle.test.tsx:8:20)
          at useState (/Users/ppmtrue/Documents/GitHub/SelenIT-Digital-Agency/src/components/ui/ThemeToggle.tsx:9:41)

      42 |
      43 |     it('renders theme toggle button', () => {
    > 44 |         render(<ThemeToggle />);
         |               ^
      45 |
      46 |         const button = screen.getByRole('button');
      47 |         expect(button).toBeInTheDocument();

      at printWarning (node_modules/react-dom/cjs/react-dom.development.js:86:30)
      at error (node_modules/react-dom/cjs/react-dom.development.js:60:7)
      at validateProperty$1 (node_modules/react-dom/cjs/react-dom.development.js:3692:9)
      at warnUnknownProperties (node_modules/react-dom/cjs/react-dom.development.js:3803:21)
      at validateProperties$2 (node_modules/react-dom/cjs/react-dom.development.js:3827:3)
      at validatePropertiesInDevelopment (node_modules/react-dom/cjs/react-dom.development.js:9541:5)
      at setInitialProperties (node_modules/react-dom/cjs/react-dom.development.js:9830:5)
      at finalizeInitialChildren (node_modules/react-dom/cjs/react-dom.development.js:10950:3)
      at completeWork (node_modules/react-dom/cjs/react-dom.development.js:22232:17)
      at completeUnitOfWork (node_modules/react-dom/cjs/react-dom.development.js:26632:16)
      at performUnitOfWork (node_modules/react-dom/cjs/react-dom.development.js:26607:5)
      at workLoopSync (node_modules/react-dom/cjs/react-dom.development.js:26505:5)
      at renderRootSync (node_modules/react-dom/cjs/react-dom.development.js:26473:7)
      at performConcurrentWorkOnRoot (node_modules/react-dom/cjs/react-dom.development.js:25777:74)
      at flushActQueue (node_modules/react/cjs/react.development.js:2667:24)
      at act (node_modules/react/cjs/react.development.js:2582:11)
      at node_modules/@testing-library/react/dist/act-compat.js:46:25
      at renderRoot (node_modules/@testing-library/react/dist/pure.js:189:26)
      at render (node_modules/@testing-library/react/dist/pure.js:291:10)
      at Object.<anonymous> (src/__tests__/components/ThemeToggle.test.tsx:44:15)

    console.error
      Warning: Unknown event handler property `onHoverEnd`. It will be ignored.
          at button
          at children (/Users/ppmtrue/Documents/GitHub/SelenIT-Digital-Agency/src/__tests__/components/ThemeToggle.test.tsx:8:20)
          at useState (/Users/ppmtrue/Documents/GitHub/SelenIT-Digital-Agency/src/components/ui/ThemeToggle.tsx:9:41)

      42 |
      43 |     it('renders theme toggle button', () => {
    > 44 |         render(<ThemeToggle />);
         |               ^
      45 |
      46 |         const button = screen.getByRole('button');
      47 |         expect(button).toBeInTheDocument();

      at printWarning (node_modules/react-dom/cjs/react-dom.development.js:86:30)
      at error (node_modules/react-dom/cjs/react-dom.development.js:60:7)
      at validateProperty$1 (node_modules/react-dom/cjs/react-dom.development.js:3692:9)
      at warnUnknownProperties (node_modules/react-dom/cjs/react-dom.development.js:3803:21)
      at validateProperties$2 (node_modules/react-dom/cjs/react-dom.development.js:3827:3)
      at validatePropertiesInDevelopment (node_modules/react-dom/cjs/react-dom.development.js:9541:5)
      at setInitialProperties (node_modules/react-dom/cjs/react-dom.development.js:9830:5)
      at finalizeInitialChildren (node_modules/react-dom/cjs/react-dom.development.js:10950:3)
      at completeWork (node_modules/react-dom/cjs/react-dom.development.js:22232:17)
      at completeUnitOfWork (node_modules/react-dom/cjs/react-dom.development.js:26632:16)
      at performUnitOfWork (node_modules/react-dom/cjs/react-dom.development.js:26607:5)
      at workLoopSync (node_modules/react-dom/cjs/react-dom.development.js:26505:5)
      at renderRootSync (node_modules/react-dom/cjs/react-dom.development.js:26473:7)
      at performConcurrentWorkOnRoot (node_modules/react-dom/cjs/react-dom.development.js:25777:74)
      at flushActQueue (node_modules/react/cjs/react.development.js:2667:24)
      at act (node_modules/react/cjs/react.development.js:2582:11)
      at node_modules/@testing-library/react/dist/act-compat.js:46:25
      at renderRoot (node_modules/@testing-library/react/dist/pure.js:189:26)
      at render (node_modules/@testing-library/react/dist/pure.js:291:10)
      at Object.<anonymous> (src/__tests__/components/ThemeToggle.test.tsx:44:15)

    console.error
      Warning: React does not recognize the `whileHover` prop on a DOM element. If you intentionally want it to appear in the DOM as a custom attribute, spell it as lowercase `whilehover` instead. If you accidentally passed it from a parent component, remove it from the DOM element.
          at button
          at children (/Users/ppmtrue/Documents/GitHub/SelenIT-Digital-Agency/src/__tests__/components/ThemeToggle.test.tsx:8:20)
          at useState (/Users/ppmtrue/Documents/GitHub/SelenIT-Digital-Agency/src/components/ui/ThemeToggle.tsx:9:41)

      42 |
      43 |     it('renders theme toggle button', () => {
    > 44 |         render(<ThemeToggle />);
         |               ^
      45 |
      46 |         const button = screen.getByRole('button');
      47 |         expect(button).toBeInTheDocument();

      at printWarning (node_modules/react-dom/cjs/react-dom.development.js:86:30)
      at error (node_modules/react-dom/cjs/react-dom.development.js:60:7)
      at validateProperty$1 (node_modules/react-dom/cjs/react-dom.development.js:3757:7)
      at warnUnknownProperties (node_modules/react-dom/cjs/react-dom.development.js:3803:21)
      at validateProperties$2 (node_modules/react-dom/cjs/react-dom.development.js:3827:3)
      at validatePropertiesInDevelopment (node_modules/react-dom/cjs/react-dom.development.js:9541:5)
      at setInitialProperties (node_modules/react-dom/cjs/react-dom.development.js:9830:5)
      at finalizeInitialChildren (node_modules/react-dom/cjs/react-dom.development.js:10950:3)
      at completeWork (node_modules/react-dom/cjs/react-dom.development.js:22232:17)
      at completeUnitOfWork (node_modules/react-dom/cjs/react-dom.development.js:26632:16)
      at performUnitOfWork (node_modules/react-dom/cjs/react-dom.development.js:26607:5)
      at workLoopSync (node_modules/react-dom/cjs/react-dom.development.js:26505:5)
      at renderRootSync (node_modules/react-dom/cjs/react-dom.development.js:26473:7)
      at performConcurrentWorkOnRoot (node_modules/react-dom/cjs/react-dom.development.js:25777:74)
      at flushActQueue (node_modules/react/cjs/react.development.js:2667:24)
      at act (node_modules/react/cjs/react.development.js:2582:11)
      at node_modules/@testing-library/react/dist/act-compat.js:46:25
      at renderRoot (node_modules/@testing-library/react/dist/pure.js:189:26)
      at render (node_modules/@testing-library/react/dist/pure.js:291:10)
      at Object.<anonymous> (src/__tests__/components/ThemeToggle.test.tsx:44:15)

    console.error
      Warning: React does not recognize the `whileTap` prop on a DOM element. If you intentionally want it to appear in the DOM as a custom attribute, spell it as lowercase `whiletap` instead. If you accidentally passed it from a parent component, remove it from the DOM element.
          at button
          at children (/Users/ppmtrue/Documents/GitHub/SelenIT-Digital-Agency/src/__tests__/components/ThemeToggle.test.tsx:8:20)
          at useState (/Users/ppmtrue/Documents/GitHub/SelenIT-Digital-Agency/src/components/ui/ThemeToggle.tsx:9:41)

      42 |
      43 |     it('renders theme toggle button', () => {
    > 44 |         render(<ThemeToggle />);
         |               ^
      45 |
      46 |         const button = screen.getByRole('button');
      47 |         expect(button).toBeInTheDocument();

      at printWarning (node_modules/react-dom/cjs/react-dom.development.js:86:30)
      at error (node_modules/react-dom/cjs/react-dom.development.js:60:7)
      at validateProperty$1 (node_modules/react-dom/cjs/react-dom.development.js:3757:7)
      at warnUnknownProperties (node_modules/react-dom/cjs/react-dom.development.js:3803:21)
      at validateProperties$2 (node_modules/react-dom/cjs/react-dom.development.js:3827:3)
      at validatePropertiesInDevelopment (node_modules/react-dom/cjs/react-dom.development.js:9541:5)
      at setInitialProperties (node_modules/react-dom/cjs/react-dom.development.js:9830:5)
      at finalizeInitialChildren (node_modules/react-dom/cjs/react-dom.development.js:10950:3)
      at completeWork (node_modules/react-dom/cjs/react-dom.development.js:22232:17)
      at completeUnitOfWork (node_modules/react-dom/cjs/react-dom.development.js:26632:16)
      at performUnitOfWork (node_modules/react-dom/cjs/react-dom.development.js:26607:5)
      at workLoopSync (node_modules/react-dom/cjs/react-dom.development.js:26505:5)
      at renderRootSync (node_modules/react-dom/cjs/react-dom.development.js:26473:7)
      at performConcurrentWorkOnRoot (node_modules/react-dom/cjs/react-dom.development.js:25777:74)
      at flushActQueue (node_modules/react/cjs/react.development.js:2667:24)
      at act (node_modules/react/cjs/react.development.js:2582:11)
      at node_modules/@testing-library/react/dist/act-compat.js:46:25
      at renderRoot (node_modules/@testing-library/react/dist/pure.js:189:26)
      at render (node_modules/@testing-library/react/dist/pure.js:291:10)
      at Object.<anonymous> (src/__tests__/components/ThemeToggle.test.tsx:44:15)

PASS src/__tests__/providers/CookieConsentProvider.test.tsx
PASS src/__tests__/components/ContactForm.working.test.tsx
  ● Console

    console.error
      Warning: A suspended resource finished loading inside a test, but the event was not wrapped in act(...).
      
      When testing, code that resolves suspended data should be wrapped into act(...):
      
      act(() => {
        /* finish loading suspended data */
      });
      /* assert on the output */
      
      This ensures that you're testing the behavior the user would see in the browser. Learn more at https://reactjs.org/link/wrap-tests-with-act

      at printWarning (node_modules/react-dom/cjs/react-dom.development.js:86:30)
      at error (node_modules/react-dom/cjs/react-dom.development.js:60:7)
      at warnIfSuspenseResolutionNotWrappedWithActDEV (node_modules/react-dom/cjs/react-dom.development.js:27643:7)
      at pingSuspendedRoot (node_modules/react-dom/cjs/react-dom.development.js:27228:3)

    console.error
      Warning: A suspended resource finished loading inside a test, but the event was not wrapped in act(...).
      
      When testing, code that resolves suspended data should be wrapped into act(...):
      
      act(() => {
        /* finish loading suspended data */
      });
      /* assert on the output */
      
      This ensures that you're testing the behavior the user would see in the browser. Learn more at https://reactjs.org/link/wrap-tests-with-act

      at printWarning (node_modules/react-dom/cjs/react-dom.development.js:86:30)
      at error (node_modules/react-dom/cjs/react-dom.development.js:60:7)
      at warnIfSuspenseResolutionNotWrappedWithActDEV (node_modules/react-dom/cjs/react-dom.development.js:27643:7)
      at pingSuspendedRoot (node_modules/react-dom/cjs/react-dom.development.js:27228:3)

PASS src/__tests__/providers/CookieConsentProvider.integration.test.tsx
  ● Console

    console.error
      Error: Uncaught [Error: useCookieConsent must be used within a CookieConsentProvider]
          at <unknown> (src/__tests__/providers/CookieConsentProvider.integration.test.tsx:214:23)
          at Object.toThrow (src/__tests__/providers/CookieConsentProvider.integration.test.tsx:215:16)
          at new Promise (<anonymous>) {
        detail: Error: useCookieConsent must be used within a CookieConsentProvider
            at useCookieConsent (/Users/ppmtrue/Documents/GitHub/SelenIT-Digital-Agency/src/components/providers/CookieConsentProvider.tsx:47:15)
            at InvalidConsumer (/Users/ppmtrue/Documents/GitHub/SelenIT-Digital-Agency/src/__tests__/providers/CookieConsentProvider.integration.test.tsx:208:53)
            at renderWithHooks (/Users/ppmtrue/Documents/GitHub/SelenIT-Digital-Agency/node_modules/react-dom/cjs/react-dom.development.js:15486:18)
            at mountIndeterminateComponent (/Users/ppmtrue/Documents/GitHub/SelenIT-Digital-Agency/node_modules/react-dom/cjs/react-dom.development.js:20103:13)
            at beginWork (/Users/ppmtrue/Documents/GitHub/SelenIT-Digital-Agency/node_modules/react-dom/cjs/react-dom.development.js:21626:16)
            at HTMLUnknownElement.callCallback (/Users/ppmtrue/Documents/GitHub/SelenIT-Digital-Agency/node_modules/react-dom/cjs/react-dom.development.js:4164:14)
            at HTMLUnknownElement.callTheUserObjectsOperation (/Users/ppmtrue/Documents/GitHub/SelenIT-Digital-Agency/node_modules/jsdom/lib/jsdom/living/generated/EventListener.js:26:30)
            at innerInvokeEventListeners (/Users/ppmtrue/Documents/GitHub/SelenIT-Digital-Agency/node_modules/jsdom/lib/jsdom/living/events/EventTarget-impl.js:350:25)
            at invokeEventListeners (/Users/ppmtrue/Documents/GitHub/SelenIT-Digital-Agency/node_modules/jsdom/lib/jsdom/living/events/EventTarget-impl.js:286:3)
            at HTMLUnknownElementImpl._dispatch (/Users/ppmtrue/Documents/GitHub/SelenIT-Digital-Agency/node_modules/jsdom/lib/jsdom/living/events/EventTarget-impl.js:233:9)
            at HTMLUnknownElementImpl.dispatchEvent (/Users/ppmtrue/Documents/GitHub/SelenIT-Digital-Agency/node_modules/jsdom/lib/jsdom/living/events/EventTarget-impl.js:104:17)
            at HTMLUnknownElement.dispatchEvent (/Users/ppmtrue/Documents/GitHub/SelenIT-Digital-Agency/node_modules/jsdom/lib/jsdom/living/generated/EventTarget.js:241:34)
            at Object.invokeGuardedCallbackDev (/Users/ppmtrue/Documents/GitHub/SelenIT-Digital-Agency/node_modules/react-dom/cjs/react-dom.development.js:4213:16)
            at invokeGuardedCallback (/Users/ppmtrue/Documents/GitHub/SelenIT-Digital-Agency/node_modules/react-dom/cjs/react-dom.development.js:4277:31)
            at beginWork$1 (/Users/ppmtrue/Documents/GitHub/SelenIT-Digital-Agency/node_modules/react-dom/cjs/react-dom.development.js:27490:7)
            at performUnitOfWork (/Users/ppmtrue/Documents/GitHub/SelenIT-Digital-Agency/node_modules/react-dom/cjs/react-dom.development.js:26599:12)
            at workLoopSync (/Users/ppmtrue/Documents/GitHub/SelenIT-Digital-Agency/node_modules/react-dom/cjs/react-dom.development.js:26505:5)
            at renderRootSync (/Users/ppmtrue/Documents/GitHub/SelenIT-Digital-Agency/node_modules/react-dom/cjs/react-dom.development.js:26473:7)
            at performConcurrentWorkOnRoot (/Users/ppmtrue/Documents/GitHub/SelenIT-Digital-Agency/node_modules/react-dom/cjs/react-dom.development.js:25777:74)
            at flushActQueue (/Users/ppmtrue/Documents/GitHub/SelenIT-Digital-Agency/node_modules/react/cjs/react.development.js:2667:24)
            at act (/Users/ppmtrue/Documents/GitHub/SelenIT-Digital-Agency/node_modules/react/cjs/react.development.js:2582:11)
            at /Users/ppmtrue/Documents/GitHub/SelenIT-Digital-Agency/node_modules/@testing-library/react/dist/act-compat.js:46:25
            at renderRoot (/Users/ppmtrue/Documents/GitHub/SelenIT-Digital-Agency/node_modules/@testing-library/react/dist/pure.js:189:26)
            at render (/Users/ppmtrue/Documents/GitHub/SelenIT-Digital-Agency/node_modules/@testing-library/react/dist/pure.js:291:10)
            at /Users/ppmtrue/Documents/GitHub/SelenIT-Digital-Agency/src/__tests__/providers/CookieConsentProvider.integration.test.tsx:214:23
            at Object.<anonymous> (/Users/ppmtrue/Documents/GitHub/SelenIT-Digital-Agency/node_modules/expect/build/index.js:1824:9)
            at Object.throwingMatcher [as toThrow] (/Users/ppmtrue/Documents/GitHub/SelenIT-Digital-Agency/node_modules/expect/build/index.js:2235:93)
            at Object.toThrow (/Users/ppmtrue/Documents/GitHub/SelenIT-Digital-Agency/src/__tests__/providers/CookieConsentProvider.integration.test.tsx:215:16)
            at Promise.finally.completed (/Users/ppmtrue/Documents/GitHub/SelenIT-Digital-Agency/node_modules/jest-circus/build/jestAdapterInit.js:1557:28)
            at new Promise (<anonymous>)
            at callAsyncCircusFn (/Users/ppmtrue/Documents/GitHub/SelenIT-Digital-Agency/node_modules/jest-circus/build/jestAdapterInit.js:1497:10)
            at _callCircusTest (/Users/ppmtrue/Documents/GitHub/SelenIT-Digital-Agency/node_modules/jest-circus/build/jestAdapterInit.js:1007:40)
            at _runTest (/Users/ppmtrue/Documents/GitHub/SelenIT-Digital-Agency/node_modules/jest-circus/build/jestAdapterInit.js:947:3)
            at /Users/ppmtrue/Documents/GitHub/SelenIT-Digital-Agency/node_modules/jest-circus/build/jestAdapterInit.js:849:7
            at _runTestsForDescribeBlock (/Users/ppmtrue/Documents/GitHub/SelenIT-Digital-Agency/node_modules/jest-circus/build/jestAdapterInit.js:862:11)
            at _runTestsForDescribeBlock (/Users/ppmtrue/Documents/GitHub/SelenIT-Digital-Agency/node_modules/jest-circus/build/jestAdapterInit.js:857:11)
            at _runTestsForDescribeBlock (/Users/ppmtrue/Documents/GitHub/SelenIT-Digital-Agency/node_modules/jest-circus/build/jestAdapterInit.js:857:11)
            at run (/Users/ppmtrue/Documents/GitHub/SelenIT-Digital-Agency/node_modules/jest-circus/build/jestAdapterInit.js:761:3)
            at runAndTransformResultsToJestFormat (/Users/ppmtrue/Documents/GitHub/SelenIT-Digital-Agency/node_modules/jest-circus/build/jestAdapterInit.js:1918:21)
            at jestAdapter (/Users/ppmtrue/Documents/GitHub/SelenIT-Digital-Agency/node_modules/jest-circus/build/runner.js:101:19)
            at runTestInternal (/Users/ppmtrue/Documents/GitHub/SelenIT-Digital-Agency/node_modules/jest-runner/build/testWorker.js:275:16)
            at runTest (/Users/ppmtrue/Documents/GitHub/SelenIT-Digital-Agency/node_modules/jest-runner/build/testWorker.js:343:7)
            at Object.worker (/Users/ppmtrue/Documents/GitHub/SelenIT-Digital-Agency/node_modules/jest-runner/build/testWorker.js:497:12),
        type: 'unhandled exception'
      }

      212 |             // Should throw error when used outside provider
      213 |             expect(() => {
    > 214 |                 render(<InvalidConsumer />);
          |                       ^
      215 |             }).toThrow('useCookieConsent must be used within a CookieConsentProvider');
      216 |         });
      217 |     });

      at VirtualConsole.<anonymous> (node_modules/@jest/environment-jsdom-abstract/build/index.js:87:23)
      at reportException (node_modules/jsdom/lib/jsdom/living/helpers/runtime-script-errors.js:70:28)
      at innerInvokeEventListeners (node_modules/jsdom/lib/jsdom/living/events/EventTarget-impl.js:353:9)
      at invokeEventListeners (node_modules/jsdom/lib/jsdom/living/events/EventTarget-impl.js:286:3)
      at HTMLUnknownElementImpl._dispatch (node_modules/jsdom/lib/jsdom/living/events/EventTarget-impl.js:233:9)
      at HTMLUnknownElementImpl.dispatchEvent (node_modules/jsdom/lib/jsdom/living/events/EventTarget-impl.js:104:17)
      at HTMLUnknownElement.dispatchEvent (node_modules/jsdom/lib/jsdom/living/generated/EventTarget.js:241:34)
      at Object.invokeGuardedCallbackDev (node_modules/react-dom/cjs/react-dom.development.js:4213:16)
      at invokeGuardedCallback (node_modules/react-dom/cjs/react-dom.development.js:4277:31)
      at beginWork$1 (node_modules/react-dom/cjs/react-dom.development.js:27490:7)
      at performUnitOfWork (node_modules/react-dom/cjs/react-dom.development.js:26599:12)
      at workLoopSync (node_modules/react-dom/cjs/react-dom.development.js:26505:5)
      at renderRootSync (node_modules/react-dom/cjs/react-dom.development.js:26473:7)
      at performConcurrentWorkOnRoot (node_modules/react-dom/cjs/react-dom.development.js:25777:74)
      at flushActQueue (node_modules/react/cjs/react.development.js:2667:24)
      at act (node_modules/react/cjs/react.development.js:2582:11)
      at node_modules/@testing-library/react/dist/act-compat.js:46:25
      at renderRoot (node_modules/@testing-library/react/dist/pure.js:189:26)
      at render (node_modules/@testing-library/react/dist/pure.js:291:10)
      at src/__tests__/providers/CookieConsentProvider.integration.test.tsx:214:23
      at Object.<anonymous> (node_modules/expect/build/index.js:1824:9)
      at Object.throwingMatcher [as toThrow] (node_modules/expect/build/index.js:2235:93)
      at Object.toThrow (src/__tests__/providers/CookieConsentProvider.integration.test.tsx:215:16)

    console.error
      Error: Uncaught [Error: useCookieConsent must be used within a CookieConsentProvider]
          at <unknown> (src/__tests__/providers/CookieConsentProvider.integration.test.tsx:214:23)
          at Object.toThrow (src/__tests__/providers/CookieConsentProvider.integration.test.tsx:215:16)
          at new Promise (<anonymous>) {
        detail: Error: useCookieConsent must be used within a CookieConsentProvider
            at useCookieConsent (/Users/ppmtrue/Documents/GitHub/SelenIT-Digital-Agency/src/components/providers/CookieConsentProvider.tsx:47:15)
            at InvalidConsumer (/Users/ppmtrue/Documents/GitHub/SelenIT-Digital-Agency/src/__tests__/providers/CookieConsentProvider.integration.test.tsx:208:53)
            at renderWithHooks (/Users/ppmtrue/Documents/GitHub/SelenIT-Digital-Agency/node_modules/react-dom/cjs/react-dom.development.js:15486:18)
            at mountIndeterminateComponent (/Users/ppmtrue/Documents/GitHub/SelenIT-Digital-Agency/node_modules/react-dom/cjs/react-dom.development.js:20103:13)
            at beginWork (/Users/ppmtrue/Documents/GitHub/SelenIT-Digital-Agency/node_modules/react-dom/cjs/react-dom.development.js:21626:16)
            at HTMLUnknownElement.callCallback (/Users/ppmtrue/Documents/GitHub/SelenIT-Digital-Agency/node_modules/react-dom/cjs/react-dom.development.js:4164:14)
            at HTMLUnknownElement.callTheUserObjectsOperation (/Users/ppmtrue/Documents/GitHub/SelenIT-Digital-Agency/node_modules/jsdom/lib/jsdom/living/generated/EventListener.js:26:30)
            at innerInvokeEventListeners (/Users/ppmtrue/Documents/GitHub/SelenIT-Digital-Agency/node_modules/jsdom/lib/jsdom/living/events/EventTarget-impl.js:350:25)
            at invokeEventListeners (/Users/ppmtrue/Documents/GitHub/SelenIT-Digital-Agency/node_modules/jsdom/lib/jsdom/living/events/EventTarget-impl.js:286:3)
            at HTMLUnknownElementImpl._dispatch (/Users/ppmtrue/Documents/GitHub/SelenIT-Digital-Agency/node_modules/jsdom/lib/jsdom/living/events/EventTarget-impl.js:233:9)
            at HTMLUnknownElementImpl.dispatchEvent (/Users/ppmtrue/Documents/GitHub/SelenIT-Digital-Agency/node_modules/jsdom/lib/jsdom/living/events/EventTarget-impl.js:104:17)
            at HTMLUnknownElement.dispatchEvent (/Users/ppmtrue/Documents/GitHub/SelenIT-Digital-Agency/node_modules/jsdom/lib/jsdom/living/generated/EventTarget.js:241:34)
            at Object.invokeGuardedCallbackDev (/Users/ppmtrue/Documents/GitHub/SelenIT-Digital-Agency/node_modules/react-dom/cjs/react-dom.development.js:4213:16)
            at invokeGuardedCallback (/Users/ppmtrue/Documents/GitHub/SelenIT-Digital-Agency/node_modules/react-dom/cjs/react-dom.development.js:4277:31)
            at beginWork$1 (/Users/ppmtrue/Documents/GitHub/SelenIT-Digital-Agency/node_modules/react-dom/cjs/react-dom.development.js:27490:7)
            at performUnitOfWork (/Users/ppmtrue/Documents/GitHub/SelenIT-Digital-Agency/node_modules/react-dom/cjs/react-dom.development.js:26599:12)
            at workLoopSync (/Users/ppmtrue/Documents/GitHub/SelenIT-Digital-Agency/node_modules/react-dom/cjs/react-dom.development.js:26505:5)
            at renderRootSync (/Users/ppmtrue/Documents/GitHub/SelenIT-Digital-Agency/node_modules/react-dom/cjs/react-dom.development.js:26473:7)
            at recoverFromConcurrentError (/Users/ppmtrue/Documents/GitHub/SelenIT-Digital-Agency/node_modules/react-dom/cjs/react-dom.development.js:25889:20)
            at performConcurrentWorkOnRoot (/Users/ppmtrue/Documents/GitHub/SelenIT-Digital-Agency/node_modules/react-dom/cjs/react-dom.development.js:25789:22)
            at flushActQueue (/Users/ppmtrue/Documents/GitHub/SelenIT-Digital-Agency/node_modules/react/cjs/react.development.js:2667:24)
            at act (/Users/ppmtrue/Documents/GitHub/SelenIT-Digital-Agency/node_modules/react/cjs/react.development.js:2582:11)
            at /Users/ppmtrue/Documents/GitHub/SelenIT-Digital-Agency/node_modules/@testing-library/react/dist/act-compat.js:46:25
            at renderRoot (/Users/ppmtrue/Documents/GitHub/SelenIT-Digital-Agency/node_modules/@testing-library/react/dist/pure.js:189:26)
            at render (/Users/ppmtrue/Documents/GitHub/SelenIT-Digital-Agency/node_modules/@testing-library/react/dist/pure.js:291:10)
            at /Users/ppmtrue/Documents/GitHub/SelenIT-Digital-Agency/src/__tests__/providers/CookieConsentProvider.integration.test.tsx:214:23
            at Object.<anonymous> (/Users/ppmtrue/Documents/GitHub/SelenIT-Digital-Agency/node_modules/expect/build/index.js:1824:9)
            at Object.throwingMatcher [as toThrow] (/Users/ppmtrue/Documents/GitHub/SelenIT-Digital-Agency/node_modules/expect/build/index.js:2235:93)
            at Object.toThrow (/Users/ppmtrue/Documents/GitHub/SelenIT-Digital-Agency/src/__tests__/providers/CookieConsentProvider.integration.test.tsx:215:16)
            at Promise.finally.completed (/Users/ppmtrue/Documents/GitHub/SelenIT-Digital-Agency/node_modules/jest-circus/build/jestAdapterInit.js:1557:28)
            at new Promise (<anonymous>)
            at callAsyncCircusFn (/Users/ppmtrue/Documents/GitHub/SelenIT-Digital-Agency/node_modules/jest-circus/build/jestAdapterInit.js:1497:10)
            at _callCircusTest (/Users/ppmtrue/Documents/GitHub/SelenIT-Digital-Agency/node_modules/jest-circus/build/jestAdapterInit.js:1007:40)
            at _runTest (/Users/ppmtrue/Documents/GitHub/SelenIT-Digital-Agency/node_modules/jest-circus/build/jestAdapterInit.js:947:3)
            at /Users/ppmtrue/Documents/GitHub/SelenIT-Digital-Agency/node_modules/jest-circus/build/jestAdapterInit.js:849:7
            at _runTestsForDescribeBlock (/Users/ppmtrue/Documents/GitHub/SelenIT-Digital-Agency/node_modules/jest-circus/build/jestAdapterInit.js:862:11)
            at _runTestsForDescribeBlock (/Users/ppmtrue/Documents/GitHub/SelenIT-Digital-Agency/node_modules/jest-circus/build/jestAdapterInit.js:857:11)
            at _runTestsForDescribeBlock (/Users/ppmtrue/Documents/GitHub/SelenIT-Digital-Agency/node_modules/jest-circus/build/jestAdapterInit.js:857:11)
            at run (/Users/ppmtrue/Documents/GitHub/SelenIT-Digital-Agency/node_modules/jest-circus/build/jestAdapterInit.js:761:3)
            at runAndTransformResultsToJestFormat (/Users/ppmtrue/Documents/GitHub/SelenIT-Digital-Agency/node_modules/jest-circus/build/jestAdapterInit.js:1918:21)
            at jestAdapter (/Users/ppmtrue/Documents/GitHub/SelenIT-Digital-Agency/node_modules/jest-circus/build/runner.js:101:19)
            at runTestInternal (/Users/ppmtrue/Documents/GitHub/SelenIT-Digital-Agency/node_modules/jest-runner/build/testWorker.js:275:16)
            at runTest (/Users/ppmtrue/Documents/GitHub/SelenIT-Digital-Agency/node_modules/jest-runner/build/testWorker.js:343:7)
            at Object.worker (/Users/ppmtrue/Documents/GitHub/SelenIT-Digital-Agency/node_modules/jest-runner/build/testWorker.js:497:12),
        type: 'unhandled exception'
      }

      212 |             // Should throw error when used outside provider
      213 |             expect(() => {
    > 214 |                 render(<InvalidConsumer />);
          |                       ^
      215 |             }).toThrow('useCookieConsent must be used within a CookieConsentProvider');
      216 |         });
      217 |     });

      at VirtualConsole.<anonymous> (node_modules/@jest/environment-jsdom-abstract/build/index.js:87:23)
      at reportException (node_modules/jsdom/lib/jsdom/living/helpers/runtime-script-errors.js:70:28)
      at innerInvokeEventListeners (node_modules/jsdom/lib/jsdom/living/events/EventTarget-impl.js:353:9)
      at invokeEventListeners (node_modules/jsdom/lib/jsdom/living/events/EventTarget-impl.js:286:3)
      at HTMLUnknownElementImpl._dispatch (node_modules/jsdom/lib/jsdom/living/events/EventTarget-impl.js:233:9)
      at HTMLUnknownElementImpl.dispatchEvent (node_modules/jsdom/lib/jsdom/living/events/EventTarget-impl.js:104:17)
      at HTMLUnknownElement.dispatchEvent (node_modules/jsdom/lib/jsdom/living/generated/EventTarget.js:241:34)
      at Object.invokeGuardedCallbackDev (node_modules/react-dom/cjs/react-dom.development.js:4213:16)
      at invokeGuardedCallback (node_modules/react-dom/cjs/react-dom.development.js:4277:31)
      at beginWork$1 (node_modules/react-dom/cjs/react-dom.development.js:27490:7)
      at performUnitOfWork (node_modules/react-dom/cjs/react-dom.development.js:26599:12)
      at workLoopSync (node_modules/react-dom/cjs/react-dom.development.js:26505:5)
      at renderRootSync (node_modules/react-dom/cjs/react-dom.development.js:26473:7)
      at recoverFromConcurrentError (node_modules/react-dom/cjs/react-dom.development.js:25889:20)
      at performConcurrentWorkOnRoot (node_modules/react-dom/cjs/react-dom.development.js:25789:22)
      at flushActQueue (node_modules/react/cjs/react.development.js:2667:24)
      at act (node_modules/react/cjs/react.development.js:2582:11)
      at node_modules/@testing-library/react/dist/act-compat.js:46:25
      at renderRoot (node_modules/@testing-library/react/dist/pure.js:189:26)
      at render (node_modules/@testing-library/react/dist/pure.js:291:10)
      at src/__tests__/providers/CookieConsentProvider.integration.test.tsx:214:23
      at Object.<anonymous> (node_modules/expect/build/index.js:1824:9)
      at Object.throwingMatcher [as toThrow] (node_modules/expect/build/index.js:2235:93)
      at Object.toThrow (src/__tests__/providers/CookieConsentProvider.integration.test.tsx:215:16)

    console.error
      The above error occurred in the <InvalidConsumer> component:
      
          at InvalidConsumer (/Users/ppmtrue/Documents/GitHub/SelenIT-Digital-Agency/src/__tests__/providers/CookieConsentProvider.integration.test.tsx:208:53)
      
      Consider adding an error boundary to your tree to customize error handling behavior.
      Visit https://reactjs.org/link/error-boundaries to learn more about error boundaries.

      212 |             // Should throw error when used outside provider
      213 |             expect(() => {
    > 214 |                 render(<InvalidConsumer />);
          |                       ^
      215 |             }).toThrow('useCookieConsent must be used within a CookieConsentProvider');
      216 |         });
      217 |     });

      at logCapturedError (node_modules/react-dom/cjs/react-dom.development.js:18704:23)
      at update.callback (node_modules/react-dom/cjs/react-dom.development.js:18737:5)
      at callCallback (node_modules/react-dom/cjs/react-dom.development.js:15036:12)
      at commitUpdateQueue (node_modules/react-dom/cjs/react-dom.development.js:15057:9)
      at commitLayoutEffectOnFiber (node_modules/react-dom/cjs/react-dom.development.js:23430:13)
      at commitLayoutMountEffects_complete (node_modules/react-dom/cjs/react-dom.development.js:24727:9)
      at commitLayoutEffects_begin (node_modules/react-dom/cjs/react-dom.development.js:24713:7)
      at commitLayoutEffects (node_modules/react-dom/cjs/react-dom.development.js:24651:3)
      at commitRootImpl (node_modules/react-dom/cjs/react-dom.development.js:26862:5)
      at commitRoot (node_modules/react-dom/cjs/react-dom.development.js:26721:5)
      at finishConcurrentRender (node_modules/react-dom/cjs/react-dom.development.js:25931:9)
      at performConcurrentWorkOnRoot (node_modules/react-dom/cjs/react-dom.development.js:25848:7)
      at flushActQueue (node_modules/react/cjs/react.development.js:2667:24)
      at act (node_modules/react/cjs/react.development.js:2582:11)
      at node_modules/@testing-library/react/dist/act-compat.js:46:25
      at renderRoot (node_modules/@testing-library/react/dist/pure.js:189:26)
      at render (node_modules/@testing-library/react/dist/pure.js:291:10)
      at src/__tests__/providers/CookieConsentProvider.integration.test.tsx:214:23
      at Object.<anonymous> (node_modules/expect/build/index.js:1824:9)
      at Object.throwingMatcher [as toThrow] (node_modules/expect/build/index.js:2235:93)
      at Object.toThrow (src/__tests__/providers/CookieConsentProvider.integration.test.tsx:215:16)

PASS src/__tests__/utils/cookieUtils.working.test.ts
PASS src/__tests__/components/LanguageSwitcher.test.tsx
PASS src/__tests__/components/ui/TabSwitcher.test.tsx
PASS src/__tests__/components/TypeWriter.test.tsx
PASS src/__tests__/components/ContactForm.edge-cases.test.tsx
FAIL src/__tests__/components/ContactForm.test.tsx
  ● Console

    console.error
      Submit error: Error: Server error
          at /Users/ppmtrue/Documents/GitHub/SelenIT-Digital-Agency/src/components/ContactForm.tsx:63:23
          at /Users/ppmtrue/Documents/GitHub/SelenIT-Digital-Agency/src/hooks/useContactForm.ts:164:17

      168 |                 window.scrollTo({ top: 0, behavior: 'smooth' });
      169 |             } catch (error) {
    > 170 |                 console.error('Submit error:', error);
          |                         ^
      171 |                 setSubmitError(
      172 |                     lang === 'ru'
      173 |                         ? 'Ошибка отправки. Попробуйте позже.'

      at error (src/hooks/useContactForm.ts:170:25)

    console.error
      reCAPTCHA error: Error: reCAPTCHA failed
          at Object.<anonymous> (/Users/ppmtrue/Documents/GitHub/SelenIT-Digital-Agency/src/__tests__/components/ContactForm.test.tsx:393:17)
          at Promise.finally.completed (/Users/ppmtrue/Documents/GitHub/SelenIT-Digital-Agency/node_modules/jest-circus/build/jestAdapterInit.js:1557:28)
          at new Promise (<anonymous>)
          at callAsyncCircusFn (/Users/ppmtrue/Documents/GitHub/SelenIT-Digital-Agency/node_modules/jest-circus/build/jestAdapterInit.js:1497:10)
          at _callCircusTest (/Users/ppmtrue/Documents/GitHub/SelenIT-Digital-Agency/node_modules/jest-circus/build/jestAdapterInit.js:1007:40)
          at _runTest (/Users/ppmtrue/Documents/GitHub/SelenIT-Digital-Agency/node_modules/jest-circus/build/jestAdapterInit.js:947:3)
          at /Users/ppmtrue/Documents/GitHub/SelenIT-Digital-Agency/node_modules/jest-circus/build/jestAdapterInit.js:849:7
          at _runTestsForDescribeBlock (/Users/ppmtrue/Documents/GitHub/SelenIT-Digital-Agency/node_modules/jest-circus/build/jestAdapterInit.js:862:11)
          at _runTestsForDescribeBlock (/Users/ppmtrue/Documents/GitHub/SelenIT-Digital-Agency/node_modules/jest-circus/build/jestAdapterInit.js:857:11)
          at _runTestsForDescribeBlock (/Users/ppmtrue/Documents/GitHub/SelenIT-Digital-Agency/node_modules/jest-circus/build/jestAdapterInit.js:857:11)
          at run (/Users/ppmtrue/Documents/GitHub/SelenIT-Digital-Agency/node_modules/jest-circus/build/jestAdapterInit.js:761:3)
          at runAndTransformResultsToJestFormat (/Users/ppmtrue/Documents/GitHub/SelenIT-Digital-Agency/node_modules/jest-circus/build/jestAdapterInit.js:1918:21)
          at jestAdapter (/Users/ppmtrue/Documents/GitHub/SelenIT-Digital-Agency/node_modules/jest-circus/build/runner.js:101:19)
          at runTestInternal (/Users/ppmtrue/Documents/GitHub/SelenIT-Digital-Agency/node_modules/jest-runner/build/testWorker.js:275:16)
          at runTest (/Users/ppmtrue/Documents/GitHub/SelenIT-Digital-Agency/node_modules/jest-runner/build/testWorker.js:343:7)
          at Object.worker (/Users/ppmtrue/Documents/GitHub/SelenIT-Digital-Agency/node_modules/jest-runner/build/testWorker.js:497:12)

      45 |             return token;
      46 |         } catch (error) {
    > 47 |             console.error('reCAPTCHA error:', error);
         |                     ^
      48 |             return null;
      49 |         }
      50 |     }, [recaptchaLoaded]);

      at error (src/hooks/useRecaptcha.ts:47:21)
      at src/components/ContactForm.tsx:31:36
      at src/hooks/useContactForm.ts:164:17

    console.warn
      reCAPTCHA not loaded or blocked. Proceeding with honeypot protection only.

      33 |             // Log warning but proceed if reCAPTCHA is blocked by ad-blocker
      34 |             if (!recaptchaToken) {
    > 35 |                 console.warn(
         |                         ^
      36 |                     'reCAPTCHA not loaded or blocked. Proceeding with honeypot protection only.',
      37 |                 );
      38 |             }

      at warn (src/components/ContactForm.tsx:35:25)
      at src/hooks/useContactForm.ts:164:17

  ● ContactForm › Honeypot field › blocks submission when honeypot is filled

    expect(jest.fn()).not.toHaveBeenCalled()

    Expected number of calls: 0
    Received number of calls: 1

    1: "/api/contact", {"body": "{\"name\":\"John Doe\",\"email\":\"john@example.com\",\"company\":\"\",\"message\":\"Type: Inquiry\\nService: Web Development\\nBudget: Not specified\\n\\nTest message\",\"recaptchaToken\":\"mock-recaptcha-token\"}", "headers": {"Content-Type": "application/json"}, "method": "POST"}

      102 |
      103 |             // Should not call API (honeypot should block submission)
    > 104 |             expect(mockFetch).not.toHaveBeenCalled();
          |                                   ^
      105 |         });
      106 |     });
      107 |

      at Object.toHaveBeenCalled (src/__tests__/components/ContactForm.test.tsx:104:35)

FAIL src/__tests__/components/ContactForm.enhanced.test.tsx (6.15 s)
  ● Console

    console.error
      Warning: A suspended resource finished loading inside a test, but the event was not wrapped in act(...).
      
      When testing, code that resolves suspended data should be wrapped into act(...):
      
      act(() => {
        /* finish loading suspended data */
      });
      /* assert on the output */
      
      This ensures that you're testing the behavior the user would see in the browser. Learn more at https://reactjs.org/link/wrap-tests-with-act

      at printWarning (node_modules/react-dom/cjs/react-dom.development.js:86:30)
      at error (node_modules/react-dom/cjs/react-dom.development.js:60:7)
      at warnIfSuspenseResolutionNotWrappedWithActDEV (node_modules/react-dom/cjs/react-dom.development.js:27643:7)
      at pingSuspendedRoot (node_modules/react-dom/cjs/react-dom.development.js:27228:3)

    console.error
      Warning: A suspended resource finished loading inside a test, but the event was not wrapped in act(...).
      
      When testing, code that resolves suspended data should be wrapped into act(...):
      
      act(() => {
        /* finish loading suspended data */
      });
      /* assert on the output */
      
      This ensures that you're testing the behavior the user would see in the browser. Learn more at https://reactjs.org/link/wrap-tests-with-act

      at printWarning (node_modules/react-dom/cjs/react-dom.development.js:86:30)
      at error (node_modules/react-dom/cjs/react-dom.development.js:60:7)
      at warnIfSuspenseResolutionNotWrappedWithActDEV (node_modules/react-dom/cjs/react-dom.development.js:27643:7)
      at pingSuspendedRoot (node_modules/react-dom/cjs/react-dom.development.js:27228:3)

    console.error
      Submit error: TypeError: Cannot read properties of undefined (reading 'json')
          at json (/Users/ppmtrue/Documents/GitHub/SelenIT-Digital-Agency/src/components/ContactForm.tsx:60:41)
          at /Users/ppmtrue/Documents/GitHub/SelenIT-Digital-Agency/src/hooks/useContactForm.ts:164:17

      168 |                 window.scrollTo({ top: 0, behavior: 'smooth' });
      169 |             } catch (error) {
    > 170 |                 console.error('Submit error:', error);
          |                         ^
      171 |                 setSubmitError(
      172 |                     lang === 'ru'
      173 |                         ? 'Ошибка отправки. Попробуйте позже.'

      at error (src/hooks/useContactForm.ts:170:25)

    console.error
      Submit error: TypeError: Cannot read properties of undefined (reading 'json')
          at json (/Users/ppmtrue/Documents/GitHub/SelenIT-Digital-Agency/src/components/ContactForm.tsx:60:41)
          at /Users/ppmtrue/Documents/GitHub/SelenIT-Digital-Agency/src/hooks/useContactForm.ts:164:17

      168 |                 window.scrollTo({ top: 0, behavior: 'smooth' });
      169 |             } catch (error) {
    > 170 |                 console.error('Submit error:', error);
          |                         ^
      171 |                 setSubmitError(
      172 |                     lang === 'ru'
      173 |                         ? 'Ошибка отправки. Попробуйте позже.'

      at error (src/hooks/useContactForm.ts:170:25)

    console.error
      Submit error: Error: Network error
          at Object.<anonymous> (/Users/ppmtrue/Documents/GitHub/SelenIT-Digital-Agency/src/__tests__/components/ContactForm.enhanced.test.tsx:247:41)
          at Promise.finally.completed (/Users/ppmtrue/Documents/GitHub/SelenIT-Digital-Agency/node_modules/jest-circus/build/jestAdapterInit.js:1557:28)
          at new Promise (<anonymous>)
          at callAsyncCircusFn (/Users/ppmtrue/Documents/GitHub/SelenIT-Digital-Agency/node_modules/jest-circus/build/jestAdapterInit.js:1497:10)
          at _callCircusTest (/Users/ppmtrue/Documents/GitHub/SelenIT-Digital-Agency/node_modules/jest-circus/build/jestAdapterInit.js:1007:40)
          at _runTest (/Users/ppmtrue/Documents/GitHub/SelenIT-Digital-Agency/node_modules/jest-circus/build/jestAdapterInit.js:947:3)
          at /Users/ppmtrue/Documents/GitHub/SelenIT-Digital-Agency/node_modules/jest-circus/build/jestAdapterInit.js:849:7
          at _runTestsForDescribeBlock (/Users/ppmtrue/Documents/GitHub/SelenIT-Digital-Agency/node_modules/jest-circus/build/jestAdapterInit.js:862:11)
          at _runTestsForDescribeBlock (/Users/ppmtrue/Documents/GitHub/SelenIT-Digital-Agency/node_modules/jest-circus/build/jestAdapterInit.js:857:11)
          at _runTestsForDescribeBlock (/Users/ppmtrue/Documents/GitHub/SelenIT-Digital-Agency/node_modules/jest-circus/build/jestAdapterInit.js:857:11)
          at run (/Users/ppmtrue/Documents/GitHub/SelenIT-Digital-Agency/node_modules/jest-circus/build/jestAdapterInit.js:761:3)
          at runAndTransformResultsToJestFormat (/Users/ppmtrue/Documents/GitHub/SelenIT-Digital-Agency/node_modules/jest-circus/build/jestAdapterInit.js:1918:21)
          at jestAdapter (/Users/ppmtrue/Documents/GitHub/SelenIT-Digital-Agency/node_modules/jest-circus/build/runner.js:101:19)
          at runTestInternal (/Users/ppmtrue/Documents/GitHub/SelenIT-Digital-Agency/node_modules/jest-runner/build/testWorker.js:275:16)
          at runTest (/Users/ppmtrue/Documents/GitHub/SelenIT-Digital-Agency/node_modules/jest-runner/build/testWorker.js:343:7)
          at Object.worker (/Users/ppmtrue/Documents/GitHub/SelenIT-Digital-Agency/node_modules/jest-runner/build/testWorker.js:497:12)

      168 |                 window.scrollTo({ top: 0, behavior: 'smooth' });
      169 |             } catch (error) {
    > 170 |                 console.error('Submit error:', error);
          |                         ^
      171 |                 setSubmitError(
      172 |                     lang === 'ru'
      173 |                         ? 'Ошибка отправки. Попробуйте позже.'

      at error (src/hooks/useContactForm.ts:170:25)

    console.error
      Error: Uncaught [TypeError: Cannot read properties of undefined (reading 'message')]
          at customRender (src/__tests__/utils/test-utils.tsx:13:18)
          at <unknown> (src/__tests__/components/ContactForm.enhanced.test.tsx:309:23)
          at Object.toThrow (src/__tests__/components/ContactForm.enhanced.test.tsx:310:20)
          at new Promise (<anonymous>) {
        detail: TypeError: Cannot read properties of undefined (reading 'message')
            at message (/Users/ppmtrue/Documents/GitHub/SelenIT-Digital-Agency/src/components/ui/TabSwitcher.tsx:34:23)
            at renderWithHooks (/Users/ppmtrue/Documents/GitHub/SelenIT-Digital-Agency/node_modules/react-dom/cjs/react-dom.development.js:15486:18)
            at mountIndeterminateComponent (/Users/ppmtrue/Documents/GitHub/SelenIT-Digital-Agency/node_modules/react-dom/cjs/react-dom.development.js:20103:13)
            at beginWork (/Users/ppmtrue/Documents/GitHub/SelenIT-Digital-Agency/node_modules/react-dom/cjs/react-dom.development.js:21626:16)
            at HTMLUnknownElement.callCallback (/Users/ppmtrue/Documents/GitHub/SelenIT-Digital-Agency/node_modules/react-dom/cjs/react-dom.development.js:4164:14)
            at HTMLUnknownElement.callTheUserObjectsOperation (/Users/ppmtrue/Documents/GitHub/SelenIT-Digital-Agency/node_modules/jsdom/lib/jsdom/living/generated/EventListener.js:26:30)
            at innerInvokeEventListeners (/Users/ppmtrue/Documents/GitHub/SelenIT-Digital-Agency/node_modules/jsdom/lib/jsdom/living/events/EventTarget-impl.js:350:25)
            at invokeEventListeners (/Users/ppmtrue/Documents/GitHub/SelenIT-Digital-Agency/node_modules/jsdom/lib/jsdom/living/events/EventTarget-impl.js:286:3)
            at HTMLUnknownElementImpl._dispatch (/Users/ppmtrue/Documents/GitHub/SelenIT-Digital-Agency/node_modules/jsdom/lib/jsdom/living/events/EventTarget-impl.js:233:9)
            at HTMLUnknownElementImpl.dispatchEvent (/Users/ppmtrue/Documents/GitHub/SelenIT-Digital-Agency/node_modules/jsdom/lib/jsdom/living/events/EventTarget-impl.js:104:17)
            at HTMLUnknownElement.dispatchEvent (/Users/ppmtrue/Documents/GitHub/SelenIT-Digital-Agency/node_modules/jsdom/lib/jsdom/living/generated/EventTarget.js:241:34)
            at Object.invokeGuardedCallbackDev (/Users/ppmtrue/Documents/GitHub/SelenIT-Digital-Agency/node_modules/react-dom/cjs/react-dom.development.js:4213:16)
            at invokeGuardedCallback (/Users/ppmtrue/Documents/GitHub/SelenIT-Digital-Agency/node_modules/react-dom/cjs/react-dom.development.js:4277:31)
            at beginWork$1 (/Users/ppmtrue/Documents/GitHub/SelenIT-Digital-Agency/node_modules/react-dom/cjs/react-dom.development.js:27490:7)
            at performUnitOfWork (/Users/ppmtrue/Documents/GitHub/SelenIT-Digital-Agency/node_modules/react-dom/cjs/react-dom.development.js:26599:12)
            at workLoopSync (/Users/ppmtrue/Documents/GitHub/SelenIT-Digital-Agency/node_modules/react-dom/cjs/react-dom.development.js:26505:5)
            at renderRootSync (/Users/ppmtrue/Documents/GitHub/SelenIT-Digital-Agency/node_modules/react-dom/cjs/react-dom.development.js:26473:7)
            at performConcurrentWorkOnRoot (/Users/ppmtrue/Documents/GitHub/SelenIT-Digital-Agency/node_modules/react-dom/cjs/react-dom.development.js:25777:74)
            at flushActQueue (/Users/ppmtrue/Documents/GitHub/SelenIT-Digital-Agency/node_modules/react/cjs/react.development.js:2667:24)
            at act (/Users/ppmtrue/Documents/GitHub/SelenIT-Digital-Agency/node_modules/react/cjs/react.development.js:2582:11)
            at /Users/ppmtrue/Documents/GitHub/SelenIT-Digital-Agency/node_modules/@testing-library/react/dist/act-compat.js:46:25
            at renderRoot (/Users/ppmtrue/Documents/GitHub/SelenIT-Digital-Agency/node_modules/@testing-library/react/dist/pure.js:189:26)
            at render (/Users/ppmtrue/Documents/GitHub/SelenIT-Digital-Agency/node_modules/@testing-library/react/dist/pure.js:291:10)
            at customRender (/Users/ppmtrue/Documents/GitHub/SelenIT-Digital-Agency/src/__tests__/utils/test-utils.tsx:13:18)
            at /Users/ppmtrue/Documents/GitHub/SelenIT-Digital-Agency/src/__tests__/components/ContactForm.enhanced.test.tsx:309:23
            at Object.<anonymous> (/Users/ppmtrue/Documents/GitHub/SelenIT-Digital-Agency/node_modules/expect/build/index.js:1824:9)
            at Object.throwingMatcher [as toThrow] (/Users/ppmtrue/Documents/GitHub/SelenIT-Digital-Agency/node_modules/expect/build/index.js:2235:93)
            at Object.toThrow (/Users/ppmtrue/Documents/GitHub/SelenIT-Digital-Agency/src/__tests__/components/ContactForm.enhanced.test.tsx:310:20)
            at Promise.finally.completed (/Users/ppmtrue/Documents/GitHub/SelenIT-Digital-Agency/node_modules/jest-circus/build/jestAdapterInit.js:1557:28)
            at new Promise (<anonymous>)
            at callAsyncCircusFn (/Users/ppmtrue/Documents/GitHub/SelenIT-Digital-Agency/node_modules/jest-circus/build/jestAdapterInit.js:1497:10)
            at _callCircusTest (/Users/ppmtrue/Documents/GitHub/SelenIT-Digital-Agency/node_modules/jest-circus/build/jestAdapterInit.js:1007:40)
            at _runTest (/Users/ppmtrue/Documents/GitHub/SelenIT-Digital-Agency/node_modules/jest-circus/build/jestAdapterInit.js:947:3)
            at /Users/ppmtrue/Documents/GitHub/SelenIT-Digital-Agency/node_modules/jest-circus/build/jestAdapterInit.js:849:7
            at _runTestsForDescribeBlock (/Users/ppmtrue/Documents/GitHub/SelenIT-Digital-Agency/node_modules/jest-circus/build/jestAdapterInit.js:862:11)
            at _runTestsForDescribeBlock (/Users/ppmtrue/Documents/GitHub/SelenIT-Digital-Agency/node_modules/jest-circus/build/jestAdapterInit.js:857:11)
            at _runTestsForDescribeBlock (/Users/ppmtrue/Documents/GitHub/SelenIT-Digital-Agency/node_modules/jest-circus/build/jestAdapterInit.js:857:11)
            at run (/Users/ppmtrue/Documents/GitHub/SelenIT-Digital-Agency/node_modules/jest-circus/build/jestAdapterInit.js:761:3)
            at runAndTransformResultsToJestFormat (/Users/ppmtrue/Documents/GitHub/SelenIT-Digital-Agency/node_modules/jest-circus/build/jestAdapterInit.js:1918:21)
            at jestAdapter (/Users/ppmtrue/Documents/GitHub/SelenIT-Digital-Agency/node_modules/jest-circus/build/runner.js:101:19)
            at runTestInternal (/Users/ppmtrue/Documents/GitHub/SelenIT-Digital-Agency/node_modules/jest-runner/build/testWorker.js:275:16)
            at runTest (/Users/ppmtrue/Documents/GitHub/SelenIT-Digital-Agency/node_modules/jest-runner/build/testWorker.js:343:7)
            at Object.worker (/Users/ppmtrue/Documents/GitHub/SelenIT-Digital-Agency/node_modules/jest-runner/build/testWorker.js:497:12),
        type: 'unhandled exception'
      }

      11 | // Custom render function
      12 | function customRender(ui: ReactElement, options?: Omit<RenderOptions, 'wrapper'>) {
    > 13 |     return render(ui, { wrapper: AllTheProviders, ...options });
         |                  ^
      14 | }
      15 |
      16 | // Setup user-event with custom render

      at VirtualConsole.<anonymous> (node_modules/@jest/environment-jsdom-abstract/build/index.js:87:23)
      at reportException (node_modules/jsdom/lib/jsdom/living/helpers/runtime-script-errors.js:70:28)
      at innerInvokeEventListeners (node_modules/jsdom/lib/jsdom/living/events/EventTarget-impl.js:353:9)
      at invokeEventListeners (node_modules/jsdom/lib/jsdom/living/events/EventTarget-impl.js:286:3)
      at HTMLUnknownElementImpl._dispatch (node_modules/jsdom/lib/jsdom/living/events/EventTarget-impl.js:233:9)
      at HTMLUnknownElementImpl.dispatchEvent (node_modules/jsdom/lib/jsdom/living/events/EventTarget-impl.js:104:17)
      at HTMLUnknownElement.dispatchEvent (node_modules/jsdom/lib/jsdom/living/generated/EventTarget.js:241:34)
      at Object.invokeGuardedCallbackDev (node_modules/react-dom/cjs/react-dom.development.js:4213:16)
      at invokeGuardedCallback (node_modules/react-dom/cjs/react-dom.development.js:4277:31)
      at beginWork$1 (node_modules/react-dom/cjs/react-dom.development.js:27490:7)
      at performUnitOfWork (node_modules/react-dom/cjs/react-dom.development.js:26599:12)
      at workLoopSync (node_modules/react-dom/cjs/react-dom.development.js:26505:5)
      at renderRootSync (node_modules/react-dom/cjs/react-dom.development.js:26473:7)
      at performConcurrentWorkOnRoot (node_modules/react-dom/cjs/react-dom.development.js:25777:74)
      at flushActQueue (node_modules/react/cjs/react.development.js:2667:24)
      at act (node_modules/react/cjs/react.development.js:2582:11)
      at node_modules/@testing-library/react/dist/act-compat.js:46:25
      at renderRoot (node_modules/@testing-library/react/dist/pure.js:189:26)
      at render (node_modules/@testing-library/react/dist/pure.js:291:10)
      at customRender (src/__tests__/utils/test-utils.tsx:13:18)
      at src/__tests__/components/ContactForm.enhanced.test.tsx:309:23
      at Object.<anonymous> (node_modules/expect/build/index.js:1824:9)
      at Object.throwingMatcher [as toThrow] (node_modules/expect/build/index.js:2235:93)
      at Object.toThrow (src/__tests__/components/ContactForm.enhanced.test.tsx:310:20)

    console.error
      Error: Uncaught [TypeError: Cannot read properties of undefined (reading 'map')]
          at customRender (src/__tests__/utils/test-utils.tsx:13:18)
          at <unknown> (src/__tests__/components/ContactForm.enhanced.test.tsx:309:23)
          at Object.toThrow (src/__tests__/components/ContactForm.enhanced.test.tsx:310:20)
          at new Promise (<anonymous>) {
        detail: TypeError: Cannot read properties of undefined (reading 'map')
            at map (/Users/ppmtrue/Documents/GitHub/SelenIT-Digital-Agency/src/components/ContactFormFields.tsx:82:46)
            at renderWithHooks (/Users/ppmtrue/Documents/GitHub/SelenIT-Digital-Agency/node_modules/react-dom/cjs/react-dom.development.js:15486:18)
            at updateFunctionComponent (/Users/ppmtrue/Documents/GitHub/SelenIT-Digital-Agency/node_modules/react-dom/cjs/react-dom.development.js:19617:20)
            at mountLazyComponent (/Users/ppmtrue/Documents/GitHub/SelenIT-Digital-Agency/node_modules/react-dom/cjs/react-dom.development.js:19988:17)
            at beginWork (/Users/ppmtrue/Documents/GitHub/SelenIT-Digital-Agency/node_modules/react-dom/cjs/react-dom.development.js:21632:16)
            at HTMLUnknownElement.callCallback (/Users/ppmtrue/Documents/GitHub/SelenIT-Digital-Agency/node_modules/react-dom/cjs/react-dom.development.js:4164:14)
            at HTMLUnknownElement.callTheUserObjectsOperation (/Users/ppmtrue/Documents/GitHub/SelenIT-Digital-Agency/node_modules/jsdom/lib/jsdom/living/generated/EventListener.js:26:30)
            at innerInvokeEventListeners (/Users/ppmtrue/Documents/GitHub/SelenIT-Digital-Agency/node_modules/jsdom/lib/jsdom/living/events/EventTarget-impl.js:350:25)
            at invokeEventListeners (/Users/ppmtrue/Documents/GitHub/SelenIT-Digital-Agency/node_modules/jsdom/lib/jsdom/living/events/EventTarget-impl.js:286:3)
            at HTMLUnknownElementImpl._dispatch (/Users/ppmtrue/Documents/GitHub/SelenIT-Digital-Agency/node_modules/jsdom/lib/jsdom/living/events/EventTarget-impl.js:233:9)
            at HTMLUnknownElementImpl.dispatchEvent (/Users/ppmtrue/Documents/GitHub/SelenIT-Digital-Agency/node_modules/jsdom/lib/jsdom/living/events/EventTarget-impl.js:104:17)
            at HTMLUnknownElement.dispatchEvent (/Users/ppmtrue/Documents/GitHub/SelenIT-Digital-Agency/node_modules/jsdom/lib/jsdom/living/generated/EventTarget.js:241:34)
            at Object.invokeGuardedCallbackDev (/Users/ppmtrue/Documents/GitHub/SelenIT-Digital-Agency/node_modules/react-dom/cjs/react-dom.development.js:4213:16)
            at invokeGuardedCallback (/Users/ppmtrue/Documents/GitHub/SelenIT-Digital-Agency/node_modules/react-dom/cjs/react-dom.development.js:4277:31)
            at beginWork$1 (/Users/ppmtrue/Documents/GitHub/SelenIT-Digital-Agency/node_modules/react-dom/cjs/react-dom.development.js:27490:7)
            at performUnitOfWork (/Users/ppmtrue/Documents/GitHub/SelenIT-Digital-Agency/node_modules/react-dom/cjs/react-dom.development.js:26599:12)
            at workLoopSync (/Users/ppmtrue/Documents/GitHub/SelenIT-Digital-Agency/node_modules/react-dom/cjs/react-dom.development.js:26505:5)
            at renderRootSync (/Users/ppmtrue/Documents/GitHub/SelenIT-Digital-Agency/node_modules/react-dom/cjs/react-dom.development.js:26473:7)
            at performConcurrentWorkOnRoot (/Users/ppmtrue/Documents/GitHub/SelenIT-Digital-Agency/node_modules/react-dom/cjs/react-dom.development.js:25777:74)
            at flushActQueue (/Users/ppmtrue/Documents/GitHub/SelenIT-Digital-Agency/node_modules/react/cjs/react.development.js:2667:24)
            at act (/Users/ppmtrue/Documents/GitHub/SelenIT-Digital-Agency/node_modules/react/cjs/react.development.js:2582:11)
            at /Users/ppmtrue/Documents/GitHub/SelenIT-Digital-Agency/node_modules/@testing-library/react/dist/act-compat.js:46:25
            at renderRoot (/Users/ppmtrue/Documents/GitHub/SelenIT-Digital-Agency/node_modules/@testing-library/react/dist/pure.js:189:26)
            at render (/Users/ppmtrue/Documents/GitHub/SelenIT-Digital-Agency/node_modules/@testing-library/react/dist/pure.js:291:10)
            at customRender (/Users/ppmtrue/Documents/GitHub/SelenIT-Digital-Agency/src/__tests__/utils/test-utils.tsx:13:18)
            at /Users/ppmtrue/Documents/GitHub/SelenIT-Digital-Agency/src/__tests__/components/ContactForm.enhanced.test.tsx:309:23
            at Object.<anonymous> (/Users/ppmtrue/Documents/GitHub/SelenIT-Digital-Agency/node_modules/expect/build/index.js:1824:9)
            at Object.throwingMatcher [as toThrow] (/Users/ppmtrue/Documents/GitHub/SelenIT-Digital-Agency/node_modules/expect/build/index.js:2235:93)
            at Object.toThrow (/Users/ppmtrue/Documents/GitHub/SelenIT-Digital-Agency/src/__tests__/components/ContactForm.enhanced.test.tsx:310:20)
            at Promise.finally.completed (/Users/ppmtrue/Documents/GitHub/SelenIT-Digital-Agency/node_modules/jest-circus/build/jestAdapterInit.js:1557:28)
            at new Promise (<anonymous>)
            at callAsyncCircusFn (/Users/ppmtrue/Documents/GitHub/SelenIT-Digital-Agency/node_modules/jest-circus/build/jestAdapterInit.js:1497:10)
            at _callCircusTest (/Users/ppmtrue/Documents/GitHub/SelenIT-Digital-Agency/node_modules/jest-circus/build/jestAdapterInit.js:1007:40)
            at _runTest (/Users/ppmtrue/Documents/GitHub/SelenIT-Digital-Agency/node_modules/jest-circus/build/jestAdapterInit.js:947:3)
            at /Users/ppmtrue/Documents/GitHub/SelenIT-Digital-Agency/node_modules/jest-circus/build/jestAdapterInit.js:849:7
            at _runTestsForDescribeBlock (/Users/ppmtrue/Documents/GitHub/SelenIT-Digital-Agency/node_modules/jest-circus/build/jestAdapterInit.js:862:11)
            at _runTestsForDescribeBlock (/Users/ppmtrue/Documents/GitHub/SelenIT-Digital-Agency/node_modules/jest-circus/build/jestAdapterInit.js:857:11)
            at _runTestsForDescribeBlock (/Users/ppmtrue/Documents/GitHub/SelenIT-Digital-Agency/node_modules/jest-circus/build/jestAdapterInit.js:857:11)
            at run (/Users/ppmtrue/Documents/GitHub/SelenIT-Digital-Agency/node_modules/jest-circus/build/jestAdapterInit.js:761:3)
            at runAndTransformResultsToJestFormat (/Users/ppmtrue/Documents/GitHub/SelenIT-Digital-Agency/node_modules/jest-circus/build/jestAdapterInit.js:1918:21)
            at jestAdapter (/Users/ppmtrue/Documents/GitHub/SelenIT-Digital-Agency/node_modules/jest-circus/build/runner.js:101:19)
            at runTestInternal (/Users/ppmtrue/Documents/GitHub/SelenIT-Digital-Agency/node_modules/jest-runner/build/testWorker.js:275:16)
            at runTest (/Users/ppmtrue/Documents/GitHub/SelenIT-Digital-Agency/node_modules/jest-runner/build/testWorker.js:343:7)
            at Object.worker (/Users/ppmtrue/Documents/GitHub/SelenIT-Digital-Agency/node_modules/jest-runner/build/testWorker.js:497:12),
        type: 'unhandled exception'
      }

      11 | // Custom render function
      12 | function customRender(ui: ReactElement, options?: Omit<RenderOptions, 'wrapper'>) {
    > 13 |     return render(ui, { wrapper: AllTheProviders, ...options });
         |                  ^
      14 | }
      15 |
      16 | // Setup user-event with custom render

      at VirtualConsole.<anonymous> (node_modules/@jest/environment-jsdom-abstract/build/index.js:87:23)
      at reportException (node_modules/jsdom/lib/jsdom/living/helpers/runtime-script-errors.js:70:28)
      at innerInvokeEventListeners (node_modules/jsdom/lib/jsdom/living/events/EventTarget-impl.js:353:9)
      at invokeEventListeners (node_modules/jsdom/lib/jsdom/living/events/EventTarget-impl.js:286:3)
      at HTMLUnknownElementImpl._dispatch (node_modules/jsdom/lib/jsdom/living/events/EventTarget-impl.js:233:9)
      at HTMLUnknownElementImpl.dispatchEvent (node_modules/jsdom/lib/jsdom/living/events/EventTarget-impl.js:104:17)
      at HTMLUnknownElement.dispatchEvent (node_modules/jsdom/lib/jsdom/living/generated/EventTarget.js:241:34)
      at Object.invokeGuardedCallbackDev (node_modules/react-dom/cjs/react-dom.development.js:4213:16)
      at invokeGuardedCallback (node_modules/react-dom/cjs/react-dom.development.js:4277:31)
      at beginWork$1 (node_modules/react-dom/cjs/react-dom.development.js:27490:7)
      at performUnitOfWork (node_modules/react-dom/cjs/react-dom.development.js:26599:12)
      at workLoopSync (node_modules/react-dom/cjs/react-dom.development.js:26505:5)
      at renderRootSync (node_modules/react-dom/cjs/react-dom.development.js:26473:7)
      at performConcurrentWorkOnRoot (node_modules/react-dom/cjs/react-dom.development.js:25777:74)
      at flushActQueue (node_modules/react/cjs/react.development.js:2667:24)
      at act (node_modules/react/cjs/react.development.js:2582:11)
      at node_modules/@testing-library/react/dist/act-compat.js:46:25
      at renderRoot (node_modules/@testing-library/react/dist/pure.js:189:26)
      at render (node_modules/@testing-library/react/dist/pure.js:291:10)
      at customRender (src/__tests__/utils/test-utils.tsx:13:18)
      at src/__tests__/components/ContactForm.enhanced.test.tsx:309:23
      at Object.<anonymous> (node_modules/expect/build/index.js:1824:9)
      at Object.throwingMatcher [as toThrow] (node_modules/expect/build/index.js:2235:93)
      at Object.toThrow (src/__tests__/components/ContactForm.enhanced.test.tsx:310:20)

    console.error
      Error: Uncaught [TypeError: Cannot read properties of undefined (reading 'message')]
          at customRender (src/__tests__/utils/test-utils.tsx:13:18)
          at <unknown> (src/__tests__/components/ContactForm.enhanced.test.tsx:309:23)
          at Object.toThrow (src/__tests__/components/ContactForm.enhanced.test.tsx:310:20)
          at new Promise (<anonymous>) {
        detail: TypeError: Cannot read properties of undefined (reading 'message')
            at message (/Users/ppmtrue/Documents/GitHub/SelenIT-Digital-Agency/src/components/ui/TabSwitcher.tsx:34:23)
            at renderWithHooks (/Users/ppmtrue/Documents/GitHub/SelenIT-Digital-Agency/node_modules/react-dom/cjs/react-dom.development.js:15486:18)
            at mountIndeterminateComponent (/Users/ppmtrue/Documents/GitHub/SelenIT-Digital-Agency/node_modules/react-dom/cjs/react-dom.development.js:20103:13)
            at beginWork (/Users/ppmtrue/Documents/GitHub/SelenIT-Digital-Agency/node_modules/react-dom/cjs/react-dom.development.js:21626:16)
            at HTMLUnknownElement.callCallback (/Users/ppmtrue/Documents/GitHub/SelenIT-Digital-Agency/node_modules/react-dom/cjs/react-dom.development.js:4164:14)
            at HTMLUnknownElement.callTheUserObjectsOperation (/Users/ppmtrue/Documents/GitHub/SelenIT-Digital-Agency/node_modules/jsdom/lib/jsdom/living/generated/EventListener.js:26:30)
            at innerInvokeEventListeners (/Users/ppmtrue/Documents/GitHub/SelenIT-Digital-Agency/node_modules/jsdom/lib/jsdom/living/events/EventTarget-impl.js:350:25)
            at invokeEventListeners (/Users/ppmtrue/Documents/GitHub/SelenIT-Digital-Agency/node_modules/jsdom/lib/jsdom/living/events/EventTarget-impl.js:286:3)
            at HTMLUnknownElementImpl._dispatch (/Users/ppmtrue/Documents/GitHub/SelenIT-Digital-Agency/node_modules/jsdom/lib/jsdom/living/events/EventTarget-impl.js:233:9)
            at HTMLUnknownElementImpl.dispatchEvent (/Users/ppmtrue/Documents/GitHub/SelenIT-Digital-Agency/node_modules/jsdom/lib/jsdom/living/events/EventTarget-impl.js:104:17)
            at HTMLUnknownElement.dispatchEvent (/Users/ppmtrue/Documents/GitHub/SelenIT-Digital-Agency/node_modules/jsdom/lib/jsdom/living/generated/EventTarget.js:241:34)
            at Object.invokeGuardedCallbackDev (/Users/ppmtrue/Documents/GitHub/SelenIT-Digital-Agency/node_modules/react-dom/cjs/react-dom.development.js:4213:16)
            at invokeGuardedCallback (/Users/ppmtrue/Documents/GitHub/SelenIT-Digital-Agency/node_modules/react-dom/cjs/react-dom.development.js:4277:31)
            at beginWork$1 (/Users/ppmtrue/Documents/GitHub/SelenIT-Digital-Agency/node_modules/react-dom/cjs/react-dom.development.js:27490:7)
            at performUnitOfWork (/Users/ppmtrue/Documents/GitHub/SelenIT-Digital-Agency/node_modules/react-dom/cjs/react-dom.development.js:26599:12)
            at workLoopSync (/Users/ppmtrue/Documents/GitHub/SelenIT-Digital-Agency/node_modules/react-dom/cjs/react-dom.development.js:26505:5)
            at renderRootSync (/Users/ppmtrue/Documents/GitHub/SelenIT-Digital-Agency/node_modules/react-dom/cjs/react-dom.development.js:26473:7)
            at recoverFromConcurrentError (/Users/ppmtrue/Documents/GitHub/SelenIT-Digital-Agency/node_modules/react-dom/cjs/react-dom.development.js:25889:20)
            at performConcurrentWorkOnRoot (/Users/ppmtrue/Documents/GitHub/SelenIT-Digital-Agency/node_modules/react-dom/cjs/react-dom.development.js:25789:22)
            at flushActQueue (/Users/ppmtrue/Documents/GitHub/SelenIT-Digital-Agency/node_modules/react/cjs/react.development.js:2667:24)
            at act (/Users/ppmtrue/Documents/GitHub/SelenIT-Digital-Agency/node_modules/react/cjs/react.development.js:2582:11)
            at /Users/ppmtrue/Documents/GitHub/SelenIT-Digital-Agency/node_modules/@testing-library/react/dist/act-compat.js:46:25
            at renderRoot (/Users/ppmtrue/Documents/GitHub/SelenIT-Digital-Agency/node_modules/@testing-library/react/dist/pure.js:189:26)
            at render (/Users/ppmtrue/Documents/GitHub/SelenIT-Digital-Agency/node_modules/@testing-library/react/dist/pure.js:291:10)
            at customRender (/Users/ppmtrue/Documents/GitHub/SelenIT-Digital-Agency/src/__tests__/utils/test-utils.tsx:13:18)
            at /Users/ppmtrue/Documents/GitHub/SelenIT-Digital-Agency/src/__tests__/components/ContactForm.enhanced.test.tsx:309:23
            at Object.<anonymous> (/Users/ppmtrue/Documents/GitHub/SelenIT-Digital-Agency/node_modules/expect/build/index.js:1824:9)
            at Object.throwingMatcher [as toThrow] (/Users/ppmtrue/Documents/GitHub/SelenIT-Digital-Agency/node_modules/expect/build/index.js:2235:93)
            at Object.toThrow (/Users/ppmtrue/Documents/GitHub/SelenIT-Digital-Agency/src/__tests__/components/ContactForm.enhanced.test.tsx:310:20)
            at Promise.finally.completed (/Users/ppmtrue/Documents/GitHub/SelenIT-Digital-Agency/node_modules/jest-circus/build/jestAdapterInit.js:1557:28)
            at new Promise (<anonymous>)
            at callAsyncCircusFn (/Users/ppmtrue/Documents/GitHub/SelenIT-Digital-Agency/node_modules/jest-circus/build/jestAdapterInit.js:1497:10)
            at _callCircusTest (/Users/ppmtrue/Documents/GitHub/SelenIT-Digital-Agency/node_modules/jest-circus/build/jestAdapterInit.js:1007:40)
            at _runTest (/Users/ppmtrue/Documents/GitHub/SelenIT-Digital-Agency/node_modules/jest-circus/build/jestAdapterInit.js:947:3)
            at /Users/ppmtrue/Documents/GitHub/SelenIT-Digital-Agency/node_modules/jest-circus/build/jestAdapterInit.js:849:7
            at _runTestsForDescribeBlock (/Users/ppmtrue/Documents/GitHub/SelenIT-Digital-Agency/node_modules/jest-circus/build/jestAdapterInit.js:862:11)
            at _runTestsForDescribeBlock (/Users/ppmtrue/Documents/GitHub/SelenIT-Digital-Agency/node_modules/jest-circus/build/jestAdapterInit.js:857:11)
            at _runTestsForDescribeBlock (/Users/ppmtrue/Documents/GitHub/SelenIT-Digital-Agency/node_modules/jest-circus/build/jestAdapterInit.js:857:11)
            at run (/Users/ppmtrue/Documents/GitHub/SelenIT-Digital-Agency/node_modules/jest-circus/build/jestAdapterInit.js:761:3)
            at runAndTransformResultsToJestFormat (/Users/ppmtrue/Documents/GitHub/SelenIT-Digital-Agency/node_modules/jest-circus/build/jestAdapterInit.js:1918:21)
            at jestAdapter (/Users/ppmtrue/Documents/GitHub/SelenIT-Digital-Agency/node_modules/jest-circus/build/runner.js:101:19)
            at runTestInternal (/Users/ppmtrue/Documents/GitHub/SelenIT-Digital-Agency/node_modules/jest-runner/build/testWorker.js:275:16)
            at runTest (/Users/ppmtrue/Documents/GitHub/SelenIT-Digital-Agency/node_modules/jest-runner/build/testWorker.js:343:7)
            at Object.worker (/Users/ppmtrue/Documents/GitHub/SelenIT-Digital-Agency/node_modules/jest-runner/build/testWorker.js:497:12),
        type: 'unhandled exception'
      }

      11 | // Custom render function
      12 | function customRender(ui: ReactElement, options?: Omit<RenderOptions, 'wrapper'>) {
    > 13 |     return render(ui, { wrapper: AllTheProviders, ...options });
         |                  ^
      14 | }
      15 |
      16 | // Setup user-event with custom render

      at VirtualConsole.<anonymous> (node_modules/@jest/environment-jsdom-abstract/build/index.js:87:23)
      at reportException (node_modules/jsdom/lib/jsdom/living/helpers/runtime-script-errors.js:70:28)
      at innerInvokeEventListeners (node_modules/jsdom/lib/jsdom/living/events/EventTarget-impl.js:353:9)
      at invokeEventListeners (node_modules/jsdom/lib/jsdom/living/events/EventTarget-impl.js:286:3)
      at HTMLUnknownElementImpl._dispatch (node_modules/jsdom/lib/jsdom/living/events/EventTarget-impl.js:233:9)
      at HTMLUnknownElementImpl.dispatchEvent (node_modules/jsdom/lib/jsdom/living/events/EventTarget-impl.js:104:17)
      at HTMLUnknownElement.dispatchEvent (node_modules/jsdom/lib/jsdom/living/generated/EventTarget.js:241:34)
      at Object.invokeGuardedCallbackDev (node_modules/react-dom/cjs/react-dom.development.js:4213:16)
      at invokeGuardedCallback (node_modules/react-dom/cjs/react-dom.development.js:4277:31)
      at beginWork$1 (node_modules/react-dom/cjs/react-dom.development.js:27490:7)
      at performUnitOfWork (node_modules/react-dom/cjs/react-dom.development.js:26599:12)
      at workLoopSync (node_modules/react-dom/cjs/react-dom.development.js:26505:5)
      at renderRootSync (node_modules/react-dom/cjs/react-dom.development.js:26473:7)
      at recoverFromConcurrentError (node_modules/react-dom/cjs/react-dom.development.js:25889:20)
      at performConcurrentWorkOnRoot (node_modules/react-dom/cjs/react-dom.development.js:25789:22)
      at flushActQueue (node_modules/react/cjs/react.development.js:2667:24)
      at act (node_modules/react/cjs/react.development.js:2582:11)
      at node_modules/@testing-library/react/dist/act-compat.js:46:25
      at renderRoot (node_modules/@testing-library/react/dist/pure.js:189:26)
      at render (node_modules/@testing-library/react/dist/pure.js:291:10)
      at customRender (src/__tests__/utils/test-utils.tsx:13:18)
      at src/__tests__/components/ContactForm.enhanced.test.tsx:309:23
      at Object.<anonymous> (node_modules/expect/build/index.js:1824:9)
      at Object.throwingMatcher [as toThrow] (node_modules/expect/build/index.js:2235:93)
      at Object.toThrow (src/__tests__/components/ContactForm.enhanced.test.tsx:310:20)

    console.error
      Error: Uncaught [TypeError: Cannot read properties of undefined (reading 'map')]
          at customRender (src/__tests__/utils/test-utils.tsx:13:18)
          at <unknown> (src/__tests__/components/ContactForm.enhanced.test.tsx:309:23)
          at Object.toThrow (src/__tests__/components/ContactForm.enhanced.test.tsx:310:20)
          at new Promise (<anonymous>) {
        detail: TypeError: Cannot read properties of undefined (reading 'map')
            at map (/Users/ppmtrue/Documents/GitHub/SelenIT-Digital-Agency/src/components/ContactFormFields.tsx:82:46)
            at renderWithHooks (/Users/ppmtrue/Documents/GitHub/SelenIT-Digital-Agency/node_modules/react-dom/cjs/react-dom.development.js:15486:18)
            at updateFunctionComponent (/Users/ppmtrue/Documents/GitHub/SelenIT-Digital-Agency/node_modules/react-dom/cjs/react-dom.development.js:19617:20)
            at mountLazyComponent (/Users/ppmtrue/Documents/GitHub/SelenIT-Digital-Agency/node_modules/react-dom/cjs/react-dom.development.js:19988:17)
            at beginWork (/Users/ppmtrue/Documents/GitHub/SelenIT-Digital-Agency/node_modules/react-dom/cjs/react-dom.development.js:21632:16)
            at HTMLUnknownElement.callCallback (/Users/ppmtrue/Documents/GitHub/SelenIT-Digital-Agency/node_modules/react-dom/cjs/react-dom.development.js:4164:14)
            at HTMLUnknownElement.callTheUserObjectsOperation (/Users/ppmtrue/Documents/GitHub/SelenIT-Digital-Agency/node_modules/jsdom/lib/jsdom/living/generated/EventListener.js:26:30)
            at innerInvokeEventListeners (/Users/ppmtrue/Documents/GitHub/SelenIT-Digital-Agency/node_modules/jsdom/lib/jsdom/living/events/EventTarget-impl.js:350:25)
            at invokeEventListeners (/Users/ppmtrue/Documents/GitHub/SelenIT-Digital-Agency/node_modules/jsdom/lib/jsdom/living/events/EventTarget-impl.js:286:3)
            at HTMLUnknownElementImpl._dispatch (/Users/ppmtrue/Documents/GitHub/SelenIT-Digital-Agency/node_modules/jsdom/lib/jsdom/living/events/EventTarget-impl.js:233:9)
            at HTMLUnknownElementImpl.dispatchEvent (/Users/ppmtrue/Documents/GitHub/SelenIT-Digital-Agency/node_modules/jsdom/lib/jsdom/living/events/EventTarget-impl.js:104:17)
            at HTMLUnknownElement.dispatchEvent (/Users/ppmtrue/Documents/GitHub/SelenIT-Digital-Agency/node_modules/jsdom/lib/jsdom/living/generated/EventTarget.js:241:34)
            at Object.invokeGuardedCallbackDev (/Users/ppmtrue/Documents/GitHub/SelenIT-Digital-Agency/node_modules/react-dom/cjs/react-dom.development.js:4213:16)
            at invokeGuardedCallback (/Users/ppmtrue/Documents/GitHub/SelenIT-Digital-Agency/node_modules/react-dom/cjs/react-dom.development.js:4277:31)
            at beginWork$1 (/Users/ppmtrue/Documents/GitHub/SelenIT-Digital-Agency/node_modules/react-dom/cjs/react-dom.development.js:27490:7)
            at performUnitOfWork (/Users/ppmtrue/Documents/GitHub/SelenIT-Digital-Agency/node_modules/react-dom/cjs/react-dom.development.js:26599:12)
            at workLoopSync (/Users/ppmtrue/Documents/GitHub/SelenIT-Digital-Agency/node_modules/react-dom/cjs/react-dom.development.js:26505:5)
            at renderRootSync (/Users/ppmtrue/Documents/GitHub/SelenIT-Digital-Agency/node_modules/react-dom/cjs/react-dom.development.js:26473:7)
            at recoverFromConcurrentError (/Users/ppmtrue/Documents/GitHub/SelenIT-Digital-Agency/node_modules/react-dom/cjs/react-dom.development.js:25889:20)
            at performConcurrentWorkOnRoot (/Users/ppmtrue/Documents/GitHub/SelenIT-Digital-Agency/node_modules/react-dom/cjs/react-dom.development.js:25789:22)
            at flushActQueue (/Users/ppmtrue/Documents/GitHub/SelenIT-Digital-Agency/node_modules/react/cjs/react.development.js:2667:24)
            at act (/Users/ppmtrue/Documents/GitHub/SelenIT-Digital-Agency/node_modules/react/cjs/react.development.js:2582:11)
            at /Users/ppmtrue/Documents/GitHub/SelenIT-Digital-Agency/node_modules/@testing-library/react/dist/act-compat.js:46:25
            at renderRoot (/Users/ppmtrue/Documents/GitHub/SelenIT-Digital-Agency/node_modules/@testing-library/react/dist/pure.js:189:26)
            at render (/Users/ppmtrue/Documents/GitHub/SelenIT-Digital-Agency/node_modules/@testing-library/react/dist/pure.js:291:10)
            at customRender (/Users/ppmtrue/Documents/GitHub/SelenIT-Digital-Agency/src/__tests__/utils/test-utils.tsx:13:18)
            at /Users/ppmtrue/Documents/GitHub/SelenIT-Digital-Agency/src/__tests__/components/ContactForm.enhanced.test.tsx:309:23
            at Object.<anonymous> (/Users/ppmtrue/Documents/GitHub/SelenIT-Digital-Agency/node_modules/expect/build/index.js:1824:9)
            at Object.throwingMatcher [as toThrow] (/Users/ppmtrue/Documents/GitHub/SelenIT-Digital-Agency/node_modules/expect/build/index.js:2235:93)
            at Object.toThrow (/Users/ppmtrue/Documents/GitHub/SelenIT-Digital-Agency/src/__tests__/components/ContactForm.enhanced.test.tsx:310:20)
            at Promise.finally.completed (/Users/ppmtrue/Documents/GitHub/SelenIT-Digital-Agency/node_modules/jest-circus/build/jestAdapterInit.js:1557:28)
            at new Promise (<anonymous>)
            at callAsyncCircusFn (/Users/ppmtrue/Documents/GitHub/SelenIT-Digital-Agency/node_modules/jest-circus/build/jestAdapterInit.js:1497:10)
            at _callCircusTest (/Users/ppmtrue/Documents/GitHub/SelenIT-Digital-Agency/node_modules/jest-circus/build/jestAdapterInit.js:1007:40)
            at _runTest (/Users/ppmtrue/Documents/GitHub/SelenIT-Digital-Agency/node_modules/jest-circus/build/jestAdapterInit.js:947:3)
            at /Users/ppmtrue/Documents/GitHub/SelenIT-Digital-Agency/node_modules/jest-circus/build/jestAdapterInit.js:849:7
            at _runTestsForDescribeBlock (/Users/ppmtrue/Documents/GitHub/SelenIT-Digital-Agency/node_modules/jest-circus/build/jestAdapterInit.js:862:11)
            at _runTestsForDescribeBlock (/Users/ppmtrue/Documents/GitHub/SelenIT-Digital-Agency/node_modules/jest-circus/build/jestAdapterInit.js:857:11)
            at _runTestsForDescribeBlock (/Users/ppmtrue/Documents/GitHub/SelenIT-Digital-Agency/node_modules/jest-circus/build/jestAdapterInit.js:857:11)
            at run (/Users/ppmtrue/Documents/GitHub/SelenIT-Digital-Agency/node_modules/jest-circus/build/jestAdapterInit.js:761:3)
            at runAndTransformResultsToJestFormat (/Users/ppmtrue/Documents/GitHub/SelenIT-Digital-Agency/node_modules/jest-circus/build/jestAdapterInit.js:1918:21)
            at jestAdapter (/Users/ppmtrue/Documents/GitHub/SelenIT-Digital-Agency/node_modules/jest-circus/build/runner.js:101:19)
            at runTestInternal (/Users/ppmtrue/Documents/GitHub/SelenIT-Digital-Agency/node_modules/jest-runner/build/testWorker.js:275:16)
            at runTest (/Users/ppmtrue/Documents/GitHub/SelenIT-Digital-Agency/node_modules/jest-runner/build/testWorker.js:343:7)
            at Object.worker (/Users/ppmtrue/Documents/GitHub/SelenIT-Digital-Agency/node_modules/jest-runner/build/testWorker.js:497:12),
        type: 'unhandled exception'
      }

      11 | // Custom render function
      12 | function customRender(ui: ReactElement, options?: Omit<RenderOptions, 'wrapper'>) {
    > 13 |     return render(ui, { wrapper: AllTheProviders, ...options });
         |                  ^
      14 | }
      15 |
      16 | // Setup user-event with custom render

      at VirtualConsole.<anonymous> (node_modules/@jest/environment-jsdom-abstract/build/index.js:87:23)
      at reportException (node_modules/jsdom/lib/jsdom/living/helpers/runtime-script-errors.js:70:28)
      at innerInvokeEventListeners (node_modules/jsdom/lib/jsdom/living/events/EventTarget-impl.js:353:9)
      at invokeEventListeners (node_modules/jsdom/lib/jsdom/living/events/EventTarget-impl.js:286:3)
      at HTMLUnknownElementImpl._dispatch (node_modules/jsdom/lib/jsdom/living/events/EventTarget-impl.js:233:9)
      at HTMLUnknownElementImpl.dispatchEvent (node_modules/jsdom/lib/jsdom/living/events/EventTarget-impl.js:104:17)
      at HTMLUnknownElement.dispatchEvent (node_modules/jsdom/lib/jsdom/living/generated/EventTarget.js:241:34)
      at Object.invokeGuardedCallbackDev (node_modules/react-dom/cjs/react-dom.development.js:4213:16)
      at invokeGuardedCallback (node_modules/react-dom/cjs/react-dom.development.js:4277:31)
      at beginWork$1 (node_modules/react-dom/cjs/react-dom.development.js:27490:7)
      at performUnitOfWork (node_modules/react-dom/cjs/react-dom.development.js:26599:12)
      at workLoopSync (node_modules/react-dom/cjs/react-dom.development.js:26505:5)
      at renderRootSync (node_modules/react-dom/cjs/react-dom.development.js:26473:7)
      at recoverFromConcurrentError (node_modules/react-dom/cjs/react-dom.development.js:25889:20)
      at performConcurrentWorkOnRoot (node_modules/react-dom/cjs/react-dom.development.js:25789:22)
      at flushActQueue (node_modules/react/cjs/react.development.js:2667:24)
      at act (node_modules/react/cjs/react.development.js:2582:11)
      at node_modules/@testing-library/react/dist/act-compat.js:46:25
      at renderRoot (node_modules/@testing-library/react/dist/pure.js:189:26)
      at render (node_modules/@testing-library/react/dist/pure.js:291:10)
      at customRender (src/__tests__/utils/test-utils.tsx:13:18)
      at src/__tests__/components/ContactForm.enhanced.test.tsx:309:23
      at Object.<anonymous> (node_modules/expect/build/index.js:1824:9)
      at Object.throwingMatcher [as toThrow] (node_modules/expect/build/index.js:2235:93)
      at Object.toThrow (src/__tests__/components/ContactForm.enhanced.test.tsx:310:20)

    console.error
      The above error occurred in the <TabSwitcher> component:
      
          at activeTab (/Users/ppmtrue/Documents/GitHub/SelenIT-Digital-Agency/src/components/ui/TabSwitcher.tsx:12:31)
          at div
          at div
          at lang (/Users/ppmtrue/Documents/GitHub/SelenIT-Digital-Agency/src/components/ContactForm.tsx:23:39)
          at children (/Users/ppmtrue/Documents/GitHub/SelenIT-Digital-Agency/src/components/providers/CookieConsentProvider.tsx:18:41)
          at children (/Users/ppmtrue/Documents/GitHub/SelenIT-Digital-Agency/src/__tests__/utils/test-utils.tsx:7:28)
      
      Consider adding an error boundary to your tree to customize error handling behavior.
      Visit https://reactjs.org/link/error-boundaries to learn more about error boundaries.

      11 | // Custom render function
      12 | function customRender(ui: ReactElement, options?: Omit<RenderOptions, 'wrapper'>) {
    > 13 |     return render(ui, { wrapper: AllTheProviders, ...options });
         |                  ^
      14 | }
      15 |
      16 | // Setup user-event with custom render

      at logCapturedError (node_modules/react-dom/cjs/react-dom.development.js:18704:23)
      at update.callback (node_modules/react-dom/cjs/react-dom.development.js:18737:5)
      at callCallback (node_modules/react-dom/cjs/react-dom.development.js:15036:12)
      at commitUpdateQueue (node_modules/react-dom/cjs/react-dom.development.js:15057:9)
      at commitLayoutEffectOnFiber (node_modules/react-dom/cjs/react-dom.development.js:23430:13)
      at commitLayoutMountEffects_complete (node_modules/react-dom/cjs/react-dom.development.js:24727:9)
      at commitLayoutEffects_begin (node_modules/react-dom/cjs/react-dom.development.js:24713:7)
      at commitLayoutEffects (node_modules/react-dom/cjs/react-dom.development.js:24651:3)
      at commitRootImpl (node_modules/react-dom/cjs/react-dom.development.js:26862:5)
      at commitRoot (node_modules/react-dom/cjs/react-dom.development.js:26721:5)
      at finishConcurrentRender (node_modules/react-dom/cjs/react-dom.development.js:25931:9)
      at performConcurrentWorkOnRoot (node_modules/react-dom/cjs/react-dom.development.js:25848:7)
      at flushActQueue (node_modules/react/cjs/react.development.js:2667:24)
      at act (node_modules/react/cjs/react.development.js:2582:11)
      at node_modules/@testing-library/react/dist/act-compat.js:46:25
      at renderRoot (node_modules/@testing-library/react/dist/pure.js:189:26)
      at render (node_modules/@testing-library/react/dist/pure.js:291:10)
      at customRender (src/__tests__/utils/test-utils.tsx:13:18)
      at src/__tests__/components/ContactForm.enhanced.test.tsx:309:23
      at Object.<anonymous> (node_modules/expect/build/index.js:1824:9)
      at Object.throwingMatcher [as toThrow] (node_modules/expect/build/index.js:2235:93)
      at Object.toThrow (src/__tests__/components/ContactForm.enhanced.test.tsx:310:20)

    console.error
      The above error occurred in the <ContactFormFields> component:
      
          at activeTab (/Users/ppmtrue/Documents/GitHub/SelenIT-Digital-Agency/src/components/ContactFormFields.tsx:17:5)
          at Suspense
          at form
          at div
          at div
          at lang (/Users/ppmtrue/Documents/GitHub/SelenIT-Digital-Agency/src/components/ContactForm.tsx:23:39)
          at children (/Users/ppmtrue/Documents/GitHub/SelenIT-Digital-Agency/src/components/providers/CookieConsentProvider.tsx:18:41)
          at children (/Users/ppmtrue/Documents/GitHub/SelenIT-Digital-Agency/src/__tests__/utils/test-utils.tsx:7:28)
      
      Consider adding an error boundary to your tree to customize error handling behavior.
      Visit https://reactjs.org/link/error-boundaries to learn more about error boundaries.

      11 | // Custom render function
      12 | function customRender(ui: ReactElement, options?: Omit<RenderOptions, 'wrapper'>) {
    > 13 |     return render(ui, { wrapper: AllTheProviders, ...options });
         |                  ^
      14 | }
      15 |
      16 | // Setup user-event with custom render

      at logCapturedError (node_modules/react-dom/cjs/react-dom.development.js:18704:23)
      at update.callback (node_modules/react-dom/cjs/react-dom.development.js:18737:5)
      at callCallback (node_modules/react-dom/cjs/react-dom.development.js:15036:12)
      at commitUpdateQueue (node_modules/react-dom/cjs/react-dom.development.js:15057:9)
      at commitLayoutEffectOnFiber (node_modules/react-dom/cjs/react-dom.development.js:23430:13)
      at commitLayoutMountEffects_complete (node_modules/react-dom/cjs/react-dom.development.js:24727:9)
      at commitLayoutEffects_begin (node_modules/react-dom/cjs/react-dom.development.js:24713:7)
      at commitLayoutEffects (node_modules/react-dom/cjs/react-dom.development.js:24651:3)
      at commitRootImpl (node_modules/react-dom/cjs/react-dom.development.js:26862:5)
      at commitRoot (node_modules/react-dom/cjs/react-dom.development.js:26721:5)
      at finishConcurrentRender (node_modules/react-dom/cjs/react-dom.development.js:25931:9)
      at performConcurrentWorkOnRoot (node_modules/react-dom/cjs/react-dom.development.js:25848:7)
      at flushActQueue (node_modules/react/cjs/react.development.js:2667:24)
      at act (node_modules/react/cjs/react.development.js:2582:11)
      at node_modules/@testing-library/react/dist/act-compat.js:46:25
      at renderRoot (node_modules/@testing-library/react/dist/pure.js:189:26)
      at render (node_modules/@testing-library/react/dist/pure.js:291:10)
      at customRender (src/__tests__/utils/test-utils.tsx:13:18)
      at src/__tests__/components/ContactForm.enhanced.test.tsx:309:23
      at Object.<anonymous> (node_modules/expect/build/index.js:1824:9)
      at Object.throwingMatcher [as toThrow] (node_modules/expect/build/index.js:2235:93)
      at Object.toThrow (src/__tests__/components/ContactForm.enhanced.test.tsx:310:20)

  ● ContactForm - Enhanced Testing › Form Functionality › renders form with all required fields

    expect(received).toBeInTheDocument()

    received value must be an HTMLElement or an SVGElement.
    Received has value: null

      19 |             render(<ContactForm lang="en" dict={mockContactFormDict} />);
      20 |
    > 21 |             expect(document.querySelector('[name="name"]')!).toBeInTheDocument();
         |                                                              ^
      22 |             expect(document.querySelector('[name="email"]')!).toBeInTheDocument();
      23 |             expect(document.querySelector('select[name="service"]')!).toBeInTheDocument();
      24 |             expect(document.querySelector('[name="message"]')!).toBeInTheDocument();

      at __EXTERNAL_MATCHER_TRAP__ (node_modules/expect/build/index.js:2240:22)
      at Object.throwingMatcher [as toBeInTheDocument] (node_modules/expect/build/index.js:2241:6)
      at Object.toBeInTheDocument (src/__tests__/components/ContactForm.enhanced.test.tsx:21:62)

  ● ContactForm - Enhanced Testing › Form Functionality › switches between message and callback tabs

    expect(element).not.toBeInTheDocument()

    expected document not to contain element, found <input class="w-full px-5 py-3.5 rounded-2xl bg-white/50 dark:bg-dark-900/40 border backdrop-blur-md transition-all outline-none border-slate-200 dark:border-white/10 text-slate-900 dark:text-white focus:border-primary-500/50 dark:focus:border-primary-500/50 shadow-sm " id="email" name="email" placeholder="jane@company.com" type="email" value="" /> instead

      37 |
      38 |             expect(screen.getByLabelText(/Phone/i)).toBeInTheDocument();
    > 39 |             expect(screen.queryByLabelText(/Email/i)).not.toBeInTheDocument();
         |                                                           ^
      40 |         });
      41 |
      42 |         it('shows validation errors for required fields', async () => {

      at Object.toBeInTheDocument (src/__tests__/components/ContactForm.enhanced.test.tsx:39:59)

  ● ContactForm - Enhanced Testing › Form Functionality › allows sending another message after success

    Unable to find an element with the text: Thank you!. This could be because the text is broken up by multiple elements. In this case, you can provide a function for your text matcher to make your matcher more flexible.

    Ignored nodes: comments, script, style
    [36m<body>[39m
      [36m<div>[39m
        [36m<div[39m
          [33mclass[39m=[32m"contact-form p-4 sm:p-6 lg:p-10 shadow-2xl relative overflow-hidden group/card transition-all duration-500 overflow-x-hidden"[39m
        [36m>[39m
          [36m<div[39m
            [33mclass[39m=[32m"space-y-8 relative z-10"[39m
          [36m>[39m
            [36m<div[39m
              [33mclass[39m=[32m"flex p-1 bg-slate-200/50 dark:bg-dark-950/40 backdrop-blur-sm rounded-2xl w-full max-w-md mx-auto relative border border-slate-300/30 dark:border-white/5"[39m
            [36m>[39m
              [36m<div[39m
                [33mclass[39m=[32m"absolute top-1 bottom-1 rounded-xl bg-white dark:bg-dark-800 shadow-md border border-slate-200/50 dark:border-white/5"[39m
                [33mstyle[39m=[32m"width: calc(50% - 4px);"[39m
              [36m/>[39m
              [36m<button[39m
                [33mclass[39m=[32m"relative flex-1 py-2.5 text-xs sm:text-sm font-bold rounded-xl transition-all duration-300 z-10 text-primary-600 dark:text-primary-400"[39m
                [33mtype[39m=[32m"button"[39m
              [36m>[39m
                [0mSend a message[0m
              [36m</button>[39m
              [36m<button[39m
                [33mclass[39m=[32m"relative flex-1 py-2.5 text-xs sm:text-sm font-bold rounded-xl transition-all duration-300 z-10 text-slate-500 dark:text-dark-500 hover:text-slate-700 dark:hover:text-dark-300"[39m
                [33mtype[39m=[32m"button"[39m
              [36m>[39m
                [0mRequest a callback[0m
              [36m</button>[39m
            [36m</div>[39m
            [36m<form[39m
              [33maria-live[39m=[32m"polite"[39m
              [33mclass[39m=[32m"form-grid grid grid-cols-1 md:grid-cols-2 gap-x-4 sm:gap-x-6 gap-y-4 sm:gap-y-6"[39m
              [33mnovalidate[39m=[32m""[39m
            [36m>[39m
              [36m<div[39m
                [33maria-hidden[39m=[32m"true"[39m
                [33mclass[39m=[32m"hidden"[39m
              [36m>[39m
                [36m<input[39m
                  [33mautocomplete[39m=[32m"off"[39m
                  [33mname[39m=[32m"website"[39m
                  [33mreadonly[39m=[32m""[39m
                  [33mtabindex[39m=[32m"-1"[39m
                  [33mtype[39m=[32m"text"[39m
                  [33mvalue[39m=[32m""[39m
                [36m/>[39m
              [36m</div>[39m
              [36m<div[39m
                [33mclass[39m=[32m"col-span-1 md:col-span-2 grid grid-cols-1 md:grid-cols-2 gap-x-6 gap-y-7"[39m
              [36m>[39m
                [36m<div[39m
                  [33mclass[39m=[32m"group/input "[39m
                [36m>[39m
                  [36m<label[39m
                    [33mclass[39m=[32m"block text-xs font-bold text-slate-500 dark:text-dark-500 uppercase tracking-[0.15em] mb-2.5 transition-colors group-focus-within/input:text-primary-500"[39m
                    [33mfor[39m=[32m"name"[39m
                  [36m>[39m
                    [0mFull Name[0m
                    [36m<span[39m
                      [33mclass[39m=[32m"text-red-500"[39m
                    [36m>[39m
                      [0m *[0m
                    [36m</span>[39m
                  [36m</label>[39m
                  [36m<input[39m
                    [33mclass[39m=[32m"w-full px-5 py-3.5 rounded-2xl bg-white/50 dark:bg-dark-900/40 border backdrop-blur-md transition-all outline-none border-slate-200 dark:border-white/10 text-slate-900 dark:text-white focus:border-primary-500/50 dark:focus:border-primary-500/50 shadow-sm "[39m
                    [33mid[39m=[32m"name"[39m
                    [33mname[39m=[32m"name"[39m
                    [33mplaceholder[39m=[32m"Jane Doe"[39m
                    [33mvalue[39m=[32m"John Doe"[39m
                  [36m/>[39m
                [36m</div>[39m
                [36m<div[39m
                  [33mclass[39m=[32m"group/input "[39m
                [36m>[39m
                  [36m<label[39m
                    [33mclass[39m=[32m"block text-xs font-bold text-slate-500 dark:text-dark-500 uppercase tracking-[0.15em] mb-2.5 transition-colors group-focus-within/input:text-primary-500"[39m
                    [33mfor[39m=[32m"email"[39m
                  [36m>[39m
                    [0mEmail[0m
                    [36m<span[39m
                      [33mclass[39m=[32m"text-red-500"[39m
                    [36m>[39m
                      [0m *[0m
                    [36m</span>[39m
                  [36m</label>[39m
                  [36m<input[39m
                    [33mclass[39m=[32m"w-full px-5 py-3.5 rounded-2xl bg-white/50 dark:bg-dark-900/40 border backdrop-blur-md transition-all outline-none border-slate-200 dark:border-white/10 text-slate-900 dark:text-white focus:border-primary-500/50 dark:focus:border-primary-500/50 shadow-sm "[39m
                    [33mid[39m=[32m"email"[39m
                    [33mname[39m=[32m"email"[39m
                    [33mplaceholder[39m=[32m"jane@company.com"[39m
                    [33mtype[39m=[32m"email"[39m
                    [33mvalue[39m=[32m"john@example.com"[39m
                  [36m/>[39m
                [36m</div>[39m
                [36m<div[39m
                  [33mclass[39m=[32m"group/input "[39m
                [36m>[39m
                  [36m<label[39m
                    [33mclass[39m=[32m"block text-xs font-bold text-slate-500 dark:text-dark-500 uppercase tracking-[0.15em] mb-2.5 transition-colors group-focus-within/input:text-primary-500"[39m
                    [33mfor[39m=[32m"company"[39m
                  [36m>[39m
                    [0mCompany[0m
                  [36m</label>[39m
                  [36m<input[39m
                    [33mclass[39m=[32m"w-full px-5 py-3.5 rounded-2xl bg-white/50 dark:bg-dark-900/40 border backdrop-blur-md transition-all outline-none border-slate-200 dark:border-white/10 text-slate-900 dark:text-white focus:border-primary-500/50 dark:focus:border-primary-500/50 shadow-sm "[39m
                    [33mid[39m=[32m"company"[39m
                    [33mname[39m=[32m"company"[39m
                    [33mplaceholder[39m=[32m"Your company name"[39m
                    [33mvalue[39m=[32m""[39m
                  [36m/>[39m
                [36m</div>[39m
                [36m<div[39m
                  [33mclass[39m=[32m"group/input "[39m
                [36m>[39m
                  [36m<label[39m
                    [33mclass[39m=[32m"block text-xs font-bold text-slate-500 dark:text-dark-500 uppercase tracking-[0.15em] mb-2.5 transition-colors group-focus-within/input:text-primary-500"[39m
                    [33mfor[39m=[32m"service"[39m
                  [36m>[39m
                    [0mService[0m
                    [36m<span[39m
                      [33mclass[39m=[32m"text-red-500"[39m
                    [36m>[39m
                      [0m *[0m
                    [36m</span>[39m
                  [36m</label>[39m
                  [36m<div[39m
                    [33mclass[39m=[32m"relative"[39m
                  [36m>[39m
                    [36m<select[39m
                      [33mclass[39m=[32m"w-full min-w-[200px] px...

      93 |
      94 |             // Wait for success message
    > 95 |             await waitFor(() => {
         |                          ^
      96 |                 expect(screen.getByText('Thank you!')).toBeInTheDocument();
      97 |             });
      98 |

      at waitForWrapper (node_modules/@testing-library/dom/dist/wait-for.js:163:27)
      at Object.<anonymous> (src/__tests__/components/ContactForm.enhanced.test.tsx:95:26)

  ● ContactForm - Enhanced Testing › Accessibility › has proper form structure

    expect(element).toHaveAttribute("rows", "5") // element.getAttribute("rows") === "5"

    Expected the element to have attribute:
      rows="5"
    Received:
      rows="4"

      213 |             expect(document.querySelector('[name="name"]')!.getAttribute('type') || 'text').toBe('text');
      214 |             expect(document.querySelector('[name="email"]')!).toHaveAttribute('type', 'email');
    > 215 |             expect(document.querySelector('[name="message"]')!).toHaveAttribute('rows', '5');
          |                                                                 ^
      216 |         });
      217 |
      218 |         it('indicates required fields', () => {

      at Object.toHaveAttribute (src/__tests__/components/ContactForm.enhanced.test.tsx:215:65)

  ● ContactForm - Enhanced Testing › Edge Cases › handles empty dictionary gracefully

    expect(received).not.toThrow()

    Error name:    "TypeError"
    Error message: "Cannot read properties of undefined (reading 'message')"

          32 |                 }`}
          33 |             >
        > 34 |                 {tabs.message}
             |                       ^
          35 |             </button>
          36 |             <button
          37 |                 type="button"

      at message (src/components/ui/TabSwitcher.tsx:34:23)
      at renderWithHooks (node_modules/react-dom/cjs/react-dom.development.js:15486:18)
      at mountIndeterminateComponent (node_modules/react-dom/cjs/react-dom.development.js:20103:13)
      at beginWork (node_modules/react-dom/cjs/react-dom.development.js:21626:16)
      at beginWork$1 (node_modules/react-dom/cjs/react-dom.development.js:27465:14)
      at performUnitOfWork (node_modules/react-dom/cjs/react-dom.development.js:26599:12)
      at workLoopSync (node_modules/react-dom/cjs/react-dom.development.js:26505:5)
      at renderRootSync (node_modules/react-dom/cjs/react-dom.development.js:26473:7)
      at recoverFromConcurrentError (node_modules/react-dom/cjs/react-dom.development.js:25889:20)
      at performConcurrentWorkOnRoot (node_modules/react-dom/cjs/react-dom.development.js:25789:22)
      at flushActQueue (node_modules/react/cjs/react.development.js:2667:24)
      at act (node_modules/react/cjs/react.development.js:2582:11)
      at node_modules/@testing-library/react/dist/act-compat.js:46:25
      at renderRoot (node_modules/@testing-library/react/dist/pure.js:189:26)
      at render (node_modules/@testing-library/react/dist/pure.js:291:10)
      at customRender (src/__tests__/utils/test-utils.tsx:13:18)
      at src/__tests__/components/ContactForm.enhanced.test.tsx:309:23
      at Object.<anonymous> (node_modules/expect/build/index.js:1824:9)
      at Object.throwingMatcher [as toThrow] (node_modules/expect/build/index.js:2235:93)
      at Object.toThrow (src/__tests__/components/ContactForm.enhanced.test.tsx:310:20)
      at Object.toThrow (src/__tests__/components/ContactForm.enhanced.test.tsx:310:20)

Summary of all failing tests
FAIL src/__tests__/hooks/useContactForm.test.tsx
  ● useContactForm Hook › Edge Cases › should handle multiple rapid submissions

    expect(jest.fn()).toHaveBeenCalledTimes(expected)

    Expected number of calls: 1
    Received number of calls: 3

      512 |
      513 |             expect(result.current.isSubmitted).toBe(true);
    > 514 |             expect(mockOnSubmit).toHaveBeenCalledTimes(1);
          |                                  ^
      515 |         });
      516 |     });
      517 | });

      at Object.toHaveBeenCalledTimes (src/__tests__/hooks/useContactForm.test.tsx:514:34)

FAIL src/__tests__/components/layout/Header.test.tsx
  ● Header › renders header correctly

    TypeError: Cannot read properties of undefined (reading 'label')

      28 |         {
      29 |             href: `/${lang}/services/branding`,
    > 30 |             label: servicesMenu.branding.label,
         |                                          ^
      31 |             description: servicesMenu.branding.description,
      32 |         },
      33 |         {

      at label (src/hooks/useNavigationLogic.ts:30:42)
      at Header (src/components/layout/Header.tsx:53:27)
      at renderWithHooks (node_modules/react-dom/cjs/react-dom.development.js:15486:18)
      at mountIndeterminateComponent (node_modules/react-dom/cjs/react-dom.development.js:20103:13)
      at beginWork (node_modules/react-dom/cjs/react-dom.development.js:21626:16)
      at beginWork$1 (node_modules/react-dom/cjs/react-dom.development.js:27465:14)
      at performUnitOfWork (node_modules/react-dom/cjs/react-dom.development.js:26599:12)
      at workLoopSync (node_modules/react-dom/cjs/react-dom.development.js:26505:5)
      at renderRootSync (node_modules/react-dom/cjs/react-dom.development.js:26473:7)
      at recoverFromConcurrentError (node_modules/react-dom/cjs/react-dom.development.js:25889:20)
      at performConcurrentWorkOnRoot (node_modules/react-dom/cjs/react-dom.development.js:25789:22)
      at flushActQueue (node_modules/react/cjs/react.development.js:2667:24)
      at act (node_modules/react/cjs/react.development.js:2582:11)
      at node_modules/@testing-library/react/dist/act-compat.js:46:25
      at renderRoot (node_modules/@testing-library/react/dist/pure.js:189:26)
      at render (node_modules/@testing-library/react/dist/pure.js:291:10)
      at Object.<anonymous> (src/__tests__/components/layout/Header.test.tsx:153:15)

  ● Header › renders mobile menu button

    TypeError: Cannot read properties of undefined (reading 'label')

      28 |         {
      29 |             href: `/${lang}/services/branding`,
    > 30 |             label: servicesMenu.branding.label,
         |                                          ^
      31 |             description: servicesMenu.branding.description,
      32 |         },
      33 |         {

      at label (src/hooks/useNavigationLogic.ts:30:42)
      at Header (src/components/layout/Header.tsx:53:27)
      at renderWithHooks (node_modules/react-dom/cjs/react-dom.development.js:15486:18)
      at mountIndeterminateComponent (node_modules/react-dom/cjs/react-dom.development.js:20103:13)
      at beginWork (node_modules/react-dom/cjs/react-dom.development.js:21626:16)
      at beginWork$1 (node_modules/react-dom/cjs/react-dom.development.js:27465:14)
      at performUnitOfWork (node_modules/react-dom/cjs/react-dom.development.js:26599:12)
      at workLoopSync (node_modules/react-dom/cjs/react-dom.development.js:26505:5)
      at renderRootSync (node_modules/react-dom/cjs/react-dom.development.js:26473:7)
      at recoverFromConcurrentError (node_modules/react-dom/cjs/react-dom.development.js:25889:20)
      at performConcurrentWorkOnRoot (node_modules/react-dom/cjs/react-dom.development.js:25789:22)
      at flushActQueue (node_modules/react/cjs/react.development.js:2667:24)
      at act (node_modules/react/cjs/react.development.js:2582:11)
      at node_modules/@testing-library/react/dist/act-compat.js:46:25
      at renderRoot (node_modules/@testing-library/react/dist/pure.js:189:26)
      at render (node_modules/@testing-library/react/dist/pure.js:291:10)
      at Object.<anonymous> (src/__tests__/components/layout/Header.test.tsx:161:15)

  ● Header › renders desktop navigation

    TypeError: Cannot read properties of undefined (reading 'label')

      28 |         {
      29 |             href: `/${lang}/services/branding`,
    > 30 |             label: servicesMenu.branding.label,
         |                                          ^
      31 |             description: servicesMenu.branding.description,
      32 |         },
      33 |         {

      at label (src/hooks/useNavigationLogic.ts:30:42)
      at Header (src/components/layout/Header.tsx:53:27)
      at renderWithHooks (node_modules/react-dom/cjs/react-dom.development.js:15486:18)
      at mountIndeterminateComponent (node_modules/react-dom/cjs/react-dom.development.js:20103:13)
      at beginWork (node_modules/react-dom/cjs/react-dom.development.js:21626:16)
      at beginWork$1 (node_modules/react-dom/cjs/react-dom.development.js:27465:14)
      at performUnitOfWork (node_modules/react-dom/cjs/react-dom.development.js:26599:12)
      at workLoopSync (node_modules/react-dom/cjs/react-dom.development.js:26505:5)
      at renderRootSync (node_modules/react-dom/cjs/react-dom.development.js:26473:7)
      at recoverFromConcurrentError (node_modules/react-dom/cjs/react-dom.development.js:25889:20)
      at performConcurrentWorkOnRoot (node_modules/react-dom/cjs/react-dom.development.js:25789:22)
      at flushActQueue (node_modules/react/cjs/react.development.js:2667:24)
      at act (node_modules/react/cjs/react.development.js:2582:11)
      at node_modules/@testing-library/react/dist/act-compat.js:46:25
      at renderRoot (node_modules/@testing-library/react/dist/pure.js:189:26)
      at render (node_modules/@testing-library/react/dist/pure.js:291:10)
      at Object.<anonymous> (src/__tests__/components/layout/Header.test.tsx:168:15)

  ● Header › renders correct links for English locale

    TypeError: Cannot read properties of undefined (reading 'label')

      28 |         {
      29 |             href: `/${lang}/services/branding`,
    > 30 |             label: servicesMenu.branding.label,
         |                                          ^
      31 |             description: servicesMenu.branding.description,
      32 |         },
      33 |         {

      at label (src/hooks/useNavigationLogic.ts:30:42)
      at Header (src/components/layout/Header.tsx:53:27)
      at renderWithHooks (node_modules/react-dom/cjs/react-dom.development.js:15486:18)
      at mountIndeterminateComponent (node_modules/react-dom/cjs/react-dom.development.js:20103:13)
      at beginWork (node_modules/react-dom/cjs/react-dom.development.js:21626:16)
      at beginWork$1 (node_modules/react-dom/cjs/react-dom.development.js:27465:14)
      at performUnitOfWork (node_modules/react-dom/cjs/react-dom.development.js:26599:12)
      at workLoopSync (node_modules/react-dom/cjs/react-dom.development.js:26505:5)
      at renderRootSync (node_modules/react-dom/cjs/react-dom.development.js:26473:7)
      at recoverFromConcurrentError (node_modules/react-dom/cjs/react-dom.development.js:25889:20)
      at performConcurrentWorkOnRoot (node_modules/react-dom/cjs/react-dom.development.js:25789:22)
      at flushActQueue (node_modules/react/cjs/react.development.js:2667:24)
      at act (node_modules/react/cjs/react.development.js:2582:11)
      at node_modules/@testing-library/react/dist/act-compat.js:46:25
      at renderRoot (node_modules/@testing-library/react/dist/pure.js:189:26)
      at render (node_modules/@testing-library/react/dist/pure.js:291:10)
      at Object.<anonymous> (src/__tests__/components/layout/Header.test.tsx:179:15)

  ● Header › applies scrolled class when scrolled

    TypeError: Cannot read properties of undefined (reading 'label')

      28 |         {
      29 |             href: `/${lang}/services/branding`,
    > 30 |             label: servicesMenu.branding.label,
         |                                          ^
      31 |             description: servicesMenu.branding.description,
      32 |         },
      33 |         {

      at label (src/hooks/useNavigationLogic.ts:30:42)
      at Header (src/components/layout/Header.tsx:53:27)
      at renderWithHooks (node_modules/react-dom/cjs/react-dom.development.js:15486:18)
      at mountIndeterminateComponent (node_modules/react-dom/cjs/react-dom.development.js:20103:13)
      at beginWork (node_modules/react-dom/cjs/react-dom.development.js:21626:16)
      at beginWork$1 (node_modules/react-dom/cjs/react-dom.development.js:27465:14)
      at performUnitOfWork (node_modules/react-dom/cjs/react-dom.development.js:26599:12)
      at workLoopSync (node_modules/react-dom/cjs/react-dom.development.js:26505:5)
      at renderRootSync (node_modules/react-dom/cjs/react-dom.development.js:26473:7)
      at recoverFromConcurrentError (node_modules/react-dom/cjs/react-dom.development.js:25889:20)
      at performConcurrentWorkOnRoot (node_modules/react-dom/cjs/react-dom.development.js:25789:22)
      at flushActQueue (node_modules/react/cjs/react.development.js:2667:24)
      at act (node_modules/react/cjs/react.development.js:2582:11)
      at node_modules/@testing-library/react/dist/act-compat.js:46:25
      at renderRoot (node_modules/@testing-library/react/dist/pure.js:189:26)
      at render (node_modules/@testing-library/react/dist/pure.js:291:10)
      at Object.<anonymous> (src/__tests__/components/layout/Header.test.tsx:202:15)

  ● Header › does not apply scrolled class when not scrolled

    TypeError: Cannot read properties of undefined (reading 'label')

      28 |         {
      29 |             href: `/${lang}/services/branding`,
    > 30 |             label: servicesMenu.branding.label,
         |                                          ^
      31 |             description: servicesMenu.branding.description,
      32 |         },
      33 |         {

      at label (src/hooks/useNavigationLogic.ts:30:42)
      at Header (src/components/layout/Header.tsx:53:27)
      at renderWithHooks (node_modules/react-dom/cjs/react-dom.development.js:15486:18)
      at mountIndeterminateComponent (node_modules/react-dom/cjs/react-dom.development.js:20103:13)
      at beginWork (node_modules/react-dom/cjs/react-dom.development.js:21626:16)
      at beginWork$1 (node_modules/react-dom/cjs/react-dom.development.js:27465:14)
      at performUnitOfWork (node_modules/react-dom/cjs/react-dom.development.js:26599:12)
      at workLoopSync (node_modules/react-dom/cjs/react-dom.development.js:26505:5)
      at renderRootSync (node_modules/react-dom/cjs/react-dom.development.js:26473:7)
      at recoverFromConcurrentError (node_modules/react-dom/cjs/react-dom.development.js:25889:20)
      at performConcurrentWorkOnRoot (node_modules/react-dom/cjs/react-dom.development.js:25789:22)
      at flushActQueue (node_modules/react/cjs/react.development.js:2667:24)
      at act (node_modules/react/cjs/react.development.js:2582:11)
      at node_modules/@testing-library/react/dist/act-compat.js:46:25
      at renderRoot (node_modules/@testing-library/react/dist/pure.js:189:26)
      at render (node_modules/@testing-library/react/dist/pure.js:291:10)
      at Object.<anonymous> (src/__tests__/components/layout/Header.test.tsx:209:15)

  ● Header › renders mobile menu when open

    TypeError: Cannot read properties of undefined (reading 'label')

      28 |         {
      29 |             href: `/${lang}/services/branding`,
    > 30 |             label: servicesMenu.branding.label,
         |                                          ^
      31 |             description: servicesMenu.branding.description,
      32 |         },
      33 |         {

      at label (src/hooks/useNavigationLogic.ts:30:42)
      at Header (src/components/layout/Header.tsx:53:27)
      at renderWithHooks (node_modules/react-dom/cjs/react-dom.development.js:15486:18)
      at mountIndeterminateComponent (node_modules/react-dom/cjs/react-dom.development.js:20103:13)
      at beginWork (node_modules/react-dom/cjs/react-dom.development.js:21626:16)
      at beginWork$1 (node_modules/react-dom/cjs/react-dom.development.js:27465:14)
      at performUnitOfWork (node_modules/react-dom/cjs/react-dom.development.js:26599:12)
      at workLoopSync (node_modules/react-dom/cjs/react-dom.development.js:26505:5)
      at renderRootSync (node_modules/react-dom/cjs/react-dom.development.js:26473:7)
      at recoverFromConcurrentError (node_modules/react-dom/cjs/react-dom.development.js:25889:20)
      at performConcurrentWorkOnRoot (node_modules/react-dom/cjs/react-dom.development.js:25789:22)
      at flushActQueue (node_modules/react/cjs/react.development.js:2667:24)
      at act (node_modules/react/cjs/react.development.js:2582:11)
      at node_modules/@testing-library/react/dist/act-compat.js:46:25
      at renderRoot (node_modules/@testing-library/react/dist/pure.js:189:26)
      at render (node_modules/@testing-library/react/dist/pure.js:291:10)
      at Object.<anonymous> (src/__tests__/components/layout/Header.test.tsx:230:15)

  ● Header › does not render mobile menu when closed

    TypeError: Cannot read properties of undefined (reading 'label')

      28 |         {
      29 |             href: `/${lang}/services/branding`,
    > 30 |             label: servicesMenu.branding.label,
         |                                          ^
      31 |             description: servicesMenu.branding.description,
      32 |         },
      33 |         {

      at label (src/hooks/useNavigationLogic.ts:30:42)
      at Header (src/components/layout/Header.tsx:53:27)
      at renderWithHooks (node_modules/react-dom/cjs/react-dom.development.js:15486:18)
      at mountIndeterminateComponent (node_modules/react-dom/cjs/react-dom.development.js:20103:13)
      at beginWork (node_modules/react-dom/cjs/react-dom.development.js:21626:16)
      at beginWork$1 (node_modules/react-dom/cjs/react-dom.development.js:27465:14)
      at performUnitOfWork (node_modules/react-dom/cjs/react-dom.development.js:26599:12)
      at workLoopSync (node_modules/react-dom/cjs/react-dom.development.js:26505:5)
      at renderRootSync (node_modules/react-dom/cjs/react-dom.development.js:26473:7)
      at recoverFromConcurrentError (node_modules/react-dom/cjs/react-dom.development.js:25889:20)
      at performConcurrentWorkOnRoot (node_modules/react-dom/cjs/react-dom.development.js:25789:22)
      at flushActQueue (node_modules/react/cjs/react.development.js:2667:24)
      at act (node_modules/react/cjs/react.development.js:2582:11)
      at node_modules/@testing-library/react/dist/act-compat.js:46:25
      at renderRoot (node_modules/@testing-library/react/dist/pure.js:189:26)
      at render (node_modules/@testing-library/react/dist/pure.js:291:10)
      at Object.<anonymous> (src/__tests__/components/layout/Header.test.tsx:240:15)

  ● Header › calls toggleMobileMenu when mobile menu button is clicked

    TypeError: Cannot read properties of undefined (reading 'label')

      28 |         {
      29 |             href: `/${lang}/services/branding`,
    > 30 |             label: servicesMenu.branding.label,
         |                                          ^
      31 |             description: servicesMenu.branding.description,
      32 |         },
      33 |         {

      at label (src/hooks/useNavigationLogic.ts:30:42)
      at Header (src/components/layout/Header.tsx:53:27)
      at renderWithHooks (node_modules/react-dom/cjs/react-dom.development.js:15486:18)
      at mountIndeterminateComponent (node_modules/react-dom/cjs/react-dom.development.js:20103:13)
      at beginWork (node_modules/react-dom/cjs/react-dom.development.js:21626:16)
      at beginWork$1 (node_modules/react-dom/cjs/react-dom.development.js:27465:14)
      at performUnitOfWork (node_modules/react-dom/cjs/react-dom.development.js:26599:12)
      at workLoopSync (node_modules/react-dom/cjs/react-dom.development.js:26505:5)
      at renderRootSync (node_modules/react-dom/cjs/react-dom.development.js:26473:7)
      at recoverFromConcurrentError (node_modules/react-dom/cjs/react-dom.development.js:25889:20)
      at performConcurrentWorkOnRoot (node_modules/react-dom/cjs/react-dom.development.js:25789:22)
      at flushActQueue (node_modules/react/cjs/react.development.js:2667:24)
      at act (node_modules/react/cjs/react.development.js:2582:11)
      at node_modules/@testing-library/react/dist/act-compat.js:46:25
      at renderRoot (node_modules/@testing-library/react/dist/pure.js:189:26)
      at render (node_modules/@testing-library/react/dist/pure.js:291:10)
      at Object.<anonymous> (src/__tests__/components/layout/Header.test.tsx:262:15)

  ● Header › handles different languages correctly

    TypeError: Cannot read properties of undefined (reading 'label')

      28 |         {
      29 |             href: `/${lang}/services/branding`,
    > 30 |             label: servicesMenu.branding.label,
         |                                          ^
      31 |             description: servicesMenu.branding.description,
      32 |         },
      33 |         {

      at label (src/hooks/useNavigationLogic.ts:30:42)
      at Header (src/components/layout/Header.tsx:53:27)
      at renderWithHooks (node_modules/react-dom/cjs/react-dom.development.js:15486:18)
      at mountIndeterminateComponent (node_modules/react-dom/cjs/react-dom.development.js:20103:13)
      at beginWork (node_modules/react-dom/cjs/react-dom.development.js:21626:16)
      at beginWork$1 (node_modules/react-dom/cjs/react-dom.development.js:27465:14)
      at performUnitOfWork (node_modules/react-dom/cjs/react-dom.development.js:26599:12)
      at workLoopSync (node_modules/react-dom/cjs/react-dom.development.js:26505:5)
      at renderRootSync (node_modules/react-dom/cjs/react-dom.development.js:26473:7)
      at recoverFromConcurrentError (node_modules/react-dom/cjs/react-dom.development.js:25889:20)
      at performConcurrentWorkOnRoot (node_modules/react-dom/cjs/react-dom.development.js:25789:22)
      at flushActQueue (node_modules/react/cjs/react.development.js:2667:24)
      at act (node_modules/react/cjs/react.development.js:2582:11)
      at node_modules/@testing-library/react/dist/act-compat.js:46:25
      at renderRoot (node_modules/@testing-library/react/dist/pure.js:189:26)
      at render (node_modules/@testing-library/react/dist/pure.js:291:10)
      at Object.<anonymous> (src/__tests__/components/layout/Header.test.tsx:276:15)

  ● Header › handles empty services sublinks gracefully

    TypeError: Cannot read properties of undefined (reading 'label')

      28 |         {
      29 |             href: `/${lang}/services/branding`,
    > 30 |             label: servicesMenu.branding.label,
         |                                          ^
      31 |             description: servicesMenu.branding.description,
      32 |         },
      33 |         {

      at label (src/hooks/useNavigationLogic.ts:30:42)
      at Header (src/components/layout/Header.tsx:53:27)
      at renderWithHooks (node_modules/react-dom/cjs/react-dom.development.js:15486:18)
      at mountIndeterminateComponent (node_modules/react-dom/cjs/react-dom.development.js:20103:13)
      at beginWork (node_modules/react-dom/cjs/react-dom.development.js:21626:16)
      at beginWork$1 (node_modules/react-dom/cjs/react-dom.development.js:27465:14)
      at performUnitOfWork (node_modules/react-dom/cjs/react-dom.development.js:26599:12)
      at workLoopSync (node_modules/react-dom/cjs/react-dom.development.js:26505:5)
      at renderRootSync (node_modules/react-dom/cjs/react-dom.development.js:26473:7)
      at recoverFromConcurrentError (node_modules/react-dom/cjs/react-dom.development.js:25889:20)
      at performConcurrentWorkOnRoot (node_modules/react-dom/cjs/react-dom.development.js:25789:22)
      at flushActQueue (node_modules/react/cjs/react.development.js:2667:24)
      at act (node_modules/react/cjs/react.development.js:2582:11)
      at node_modules/@testing-library/react/dist/act-compat.js:46:25
      at renderRoot (node_modules/@testing-library/react/dist/pure.js:189:26)
      at render (node_modules/@testing-library/react/dist/pure.js:291:10)
      at Object.<anonymous> (src/__tests__/components/layout/Header.test.tsx:285:15)

  ● Header › handles missing dict gracefully

    TypeError: Cannot read properties of undefined (reading 'nav')

      21 |     const [isDesktopServicesOpen, setIsDesktopServicesOpen] = useState(false);
      22 |     const pathname = usePathname();
    > 23 |     const navDict = dict.common.nav;
         |                                 ^
      24 |     const headerDict = dict.common.header;
      25 |     const servicesMenu = dict.services.menuLinks;
      26 |

      at nav (src/hooks/useNavigationLogic.ts:23:33)
      at Header (src/components/layout/Header.tsx:53:27)
      at renderWithHooks (node_modules/react-dom/cjs/react-dom.development.js:15486:18)
      at mountIndeterminateComponent (node_modules/react-dom/cjs/react-dom.development.js:20103:13)
      at beginWork (node_modules/react-dom/cjs/react-dom.development.js:21626:16)
      at beginWork$1 (node_modules/react-dom/cjs/react-dom.development.js:27465:14)
      at performUnitOfWork (node_modules/react-dom/cjs/react-dom.development.js:26599:12)
      at workLoopSync (node_modules/react-dom/cjs/react-dom.development.js:26505:5)
      at renderRootSync (node_modules/react-dom/cjs/react-dom.development.js:26473:7)
      at recoverFromConcurrentError (node_modules/react-dom/cjs/react-dom.development.js:25889:20)
      at performConcurrentWorkOnRoot (node_modules/react-dom/cjs/react-dom.development.js:25789:22)
      at flushActQueue (node_modules/react/cjs/react.development.js:2667:24)
      at act (node_modules/react/cjs/react.development.js:2582:11)
      at node_modules/@testing-library/react/dist/act-compat.js:46:25
      at renderRoot (node_modules/@testing-library/react/dist/pure.js:189:26)
      at render (node_modules/@testing-library/react/dist/pure.js:291:10)
      at Object.<anonymous> (src/__tests__/components/layout/Header.test.tsx:292:15)

  ● Header › applies correct CSS classes for animations

    TypeError: Cannot read properties of undefined (reading 'label')

      28 |         {
      29 |             href: `/${lang}/services/branding`,
    > 30 |             label: servicesMenu.branding.label,
         |                                          ^
      31 |             description: servicesMenu.branding.description,
      32 |         },
      33 |         {

      at label (src/hooks/useNavigationLogic.ts:30:42)
      at Header (src/components/layout/Header.tsx:53:27)
      at renderWithHooks (node_modules/react-dom/cjs/react-dom.development.js:15486:18)
      at mountIndeterminateComponent (node_modules/react-dom/cjs/react-dom.development.js:20103:13)
      at beginWork (node_modules/react-dom/cjs/react-dom.development.js:21626:16)
      at beginWork$1 (node_modules/react-dom/cjs/react-dom.development.js:27465:14)
      at performUnitOfWork (node_modules/react-dom/cjs/react-dom.development.js:26599:12)
      at workLoopSync (node_modules/react-dom/cjs/react-dom.development.js:26505:5)
      at renderRootSync (node_modules/react-dom/cjs/react-dom.development.js:26473:7)
      at recoverFromConcurrentError (node_modules/react-dom/cjs/react-dom.development.js:25889:20)
      at performConcurrentWorkOnRoot (node_modules/react-dom/cjs/react-dom.development.js:25789:22)
      at flushActQueue (node_modules/react/cjs/react.development.js:2667:24)
      at act (node_modules/react/cjs/react.development.js:2582:11)
      at node_modules/@testing-library/react/dist/act-compat.js:46:25
      at renderRoot (node_modules/@testing-library/react/dist/pure.js:189:26)
      at render (node_modules/@testing-library/react/dist/pure.js:291:10)
      at Object.<anonymous> (src/__tests__/components/layout/Header.test.tsx:299:15)

  ● Header › renders with correct accessibility attributes

    TypeError: Cannot read properties of undefined (reading 'label')

      28 |         {
      29 |             href: `/${lang}/services/branding`,
    > 30 |             label: servicesMenu.branding.label,
         |                                          ^
      31 |             description: servicesMenu.branding.description,
      32 |         },
      33 |         {

      at label (src/hooks/useNavigationLogic.ts:30:42)
      at Header (src/components/layout/Header.tsx:53:27)
      at renderWithHooks (node_modules/react-dom/cjs/react-dom.development.js:15486:18)
      at mountIndeterminateComponent (node_modules/react-dom/cjs/react-dom.development.js:20103:13)
      at beginWork (node_modules/react-dom/cjs/react-dom.development.js:21626:16)
      at beginWork$1 (node_modules/react-dom/cjs/react-dom.development.js:27465:14)
      at performUnitOfWork (node_modules/react-dom/cjs/react-dom.development.js:26599:12)
      at workLoopSync (node_modules/react-dom/cjs/react-dom.development.js:26505:5)
      at renderRootSync (node_modules/react-dom/cjs/react-dom.development.js:26473:7)
      at recoverFromConcurrentError (node_modules/react-dom/cjs/react-dom.development.js:25889:20)
      at performConcurrentWorkOnRoot (node_modules/react-dom/cjs/react-dom.development.js:25789:22)
      at flushActQueue (node_modules/react/cjs/react.development.js:2667:24)
      at act (node_modules/react/cjs/react.development.js:2582:11)
      at node_modules/@testing-library/react/dist/act-compat.js:46:25
      at renderRoot (node_modules/@testing-library/react/dist/pure.js:189:26)
      at render (node_modules/@testing-library/react/dist/pure.js:291:10)
      at Object.<anonymous> (src/__tests__/components/layout/Header.test.tsx:310:15)

  ● Header › renders get started button correctly

    TypeError: Cannot read properties of undefined (reading 'label')

      28 |         {
      29 |             href: `/${lang}/services/branding`,
    > 30 |             label: servicesMenu.branding.label,
         |                                          ^
      31 |             description: servicesMenu.branding.description,
      32 |         },
      33 |         {

      at label (src/hooks/useNavigationLogic.ts:30:42)
      at Header (src/components/layout/Header.tsx:53:27)
      at renderWithHooks (node_modules/react-dom/cjs/react-dom.development.js:15486:18)
      at mountIndeterminateComponent (node_modules/react-dom/cjs/react-dom.development.js:20103:13)
      at beginWork (node_modules/react-dom/cjs/react-dom.development.js:21626:16)
      at beginWork$1 (node_modules/react-dom/cjs/react-dom.development.js:27465:14)
      at performUnitOfWork (node_modules/react-dom/cjs/react-dom.development.js:26599:12)
      at workLoopSync (node_modules/react-dom/cjs/react-dom.development.js:26505:5)
      at renderRootSync (node_modules/react-dom/cjs/react-dom.development.js:26473:7)
      at recoverFromConcurrentError (node_modules/react-dom/cjs/react-dom.development.js:25889:20)
      at performConcurrentWorkOnRoot (node_modules/react-dom/cjs/react-dom.development.js:25789:22)
      at flushActQueue (node_modules/react/cjs/react.development.js:2667:24)
      at act (node_modules/react/cjs/react.development.js:2582:11)
      at node_modules/@testing-library/react/dist/act-compat.js:46:25
      at renderRoot (node_modules/@testing-library/react/dist/pure.js:189:26)
      at render (node_modules/@testing-library/react/dist/pure.js:291:10)
      at Object.<anonymous> (src/__tests__/components/layout/Header.test.tsx:317:15)

  ● Header › handles desktop services dropdown state

    TypeError: Cannot read properties of undefined (reading 'label')

      28 |         {
      29 |             href: `/${lang}/services/branding`,
    > 30 |             label: servicesMenu.branding.label,
         |                                          ^
      31 |             description: servicesMenu.branding.description,
      32 |         },
      33 |         {

      at label (src/hooks/useNavigationLogic.ts:30:42)
      at Header (src/components/layout/Header.tsx:53:27)
      at renderWithHooks (node_modules/react-dom/cjs/react-dom.development.js:15486:18)
      at mountIndeterminateComponent (node_modules/react-dom/cjs/react-dom.development.js:20103:13)
      at beginWork (node_modules/react-dom/cjs/react-dom.development.js:21626:16)
      at beginWork$1 (node_modules/react-dom/cjs/react-dom.development.js:27465:14)
      at performUnitOfWork (node_modules/react-dom/cjs/react-dom.development.js:26599:12)
      at workLoopSync (node_modules/react-dom/cjs/react-dom.development.js:26505:5)
      at renderRootSync (node_modules/react-dom/cjs/react-dom.development.js:26473:7)
      at recoverFromConcurrentError (node_modules/react-dom/cjs/react-dom.development.js:25889:20)
      at performConcurrentWorkOnRoot (node_modules/react-dom/cjs/react-dom.development.js:25789:22)
      at flushActQueue (node_modules/react/cjs/react.development.js:2667:24)
      at act (node_modules/react/cjs/react.development.js:2582:11)
      at node_modules/@testing-library/react/dist/act-compat.js:46:25
      at renderRoot (node_modules/@testing-library/react/dist/pure.js:189:26)
      at render (node_modules/@testing-library/react/dist/pure.js:291:10)
      at Object.<anonymous> (src/__tests__/components/layout/Header.test.tsx:339:15)

  ● Header › handles mobile services dropdown state

    TypeError: Cannot read properties of undefined (reading 'label')

      28 |         {
      29 |             href: `/${lang}/services/branding`,
    > 30 |             label: servicesMenu.branding.label,
         |                                          ^
      31 |             description: servicesMenu.branding.description,
      32 |         },
      33 |         {

      at label (src/hooks/useNavigationLogic.ts:30:42)
      at Header (src/components/layout/Header.tsx:53:27)
      at renderWithHooks (node_modules/react-dom/cjs/react-dom.development.js:15486:18)
      at mountIndeterminateComponent (node_modules/react-dom/cjs/react-dom.development.js:20103:13)
      at beginWork (node_modules/react-dom/cjs/react-dom.development.js:21626:16)
      at beginWork$1 (node_modules/react-dom/cjs/react-dom.development.js:27465:14)
      at performUnitOfWork (node_modules/react-dom/cjs/react-dom.development.js:26599:12)
      at workLoopSync (node_modules/react-dom/cjs/react-dom.development.js:26505:5)
      at renderRootSync (node_modules/react-dom/cjs/react-dom.development.js:26473:7)
      at recoverFromConcurrentError (node_modules/react-dom/cjs/react-dom.development.js:25889:20)
      at performConcurrentWorkOnRoot (node_modules/react-dom/cjs/react-dom.development.js:25789:22)
      at flushActQueue (node_modules/react/cjs/react.development.js:2667:24)
      at act (node_modules/react/cjs/react.development.js:2582:11)
      at node_modules/@testing-library/react/dist/act-compat.js:46:25
      at renderRoot (node_modules/@testing-library/react/dist/pure.js:189:26)
      at render (node_modules/@testing-library/react/dist/pure.js:291:10)
      at Object.<anonymous> (src/__tests__/components/layout/Header.test.tsx:360:15)

FAIL src/__tests__/components/ui/LazySection.test.tsx
  ● LazySection › renders custom fallback when provided

    TestingLibraryElementError: Unable to find an element by: [data-testid="custom-fallback"]

    Ignored nodes: comments, script, style
    [36m<body>[39m
      [36m<div>[39m
        [36m<div[39m
          [33mclass[39m=[32m""[39m
        [36m>[39m
          [36m<div[39m
            [33mdata-testid[39m=[32m"test-content"[39m
          [36m>[39m
            [0mTest Content[0m
          [36m</div>[39m
        [36m</div>[39m
      [36m</div>[39m
    [36m</body>[39m

      81 |         );
      82 |
    > 83 |         expect(screen.getByTestId('custom-fallback')).toBeInTheDocument();
         |                       ^
      84 |         expect(screen.getByText('Loading...')).toBeInTheDocument();
      85 |     });
      86 |

      at Object.getElementError (node_modules/@testing-library/dom/dist/config.js:37:19)
      at node_modules/@testing-library/dom/dist/query-helpers.js:76:38
      at node_modules/@testing-library/dom/dist/query-helpers.js:52:17
      at node_modules/@testing-library/dom/dist/query-helpers.js:95:19
      at Object.getByTestId (src/__tests__/components/ui/LazySection.test.tsx:83:23)

  ● LazySection › renders default fallback when none provided

    TestingLibraryElementError: Unable to find an element by: [data-testid="suspense-fallback"]

    Ignored nodes: comments, script, style
    [36m<body>[39m
      [36m<div>[39m
        [36m<div[39m
          [33mclass[39m=[32m""[39m
        [36m>[39m
          [36m<div[39m
            [33mdata-testid[39m=[32m"test-content"[39m
          [36m>[39m
            [0mTest Content[0m
          [36m</div>[39m
        [36m</div>[39m
      [36m</div>[39m
    [36m</body>[39m

      92 |         );
      93 |
    > 94 |         expect(screen.getByTestId('suspense-fallback')).toBeInTheDocument();
         |                       ^
      95 |         expect(screen.getByRole('generic')).toHaveClass('animate-pulse');
      96 |     });
      97 |

      at Object.getElementError (node_modules/@testing-library/dom/dist/config.js:37:19)
      at node_modules/@testing-library/dom/dist/query-helpers.js:76:38
      at node_modules/@testing-library/dom/dist/query-helpers.js:52:17
      at node_modules/@testing-library/dom/dist/query-helpers.js:95:19
      at Object.getByTestId (src/__tests__/components/ui/LazySection.test.tsx:94:23)

  ● LazySection › applies custom className

    TestingLibraryElementError: Unable to find an element by: [data-testid="lazy-section"]

    Ignored nodes: comments, script, style
    [36m<body>[39m
      [36m<div>[39m
        [36m<div[39m
          [33mclass[39m=[32m"custom-class"[39m
        [36m>[39m
          [36m<div[39m
            [33mdata-testid[39m=[32m"test-content"[39m
          [36m>[39m
            [0mTest Content[0m
          [36m</div>[39m
        [36m</div>[39m
      [36m</div>[39m
    [36m</body>[39m

      103 |         );
      104 |
    > 105 |         const section = screen.getByTestId('lazy-section');
          |                                ^
      106 |         expect(section).toHaveClass('custom-class');
      107 |     });
      108 |

      at Object.getElementError (node_modules/@testing-library/dom/dist/config.js:37:19)
      at node_modules/@testing-library/dom/dist/query-helpers.js:76:38
      at node_modules/@testing-library/dom/dist/query-helpers.js:52:17
      at node_modules/@testing-library/dom/dist/query-helpers.js:95:19
      at Object.getByTestId (src/__tests__/components/ui/LazySection.test.tsx:105:32)

  ● LazySection › passes custom threshold to viewport

    expect(jest.fn()).toHaveBeenCalledWith(...expected)

    Expected: Any<Function>, {"amount": 0.5, "margin": "50px", "once": true}

    Number of calls: 0

      121 |         );
      122 |
    > 123 |         expect(global.IntersectionObserver).toHaveBeenCalledWith(expect.any(Function), {
          |                                             ^
      124 |             once: true,
      125 |             amount: 0.5,
      126 |             margin: '50px',

      at Object.toHaveBeenCalledWith (src/__tests__/components/ui/LazySection.test.tsx:123:45)

  ● LazySection › passes custom rootMargin to viewport

    expect(jest.fn()).toHaveBeenCalledWith(...expected)

    Expected: Any<Function>, {"amount": 0.1, "margin": "100px", "once": true}

    Number of calls: 0

      142 |         );
      143 |
    > 144 |         expect(global.IntersectionObserver).toHaveBeenCalledWith(expect.any(Function), {
          |                                             ^
      145 |             once: true,
      146 |             amount: 0.1,
      147 |             margin: '100px',

      at Object.toHaveBeenCalledWith (src/__tests__/components/ui/LazySection.test.tsx:144:45)

  ● LazySection › passes custom delay to animation

    TestingLibraryElementError: Unable to find an element by: [data-testid="lazy-section"]

    Ignored nodes: comments, script, style
    [36m<body>[39m
      [36m<div>[39m
        [36m<div[39m
          [33mclass[39m=[32m""[39m
        [36m>[39m
          [36m<div[39m
            [33mdata-testid[39m=[32m"test-content"[39m
          [36m>[39m
            [0mTest Content[0m
          [36m</div>[39m
        [36m</div>[39m
      [36m</div>[39m
    [36m</body>[39m

      156 |         );
      157 |
    > 158 |         const section = screen.getByTestId('lazy-section');
          |                                ^
      159 |         expect(section).toBeInTheDocument();
      160 |     });
      161 |

      at Object.getElementError (node_modules/@testing-library/dom/dist/config.js:37:19)
      at node_modules/@testing-library/dom/dist/query-helpers.js:76:38
      at node_modules/@testing-library/dom/dist/query-helpers.js:52:17
      at node_modules/@testing-library/dom/dist/query-helpers.js:95:19
      at Object.getByTestId (src/__tests__/components/ui/LazySection.test.tsx:158:32)

  ● LazySection › handles empty children gracefully

    TestingLibraryElementError: Unable to find an element by: [data-testid="lazy-section"]

    Ignored nodes: comments, script, style
    [36m<body>[39m
      [36m<div>[39m
        [36m<div[39m
          [33mclass[39m=[32m""[39m
        [36m/>[39m
      [36m</div>[39m
    [36m</body>[39m

      163 |         render(<LazySection>{null}</LazySection>);
      164 |
    > 165 |         expect(screen.getByTestId('lazy-section')).toBeInTheDocument();
          |                       ^
      166 |     });
      167 |
      168 |     it('handles nested lazy sections', () => {

      at Object.getElementError (node_modules/@testing-library/dom/dist/config.js:37:19)
      at node_modules/@testing-library/dom/dist/query-helpers.js:76:38
      at node_modules/@testing-library/dom/dist/query-helpers.js:52:17
      at node_modules/@testing-library/dom/dist/query-helpers.js:95:19
      at Object.getByTestId (src/__tests__/components/ui/LazySection.test.tsx:165:23)

  ● LazySection › simulates lazy loading behavior

    TestingLibraryElementError: Unable to find an element by: [data-testid="suspense-fallback"]

    Ignored nodes: comments, script, style
    [36m<body>[39m
      [36m<div>[39m
        [36m<div[39m
          [33mclass[39m=[32m""[39m
        [36m>[39m
          [36m<div[39m
            [33mdata-testid[39m=[32m"lazy-loaded-content"[39m
          [36m>[39m
            [0mLazy Loaded Content[0m
          [36m</div>[39m
        [36m</div>[39m
      [36m</div>[39m
    [36m</body>[39m

      218 |
      219 |         // Initially shows fallback
    > 220 |         expect(screen.getByTestId('suspense-fallback')).toBeInTheDocument();
          |                       ^
      221 |
      222 |         // Wait for lazy loading
      223 |         await waitFor(() => {

      at Object.getElementError (node_modules/@testing-library/dom/dist/config.js:37:19)
      at node_modules/@testing-library/dom/dist/query-helpers.js:76:38
      at node_modules/@testing-library/dom/dist/query-helpers.js:52:17
      at node_modules/@testing-library/dom/dist/query-helpers.js:95:19
      at Object.getByTestId (src/__tests__/components/ui/LazySection.test.tsx:220:23)

  ● LazySection › handles props changes gracefully

    TestingLibraryElementError: Unable to find an element by: [data-testid="lazy-section"]

    Ignored nodes: comments, script, style
    [36m<body>[39m
      [36m<div>[39m
        [36m<div[39m
          [33mclass[39m=[32m"initial-class"[39m
        [36m>[39m
          [36m<div[39m
            [33mdata-testid[39m=[32m"test-content"[39m
          [36m>[39m
            [0mInitial Content[0m
          [36m</div>[39m
        [36m</div>[39m
      [36m</div>[39m
    [36m</body>[39m

      248 |         );
      249 |
    > 250 |         expect(screen.getByTestId('lazy-section')).toHaveClass('initial-class');
          |                       ^
      251 |
      252 |         rerender(
      253 |             <LazySection className="updated-class">

      at Object.getElementError (node_modules/@testing-library/dom/dist/config.js:37:19)
      at node_modules/@testing-library/dom/dist/query-helpers.js:76:38
      at node_modules/@testing-library/dom/dist/query-helpers.js:52:17
      at node_modules/@testing-library/dom/dist/query-helpers.js:95:19
      at Object.getByTestId (src/__tests__/components/ui/LazySection.test.tsx:250:23)

FAIL src/__tests__/components/ui/DesktopNav.test.tsx
  ● DesktopNav › renders desktop navigation correctly

    TestingLibraryElementError: Unable to find an element with the text: Get Started. This could be because the text is broken up by multiple elements. In this case, you can provide a function for your text matcher to make your matcher more flexible.

    Ignored nodes: comments, script, style
    [36m<body>[39m
      [36m<div>[39m
        [36m<nav[39m
          [33mclass[39m=[32m"absolute left-1/2 -translate-x-1/2 hidden md:block pointer-events-auto"[39m
        [36m>[39m
          [36m<div[39m
            [33mclass[39m=[32m"
                            px-1.5 py-1.5 rounded-full flex items-center gap-0.5
                            backdrop-blur-2xl
                            bg-cream-50/10 dark:bg-cream-50/5
                            border border-white/20 dark:border-white/10
                            shadow-[0_8px_32px_rgba(0,0,0,0.08)]
                            dark:shadow-[0_8px_32px_rgba(0,0,0,0.3)]
                            transition-all duration-500
                            
                        "[39m
          [36m>[39m
            [36m<a[39m
              [33mclass[39m=[32m"
                                        px-5 py-2.5 rounded-full text-sm font-medium
                                        transition-colors duration-500 relative focus:outline-none
                                        text-red-600 dark:text-red-500
                                    "[39m
              [33mhref[39m=[32m"/en"[39m
            [36m>[39m
              [36m<div[39m
                [33mclass[39m=[32m"absolute inset-0 border-2 border-red-600 dark:border-red-500 rounded-full -z-10 shadow-[0_0_12px_rgba(220,38,38,0.15)]"[39m
              [36m/>[39m
              [36m<span[39m
                [33mclass[39m=[32m"opacity-100"[39m
              [36m>[39m
                [0mHome[0m
              [36m</span>[39m
            [36m</a>[39m
            [36m<div[39m
              [33mclass[39m=[32m"relative"[39m
            [36m>[39m
              [36m<a[39m
                [33mclass[39m=[32m"
                        px-5 py-2.5 rounded-full text-sm font-medium
                        transition-colors duration-500 relative focus:outline-none flex items-center gap-1
                        text-slate-700 dark:text-slate-300 hover:text-red-600 dark:hover:text-red-500 hover:bg-red-600/5 dark:hover:bg-red-600/10
                    "[39m
                [33mhref[39m=[32m"/Services"[39m
              [36m>[39m
                [36m<span[39m
                  [33mclass[39m=[32m""[39m
                [36m>[39m
                  [0mServices[0m
                [36m</span>[39m
                [36m<svg[39m
                  [33mclass[39m=[32m"w-3.5 h-3.5 transition-transform duration-300 "[39m
                  [33mfill[39m=[32m"none"[39m
                  [33mstroke[39m=[32m"currentColor"[39m
                  [33mviewBox[39m=[32m"0 0 24 24"[39m
                [36m>[39m
                  [36m<path[39m
                    [33md[39m=[32m"M19 9l-7 7-7-7"[39m
                    [33mstroke-linecap[39m=[32m"round"[39m
                    [33mstroke-linejoin[39m=[32m"round"[39m
                    [33mstroke-width[39m=[32m"2"[39m
                  [36m/>[39m
                [36m</svg>[39m
              [36m</a>[39m
            [36m</div>[39m
            [36m<a[39m
              [33mclass[39m=[32m"
                                        px-5 py-2.5 rounded-full text-sm font-medium
                                        transition-colors duration-500 relative focus:outline-none
                                        text-slate-700 dark:text-slate-300 hover:text-red-600 dark:hover:text-red-500 hover:bg-red-600/5 dark:hover:bg-red-600/10
                                    "[39m
              [33mhref[39m=[32m"/en/showreel"[39m
            [36m>[39m
              [36m<span[39m
                [33mclass[39m=[32m""[39m
              [36m>[39m
                [0mShowreel[0m
              [36m</span>[39m
            [36m</a>[39m
            [36m<a[39m
              [33mclass[39m=[32m"
                                        px-5 py-2.5 rounded-full text-sm font-medium
                                        transition-colors duration-500 relative focus:outline-none
                                        text-slate-700 dark:text-slate-300 hover:text-red-600 dark:hover:text-red-500 hover:bg-red-600/5 dark:hover:bg-red-600/10
                                    "[39m
              [33mhref[39m=[32m"/en/about"[39m
            [36m>[39m
              [36m<span[39m
                [33mclass[39m=[32m""[39m
              [36m>[39m
                [0mAbout[0m
              [36m</span>[39m
            [36m</a>[39m
            [36m<a[39m
              [33mclass[39m=[32m"
                                        px-5 py-2.5 rounded-full text-sm font-medium
                                        transition-colors duration-500 relative focus:outline-none
                                        text-slate-700 dark:text-slate-300 hover:text-red-600 dark:hover:text-red-500 hover:bg-red-600/5 dark:hover:bg-red-600/10
                                    "[39m
              [33mhref[39m=[32m"/en/contact"[39m
            [36m>[39m
              [36m<span[39m
                [33mclass[39m=[32m""[39m
              [36m>[39m
                [0mContact[0m
              [36m</span>[39m
            [36m</a>[39m
          [36m</div>[39m
        [36m</nav>[39m
        [36m<div[39m
          [33mclass[39m=[32m"hidden md:flex items-center gap-2 pointer-events-auto transition-all duration-500 translate-y-0 opacity-100"[39m
        [36m>[39m
          [36m<div[39m
            [33mclass[39m=[32m"flex items-center gap-2"[39m
          [36m>[39m
            [36m<div[39m
              [33mclass[39m=[32m"backdrop-blur-2xl bg-cream-50/10 dark:bg-cream-50/5 p-1.5 rounded-full flex items-center gap-1 shadow-[0_4px_16px_rgba(0,0,0,0.06)]"[39m
            [36m>[39m
              [36m<div[39m
                [33maria-label[39m=[32m"Select language"[39m
                [33mclass[39m=[32m"
                    flex items-center gap-0.5 transition-opacity duration-300 max-w-fit
                    px-0 py-0 -my-2.5 -mx-1
                "[39m
                [33mrole[39m=[32m"group"[39m
              [36m>[39m
                [36m<button[39m
                  [33maria-label[39m=[32m"Switch to Español"[39m
                  [33maria-pressed[39m=[32m"false"[39m
                  [33mclass[39m=[32m"
                                relative px-2 py-1 text-xs font-bold uppercase
                                transition-all duration-300 rounded-full
                                text-slate-600 dark:text-slate-400 hover:text-red-600 dark:hover:text-red-500
                            "[39m
                [36m>[39m
                  [36m<span[39m
                    [33mclass[39m=[32m"relative z-10"[39m
                  [36m>[39m
                    [0mES[0m
                  [36m</span>[39m
                [36m</button>[39m
                [36m<button[39m
                  [33maria-label[39m=[32m"Switch to English"[39m
                  [33maria-pressed[39m=[32m"true"[39m
                  [33mclass[39m=[32m"
                                relative px-2 py-1 text-xs font-bold uppercase
                                transition-all duration-300 rounded-full
                                text-red-600 dark:text-red-500
                            "[39m
                [36m>[39m
                  [36m<span[39m
                    [33mclass[39m=[32m"relative z-10"[39m
                  [36m>[39m
                    [0mEN[0m
                  [36m</span>[39m
                [36m</button>[39m
                [36m<button[39m
                  [33maria-label[39m=[32m"Switch to Русский"[39m
                  [33maria-pressed[39m=[32m"false"[39m
                  [33mclass[39m=[32m"
                                relative px-2 py-1 text-xs font-bold uppercase
                                transition-all duration-300 rounded-full
                                text-slate-600 dark:text-slate-400 hover:text-red-600 dark:hover:text-red-500
                            "[39m
                [36m>[39m
                  [36m<span[39m
                    [33mclass[39m=[32m"relative z-10"[39m
                  [36m>[39m
                    [0mRU[0m
                  [36m</span>[39m
                [36m</button>[39m
              [36m</div>[39m
            [36m</div>[39m
            [36m<div[39m
              [33mclass[39m=[32m"backdrop-blur-2xl bg-cream-50/10 dark:bg-cream-50/5 border border-white/20 dark:border-white/10 p-1.5 rounded-full shadow-[0_4px_16px_rgba(0,0,0,0.06)]"[39m
            [36m>[39m
              [36m<button[39m
                [33maria-label[39m=[32m"Switch to dark mode"[39m
                [33mclass[39m=[32m"w-8 h-8 rounded-full flex items-center justify-center text-slate-600 dark:text-white transition-colors duration-300 "[39m
              [36m>[39m
                [36m<div>[39m
                  [36m<svg[39m
                    [33mclass[39m=[32m"w-5 h-5"[39m
                    [33mfill[39m=[32m"none"[39m
                    [33mstroke[39m=[32m"currentColor"[39m
                    [33mstroke-width[39m=[32m"2"[39m
                    [33mviewBox[39m=[32m"0 0 24 24"[39m
                  [36m>[39m
                    [36m<path[39m
                      [33md[39m=[32m"M21 12.79A9 9 0 1 1 11.21 3 7 7 0 0 0 21 12.79z"[39m
                      [33mstroke-linecap[39m=[32m"round"[39m
                      [33mstroke-linejoin[39m=[32m"round"[39m
                    [36m/>[39m
                  [36m</svg>[39m
                [36m</div>[39m
              [36m</button>[39m
            [36m</div>[39m
          [36m</div>[39m
        [36m</div>[39m
      [36m</div>[39m
    [36m</body>[39m

      89 |         expect(screen.getByText('About')).toBeInTheDocument();
      90 |         expect(screen.getByText('Contact')).toBeInTheDocument();
    > 91 |         expect(screen.getByText('Get Started')).toBeInTheDocument();
         |                       ^
      92 |     });
      93 |
      94 |     it('applies scrolled class when isScrolled is true', () => {

      at Object.getElementError (node_modules/@testing-library/dom/dist/config.js:37:19)
      at node_modules/@testing-library/dom/dist/query-helpers.js:76:38
      at node_modules/@testing-library/dom/dist/query-helpers.js:52:17
      at node_modules/@testing-library/dom/dist/query-helpers.js:95:19
      at Object.getByText (src/__tests__/components/ui/DesktopNav.test.tsx:91:23)

  ● DesktopNav › applies scrolled class when isScrolled is true

    expect(element).toHaveClass("scrolled")

    Expected the element to have class:
      scrolled
    Received:
      absolute left-1/2 -translate-x-1/2 hidden md:block pointer-events-auto

       96 |
       97 |         const nav = screen.getByRole('navigation');
    >  98 |         expect(nav).toHaveClass('scrolled');
          |                     ^
       99 |     });
      100 |
      101 |     it('does not apply scrolled class when isScrolled is false', () => {

      at Object.toHaveClass (src/__tests__/components/ui/DesktopNav.test.tsx:98:21)

  ● DesktopNav › renders logo correctly

    TestingLibraryElementError: Unable to find an element by: [data-testid="logo"]

    Ignored nodes: comments, script, style
    [36m<body>[39m
      [36m<div>[39m
        [36m<nav[39m
          [33mclass[39m=[32m"absolute left-1/2 -translate-x-1/2 hidden md:block pointer-events-auto"[39m
        [36m>[39m
          [36m<div[39m
            [33mclass[39m=[32m"
                            px-1.5 py-1.5 rounded-full flex items-center gap-0.5
                            backdrop-blur-2xl
                            bg-cream-50/10 dark:bg-cream-50/5
                            border border-white/20 dark:border-white/10
                            shadow-[0_8px_32px_rgba(0,0,0,0.08)]
                            dark:shadow-[0_8px_32px_rgba(0,0,0,0.3)]
                            transition-all duration-500
                            
                        "[39m
          [36m>[39m
            [36m<a[39m
              [33mclass[39m=[32m"
                                        px-5 py-2.5 rounded-full text-sm font-medium
                                        transition-colors duration-500 relative focus:outline-none
                                        text-red-600 dark:text-red-500
                                    "[39m
              [33mhref[39m=[32m"/en"[39m
            [36m>[39m
              [36m<div[39m
                [33mclass[39m=[32m"absolute inset-0 border-2 border-red-600 dark:border-red-500 rounded-full -z-10 shadow-[0_0_12px_rgba(220,38,38,0.15)]"[39m
              [36m/>[39m
              [36m<span[39m
                [33mclass[39m=[32m"opacity-100"[39m
              [36m>[39m
                [0mHome[0m
              [36m</span>[39m
            [36m</a>[39m
            [36m<div[39m
              [33mclass[39m=[32m"relative"[39m
            [36m>[39m
              [36m<a[39m
                [33mclass[39m=[32m"
                        px-5 py-2.5 rounded-full text-sm font-medium
                        transition-colors duration-500 relative focus:outline-none flex items-center gap-1
                        text-slate-700 dark:text-slate-300 hover:text-red-600 dark:hover:text-red-500 hover:bg-red-600/5 dark:hover:bg-red-600/10
                    "[39m
                [33mhref[39m=[32m"/Services"[39m
              [36m>[39m
                [36m<span[39m
                  [33mclass[39m=[32m""[39m
                [36m>[39m
                  [0mServices[0m
                [36m</span>[39m
                [36m<svg[39m
                  [33mclass[39m=[32m"w-3.5 h-3.5 transition-transform duration-300 "[39m
                  [33mfill[39m=[32m"none"[39m
                  [33mstroke[39m=[32m"currentColor"[39m
                  [33mviewBox[39m=[32m"0 0 24 24"[39m
                [36m>[39m
                  [36m<path[39m
                    [33md[39m=[32m"M19 9l-7 7-7-7"[39m
                    [33mstroke-linecap[39m=[32m"round"[39m
                    [33mstroke-linejoin[39m=[32m"round"[39m
                    [33mstroke-width[39m=[32m"2"[39m
                  [36m/>[39m
                [36m</svg>[39m
              [36m</a>[39m
            [36m</div>[39m
            [36m<a[39m
              [33mclass[39m=[32m"
                                        px-5 py-2.5 rounded-full text-sm font-medium
                                        transition-colors duration-500 relative focus:outline-none
                                        text-slate-700 dark:text-slate-300 hover:text-red-600 dark:hover:text-red-500 hover:bg-red-600/5 dark:hover:bg-red-600/10
                                    "[39m
              [33mhref[39m=[32m"/en/showreel"[39m
            [36m>[39m
              [36m<span[39m
                [33mclass[39m=[32m""[39m
              [36m>[39m
                [0mShowreel[0m
              [36m</span>[39m
            [36m</a>[39m
            [36m<a[39m
              [33mclass[39m=[32m"
                                        px-5 py-2.5 rounded-full text-sm font-medium
                                        transition-colors duration-500 relative focus:outline-none
                                        text-slate-700 dark:text-slate-300 hover:text-red-600 dark:hover:text-red-500 hover:bg-red-600/5 dark:hover:bg-red-600/10
                                    "[39m
              [33mhref[39m=[32m"/en/about"[39m
            [36m>[39m
              [36m<span[39m
                [33mclass[39m=[32m""[39m
              [36m>[39m
                [0mAbout[0m
              [36m</span>[39m
            [36m</a>[39m
            [36m<a[39m
              [33mclass[39m=[32m"
                                        px-5 py-2.5 rounded-full text-sm font-medium
                                        transition-colors duration-500 relative focus:outline-none
                                        text-slate-700 dark:text-slate-300 hover:text-red-600 dark:hover:text-red-500 hover:bg-red-600/5 dark:hover:bg-red-600/10
                                    "[39m
              [33mhref[39m=[32m"/en/contact"[39m
            [36m>[39m
              [36m<span[39m
                [33mclass[39m=[32m""[39m
              [36m>[39m
                [0mContact[0m
              [36m</span>[39m
            [36m</a>[39m
          [36m</div>[39m
        [36m</nav>[39m
        [36m<div[39m
          [33mclass[39m=[32m"hidden md:flex items-center gap-2 pointer-events-auto transition-all duration-500 translate-y-0 opacity-100"[39m
        [36m>[39m
          [36m<div[39m
            [33mclass[39m=[32m"flex items-center gap-2"[39m
          [36m>[39m
            [36m<div[39m
              [33mclass[39m=[32m"backdrop-blur-2xl bg-cream-50/10 dark:bg-cream-50/5 p-1.5 rounded-full flex items-center gap-1 shadow-[0_4px_16px_rgba(0,0,0,0.06)]"[39m
            [36m>[39m
              [36m<div[39m
                [33maria-label[39m=[32m"Select language"[39m
                [33mclass[39m=[32m"
                    flex items-center gap-0.5 transition-opacity duration-300 max-w-fit
                    px-0 py-0 -my-2.5 -mx-1
                "[39m
                [33mrole[39m=[32m"group"[39m
              [36m>[39m
                [36m<button[39m
                  [33maria-label[39m=[32m"Switch to Español"[39m
                  [33maria-pressed[39m=[32m"false"[39m
                  [33mclass[39m=[32m"
                                relative px-2 py-1 text-xs font-bold uppercase
                                transition-all duration-300 rounded-full
                                text-slate-600 dark:text-slate-400 hover:text-red-600 dark:hover:text-red-500
                            "[39m
                [36m>[39m
                  [36m<span[39m
                    [33mclass[39m=[32m"relative z-10"[39m
                  [36m>[39m
                    [0mES[0m
                  [36m</span>[39m
                [36m</button>[39m
                [36m<button[39m
                  [33maria-label[39m=[32m"Switch to English"[39m
                  [33maria-pressed[39m=[32m"true"[39m
                  [33mclass[39m=[32m"
                                relative px-2 py-1 text-xs font-bold uppercase
                                transition-all duration-300 rounded-full
                                text-red-600 dark:text-red-500
                            "[39m
                [36m>[39m
                  [36m<span[39m
                    [33mclass[39m=[32m"relative z-10"[39m
                  [36m>[39m
                    [0mEN[0m
                  [36m</span>[39m
                [36m</button>[39m
                [36m<button[39m
                  [33maria-label[39m=[32m"Switch to Русский"[39m
                  [33maria-pressed[39m=[32m"false"[39m
                  [33mclass[39m=[32m"
                                relative px-2 py-1 text-xs font-bold uppercase
                                transition-all duration-300 rounded-full
                                text-slate-600 dark:text-slate-400 hover:text-red-600 dark:hover:text-red-500
                            "[39m
                [36m>[39m
                  [36m<span[39m
                    [33mclass[39m=[32m"relative z-10"[39m
                  [36m>[39m
                    [0mRU[0m
                  [36m</span>[39m
                [36m</button>[39m
              [36m</div>[39m
            [36m</div>[39m
            [36m<div[39m
              [33mclass[39m=[32m"backdrop-blur-2xl bg-cream-50/10 dark:bg-cream-50/5 border border-white/20 dark:border-white/10 p-1.5 rounded-full shadow-[0_4px_16px_rgba(0,0,0,0.06)]"[39m
            [36m>[39m
              [36m<button[39m
                [33maria-label[39m=[32m"Switch to dark mode"[39m
                [33mclass[39m=[32m"w-8 h-8 rounded-full flex items-center justify-center text-slate-600 dark:text-white transition-colors duration-300 "[39m
              [36m>[39m
                [36m<div>[39m
                  [36m<svg[39m
                    [33mclass[39m=[32m"w-5 h-5"[39m
                    [33mfill[39m=[32m"none"[39m
                    [33mstroke[39m=[32m"currentColor"[39m
                    [33mstroke-width[39m=[32m"2"[39m
                    [33mviewBox[39m=[32m"0 0 24 24"[39m
                  [36m>[39m
                    [36m<path[39m
                      [33md[39m=[32m"M21 12.79A9 9 0 1 1 11.21 3 7 7 0 0 0 21 12.79z"[39m
                      [33mstroke-linecap[39m=[32m"round"[39m
                      [33mstroke-linejoin[39m=[32m"round"[39m
                    [36m/>[39m
                  [36m</svg>[39m
                [36m</div>[39m
              [36m</button>[39m
            [36m</div>[39m
          [36m</div>[39m
        [36m</div>[39m
      [36m</div>[39m
    [36m</body>[39m

      109 |         render(<DesktopNav {...defaultProps} />);
      110 |
    > 111 |         expect(screen.getByTestId('logo')).toBeInTheDocument();
          |                       ^
      112 |     });
      113 |
      114 |     it('renders navigation links correctly', () => {

      at Object.getElementError (node_modules/@testing-library/dom/dist/config.js:37:19)
      at node_modules/@testing-library/dom/dist/query-helpers.js:76:38
      at node_modules/@testing-library/dom/dist/query-helpers.js:52:17
      at node_modules/@testing-library/dom/dist/query-helpers.js:95:19
      at Object.getByTestId (src/__tests__/components/ui/DesktopNav.test.tsx:111:23)

  ● DesktopNav › renders navigation links correctly

    expect(element).toHaveAttribute("href", "/en/services") // element.getAttribute("href") === "/en/services"

    Expected the element to have attribute:
      href="/en/services"
    Received:
      href="/Services"

      116 |
      117 |         const servicesLink = screen.getByRole('link', { name: /services/i });
    > 118 |         expect(servicesLink).toHaveAttribute('href', '/en/services');
          |                              ^
      119 |
      120 |         const showreelLink = screen.getByRole('link', { name: /showreel/i });
      121 |         expect(showreelLink).toHaveAttribute('href', '/en/showreel');

      at Object.toHaveAttribute (src/__tests__/components/ui/DesktopNav.test.tsx:118:30)

  ● DesktopNav › renders utility controls

    TestingLibraryElementError: Unable to find an element by: [data-testid="theme-toggle"]

    Ignored nodes: comments, script, style
    [36m<body>[39m
      [36m<div>[39m
        [36m<nav[39m
          [33mclass[39m=[32m"absolute left-1/2 -translate-x-1/2 hidden md:block pointer-events-auto"[39m
        [36m>[39m
          [36m<div[39m
            [33mclass[39m=[32m"
                            px-1.5 py-1.5 rounded-full flex items-center gap-0.5
                            backdrop-blur-2xl
                            bg-cream-50/10 dark:bg-cream-50/5
                            border border-white/20 dark:border-white/10
                            shadow-[0_8px_32px_rgba(0,0,0,0.08)]
                            dark:shadow-[0_8px_32px_rgba(0,0,0,0.3)]
                            transition-all duration-500
                            
                        "[39m
          [36m>[39m
            [36m<a[39m
              [33mclass[39m=[32m"
                                        px-5 py-2.5 rounded-full text-sm font-medium
                                        transition-colors duration-500 relative focus:outline-none
                                        text-red-600 dark:text-red-500
                                    "[39m
              [33mhref[39m=[32m"/en"[39m
            [36m>[39m
              [36m<div[39m
                [33mclass[39m=[32m"absolute inset-0 border-2 border-red-600 dark:border-red-500 rounded-full -z-10 shadow-[0_0_12px_rgba(220,38,38,0.15)]"[39m
              [36m/>[39m
              [36m<span[39m
                [33mclass[39m=[32m"opacity-100"[39m
              [36m>[39m
                [0mHome[0m
              [36m</span>[39m
            [36m</a>[39m
            [36m<div[39m
              [33mclass[39m=[32m"relative"[39m
            [36m>[39m
              [36m<a[39m
                [33mclass[39m=[32m"
                        px-5 py-2.5 rounded-full text-sm font-medium
                        transition-colors duration-500 relative focus:outline-none flex items-center gap-1
                        text-slate-700 dark:text-slate-300 hover:text-red-600 dark:hover:text-red-500 hover:bg-red-600/5 dark:hover:bg-red-600/10
                    "[39m
                [33mhref[39m=[32m"/Services"[39m
              [36m>[39m
                [36m<span[39m
                  [33mclass[39m=[32m""[39m
                [36m>[39m
                  [0mServices[0m
                [36m</span>[39m
                [36m<svg[39m
                  [33mclass[39m=[32m"w-3.5 h-3.5 transition-transform duration-300 "[39m
                  [33mfill[39m=[32m"none"[39m
                  [33mstroke[39m=[32m"currentColor"[39m
                  [33mviewBox[39m=[32m"0 0 24 24"[39m
                [36m>[39m
                  [36m<path[39m
                    [33md[39m=[32m"M19 9l-7 7-7-7"[39m
                    [33mstroke-linecap[39m=[32m"round"[39m
                    [33mstroke-linejoin[39m=[32m"round"[39m
                    [33mstroke-width[39m=[32m"2"[39m
                  [36m/>[39m
                [36m</svg>[39m
              [36m</a>[39m
            [36m</div>[39m
            [36m<a[39m
              [33mclass[39m=[32m"
                                        px-5 py-2.5 rounded-full text-sm font-medium
                                        transition-colors duration-500 relative focus:outline-none
                                        text-slate-700 dark:text-slate-300 hover:text-red-600 dark:hover:text-red-500 hover:bg-red-600/5 dark:hover:bg-red-600/10
                                    "[39m
              [33mhref[39m=[32m"/en/showreel"[39m
            [36m>[39m
              [36m<span[39m
                [33mclass[39m=[32m""[39m
              [36m>[39m
                [0mShowreel[0m
              [36m</span>[39m
            [36m</a>[39m
            [36m<a[39m
              [33mclass[39m=[32m"
                                        px-5 py-2.5 rounded-full text-sm font-medium
                                        transition-colors duration-500 relative focus:outline-none
                                        text-slate-700 dark:text-slate-300 hover:text-red-600 dark:hover:text-red-500 hover:bg-red-600/5 dark:hover:bg-red-600/10
                                    "[39m
              [33mhref[39m=[32m"/en/about"[39m
            [36m>[39m
              [36m<span[39m
                [33mclass[39m=[32m""[39m
              [36m>[39m
                [0mAbout[0m
              [36m</span>[39m
            [36m</a>[39m
            [36m<a[39m
              [33mclass[39m=[32m"
                                        px-5 py-2.5 rounded-full text-sm font-medium
                                        transition-colors duration-500 relative focus:outline-none
                                        text-slate-700 dark:text-slate-300 hover:text-red-600 dark:hover:text-red-500 hover:bg-red-600/5 dark:hover:bg-red-600/10
                                    "[39m
              [33mhref[39m=[32m"/en/contact"[39m
            [36m>[39m
              [36m<span[39m
                [33mclass[39m=[32m""[39m
              [36m>[39m
                [0mContact[0m
              [36m</span>[39m
            [36m</a>[39m
          [36m</div>[39m
        [36m</nav>[39m
        [36m<div[39m
          [33mclass[39m=[32m"hidden md:flex items-center gap-2 pointer-events-auto transition-all duration-500 translate-y-0 opacity-100"[39m
        [36m>[39m
          [36m<div[39m
            [33mclass[39m=[32m"flex items-center gap-2"[39m
          [36m>[39m
            [36m<div[39m
              [33mclass[39m=[32m"backdrop-blur-2xl bg-cream-50/10 dark:bg-cream-50/5 p-1.5 rounded-full flex items-center gap-1 shadow-[0_4px_16px_rgba(0,0,0,0.06)]"[39m
            [36m>[39m
              [36m<div[39m
                [33maria-label[39m=[32m"Select language"[39m
                [33mclass[39m=[32m"
                    flex items-center gap-0.5 transition-opacity duration-300 max-w-fit
                    px-0 py-0 -my-2.5 -mx-1
                "[39m
                [33mrole[39m=[32m"group"[39m
              [36m>[39m
                [36m<button[39m
                  [33maria-label[39m=[32m"Switch to Español"[39m
                  [33maria-pressed[39m=[32m"false"[39m
                  [33mclass[39m=[32m"
                                relative px-2 py-1 text-xs font-bold uppercase
                                transition-all duration-300 rounded-full
                                text-slate-600 dark:text-slate-400 hover:text-red-600 dark:hover:text-red-500
                            "[39m
                [36m>[39m
                  [36m<span[39m
                    [33mclass[39m=[32m"relative z-10"[39m
                  [36m>[39m
                    [0mES[0m
                  [36m</span>[39m
                [36m</button>[39m
                [36m<button[39m
                  [33maria-label[39m=[32m"Switch to English"[39m
                  [33maria-pressed[39m=[32m"true"[39m
                  [33mclass[39m=[32m"
                                relative px-2 py-1 text-xs font-bold uppercase
                                transition-all duration-300 rounded-full
                                text-red-600 dark:text-red-500
                            "[39m
                [36m>[39m
                  [36m<span[39m
                    [33mclass[39m=[32m"relative z-10"[39m
                  [36m>[39m
                    [0mEN[0m
                  [36m</span>[39m
                [36m</button>[39m
                [36m<button[39m
                  [33maria-label[39m=[32m"Switch to Русский"[39m
                  [33maria-pressed[39m=[32m"false"[39m
                  [33mclass[39m=[32m"
                                relative px-2 py-1 text-xs font-bold uppercase
                                transition-all duration-300 rounded-full
                                text-slate-600 dark:text-slate-400 hover:text-red-600 dark:hover:text-red-500
                            "[39m
                [36m>[39m
                  [36m<span[39m
                    [33mclass[39m=[32m"relative z-10"[39m
                  [36m>[39m
                    [0mRU[0m
                  [36m</span>[39m
                [36m</button>[39m
              [36m</div>[39m
            [36m</div>[39m
            [36m<div[39m
              [33mclass[39m=[32m"backdrop-blur-2xl bg-cream-50/10 dark:bg-cream-50/5 border border-white/20 dark:border-white/10 p-1.5 rounded-full shadow-[0_4px_16px_rgba(0,0,0,0.06)]"[39m
            [36m>[39m
              [36m<button[39m
                [33maria-label[39m=[32m"Switch to dark mode"[39m
                [33mclass[39m=[32m"w-8 h-8 rounded-full flex items-center justify-center text-slate-600 dark:text-white transition-colors duration-300 "[39m
              [36m>[39m
                [36m<div>[39m
                  [36m<svg[39m
                    [33mclass[39m=[32m"w-5 h-5"[39m
                    [33mfill[39m=[32m"none"[39m
                    [33mstroke[39m=[32m"currentColor"[39m
                    [33mstroke-width[39m=[32m"2"[39m
                    [33mviewBox[39m=[32m"0 0 24 24"[39m
                  [36m>[39m
                    [36m<path[39m
                      [33md[39m=[32m"M21 12.79A9 9 0 1 1 11.21 3 7 7 0 0 0 21 12.79z"[39m
                      [33mstroke-linecap[39m=[32m"round"[39m
                      [33mstroke-linejoin[39m=[32m"round"[39m
                    [36m/>[39m
                  [36m</svg>[39m
                [36m</div>[39m
              [36m</button>[39m
            [36m</div>[39m
          [36m</div>[39m
        [36m</div>[39m
      [36m</div>[39m
    [36m</body>[39m

      145 |         render(<DesktopNav {...defaultProps} />);
      146 |
    > 147 |         expect(screen.getByTestId('theme-toggle')).toBeInTheDocument();
          |                       ^
      148 |         expect(screen.getByTestId('language-switcher')).toBeInTheDocument();
      149 |     });
      150 |

      at Object.getElementError (node_modules/@testing-library/dom/dist/config.js:37:19)
      at node_modules/@testing-library/dom/dist/query-helpers.js:76:38
      at node_modules/@testing-library/dom/dist/query-helpers.js:52:17
      at node_modules/@testing-library/dom/dist/query-helpers.js:95:19
      at Object.getByTestId (src/__tests__/components/ui/DesktopNav.test.tsx:147:23)

  ● DesktopNav › renders get started button correctly

    TestingLibraryElementError: Unable to find an accessible element with the role "link" and name `/get started/i`

    Here are the accessible roles:

      navigation:

      Name "":
      [36m<nav[39m
        [33mclass[39m=[32m"absolute left-1/2 -translate-x-1/2 hidden md:block pointer-events-auto"[39m
      [36m/>[39m

      --------------------------------------------------
      link:

      Name "Home":
      [36m<a[39m
        [33mclass[39m=[32m"
                                          px-5 py-2.5 rounded-full text-sm font-medium
                                          transition-colors duration-500 relative focus:outline-none
                                          text-red-600 dark:text-red-500
                                      "[39m
        [33mhref[39m=[32m"/en"[39m
      [36m/>[39m

      Name "Services":
      [36m<a[39m
        [33mclass[39m=[32m"
                          px-5 py-2.5 rounded-full text-sm font-medium
                          transition-colors duration-500 relative focus:outline-none flex items-center gap-1
                          text-slate-700 dark:text-slate-300 hover:text-red-600 dark:hover:text-red-500 hover:bg-red-600/5 dark:hover:bg-red-600/10
                      "[39m
        [33mhref[39m=[32m"/Services"[39m
      [36m/>[39m

      Name "Showreel":
      [36m<a[39m
        [33mclass[39m=[32m"
                                          px-5 py-2.5 rounded-full text-sm font-medium
                                          transition-colors duration-500 relative focus:outline-none
                                          text-slate-700 dark:text-slate-300 hover:text-red-600 dark:hover:text-red-500 hover:bg-red-600/5 dark:hover:bg-red-600/10
                                      "[39m
        [33mhref[39m=[32m"/en/showreel"[39m
      [36m/>[39m

      Name "About":
      [36m<a[39m
        [33mclass[39m=[32m"
                                          px-5 py-2.5 rounded-full text-sm font-medium
                                          transition-colors duration-500 relative focus:outline-none
                                          text-slate-700 dark:text-slate-300 hover:text-red-600 dark:hover:text-red-500 hover:bg-red-600/5 dark:hover:bg-red-600/10
                                      "[39m
        [33mhref[39m=[32m"/en/about"[39m
      [36m/>[39m

      Name "Contact":
      [36m<a[39m
        [33mclass[39m=[32m"
                                          px-5 py-2.5 rounded-full text-sm font-medium
                                          transition-colors duration-500 relative focus:outline-none
                                          text-slate-700 dark:text-slate-300 hover:text-red-600 dark:hover:text-red-500 hover:bg-red-600/5 dark:hover:bg-red-600/10
                                      "[39m
        [33mhref[39m=[32m"/en/contact"[39m
      [36m/>[39m

      --------------------------------------------------
      group:

      Name "Select language":
      [36m<div[39m
        [33maria-label[39m=[32m"Select language"[39m
        [33mclass[39m=[32m"
                      flex items-center gap-0.5 transition-opacity duration-300 max-w-fit
                      px-0 py-0 -my-2.5 -mx-1
                  "[39m
        [33mrole[39m=[32m"group"[39m
      [36m/>[39m

      --------------------------------------------------
      button:

      Name "Switch to Español":
      [36m<button[39m
        [33maria-label[39m=[32m"Switch to Español"[39m
        [33maria-pressed[39m=[32m"false"[39m
        [33mclass[39m=[32m"
                                  relative px-2 py-1 text-xs font-bold uppercase
                                  transition-all duration-300 rounded-full
                                  text-slate-600 dark:text-slate-400 hover:text-red-600 dark:hover:text-red-500
                              "[39m
      [36m/>[39m

      Name "Switch to English":
      [36m<button[39m
        [33maria-label[39m=[32m"Switch to English"[39m
        [33maria-pressed[39m=[32m"true"[39m
        [33mclass[39m=[32m"
                                  relative px-2 py-1 text-xs font-bold uppercase
                                  transition-all duration-300 rounded-full
                                  text-red-600 dark:text-red-500
                              "[39m
      [36m/>[39m

      Name "Switch to Русский":
      [36m<button[39m
        [33maria-label[39m=[32m"Switch to Русский"[39m
        [33maria-pressed[39m=[32m"false"[39m
        [33mclass[39m=[32m"
                                  relative px-2 py-1 text-xs font-bold uppercase
                                  transition-all duration-300 rounded-full
                                  text-slate-600 dark:text-slate-400 hover:text-red-600 dark:hover:text-red-500
                              "[39m
      [36m/>[39m

      Name "Switch to dark mode":
      [36m<button[39m
        [33maria-label[39m=[32m"Switch to dark mode"[39m
        [33mclass[39m=[32m"w-8 h-8 rounded-full flex items-center justify-center text-slate-600 dark:text-white transition-colors duration-300 "[39m
      [36m/>[39m

      --------------------------------------------------

    Ignored nodes: comments, script, style
    [36m<body>[39m
      [36m<div>[39m
        [36m<nav[39m
          [33mclass[39m=[32m"absolute left-1/2 -translate-x-1/2 hidden md:block pointer-events-auto"[39m
        [36m>[39m
          [36m<div[39m
            [33mclass[39m=[32m"
                            px-1.5 py-1.5 rounded-full flex items-center gap-0.5
                            backdrop-blur-2xl
                            bg-cream-50/10 dark:bg-cream-50/5
                            border border-white/20 dark:border-white/10
                            shadow-[0_8px_32px_rgba(0,0,0,0.08)]
                            dark:shadow-[0_8px_32px_rgba(0,0,0,0.3)]
                            transition-all duration-500
                            
                        "[39m
          [36m>[39m
            [36m<a[39m
              [33mclass[39m=[32m"
                                        px-5 py-2.5 rounded-full text-sm font-medium
                                        transition-colors duration-500 relative focus:outline-none
                                        text-red-600 dark:text-red-500
                                    "[39m
              [33mhref[39m=[32m"/en"[39m
            [36m>[39m
              [36m<div[39m
                [33mclass[39m=[32m"absolute inset-0 border-2 border-red-600 dark:border-red-500 rounded-full -z-10 shadow-[0_0_12px_rgba(220,38,38,0.15)]"[39m
              [36m/>[39m
              [36m<span[39m
                [33mclass[39m=[32m"opacity-100"[39m
              [36m>[39m
                [0mHome[0m
              [36m</span>[39m
            [36m</a>[39m
            [36m<div[39m
              [33mclass[39m=[32m"relative"[39m
            [36m>[39m
              [36m<a[39m
                [33mclass[39m=[32m"
                        px-5 py-2.5 rounded-full text-sm font-medium
                        transition-colors duration-500 relative focus:outline-none flex items-center gap-1
                        text-slate-700 dark:text-slate-300 hover:text-red-600 dark:hover:text-red-500 hover:bg-red-600/5 dark:hover:bg-red-600/10
                    "[39m
                [33mhref[39m=[32m"/Services"[39m
              [36m>[39m
                [36m<span[39m
                  [33mclass[39m=[32m""[39m
                [36m>[39m
                  [0mServices[0m
                [36m</span>[39m
                [36m<svg[39m
                  [33mclass[39m=[32m"w-3.5 h-3.5 transition-transform duration-300 "[39m
                  [33mfill[39m=[32m"none"[39m
                  [33mstroke[39m=[32m"currentColor"[39m
                  [33mviewBox[39m=[32m"0 0 24 24"[39m
                [36m>[39m
                  [36m<path[39m
                    [33md[39m=[32m"M19 9l-7 7-7-7"[39m
                    [33mstroke-linecap[39m=[32m"round"[39m
                    [33mstroke-linejoin[39m=[32m"round"[39m
                    [33mstroke-width[39m=[32m"2"[39m
                  [36m/>[39m
                [36m</svg>[39m
              [36m</a>[39m
            [36m</div>[39m
            [36m<a[39m
              [33mclass[39m=[32m"
                                        px-5 py-2.5 rounded-full text-sm font-medium
                                        transition-colors duration-500 relative focus:outline-none
                                        text-slate-700 dark:text-slate-300 hover:text-red-600 dark:hover:text-red-500 hover:bg-red-600/5 dark:hover:bg-red-600/10
                                    "[39m
              [33mhref[39m=[32m"/en/showreel"[39m
            [36m>[39m
              [36m<span[39m
                [33mclass[39m=[32m""[39m
              [36m>[39m
                [0mShowreel[0m
              [36m</span>[39m
            [36m</a>[39m
            [36m<a[39m
              [33mclass[39m=[32m"
                                        px-5 py-2.5 rounded-full text-sm font-medium
                                        transition-colors duration-500 relative focus:outline-none
                                        text-slate-700 dark:text-slate-300 hover:text-red-600 dark:hover:text-red-500 hover:bg-red-600/5 dark:hover:bg-red-600/10
                                    "[39m
              [33mhref[39m=[32m"/en/about"[39m
            [36m>[39m
              [36m<span[39m
                [33mclass[39m=[32m""[39m
              [36m>[39m
                [0mAbout[0m
              [36m</span>[39m
            [36m</a>[39m
            [36m<a[39m
              [33mclass[39m=[32m"
                                        px-5 py-2.5 rounded-full text-sm font-medium
                                        transition-colors duration-500 relative focus:outline-none
                                        text-slate-700 dark:text-slate-300 hover:text-red-600 dark:hover:text-red-500 hover:bg-red-600/5 dark:hover:bg-red-600/10
                                    "[39m
              [33mhref[39m=[32m"/en/contact"[39m
            [36m>[39m
              [36m<span[39m
                [33mclass[39m=[32m""[39m
              [36m>[39m
                [0mContact[0m
              [36m</span>[39m
            [36m</a>[39m
          [36m</div>[39m
        [36m</nav>[39m
        [36m<div[39m
          [33mclass[39m=[32m"hidden md:flex items-center gap-2 pointer-events-auto transition-all duration-500 translate-y-0 opacity-100"[39m
        [36m>[39m
          [36m<div[39m
            [33mclass[39m=[32m"flex items-center gap-2"[39m
          [36m>[39m
            [36m<div[39m
              [33mclass[39m=[32m"backdrop-blur-2xl bg-cream-50/10 dark:bg-cream-50/5 p-1.5 rounded-full flex items-center gap-1 shadow-[0_4px_16px_rgba(0,0,0,0.06)]"[39m
            [36m>[39m
              [36m<div[39m
                [33maria-label[39m=[32m"Select language"[39m
                [33mclass[39m=[32m"
                    flex items-center gap-0.5 transition-opacity duration-300 max-w-fit
                    px-0 py-0 -my-2.5 -mx-1
                "[39m
                [33mrole[39m=[32m"group"[39m
              [36m>[39m
                [36m<button[39m
                  [33maria-label[39m=[32m"Switch to Español"[39m
                  [33maria-pressed[39m=[32m"false"[39m
                  [33mclass[39m=[32m"
                                relative px-2 py-1 text-xs font-bold uppercase
                                transition-all duration-300 rounded-full
                                text-slate-600 dark:text-slate-400 hover:text-red-600 dark:hover:text-red-500
                            "[39m
                [36m>[39m
                  [36m<span[39m
                    [33mclass[39m=[32m"relative z-10"[39m
                  [36m>[39m
                    [0mES[0m
                  [36m</span>[39m
                [36m</button>[39m
                [36m<button[39m
                  [33maria-label[39m=[32m"Switch to English"[39m
                  [33maria-pressed[39m=[32m"true"[39m
                  [33mclass[39m=[32m"
                                relative px-2 py-1 text-xs font-bold uppercase
                                transition-all duration-300 rounded-full
                                text-red-600 dark:text-red-500
                            "[39m
                [36m>[39m
                  [36m<span[39m
                    [33mclass[39m=[32m"relative z-10"[39m
                  [36m>[39m
                    [0mEN[0m
                  [36m</span>[39m
                [36m</button>[39m
                [36m<button[39m
                  [33maria-label[39m=[32m"Switch to Русский"[39m
                  [33maria-pressed[39m=[32m"false"[39m
                  [33mclass[39m=[32m"
                                relative px-2 py-1 text-xs font-bold uppercase
                                transition-all duration-300 rounded-full
                                text-slate-600 dark:text-slate-400 hover:text-red-600 dark:hover:text-red-500
                            "[39m
                [36m>[39m
                  [36m<span[39m
                    [33mclass[39m=[32m"relative z-10"[39m
                  [36m>[39m
                    [0mRU[0m
                  [36m</span>[39m
                [36m</button>[39m
              [36m</div>[39m
            [36m</div>[39m
            [36m<div[39m
              [33mclass[39m=[32m"backdrop-blur-2xl bg-cream-50/10 dark:bg-cream-50/5 border border-white/20 dark:border-white/10 p-1.5 rounded-full shadow-[0_4px_16px_rgba(0,0,0,0.06)]"[39m
            [36m>[39m
              [36m<button[39m
                [33maria-label[39m=[32m"Switch to dark mode"[39m
                [33mclass[39m=[32m"w-8 h-8 rounded-full flex items-center justify-center text-slate-600 dark:text-white transition-colors duration-300 "[39m
              [36m>[39m
                [36m<div>[39m
                  [36m<svg[39m
                    [33mclass[39m=[32m"w-5 h-5"[39m
                    [33mfill[39m=[32m"none"[39m
                    [33mstroke[39m=[32m"currentColor"[39m
                    [33mstroke-width[39m=[32m"2"[39m
                    [33mviewBox[39m=[32m"0 0 24 24"[39m
                  [36m>[39m
                    [36m<path[39m
                      [33md[39m=[32m"M21 12.79A9 9 0 1 1 11.21 3 7 7 0 0 0 21 12.79z"[39m
                      [33mstroke-linecap[39m=[32m"round"[39m
                      [33mstroke-linejoin[39m=[32m"round"[39m
                    [36m/>[39m
                  [36m</svg>[39m
                [36m</div>[39m
              [36m</button>[39m
            [36m</div>[39m
          [36m</div>[39m
        [36m</div>[39m
      [36m</div>[39m
    [36m</body>[39m

      182 |         render(<DesktopNav {...defaultProps} />);
      183 |
    > 184 |         const getStartedButton = screen.getByRole('link', { name: /get started/i });
          |                                         ^
      185 |         expect(getStartedButton).toHaveAttribute('href', '/en/contact');
      186 |         expect(getStartedButton).toHaveClass('bg-red-600');
      187 |     });

      at Object.getElementError (node_modules/@testing-library/dom/dist/config.js:37:19)
      at node_modules/@testing-library/dom/dist/query-helpers.js:76:38
      at node_modules/@testing-library/dom/dist/query-helpers.js:52:17
      at node_modules/@testing-library/dom/dist/query-helpers.js:95:19
      at Object.getByRole (src/__tests__/components/ui/DesktopNav.test.tsx:184:41)

  ● DesktopNav › handles different languages correctly

    TestingLibraryElementError: Unable to find an element with the text: Empezar. This could be because the text is broken up by multiple elements. In this case, you can provide a function for your text matcher to make your matcher more flexible.

    Ignored nodes: comments, script, style
    [36m<body>[39m
      [36m<div>[39m
        [36m<nav[39m
          [33mclass[39m=[32m"absolute left-1/2 -translate-x-1/2 hidden md:block pointer-events-auto"[39m
        [36m>[39m
          [36m<div[39m
            [33mclass[39m=[32m"
                            px-1.5 py-1.5 rounded-full flex items-center gap-0.5
                            backdrop-blur-2xl
                            bg-cream-50/10 dark:bg-cream-50/5
                            border border-white/20 dark:border-white/10
                            shadow-[0_8px_32px_rgba(0,0,0,0.08)]
                            dark:shadow-[0_8px_32px_rgba(0,0,0,0.3)]
                            transition-all duration-500
                            
                        "[39m
          [36m>[39m
            [36m<a[39m
              [33mclass[39m=[32m"
                                        px-5 py-2.5 rounded-full text-sm font-medium
                                        transition-colors duration-500 relative focus:outline-none
                                        text-slate-700 dark:text-slate-300 hover:text-red-600 dark:hover:text-red-500 hover:bg-red-600/5 dark:hover:bg-red-600/10
                                    "[39m
              [33mhref[39m=[32m"/es"[39m
            [36m>[39m
              [36m<span[39m
                [33mclass[39m=[32m""[39m
              [36m>[39m
                [0mInicio[0m
              [36m</span>[39m
            [36m</a>[39m
            [36m<div[39m
              [33mclass[39m=[32m"relative"[39m
            [36m>[39m
              [36m<a[39m
                [33mclass[39m=[32m"
                        px-5 py-2.5 rounded-full text-sm font-medium
                        transition-colors duration-500 relative focus:outline-none flex items-center gap-1
                        text-slate-700 dark:text-slate-300 hover:text-red-600 dark:hover:text-red-500 hover:bg-red-600/5 dark:hover:bg-red-600/10
                    "[39m
                [33mhref[39m=[32m"/Servicios"[39m
              [36m>[39m
                [36m<span[39m
                  [33mclass[39m=[32m""[39m
                [36m>[39m
                  [0mServicios[0m
                [36m</span>[39m
                [36m<svg[39m
                  [33mclass[39m=[32m"w-3.5 h-3.5 transition-transform duration-300 "[39m
                  [33mfill[39m=[32m"none"[39m
                  [33mstroke[39m=[32m"currentColor"[39m
                  [33mviewBox[39m=[32m"0 0 24 24"[39m
                [36m>[39m
                  [36m<path[39m
                    [33md[39m=[32m"M19 9l-7 7-7-7"[39m
                    [33mstroke-linecap[39m=[32m"round"[39m
                    [33mstroke-linejoin[39m=[32m"round"[39m
                    [33mstroke-width[39m=[32m"2"[39m
                  [36m/>[39m
                [36m</svg>[39m
              [36m</a>[39m
            [36m</div>[39m
            [36m<a[39m
              [33mclass[39m=[32m"
                                        px-5 py-2.5 rounded-full text-sm font-medium
                                        transition-colors duration-500 relative focus:outline-none
                                        text-slate-700 dark:text-slate-300 hover:text-red-600 dark:hover:text-red-500 hover:bg-red-600/5 dark:hover:bg-red-600/10
                                    "[39m
              [33mhref[39m=[32m"/es/showreel"[39m
            [36m>[39m
              [36m<span[39m
                [33mclass[39m=[32m""[39m
              [36m>[39m
                [0mShowreel[0m
              [36m</span>[39m
            [36m</a>[39m
            [36m<a[39m
              [33mclass[39m=[32m"
                                        px-5 py-2.5 rounded-full text-sm font-medium
                                        transition-colors duration-500 relative focus:outline-none
                                        text-slate-700 dark:text-slate-300 hover:text-red-600 dark:hover:text-red-500 hover:bg-red-600/5 dark:hover:bg-red-600/10
                                    "[39m
              [33mhref[39m=[32m"/es/about"[39m
            [36m>[39m
              [36m<span[39m
                [33mclass[39m=[32m""[39m
              [36m>[39m
                [0mNosotros[0m
              [36m</span>[39m
            [36m</a>[39m
            [36m<a[39m
              [33mclass[39m=[32m"
                                        px-5 py-2.5 rounded-full text-sm font-medium
                                        transition-colors duration-500 relative focus:outline-none
                                        text-slate-700 dark:text-slate-300 hover:text-red-600 dark:hover:text-red-500 hover:bg-red-600/5 dark:hover:bg-red-600/10
                                    "[39m
              [33mhref[39m=[32m"/es/contact"[39m
            [36m>[39m
              [36m<span[39m
                [33mclass[39m=[32m""[39m
              [36m>[39m
                [0mContacto[0m
              [36m</span>[39m
            [36m</a>[39m
          [36m</div>[39m
        [36m</nav>[39m
        [36m<div[39m
          [33mclass[39m=[32m"hidden md:flex items-center gap-2 pointer-events-auto transition-all duration-500 translate-y-0 opacity-100"[39m
        [36m>[39m
          [36m<div[39m
            [33mclass[39m=[32m"flex items-center gap-2"[39m
          [36m>[39m
            [36m<div[39m
              [33mclass[39m=[32m"backdrop-blur-2xl bg-cream-50/10 dark:bg-cream-50/5 p-1.5 rounded-full flex items-center gap-1 shadow-[0_4px_16px_rgba(0,0,0,0.06)]"[39m
            [36m>[39m
              [36m<div[39m
                [33maria-label[39m=[32m"Select language"[39m
                [33mclass[39m=[32m"
                    flex items-center gap-0.5 transition-opacity duration-300 max-w-fit
                    px-0 py-0 -my-2.5 -mx-1
                "[39m
                [33mrole[39m=[32m"group"[39m
              [36m>[39m
                [36m<button[39m
                  [33maria-label[39m=[32m"Switch to Español"[39m
                  [33maria-pressed[39m=[32m"true"[39m
                  [33mclass[39m=[32m"
                                relative px-2 py-1 text-xs font-bold uppercase
                                transition-all duration-300 rounded-full
                                text-red-600 dark:text-red-500
                            "[39m
                [36m>[39m
                  [36m<span[39m
                    [33mclass[39m=[32m"relative z-10"[39m
                  [36m>[39m
                    [0mES[0m
                  [36m</span>[39m
                [36m</button>[39m
                [36m<button[39m
                  [33maria-label[39m=[32m"Switch to English"[39m
                  [33maria-pressed[39m=[32m"false"[39m
                  [33mclass[39m=[32m"
                                relative px-2 py-1 text-xs font-bold uppercase
                                transition-all duration-300 rounded-full
                                text-slate-600 dark:text-slate-400 hover:text-red-600 dark:hover:text-red-500
                            "[39m
                [36m>[39m
                  [36m<span[39m
                    [33mclass[39m=[32m"relative z-10"[39m
                  [36m>[39m
                    [0mEN[0m
                  [36m</span>[39m
                [36m</button>[39m
                [36m<button[39m
                  [33maria-label[39m=[32m"Switch to Русский"[39m
                  [33maria-pressed[39m=[32m"false"[39m
                  [33mclass[39m=[32m"
                                relative px-2 py-1 text-xs font-bold uppercase
                                transition-all duration-300 rounded-full
                                text-slate-600 dark:text-slate-400 hover:text-red-600 dark:hover:text-red-500
                            "[39m
                [36m>[39m
                  [36m<span[39m
                    [33mclass[39m=[32m"relative z-10"[39m
                  [36m>[39m
                    [0mRU[0m
                  [36m</span>[39m
                [36m</button>[39m
              [36m</div>[39m
            [36m</div>[39m
            [36m<div[39m
              [33mclass[39m=[32m"backdrop-blur-2xl bg-cream-50/10 dark:bg-cream-50/5 border border-white/20 dark:border-white/10 p-1.5 rounded-full shadow-[0_4px_16px_rgba(0,0,0,0.06)]"[39m
            [36m>[39m
              [36m<button[39m
                [33maria-label[39m=[32m"Switch to dark mode"[39m
                [33mclass[39m=[32m"w-8 h-8 rounded-full flex items-center justify-center text-slate-600 dark:text-white transition-colors duration-300 "[39m
              [36m>[39m
                [36m<div>[39m
                  [36m<svg[39m
                    [33mclass[39m=[32m"w-5 h-5"[39m
                    [33mfill[39m=[32m"none"[39m
                    [33mstroke[39m=[32m"currentColor"[39m
                    [33mstroke-width[39m=[32m"2"[39m
                    [33mviewBox[39m=[32m"0 0 24 24"[39m
                  [36m>[39m
                    [36m<path[39m
                      [33md[39m=[32m"M21 12.79A9 9 0 1 1 11.21 3 7 7 0 0 0 21 12.79z"[39m
                      [33mstroke-linecap[39m=[32m"round"[39m
                      [33mstroke-linejoin[39m=[32m"round"[39m
                    [36m/>[39m
                  [36m</svg>[39m
                [36m</div>[39m
              [36m</button>[39m
            [36m</div>[39m
          [36m</div>[39m
        [36m</div>[39m
      [36m</div>[39m
    [36m</body>[39m

      206 |         expect(screen.getByText('Servicios')).toBeInTheDocument();
      207 |         expect(screen.getByText('Contacto')).toBeInTheDocument();
    > 208 |         expect(screen.getByText('Empezar')).toBeInTheDocument();
          |                       ^
      209 |     });
      210 |
      211 |     it('handles empty services sublinks gracefully', () => {

      at Object.getElementError (node_modules/@testing-library/dom/dist/config.js:37:19)
      at node_modules/@testing-library/dom/dist/query-helpers.js:76:38
      at node_modules/@testing-library/dom/dist/query-helpers.js:52:17
      at node_modules/@testing-library/dom/dist/query-helpers.js:95:19
      at Object.getByText (src/__tests__/components/ui/DesktopNav.test.tsx:208:23)

  ● DesktopNav › applies correct CSS classes based on scroll state

    expect(element).toHaveClass("transition-all")

    Expected the element to have class:
      transition-all
    Received:
      absolute left-1/2 -translate-x-1/2 hidden md:block pointer-events-auto

      227 |
      228 |         const nav = screen.getByRole('navigation');
    > 229 |         expect(nav).toHaveClass('transition-all');
          |                     ^
      230 |
      231 |         rerender(<DesktopNav {...defaultProps} isScrolled={true} />);
      232 |         expect(nav).toHaveClass('scrolled');

      at Object.toHaveClass (src/__tests__/components/ui/DesktopNav.test.tsx:229:21)

  ● DesktopNav › renders with correct accessibility attributes

    expect(element).toHaveAttribute("aria-label") // element.hasAttribute("aria-label")

    Expected the element to have attribute:
      aria-label
    Received:
      null

      237 |
      238 |         const nav = screen.getByRole('navigation');
    > 239 |         expect(nav).toHaveAttribute('aria-label');
          |                     ^
      240 |     });
      241 | });
      242 |

      at Object.toHaveAttribute (src/__tests__/components/ui/DesktopNav.test.tsx:239:21)

FAIL src/__tests__/components/ContactForm.advanced.test.tsx
  ● ContactForm - Advanced Testing › Component Rendering › renders all form sections correctly

    TestingLibraryElementError: Unable to find an element with the text: Send a message. This could be because the text is broken up by multiple elements. In this case, you can provide a function for your text matcher to make your matcher more flexible.

    Ignored nodes: comments, script, style
    [36m<body>[39m
      [36m<div>[39m
        [36m<div[39m
          [33mclass[39m=[32m"contact-form p-4 sm:p-6 lg:p-10 shadow-2xl relative overflow-hidden group/card transition-all duration-500 overflow-x-hidden"[39m
        [36m>[39m
          [36m<div[39m
            [33mclass[39m=[32m"space-y-8 relative z-10"[39m
          [36m>[39m
            [36m<div[39m
              [33mclass[39m=[32m"flex p-1 bg-slate-200/50 dark:bg-dark-950/40 backdrop-blur-sm rounded-2xl w-full max-w-md mx-auto relative border border-slate-300/30 dark:border-white/5"[39m
            [36m>[39m
              [36m<div[39m
                [33mclass[39m=[32m"absolute top-1 bottom-1 rounded-xl bg-white dark:bg-dark-800 shadow-md border border-slate-200/50 dark:border-white/5"[39m
                [33mstyle[39m=[32m"width: calc(50% - 4px);"[39m
              [36m/>[39m
              [36m<button[39m
                [33mclass[39m=[32m"relative flex-1 py-2.5 text-xs sm:text-sm font-bold rounded-xl transition-all duration-300 z-10 text-primary-600 dark:text-primary-400"[39m
                [33mtype[39m=[32m"button"[39m
              [36m>[39m
                [0mSend Message[0m
              [36m</button>[39m
              [36m<button[39m
                [33mclass[39m=[32m"relative flex-1 py-2.5 text-xs sm:text-sm font-bold rounded-xl transition-all duration-300 z-10 text-slate-500 dark:text-dark-500 hover:text-slate-700 dark:hover:text-dark-300"[39m
                [33mtype[39m=[32m"button"[39m
              [36m>[39m
                [0mRequest Callback[0m
              [36m</button>[39m
            [36m</div>[39m
            [36m<form[39m
              [33maria-live[39m=[32m"polite"[39m
              [33mclass[39m=[32m"form-grid grid grid-cols-1 md:grid-cols-2 gap-x-4 sm:gap-x-6 gap-y-4 sm:gap-y-6"[39m
              [33mnovalidate[39m=[32m""[39m
            [36m>[39m
              [36m<div[39m
                [33mclass[39m=[32m"col-span-2 h-64 animate-pulse bg-slate-100 dark:bg-dark-800 rounded-2xl"[39m
              [36m/>[39m
              [36m<div[39m
                [33mclass[39m=[32m"col-span-2 h-12 animate-pulse bg-slate-100 dark:bg-dark-800 rounded-2xl"[39m
              [36m/>[39m
            [36m</form>[39m
            [36m<div[39m
              [33mclass[39m=[32m"mt-8 flex flex-col items-center gap-1.5 opacity-60"[39m
            [36m>[39m
              [36m<p[39m
                [33mclass[39m=[32m"text-[9px] text-slate-500 dark:text-dark-500 text-center font-bold uppercase tracking-[0.2em]"[39m
              [36m>[39m
                [0mProtected by reCAPTCHA[0m
              [36m</p>[39m
              [36m<div[39m
                [33mclass[39m=[32m"flex items-center gap-2 text-[9px] text-slate-500 dark:text-dark-500 font-bold uppercase tracking-[0.2em]"[39m
              [36m>[39m
                [36m<a[39m
                  [33mclass[39m=[32m"hover:text-primary-500 transition-colors underline decoration-dotted underline-offset-4"[39m
                  [33mhref[39m=[32m"https://policies.google.com/privacy"[39m
                  [33mrel[39m=[32m"noopener noreferrer"[39m
                  [33mtarget[39m=[32m"_blank"[39m
                [36m>[39m
                  [0mPrivacy[0m
                [36m</a>[39m
                [36m<span[39m
                  [33mclass[39m=[32m"text-[8px]"[39m
                [36m>[39m
                  [0m&[0m
                [36m</span>[39m
                [36m<a[39m
                  [33mclass[39m=[32m"hover:text-primary-500 transition-colors underline decoration-dotted underline-offset-4"[39m
                  [33mhref[39m=[32m"https://policies.google.com/terms"[39m
                  [33mrel[39m=[32m"noopener noreferrer"[39m
                  [33mtarget[39m=[32m"_blank"[39m
                [36m>[39m
                  [0mTerms[0m
                [36m</a>[39m
              [36m</div>[39m
            [36m</div>[39m
          [36m</div>[39m
        [36m</div>[39m
      [36m</div>[39m
    [36m</body>[39m

      42 |             render(<ContactForm lang="en" dict={mockDict} />);
      43 |
    > 44 |             expect(screen.getByText('Send a message')).toBeInTheDocument();
         |                           ^
      45 |             expect(screen.getByText('Request a callback')).toBeInTheDocument();
      46 |         });
      47 |

      at Object.getElementError (node_modules/@testing-library/dom/dist/config.js:37:19)
      at node_modules/@testing-library/dom/dist/query-helpers.js:76:38
      at node_modules/@testing-library/dom/dist/query-helpers.js:52:17
      at node_modules/@testing-library/dom/dist/query-helpers.js:95:19
      at Object.getByText (src/__tests__/components/ContactForm.advanced.test.tsx:44:27)

  ● ContactForm - Advanced Testing › Component Rendering › shows required field indicators

    TestingLibraryElementError: Unable to find an element with the text: Full Name *. This could be because the text is broken up by multiple elements. In this case, you can provide a function for your text matcher to make your matcher more flexible.

    Ignored nodes: comments, script, style
    [36m<body>[39m
      [36m<div>[39m
        [36m<div[39m
          [33mclass[39m=[32m"contact-form p-4 sm:p-6 lg:p-10 shadow-2xl relative overflow-hidden group/card transition-all duration-500 overflow-x-hidden"[39m
        [36m>[39m
          [36m<div[39m
            [33mclass[39m=[32m"space-y-8 relative z-10"[39m
          [36m>[39m
            [36m<div[39m
              [33mclass[39m=[32m"flex p-1 bg-slate-200/50 dark:bg-dark-950/40 backdrop-blur-sm rounded-2xl w-full max-w-md mx-auto relative border border-slate-300/30 dark:border-white/5"[39m
            [36m>[39m
              [36m<div[39m
                [33mclass[39m=[32m"absolute top-1 bottom-1 rounded-xl bg-white dark:bg-dark-800 shadow-md border border-slate-200/50 dark:border-white/5"[39m
                [33mstyle[39m=[32m"width: calc(50% - 4px);"[39m
              [36m/>[39m
              [36m<button[39m
                [33mclass[39m=[32m"relative flex-1 py-2.5 text-xs sm:text-sm font-bold rounded-xl transition-all duration-300 z-10 text-primary-600 dark:text-primary-400"[39m
                [33mtype[39m=[32m"button"[39m
              [36m>[39m
                [0mSend Message[0m
              [36m</button>[39m
              [36m<button[39m
                [33mclass[39m=[32m"relative flex-1 py-2.5 text-xs sm:text-sm font-bold rounded-xl transition-all duration-300 z-10 text-slate-500 dark:text-dark-500 hover:text-slate-700 dark:hover:text-dark-300"[39m
                [33mtype[39m=[32m"button"[39m
              [36m>[39m
                [0mRequest Callback[0m
              [36m</button>[39m
            [36m</div>[39m
            [36m<form[39m
              [33maria-live[39m=[32m"polite"[39m
              [33mclass[39m=[32m"form-grid grid grid-cols-1 md:grid-cols-2 gap-x-4 sm:gap-x-6 gap-y-4 sm:gap-y-6"[39m
              [33mnovalidate[39m=[32m""[39m
            [36m>[39m
              [36m<div[39m
                [33maria-hidden[39m=[32m"true"[39m
                [33mclass[39m=[32m"hidden"[39m
              [36m>[39m
                [36m<input[39m
                  [33mautocomplete[39m=[32m"off"[39m
                  [33mname[39m=[32m"website"[39m
                  [33mreadonly[39m=[32m""[39m
                  [33mtabindex[39m=[32m"-1"[39m
                  [33mtype[39m=[32m"text"[39m
                  [33mvalue[39m=[32m""[39m
                [36m/>[39m
              [36m</div>[39m
              [36m<div[39m
                [33mclass[39m=[32m"col-span-1 md:col-span-2 grid grid-cols-1 md:grid-cols-2 gap-x-6 gap-y-7"[39m
              [36m>[39m
                [36m<div[39m
                  [33mclass[39m=[32m"group/input "[39m
                [36m>[39m
                  [36m<label[39m
                    [33mclass[39m=[32m"block text-xs font-bold text-slate-500 dark:text-dark-500 uppercase tracking-[0.15em] mb-2.5 transition-colors group-focus-within/input:text-primary-500"[39m
                    [33mfor[39m=[32m"name"[39m
                  [36m>[39m
                    [0mFull Name[0m
                    [36m<span[39m
                      [33mclass[39m=[32m"text-red-500"[39m
                    [36m>[39m
                      [0m *[0m
                    [36m</span>[39m
                  [36m</label>[39m
                  [36m<input[39m
                    [33mclass[39m=[32m"w-full px-5 py-3.5 rounded-2xl bg-white/50 dark:bg-dark-900/40 border backdrop-blur-md transition-all outline-none border-slate-200 dark:border-white/10 text-slate-900 dark:text-white focus:border-primary-500/50 dark:focus:border-primary-500/50 shadow-sm "[39m
                    [33mid[39m=[32m"name"[39m
                    [33mname[39m=[32m"name"[39m
                    [33mplaceholder[39m=[32m"Jane Doe"[39m
                    [33mvalue[39m=[32m""[39m
                  [36m/>[39m
                [36m</div>[39m
                [36m<div[39m
                  [33mclass[39m=[32m"group/input "[39m
                [36m>[39m
                  [36m<label[39m
                    [33mclass[39m=[32m"block text-xs font-bold text-slate-500 dark:text-dark-500 uppercase tracking-[0.15em] mb-2.5 transition-colors group-focus-within/input:text-primary-500"[39m
                    [33mfor[39m=[32m"email"[39m
                  [36m>[39m
                    [0mEmail[0m
                    [36m<span[39m
                      [33mclass[39m=[32m"text-red-500"[39m
                    [36m>[39m
                      [0m *[0m
                    [36m</span>[39m
                  [36m</label>[39m
                  [36m<input[39m
                    [33mclass[39m=[32m"w-full px-5 py-3.5 rounded-2xl bg-white/50 dark:bg-dark-900/40 border backdrop-blur-md transition-all outline-none border-slate-200 dark:border-white/10 text-slate-900 dark:text-white focus:border-primary-500/50 dark:focus:border-primary-500/50 shadow-sm "[39m
                    [33mid[39m=[32m"email"[39m
                    [33mname[39m=[32m"email"[39m
                    [33mplaceholder[39m=[32m"jane@company.com"[39m
                    [33mtype[39m=[32m"email"[39m
                    [33mvalue[39m=[32m""[39m
                  [36m/>[39m
                [36m</div>[39m
                [36m<div[39m
                  [33mclass[39m=[32m"group/input "[39m
                [36m>[39m
                  [36m<label[39m
                    [33mclass[39m=[32m"block text-xs font-bold text-slate-500 dark:text-dark-500 uppercase tracking-[0.15em] mb-2.5 transition-colors group-focus-within/input:text-primary-500"[39m
                    [33mfor[39m=[32m"company"[39m
                  [36m>[39m
                    [0mCompany[0m
                  [36m</label>[39m
                  [36m<input[39m
                    [33mclass[39m=[32m"w-full px-5 py-3.5 rounded-2xl bg-white/50 dark:bg-dark-900/40 border backdrop-blur-md transition-all outline-none border-slate-200 dark:border-white/10 text-slate-900 dark:text-white focus:border-primary-500/50 dark:focus:border-primary-500/50 shadow-sm "[39m
                    [33mid[39m=[32m"company"[39m
                    [33mname[39m=[32m"company"[39m
                    [33mplaceholder[39m=[32m"Your company"[39m
                    [33mvalue[39m=[32m""[39m
                  [36m/>[39m
                [36m</div>[39m
                [36m<div[39m
                  [33mclass[39m=[32m"group/input "[39m
                [36m>[39m
                  [36m<label[39m
                    [33mclass[39m=[32m"block text-xs font-bold text-slate-500 dark:text-dark-500 uppercase tracking-[0.15em] mb-2.5 transition-colors group-focus-within/input:text-primary-500"[39m
                    [33mfor[39m=[32m"service"[39m
                  [36m>[39m
                    [0mService[0m
                    [36m<span[39m
                      [33mclass[39m=[32m"text-red-500"[39m
                    [36m>[39m
                      [0m *[0m
                    [36m</span>[39m
                  [36m</label>[39m
                  [36m<div[39m
                    [33mclass[39m=[32m"relative"[39m
                  [36m>[39m
                    [36m<select[39m
                      [33mclass[39m=[32m"w-full min-w-[200px] px-4 py-3 rounded-xl bg-white/80 da...

      58 |             render(<ContactForm lang="en" dict={mockDict} />);
      59 |
    > 60 |             expect(screen.getByText('Full Name *')).toBeInTheDocument();
         |                           ^
      61 |             expect(screen.getByText('Email *')).toBeInTheDocument();
      62 |         });
      63 |     });

      at Object.getElementError (node_modules/@testing-library/dom/dist/config.js:37:19)
      at node_modules/@testing-library/dom/dist/query-helpers.js:76:38
      at node_modules/@testing-library/dom/dist/query-helpers.js:52:17
      at node_modules/@testing-library/dom/dist/query-helpers.js:95:19
      at Object.getByText (src/__tests__/components/ContactForm.advanced.test.tsx:60:27)

  ● ContactForm - Advanced Testing › Tab Switching › switches between message and callback tabs

    TestingLibraryElementError: Unable to find an element with the text: Request a callback. This could be because the text is broken up by multiple elements. In this case, you can provide a function for your text matcher to make your matcher more flexible.

    Ignored nodes: comments, script, style
    [36m<body>[39m
      [36m<div>[39m
        [36m<div[39m
          [33mclass[39m=[32m"contact-form p-4 sm:p-6 lg:p-10 shadow-2xl relative overflow-hidden group/card transition-all duration-500 overflow-x-hidden"[39m
        [36m>[39m
          [36m<div[39m
            [33mclass[39m=[32m"space-y-8 relative z-10"[39m
          [36m>[39m
            [36m<div[39m
              [33mclass[39m=[32m"flex p-1 bg-slate-200/50 dark:bg-dark-950/40 backdrop-blur-sm rounded-2xl w-full max-w-md mx-auto relative border border-slate-300/30 dark:border-white/5"[39m
            [36m>[39m
              [36m<div[39m
                [33mclass[39m=[32m"absolute top-1 bottom-1 rounded-xl bg-white dark:bg-dark-800 shadow-md border border-slate-200/50 dark:border-white/5"[39m
                [33mstyle[39m=[32m"width: calc(50% - 4px);"[39m
              [36m/>[39m
              [36m<button[39m
                [33mclass[39m=[32m"relative flex-1 py-2.5 text-xs sm:text-sm font-bold rounded-xl transition-all duration-300 z-10 text-primary-600 dark:text-primary-400"[39m
                [33mtype[39m=[32m"button"[39m
              [36m>[39m
                [0mSend Message[0m
              [36m</button>[39m
              [36m<button[39m
                [33mclass[39m=[32m"relative flex-1 py-2.5 text-xs sm:text-sm font-bold rounded-xl transition-all duration-300 z-10 text-slate-500 dark:text-dark-500 hover:text-slate-700 dark:hover:text-dark-300"[39m
                [33mtype[39m=[32m"button"[39m
              [36m>[39m
                [0mRequest Callback[0m
              [36m</button>[39m
            [36m</div>[39m
            [36m<form[39m
              [33maria-live[39m=[32m"polite"[39m
              [33mclass[39m=[32m"form-grid grid grid-cols-1 md:grid-cols-2 gap-x-4 sm:gap-x-6 gap-y-4 sm:gap-y-6"[39m
              [33mnovalidate[39m=[32m""[39m
            [36m>[39m
              [36m<div[39m
                [33maria-hidden[39m=[32m"true"[39m
                [33mclass[39m=[32m"hidden"[39m
              [36m>[39m
                [36m<input[39m
                  [33mautocomplete[39m=[32m"off"[39m
                  [33mname[39m=[32m"website"[39m
                  [33mreadonly[39m=[32m""[39m
                  [33mtabindex[39m=[32m"-1"[39m
                  [33mtype[39m=[32m"text"[39m
                  [33mvalue[39m=[32m""[39m
                [36m/>[39m
              [36m</div>[39m
              [36m<div[39m
                [33mclass[39m=[32m"col-span-1 md:col-span-2 grid grid-cols-1 md:grid-cols-2 gap-x-6 gap-y-7"[39m
              [36m>[39m
                [36m<div[39m
                  [33mclass[39m=[32m"group/input "[39m
                [36m>[39m
                  [36m<label[39m
                    [33mclass[39m=[32m"block text-xs font-bold text-slate-500 dark:text-dark-500 uppercase tracking-[0.15em] mb-2.5 transition-colors group-focus-within/input:text-primary-500"[39m
                    [33mfor[39m=[32m"name"[39m
                  [36m>[39m
                    [0mFull Name[0m
                    [36m<span[39m
                      [33mclass[39m=[32m"text-red-500"[39m
                    [36m>[39m
                      [0m *[0m
                    [36m</span>[39m
                  [36m</label>[39m
                  [36m<input[39m
                    [33mclass[39m=[32m"w-full px-5 py-3.5 rounded-2xl bg-white/50 dark:bg-dark-900/40 border backdrop-blur-md transition-all outline-none border-slate-200 dark:border-white/10 text-slate-900 dark:text-white focus:border-primary-500/50 dark:focus:border-primary-500/50 shadow-sm "[39m
                    [33mid[39m=[32m"name"[39m
                    [33mname[39m=[32m"name"[39m
                    [33mplaceholder[39m=[32m"Jane Doe"[39m
                    [33mvalue[39m=[32m""[39m
                  [36m/>[39m
                [36m</div>[39m
                [36m<div[39m
                  [33mclass[39m=[32m"group/input "[39m
                [36m>[39m
                  [36m<label[39m
                    [33mclass[39m=[32m"block text-xs font-bold text-slate-500 dark:text-dark-500 uppercase tracking-[0.15em] mb-2.5 transition-colors group-focus-within/input:text-primary-500"[39m
                    [33mfor[39m=[32m"email"[39m
                  [36m>[39m
                    [0mEmail[0m
                    [36m<span[39m
                      [33mclass[39m=[32m"text-red-500"[39m
                    [36m>[39m
                      [0m *[0m
                    [36m</span>[39m
                  [36m</label>[39m
                  [36m<input[39m
                    [33mclass[39m=[32m"w-full px-5 py-3.5 rounded-2xl bg-white/50 dark:bg-dark-900/40 border backdrop-blur-md transition-all outline-none border-slate-200 dark:border-white/10 text-slate-900 dark:text-white focus:border-primary-500/50 dark:focus:border-primary-500/50 shadow-sm "[39m
                    [33mid[39m=[32m"email"[39m
                    [33mname[39m=[32m"email"[39m
                    [33mplaceholder[39m=[32m"jane@company.com"[39m
                    [33mtype[39m=[32m"email"[39m
                    [33mvalue[39m=[32m""[39m
                  [36m/>[39m
                [36m</div>[39m
                [36m<div[39m
                  [33mclass[39m=[32m"group/input "[39m
                [36m>[39m
                  [36m<label[39m
                    [33mclass[39m=[32m"block text-xs font-bold text-slate-500 dark:text-dark-500 uppercase tracking-[0.15em] mb-2.5 transition-colors group-focus-within/input:text-primary-500"[39m
                    [33mfor[39m=[32m"company"[39m
                  [36m>[39m
                    [0mCompany[0m
                  [36m</label>[39m
                  [36m<input[39m
                    [33mclass[39m=[32m"w-full px-5 py-3.5 rounded-2xl bg-white/50 dark:bg-dark-900/40 border backdrop-blur-md transition-all outline-none border-slate-200 dark:border-white/10 text-slate-900 dark:text-white focus:border-primary-500/50 dark:focus:border-primary-500/50 shadow-sm "[39m
                    [33mid[39m=[32m"company"[39m
                    [33mname[39m=[32m"company"[39m
                    [33mplaceholder[39m=[32m"Your company"[39m
                    [33mvalue[39m=[32m""[39m
                  [36m/>[39m
                [36m</div>[39m
                [36m<div[39m
                  [33mclass[39m=[32m"group/input "[39m
                [36m>[39m
                  [36m<label[39m
                    [33mclass[39m=[32m"block text-xs font-bold text-slate-500 dark:text-dark-500 uppercase tracking-[0.15em] mb-2.5 transition-colors group-focus-within/input:text-primary-500"[39m
                    [33mfor[39m=[32m"service"[39m
                  [36m>[39m
                    [0mService[0m
                    [36m<span[39m
                      [33mclass[39m=[32m"text-red-500"[39m
                    [36m>[39m
                      [0m *[0m
                    [36m</span>[39m
                  [36m</label>[39m
                  [36m<div[39m
                    [33mclass[39m=[32m"relative"[39m
                  [36m>[39m
                    [36m<select[39m
                      [33mclass[39m=[32m"w-full min-w-[200px] px-4 py-3 rounded-xl bg-white/80 da...

      68 |             render(<ContactForm lang="en" dict={mockDict} />);
      69 |
    > 70 |             const callbackTab = screen.getByText('Request a callback');
         |                                        ^
      71 |             await user.click(callbackTab);
      72 |
      73 |             expect(callbackTab).toHaveClass('text-primary-600');

      at Object.getElementError (node_modules/@testing-library/dom/dist/config.js:37:19)
      at node_modules/@testing-library/dom/dist/query-helpers.js:76:38
      at node_modules/@testing-library/dom/dist/query-helpers.js:52:17
      at node_modules/@testing-library/dom/dist/query-helpers.js:95:19
      at Object.getByText (src/__tests__/components/ContactForm.advanced.test.tsx:70:40)

  ● ContactForm - Advanced Testing › Form Submission › shows loading state during submission

    TestingLibraryElementError: Found multiple elements with the role "button" and name `/Send Message/i`

    Here are the matching elements:

    Ignored nodes: comments, script, style
    [36m<button[39m
      [33mclass[39m=[32m"relative flex-1 py-2.5 text-xs sm:text-sm font-bold rounded-xl transition-all duration-300 z-10 text-primary-600 dark:text-primary-400"[39m
      [33mtype[39m=[32m"button"[39m
    [36m>[39m
      [0mSend Message[0m
    [36m</button>[39m

    Ignored nodes: comments, script, style
    [36m<button[39m
      [33mclass[39m=[32m"btn-primary group/btn relative overflow-hidden w-full max-w-xs mx-auto block"[39m
      [33mtype[39m=[32m"submit"[39m
    [36m>[39m
      [36m<span[39m
        [33mclass[39m=[32m"relative z-10"[39m
      [36m>[39m
        [0mSend Message[0m
      [36m</span>[39m
      [36m<div[39m
        [33mclass[39m=[32m"absolute inset-0 bg-white/20 translate-y-full group-hover/btn:translate-y-0 transition-transform duration-300"[39m
      [36m/>[39m
    [36m</button>[39m

    (If this is intentional, then use the `*AllBy*` variant of the query (like `queryAllByText`, `getAllByText`, or `findAllByText`)).

    Ignored nodes: comments, script, style
    [36m<body>[39m
      [36m<div>[39m
        [36m<div[39m
          [33mclass[39m=[32m"contact-form p-4 sm:p-6 lg:p-10 shadow-2xl relative overflow-hidden group/card transition-all duration-500 overflow-x-hidden"[39m
        [36m>[39m
          [36m<div[39m
            [33mclass[39m=[32m"space-y-8 relative z-10"[39m
          [36m>[39m
            [36m<div[39m
              [33mclass[39m=[32m"flex p-1 bg-slate-200/50 dark:bg-dark-950/40 backdrop-blur-sm rounded-2xl w-full max-w-md mx-auto relative border border-slate-300/30 dark:border-white/5"[39m
            [36m>[39m
              [36m<div[39m
                [33mclass[39m=[32m"absolute top-1 bottom-1 rounded-xl bg-white dark:bg-dark-800 shadow-md border border-slate-200/50 dark:border-white/5"[39m
                [33mstyle[39m=[32m"width: calc(50% - 4px);"[39m
              [36m/>[39m
              [36m<button[39m
                [33mclass[39m=[32m"relative flex-1 py-2.5 text-xs sm:text-sm font-bold rounded-xl transition-all duration-300 z-10 text-primary-600 dark:text-primary-400"[39m
                [33mtype[39m=[32m"button"[39m
              [36m>[39m
                [0mSend Message[0m
              [36m</button>[39m
              [36m<button[39m
                [33mclass[39m=[32m"relative flex-1 py-2.5 text-xs sm:text-sm font-bold rounded-xl transition-all duration-300 z-10 text-slate-500 dark:text-dark-500 hover:text-slate-700 dark:hover:text-dark-300"[39m
                [33mtype[39m=[32m"button"[39m
              [36m>[39m
                [0mRequest Callback[0m
              [36m</button>[39m
            [36m</div>[39m
            [36m<form[39m
              [33maria-live[39m=[32m"polite"[39m
              [33mclass[39m=[32m"form-grid grid grid-cols-1 md:grid-cols-2 gap-x-4 sm:gap-x-6 gap-y-4 sm:gap-y-6"[39m
              [33mnovalidate[39m=[32m""[39m
            [36m>[39m
              [36m<div[39m
                [33maria-hidden[39m=[32m"true"[39m
                [33mclass[39m=[32m"hidden"[39m
              [36m>[39m
                [36m<input[39m
                  [33mautocomplete[39m=[32m"off"[39m
                  [33mname[39m=[32m"website"[39m
                  [33mreadonly[39m=[32m""[39m
                  [33mtabindex[39m=[32m"-1"[39m
                  [33mtype[39m=[32m"text"[39m
                  [33mvalue[39m=[32m""[39m
                [36m/>[39m
              [36m</div>[39m
              [36m<div[39m
                [33mclass[39m=[32m"col-span-1 md:col-span-2 grid grid-cols-1 md:grid-cols-2 gap-x-6 gap-y-7"[39m
              [36m>[39m
                [36m<div[39m
                  [33mclass[39m=[32m"group/input "[39m
                [36m>[39m
                  [36m<label[39m
                    [33mclass[39m=[32m"block text-xs font-bold text-slate-500 dark:text-dark-500 uppercase tracking-[0.15em] mb-2.5 transition-colors group-focus-within/input:text-primary-500"[39m
                    [33mfor[39m=[32m"name"[39m
                  [36m>[39m
                    [0mFull Name[0m
                    [36m<span[39m
                      [33mclass[39m=[32m"text-red-500"[39m
                    [36m>[39m
                      [0m *[0m
                    [36m</span>[39m
                  [36m</label>[39m
                  [36m<input[39m
                    [33mclass[39m=[32m"w-full px-5 py-3.5 rounded-2xl bg-white/50 dark:bg-dark-900/40 border backdrop-blur-md transition-all outline-none border-slate-200 dark:border-white/10 text-slate-900 dark:text-white focus:border-primary-500/50 dark:focus:border-primary-500/50 shadow-sm "[39m
                    [33mid[39m=[32m"name"[39m
                    [33mname[39m=[32m"name"[39m
                    [33mplaceholder[39m=[32m"Jane Doe"[39m
                    [33mvalue[39m=[32m"John Doe"[39m
                  [36m/>[39m
                [36m</div>[39m
                [36m<div[39m
                  [33mclass[39m=[32m"group/input "[39m
                [36m>[39m
                  [36m<label[39m
                    [33mclass[39m=[32m"block text-xs font-bold text-slate-500 dark:text-dark-500 uppercase tracking-[0.15em] mb-2.5 transition-colors group-focus-within/input:text-primary-500"[39m
                    [33mfor[39m=[32m"email"[39m
                  [36m>[39m
                    [0mEmail[0m
                    [36m<span[39m
                      [33mclass[39m=[32m"text-red-500"[39m
                    [36m>[39m
                      [0m *[0m
                    [36m</span>[39m
                  [36m</label>[39m
                  [36m<input[39m
                    [33mclass[39m=[32m"w-full px-5 py-3.5 rounded-2xl bg-white/50 dark:bg-dark-900/40 border backdrop-blur-md transition-all outline-none border-slate-200 dark:border-white/10 text-slate-900 dark:text-white focus:border-primary-500/50 dark:focus:border-primary-500/50 shadow-sm "[39m
                    [33mid[39m=[32m"email"[39m
                    [33mname[39m=[32m"email"[39m
                    [33mplaceholder[39m=[32m"jane@company.com"[39m
                    [33mtype[39m=[32m"email"[39m
                    [33mvalue[39m=[32m"john@example.com"[39m
                  [36m/>[39m
                [36m</div>[39m
                [36m<div[39m
                  [33mclass[39m=[32m"group/input "[39m
                [36m>[39m
                  [36m<label[39m
                    [33mclass[39m=[32m"block text-xs font-bold text-slate-500 dark:text-dark-500 uppercase tracking-[0.15em] mb-2.5 transition-colors group-focus-within/input:text-primary-500"[39m
                    [33mfor[39m=[32m"company"[39m
                  [36m>[39m
                    [0mCompany[0m
                  [36m</label>[39m
                  [36m<input[39m
                    [33mclass[39m=[32m"w-full px-5 py-3.5 rounded-2xl bg-white/50 dark:bg-dark-900/40 border backdrop-blur-md transition-all outline-none border-slate-200 dark:border-white/10 text-slate-900 dark:text-white focus:border-primary-500/50 dark:focus:border-primary-500/50 shadow-sm "[39m
                    [33mid[39m=[32m"company"[39m
                    [33mname[39m=[32m"company"[39m
                    [33mplaceholder[39m=[32m"Your company"[39m
                    [33mvalue[39m=[32m""[39m
                  [36m/>[39m
                [36m</div>[39m
                [36m<div[39m
                  [33mclass[39m=[32m"group/input "[39m
                [36m>[39m
                  [36m<label[39m
                    [33mclass[39m=[32m"block text-xs font-bold text-slate-500 dark:text-dark-500 uppercase tracking-[0.15em] mb-2.5 transition-colors group-focus-within/input:text-primary-500"[39m
                    [33mfor[39m=[32m"service"[39m
                  [36m>[39m
                    [0mService[0m
                    [36m<span[39m
                      [33mclass[39m=[32m"text-red-500"[39m
                    [36m>[39m
                      [0m *[0m
                    [36m</span>[39m
                  [36m</label>[39m
                  [36m<div[39m
                    [33mclass[39m=[32m"relative"[39m
                  [36m>[39m
                    [36m<select[39m
                      [33mclass[39m=[32m"w-full min-w-[200px] px-4 py-3 r...

      85 |
      86 |             // Submit form
    > 87 |             const submitButton = screen.getByRole('button', { name: /Send Message/i });
         |                                         ^
      88 |             await user.click(submitButton);
      89 |
      90 |             // Note: This test may need adjustment based on actual form behavior

      at Object.getElementError (node_modules/@testing-library/dom/dist/config.js:37:19)
      at getElementError (node_modules/@testing-library/dom/dist/query-helpers.js:20:35)
      at getMultipleElementsFoundError (node_modules/@testing-library/dom/dist/query-helpers.js:23:10)
      at node_modules/@testing-library/dom/dist/query-helpers.js:55:13
      at node_modules/@testing-library/dom/dist/query-helpers.js:95:19
      at Object.getByRole (src/__tests__/components/ContactForm.advanced.test.tsx:87:41)

  ● ContactForm - Advanced Testing › Accessibility › indicates required fields

    TestingLibraryElementError: Unable to find an element with the text: Full Name *. This could be because the text is broken up by multiple elements. In this case, you can provide a function for your text matcher to make your matcher more flexible.

    Ignored nodes: comments, script, style
    [36m<body>[39m
      [36m<div>[39m
        [36m<div[39m
          [33mclass[39m=[32m"contact-form p-4 sm:p-6 lg:p-10 shadow-2xl relative overflow-hidden group/card transition-all duration-500 overflow-x-hidden"[39m
        [36m>[39m
          [36m<div[39m
            [33mclass[39m=[32m"space-y-8 relative z-10"[39m
          [36m>[39m
            [36m<div[39m
              [33mclass[39m=[32m"flex p-1 bg-slate-200/50 dark:bg-dark-950/40 backdrop-blur-sm rounded-2xl w-full max-w-md mx-auto relative border border-slate-300/30 dark:border-white/5"[39m
            [36m>[39m
              [36m<div[39m
                [33mclass[39m=[32m"absolute top-1 bottom-1 rounded-xl bg-white dark:bg-dark-800 shadow-md border border-slate-200/50 dark:border-white/5"[39m
                [33mstyle[39m=[32m"width: calc(50% - 4px);"[39m
              [36m/>[39m
              [36m<button[39m
                [33mclass[39m=[32m"relative flex-1 py-2.5 text-xs sm:text-sm font-bold rounded-xl transition-all duration-300 z-10 text-primary-600 dark:text-primary-400"[39m
                [33mtype[39m=[32m"button"[39m
              [36m>[39m
                [0mSend Message[0m
              [36m</button>[39m
              [36m<button[39m
                [33mclass[39m=[32m"relative flex-1 py-2.5 text-xs sm:text-sm font-bold rounded-xl transition-all duration-300 z-10 text-slate-500 dark:text-dark-500 hover:text-slate-700 dark:hover:text-dark-300"[39m
                [33mtype[39m=[32m"button"[39m
              [36m>[39m
                [0mRequest Callback[0m
              [36m</button>[39m
            [36m</div>[39m
            [36m<form[39m
              [33maria-live[39m=[32m"polite"[39m
              [33mclass[39m=[32m"form-grid grid grid-cols-1 md:grid-cols-2 gap-x-4 sm:gap-x-6 gap-y-4 sm:gap-y-6"[39m
              [33mnovalidate[39m=[32m""[39m
            [36m>[39m
              [36m<div[39m
                [33maria-hidden[39m=[32m"true"[39m
                [33mclass[39m=[32m"hidden"[39m
              [36m>[39m
                [36m<input[39m
                  [33mautocomplete[39m=[32m"off"[39m
                  [33mname[39m=[32m"website"[39m
                  [33mreadonly[39m=[32m""[39m
                  [33mtabindex[39m=[32m"-1"[39m
                  [33mtype[39m=[32m"text"[39m
                  [33mvalue[39m=[32m""[39m
                [36m/>[39m
              [36m</div>[39m
              [36m<div[39m
                [33mclass[39m=[32m"col-span-1 md:col-span-2 grid grid-cols-1 md:grid-cols-2 gap-x-6 gap-y-7"[39m
              [36m>[39m
                [36m<div[39m
                  [33mclass[39m=[32m"group/input "[39m
                [36m>[39m
                  [36m<label[39m
                    [33mclass[39m=[32m"block text-xs font-bold text-slate-500 dark:text-dark-500 uppercase tracking-[0.15em] mb-2.5 transition-colors group-focus-within/input:text-primary-500"[39m
                    [33mfor[39m=[32m"name"[39m
                  [36m>[39m
                    [0mFull Name[0m
                    [36m<span[39m
                      [33mclass[39m=[32m"text-red-500"[39m
                    [36m>[39m
                      [0m *[0m
                    [36m</span>[39m
                  [36m</label>[39m
                  [36m<input[39m
                    [33mclass[39m=[32m"w-full px-5 py-3.5 rounded-2xl bg-white/50 dark:bg-dark-900/40 border backdrop-blur-md transition-all outline-none border-slate-200 dark:border-white/10 text-slate-900 dark:text-white focus:border-primary-500/50 dark:focus:border-primary-500/50 shadow-sm "[39m
                    [33mid[39m=[32m"name"[39m
                    [33mname[39m=[32m"name"[39m
                    [33mplaceholder[39m=[32m"Jane Doe"[39m
                    [33mvalue[39m=[32m""[39m
                  [36m/>[39m
                [36m</div>[39m
                [36m<div[39m
                  [33mclass[39m=[32m"group/input "[39m
                [36m>[39m
                  [36m<label[39m
                    [33mclass[39m=[32m"block text-xs font-bold text-slate-500 dark:text-dark-500 uppercase tracking-[0.15em] mb-2.5 transition-colors group-focus-within/input:text-primary-500"[39m
                    [33mfor[39m=[32m"email"[39m
                  [36m>[39m
                    [0mEmail[0m
                    [36m<span[39m
                      [33mclass[39m=[32m"text-red-500"[39m
                    [36m>[39m
                      [0m *[0m
                    [36m</span>[39m
                  [36m</label>[39m
                  [36m<input[39m
                    [33mclass[39m=[32m"w-full px-5 py-3.5 rounded-2xl bg-white/50 dark:bg-dark-900/40 border backdrop-blur-md transition-all outline-none border-slate-200 dark:border-white/10 text-slate-900 dark:text-white focus:border-primary-500/50 dark:focus:border-primary-500/50 shadow-sm "[39m
                    [33mid[39m=[32m"email"[39m
                    [33mname[39m=[32m"email"[39m
                    [33mplaceholder[39m=[32m"jane@company.com"[39m
                    [33mtype[39m=[32m"email"[39m
                    [33mvalue[39m=[32m""[39m
                  [36m/>[39m
                [36m</div>[39m
                [36m<div[39m
                  [33mclass[39m=[32m"group/input "[39m
                [36m>[39m
                  [36m<label[39m
                    [33mclass[39m=[32m"block text-xs font-bold text-slate-500 dark:text-dark-500 uppercase tracking-[0.15em] mb-2.5 transition-colors group-focus-within/input:text-primary-500"[39m
                    [33mfor[39m=[32m"company"[39m
                  [36m>[39m
                    [0mCompany[0m
                  [36m</label>[39m
                  [36m<input[39m
                    [33mclass[39m=[32m"w-full px-5 py-3.5 rounded-2xl bg-white/50 dark:bg-dark-900/40 border backdrop-blur-md transition-all outline-none border-slate-200 dark:border-white/10 text-slate-900 dark:text-white focus:border-primary-500/50 dark:focus:border-primary-500/50 shadow-sm "[39m
                    [33mid[39m=[32m"company"[39m
                    [33mname[39m=[32m"company"[39m
                    [33mplaceholder[39m=[32m"Your company"[39m
                    [33mvalue[39m=[32m""[39m
                  [36m/>[39m
                [36m</div>[39m
                [36m<div[39m
                  [33mclass[39m=[32m"group/input "[39m
                [36m>[39m
                  [36m<label[39m
                    [33mclass[39m=[32m"block text-xs font-bold text-slate-500 dark:text-dark-500 uppercase tracking-[0.15em] mb-2.5 transition-colors group-focus-within/input:text-primary-500"[39m
                    [33mfor[39m=[32m"service"[39m
                  [36m>[39m
                    [0mService[0m
                    [36m<span[39m
                      [33mclass[39m=[32m"text-red-500"[39m
                    [36m>[39m
                      [0m *[0m
                    [36m</span>[39m
                  [36m</label>[39m
                  [36m<div[39m
                    [33mclass[39m=[32m"relative"[39m
                  [36m>[39m
                    [36m<select[39m
                      [33mclass[39m=[32m"w-full min-w-[200px] px-4 py-3 rounded-xl bg-white/80 da...

      105 |             render(<ContactForm lang="en" dict={mockDict} />);
      106 |
    > 107 |             expect(screen.getByText('Full Name *')).toBeInTheDocument();
          |                           ^
      108 |             expect(screen.getByText('Email *')).toBeInTheDocument();
      109 |         });
      110 |

      at Object.getElementError (node_modules/@testing-library/dom/dist/config.js:37:19)
      at node_modules/@testing-library/dom/dist/query-helpers.js:76:38
      at node_modules/@testing-library/dom/dist/query-helpers.js:52:17
      at node_modules/@testing-library/dom/dist/query-helpers.js:95:19
      at Object.getByText (src/__tests__/components/ContactForm.advanced.test.tsx:107:27)

  ● ContactForm - Advanced Testing › Accessibility › has proper button types

    TestingLibraryElementError: Found multiple elements with the role "button" and name `/Send Message/i`

    Here are the matching elements:

    Ignored nodes: comments, script, style
    [36m<button[39m
      [33mclass[39m=[32m"relative flex-1 py-2.5 text-xs sm:text-sm font-bold rounded-xl transition-all duration-300 z-10 text-primary-600 dark:text-primary-400"[39m
      [33mtype[39m=[32m"button"[39m
    [36m>[39m
      [0mSend Message[0m
    [36m</button>[39m

    Ignored nodes: comments, script, style
    [36m<button[39m
      [33mclass[39m=[32m"btn-primary group/btn relative overflow-hidden w-full max-w-xs mx-auto block"[39m
      [33mtype[39m=[32m"submit"[39m
    [36m>[39m
      [36m<span[39m
        [33mclass[39m=[32m"relative z-10"[39m
      [36m>[39m
        [0mSend Message[0m
      [36m</span>[39m
      [36m<div[39m
        [33mclass[39m=[32m"absolute inset-0 bg-white/20 translate-y-full group-hover/btn:translate-y-0 transition-transform duration-300"[39m
      [36m/>[39m
    [36m</button>[39m

    (If this is intentional, then use the `*AllBy*` variant of the query (like `queryAllByText`, `getAllByText`, or `findAllByText`)).

    Ignored nodes: comments, script, style
    [36m<body>[39m
      [36m<div>[39m
        [36m<div[39m
          [33mclass[39m=[32m"contact-form p-4 sm:p-6 lg:p-10 shadow-2xl relative overflow-hidden group/card transition-all duration-500 overflow-x-hidden"[39m
        [36m>[39m
          [36m<div[39m
            [33mclass[39m=[32m"space-y-8 relative z-10"[39m
          [36m>[39m
            [36m<div[39m
              [33mclass[39m=[32m"flex p-1 bg-slate-200/50 dark:bg-dark-950/40 backdrop-blur-sm rounded-2xl w-full max-w-md mx-auto relative border border-slate-300/30 dark:border-white/5"[39m
            [36m>[39m
              [36m<div[39m
                [33mclass[39m=[32m"absolute top-1 bottom-1 rounded-xl bg-white dark:bg-dark-800 shadow-md border border-slate-200/50 dark:border-white/5"[39m
                [33mstyle[39m=[32m"width: calc(50% - 4px);"[39m
              [36m/>[39m
              [36m<button[39m
                [33mclass[39m=[32m"relative flex-1 py-2.5 text-xs sm:text-sm font-bold rounded-xl transition-all duration-300 z-10 text-primary-600 dark:text-primary-400"[39m
                [33mtype[39m=[32m"button"[39m
              [36m>[39m
                [0mSend Message[0m
              [36m</button>[39m
              [36m<button[39m
                [33mclass[39m=[32m"relative flex-1 py-2.5 text-xs sm:text-sm font-bold rounded-xl transition-all duration-300 z-10 text-slate-500 dark:text-dark-500 hover:text-slate-700 dark:hover:text-dark-300"[39m
                [33mtype[39m=[32m"button"[39m
              [36m>[39m
                [0mRequest Callback[0m
              [36m</button>[39m
            [36m</div>[39m
            [36m<form[39m
              [33maria-live[39m=[32m"polite"[39m
              [33mclass[39m=[32m"form-grid grid grid-cols-1 md:grid-cols-2 gap-x-4 sm:gap-x-6 gap-y-4 sm:gap-y-6"[39m
              [33mnovalidate[39m=[32m""[39m
            [36m>[39m
              [36m<div[39m
                [33maria-hidden[39m=[32m"true"[39m
                [33mclass[39m=[32m"hidden"[39m
              [36m>[39m
                [36m<input[39m
                  [33mautocomplete[39m=[32m"off"[39m
                  [33mname[39m=[32m"website"[39m
                  [33mreadonly[39m=[32m""[39m
                  [33mtabindex[39m=[32m"-1"[39m
                  [33mtype[39m=[32m"text"[39m
                  [33mvalue[39m=[32m""[39m
                [36m/>[39m
              [36m</div>[39m
              [36m<div[39m
                [33mclass[39m=[32m"col-span-1 md:col-span-2 grid grid-cols-1 md:grid-cols-2 gap-x-6 gap-y-7"[39m
              [36m>[39m
                [36m<div[39m
                  [33mclass[39m=[32m"group/input "[39m
                [36m>[39m
                  [36m<label[39m
                    [33mclass[39m=[32m"block text-xs font-bold text-slate-500 dark:text-dark-500 uppercase tracking-[0.15em] mb-2.5 transition-colors group-focus-within/input:text-primary-500"[39m
                    [33mfor[39m=[32m"name"[39m
                  [36m>[39m
                    [0mFull Name[0m
                    [36m<span[39m
                      [33mclass[39m=[32m"text-red-500"[39m
                    [36m>[39m
                      [0m *[0m
                    [36m</span>[39m
                  [36m</label>[39m
                  [36m<input[39m
                    [33mclass[39m=[32m"w-full px-5 py-3.5 rounded-2xl bg-white/50 dark:bg-dark-900/40 border backdrop-blur-md transition-all outline-none border-slate-200 dark:border-white/10 text-slate-900 dark:text-white focus:border-primary-500/50 dark:focus:border-primary-500/50 shadow-sm "[39m
                    [33mid[39m=[32m"name"[39m
                    [33mname[39m=[32m"name"[39m
                    [33mplaceholder[39m=[32m"Jane Doe"[39m
                    [33mvalue[39m=[32m""[39m
                  [36m/>[39m
                [36m</div>[39m
                [36m<div[39m
                  [33mclass[39m=[32m"group/input "[39m
                [36m>[39m
                  [36m<label[39m
                    [33mclass[39m=[32m"block text-xs font-bold text-slate-500 dark:text-dark-500 uppercase tracking-[0.15em] mb-2.5 transition-colors group-focus-within/input:text-primary-500"[39m
                    [33mfor[39m=[32m"email"[39m
                  [36m>[39m
                    [0mEmail[0m
                    [36m<span[39m
                      [33mclass[39m=[32m"text-red-500"[39m
                    [36m>[39m
                      [0m *[0m
                    [36m</span>[39m
                  [36m</label>[39m
                  [36m<input[39m
                    [33mclass[39m=[32m"w-full px-5 py-3.5 rounded-2xl bg-white/50 dark:bg-dark-900/40 border backdrop-blur-md transition-all outline-none border-slate-200 dark:border-white/10 text-slate-900 dark:text-white focus:border-primary-500/50 dark:focus:border-primary-500/50 shadow-sm "[39m
                    [33mid[39m=[32m"email"[39m
                    [33mname[39m=[32m"email"[39m
                    [33mplaceholder[39m=[32m"jane@company.com"[39m
                    [33mtype[39m=[32m"email"[39m
                    [33mvalue[39m=[32m""[39m
                  [36m/>[39m
                [36m</div>[39m
                [36m<div[39m
                  [33mclass[39m=[32m"group/input "[39m
                [36m>[39m
                  [36m<label[39m
                    [33mclass[39m=[32m"block text-xs font-bold text-slate-500 dark:text-dark-500 uppercase tracking-[0.15em] mb-2.5 transition-colors group-focus-within/input:text-primary-500"[39m
                    [33mfor[39m=[32m"company"[39m
                  [36m>[39m
                    [0mCompany[0m
                  [36m</label>[39m
                  [36m<input[39m
                    [33mclass[39m=[32m"w-full px-5 py-3.5 rounded-2xl bg-white/50 dark:bg-dark-900/40 border backdrop-blur-md transition-all outline-none border-slate-200 dark:border-white/10 text-slate-900 dark:text-white focus:border-primary-500/50 dark:focus:border-primary-500/50 shadow-sm "[39m
                    [33mid[39m=[32m"company"[39m
                    [33mname[39m=[32m"company"[39m
                    [33mplaceholder[39m=[32m"Your company"[39m
                    [33mvalue[39m=[32m""[39m
                  [36m/>[39m
                [36m</div>[39m
                [36m<div[39m
                  [33mclass[39m=[32m"group/input "[39m
                [36m>[39m
                  [36m<label[39m
                    [33mclass[39m=[32m"block text-xs font-bold text-slate-500 dark:text-dark-500 uppercase tracking-[0.15em] mb-2.5 transition-colors group-focus-within/input:text-primary-500"[39m
                    [33mfor[39m=[32m"service"[39m
                  [36m>[39m
                    [0mService[0m
                    [36m<span[39m
                      [33mclass[39m=[32m"text-red-500"[39m
                    [36m>[39m
                      [0m *[0m
                    [36m</span>[39m
                  [36m</label>[39m
                  [36m<div[39m
                    [33mclass[39m=[32m"relative"[39m
                  [36m>[39m
                    [36m<select[39m
                      [33mclass[39m=[32m"w-full min-w-[200px] px-4 py-3 rounded-xl bg-white/80 da...

      112 |             render(<ContactForm lang="en" dict={mockDict} />);
      113 |
    > 114 |             const submitButton = screen.getByRole('button', { name: /Send Message/i });
          |                                         ^
      115 |             expect(submitButton).toHaveAttribute('type', 'submit');
      116 |         });
      117 |     });

      at Object.getElementError (node_modules/@testing-library/dom/dist/config.js:37:19)
      at getElementError (node_modules/@testing-library/dom/dist/query-helpers.js:20:35)
      at getMultipleElementsFoundError (node_modules/@testing-library/dom/dist/query-helpers.js:23:10)
      at node_modules/@testing-library/dom/dist/query-helpers.js:55:13
      at node_modules/@testing-library/dom/dist/query-helpers.js:95:19
      at Object.getByRole (src/__tests__/components/ContactForm.advanced.test.tsx:114:41)

  ● ContactForm - Advanced Testing › Internationalization › displays correct language content

    TestingLibraryElementError: Unable to find an element with the text: Send a message. This could be because the text is broken up by multiple elements. In this case, you can provide a function for your text matcher to make your matcher more flexible.

    Ignored nodes: comments, script, style
    [36m<body>[39m
      [36m<div>[39m
        [36m<div[39m
          [33mclass[39m=[32m"contact-form p-4 sm:p-6 lg:p-10 shadow-2xl relative overflow-hidden group/card transition-all duration-500 overflow-x-hidden"[39m
        [36m>[39m
          [36m<div[39m
            [33mclass[39m=[32m"space-y-8 relative z-10"[39m
          [36m>[39m
            [36m<div[39m
              [33mclass[39m=[32m"flex p-1 bg-slate-200/50 dark:bg-dark-950/40 backdrop-blur-sm rounded-2xl w-full max-w-md mx-auto relative border border-slate-300/30 dark:border-white/5"[39m
            [36m>[39m
              [36m<div[39m
                [33mclass[39m=[32m"absolute top-1 bottom-1 rounded-xl bg-white dark:bg-dark-800 shadow-md border border-slate-200/50 dark:border-white/5"[39m
                [33mstyle[39m=[32m"width: calc(50% - 4px);"[39m
              [36m/>[39m
              [36m<button[39m
                [33mclass[39m=[32m"relative flex-1 py-2.5 text-xs sm:text-sm font-bold rounded-xl transition-all duration-300 z-10 text-primary-600 dark:text-primary-400"[39m
                [33mtype[39m=[32m"button"[39m
              [36m>[39m
                [0mSend Message[0m
              [36m</button>[39m
              [36m<button[39m
                [33mclass[39m=[32m"relative flex-1 py-2.5 text-xs sm:text-sm font-bold rounded-xl transition-all duration-300 z-10 text-slate-500 dark:text-dark-500 hover:text-slate-700 dark:hover:text-dark-300"[39m
                [33mtype[39m=[32m"button"[39m
              [36m>[39m
                [0mRequest Callback[0m
              [36m</button>[39m
            [36m</div>[39m
            [36m<form[39m
              [33maria-live[39m=[32m"polite"[39m
              [33mclass[39m=[32m"form-grid grid grid-cols-1 md:grid-cols-2 gap-x-4 sm:gap-x-6 gap-y-4 sm:gap-y-6"[39m
              [33mnovalidate[39m=[32m""[39m
            [36m>[39m
              [36m<div[39m
                [33maria-hidden[39m=[32m"true"[39m
                [33mclass[39m=[32m"hidden"[39m
              [36m>[39m
                [36m<input[39m
                  [33mautocomplete[39m=[32m"off"[39m
                  [33mname[39m=[32m"website"[39m
                  [33mreadonly[39m=[32m""[39m
                  [33mtabindex[39m=[32m"-1"[39m
                  [33mtype[39m=[32m"text"[39m
                  [33mvalue[39m=[32m""[39m
                [36m/>[39m
              [36m</div>[39m
              [36m<div[39m
                [33mclass[39m=[32m"col-span-1 md:col-span-2 grid grid-cols-1 md:grid-cols-2 gap-x-6 gap-y-7"[39m
              [36m>[39m
                [36m<div[39m
                  [33mclass[39m=[32m"group/input "[39m
                [36m>[39m
                  [36m<label[39m
                    [33mclass[39m=[32m"block text-xs font-bold text-slate-500 dark:text-dark-500 uppercase tracking-[0.15em] mb-2.5 transition-colors group-focus-within/input:text-primary-500"[39m
                    [33mfor[39m=[32m"name"[39m
                  [36m>[39m
                    [0mFull Name[0m
                    [36m<span[39m
                      [33mclass[39m=[32m"text-red-500"[39m
                    [36m>[39m
                      [0m *[0m
                    [36m</span>[39m
                  [36m</label>[39m
                  [36m<input[39m
                    [33mclass[39m=[32m"w-full px-5 py-3.5 rounded-2xl bg-white/50 dark:bg-dark-900/40 border backdrop-blur-md transition-all outline-none border-slate-200 dark:border-white/10 text-slate-900 dark:text-white focus:border-primary-500/50 dark:focus:border-primary-500/50 shadow-sm "[39m
                    [33mid[39m=[32m"name"[39m
                    [33mname[39m=[32m"name"[39m
                    [33mplaceholder[39m=[32m"Jane Doe"[39m
                    [33mvalue[39m=[32m""[39m
                  [36m/>[39m
                [36m</div>[39m
                [36m<div[39m
                  [33mclass[39m=[32m"group/input "[39m
                [36m>[39m
                  [36m<label[39m
                    [33mclass[39m=[32m"block text-xs font-bold text-slate-500 dark:text-dark-500 uppercase tracking-[0.15em] mb-2.5 transition-colors group-focus-within/input:text-primary-500"[39m
                    [33mfor[39m=[32m"email"[39m
                  [36m>[39m
                    [0mEmail[0m
                    [36m<span[39m
                      [33mclass[39m=[32m"text-red-500"[39m
                    [36m>[39m
                      [0m *[0m
                    [36m</span>[39m
                  [36m</label>[39m
                  [36m<input[39m
                    [33mclass[39m=[32m"w-full px-5 py-3.5 rounded-2xl bg-white/50 dark:bg-dark-900/40 border backdrop-blur-md transition-all outline-none border-slate-200 dark:border-white/10 text-slate-900 dark:text-white focus:border-primary-500/50 dark:focus:border-primary-500/50 shadow-sm "[39m
                    [33mid[39m=[32m"email"[39m
                    [33mname[39m=[32m"email"[39m
                    [33mplaceholder[39m=[32m"jane@company.com"[39m
                    [33mtype[39m=[32m"email"[39m
                    [33mvalue[39m=[32m""[39m
                  [36m/>[39m
                [36m</div>[39m
                [36m<div[39m
                  [33mclass[39m=[32m"group/input "[39m
                [36m>[39m
                  [36m<label[39m
                    [33mclass[39m=[32m"block text-xs font-bold text-slate-500 dark:text-dark-500 uppercase tracking-[0.15em] mb-2.5 transition-colors group-focus-within/input:text-primary-500"[39m
                    [33mfor[39m=[32m"company"[39m
                  [36m>[39m
                    [0mCompany[0m
                  [36m</label>[39m
                  [36m<input[39m
                    [33mclass[39m=[32m"w-full px-5 py-3.5 rounded-2xl bg-white/50 dark:bg-dark-900/40 border backdrop-blur-md transition-all outline-none border-slate-200 dark:border-white/10 text-slate-900 dark:text-white focus:border-primary-500/50 dark:focus:border-primary-500/50 shadow-sm "[39m
                    [33mid[39m=[32m"company"[39m
                    [33mname[39m=[32m"company"[39m
                    [33mplaceholder[39m=[32m"Your company"[39m
                    [33mvalue[39m=[32m""[39m
                  [36m/>[39m
                [36m</div>[39m
                [36m<div[39m
                  [33mclass[39m=[32m"group/input "[39m
                [36m>[39m
                  [36m<label[39m
                    [33mclass[39m=[32m"block text-xs font-bold text-slate-500 dark:text-dark-500 uppercase tracking-[0.15em] mb-2.5 transition-colors group-focus-within/input:text-primary-500"[39m
                    [33mfor[39m=[32m"service"[39m
                  [36m>[39m
                    [0mService[0m
                    [36m<span[39m
                      [33mclass[39m=[32m"text-red-500"[39m
                    [36m>[39m
                      [0m *[0m
                    [36m</span>[39m
                  [36m</label>[39m
                  [36m<div[39m
                    [33mclass[39m=[32m"relative"[39m
                  [36m>[39m
                    [36m<select[39m
                      [33mclass[39m=[32m"w-full min-w-[200px] px-4 py-3 rounded-xl bg-white/80 da...

      121 |             render(<ContactForm lang="en" dict={mockDict} />);
      122 |
    > 123 |             expect(screen.getByText('Send a message')).toBeInTheDocument();
          |                           ^
      124 |             expect(screen.getByText('Request a callback')).toBeInTheDocument();
      125 |         });
      126 |     });

      at Object.getElementError (node_modules/@testing-library/dom/dist/config.js:37:19)
      at node_modules/@testing-library/dom/dist/query-helpers.js:76:38
      at node_modules/@testing-library/dom/dist/query-helpers.js:52:17
      at node_modules/@testing-library/dom/dist/query-helpers.js:95:19
      at Object.getByText (src/__tests__/components/ContactForm.advanced.test.tsx:123:27)

FAIL src/__tests__/components/ui/SuccessMessage.test.tsx
  ● SuccessMessage Component › has correct CSS classes

    expect(element).toHaveClass("btn-secondary group/btn relative overflow-hidden")

    Expected the element to have class:
      btn-secondary group/btn relative overflow-hidden
    Received:
      btn-primary group/btn relative overflow-hidden

      69 |
      70 |         const button = screen.getByRole('button', { name: 'Send another message' });
    > 71 |         expect(button).toHaveClass('btn-secondary', 'group/btn', 'relative', 'overflow-hidden');
         |                        ^
      72 |     });
      73 |
      74 |     it('renders with callback success message', () => {

      at Object.toHaveClass (src/__tests__/components/ui/SuccessMessage.test.tsx:71:24)

FAIL src/__tests__/hooks/useNavigationLogic.test.tsx
  ● useNavigationLogic › should initialize with default values

    TypeError: baseElement.appendChild is not a function

      16 |
      17 |     // Вызываем оригинальный renderHook
    > 18 |     const result = renderHookOriginal(callback, options);
         |                                      ^
      19 |
      20 |     // Очищаем после теста
      21 |     return {

      at render (node_modules/@testing-library/react/dist/pure.js:259:29)
      at renderHook (node_modules/@testing-library/react/dist/pure.js:339:7)
      at renderHook (src/__tests__/utils/renderHook.tsx:18:38)
      at Object.<anonymous> (src/__tests__/hooks/useNavigationLogic.test.tsx:101:44)

  ● useNavigationLogic › should handle scroll detection

    TypeError: baseElement.appendChild is not a function

      16 |
      17 |     // Вызываем оригинальный renderHook
    > 18 |     const result = renderHookOriginal(callback, options);
         |                                      ^
      19 |
      20 |     // Очищаем после теста
      21 |     return {

      at render (node_modules/@testing-library/react/dist/pure.js:259:29)
      at renderHook (node_modules/@testing-library/react/dist/pure.js:339:7)
      at renderHook (src/__tests__/utils/renderHook.tsx:18:38)
      at Object.<anonymous> (src/__tests__/hooks/useNavigationLogic.test.tsx:113:44)

  ● useNavigationLogic › should toggle mobile menu

    TypeError: baseElement.appendChild is not a function

      16 |
      17 |     // Вызываем оригинальный renderHook
    > 18 |     const result = renderHookOriginal(callback, options);
         |                                      ^
      19 |
      20 |     // Очищаем после теста
      21 |     return {

      at render (node_modules/@testing-library/react/dist/pure.js:259:29)
      at renderHook (node_modules/@testing-library/react/dist/pure.js:339:7)
      at renderHook (src/__tests__/utils/renderHook.tsx:18:38)
      at Object.<anonymous> (src/__tests__/hooks/useNavigationLogic.test.tsx:129:44)

  ● useNavigationLogic › should toggle services menu

    TypeError: baseElement.appendChild is not a function

      16 |
      17 |     // Вызываем оригинальный renderHook
    > 18 |     const result = renderHookOriginal(callback, options);
         |                                      ^
      19 |
      20 |     // Очищаем после теста
      21 |     return {

      at render (node_modules/@testing-library/react/dist/pure.js:259:29)
      at renderHook (node_modules/@testing-library/react/dist/pure.js:339:7)
      at renderHook (src/__tests__/utils/renderHook.tsx:18:38)
      at Object.<anonymous> (src/__tests__/hooks/useNavigationLogic.test.tsx:149:44)

  ● useNavigationLogic › should handle desktop services hover

    TypeError: baseElement.appendChild is not a function

      16 |
      17 |     // Вызываем оригинальный renderHook
    > 18 |     const result = renderHookOriginal(callback, options);
         |                                      ^
      19 |
      20 |     // Очищаем после теста
      21 |     return {

      at render (node_modules/@testing-library/react/dist/pure.js:259:29)
      at renderHook (node_modules/@testing-library/react/dist/pure.js:339:7)
      at renderHook (src/__tests__/utils/renderHook.tsx:18:38)
      at Object.<anonymous> (src/__tests__/hooks/useNavigationLogic.test.tsx:169:44)

  ● useNavigationLogic › should close menu when closeMenu is called

    TypeError: baseElement.appendChild is not a function

      16 |
      17 |     // Вызываем оригинальный renderHook
    > 18 |     const result = renderHookOriginal(callback, options);
         |                                      ^
      19 |
      20 |     // Очищаем после теста
      21 |     return {

      at render (node_modules/@testing-library/react/dist/pure.js:259:29)
      at renderHook (node_modules/@testing-library/react/dist/pure.js:339:7)
      at renderHook (src/__tests__/utils/renderHook.tsx:18:38)
      at Object.<anonymous> (src/__tests__/hooks/useNavigationLogic.test.tsx:189:44)

  ● useNavigationLogic › should manage body scroll when mobile menu is open

    TypeError: baseElement.appendChild is not a function

      16 |
      17 |     // Вызываем оригинальный renderHook
    > 18 |     const result = renderHookOriginal(callback, options);
         |                                      ^
      19 |
      20 |     // Очищаем после теста
      21 |     return {

      at render (node_modules/@testing-library/react/dist/pure.js:259:29)
      at renderHook (node_modules/@testing-library/react/dist/pure.js:339:7)
      at renderHook (src/__tests__/utils/renderHook.tsx:18:38)
      at Object.<anonymous> (src/__tests__/hooks/useNavigationLogic.test.tsx:210:44)

  ● useNavigationLogic › should handle keyboard navigation (Escape key)

    TypeError: baseElement.appendChild is not a function

      16 |
      17 |     // Вызываем оригинальный renderHook
    > 18 |     const result = renderHookOriginal(callback, options);
         |                                      ^
      19 |
      20 |     // Очищаем после теста
      21 |     return {

      at render (node_modules/@testing-library/react/dist/pure.js:259:29)
      at renderHook (node_modules/@testing-library/react/dist/pure.js:339:7)
      at renderHook (src/__tests__/utils/renderHook.tsx:18:38)
      at Object.<anonymous> (src/__tests__/hooks/useNavigationLogic.test.tsx:230:44)

  ● useNavigationLogic › should generate correct services sublinks

    TypeError: baseElement.appendChild is not a function

      16 |
      17 |     // Вызываем оригинальный renderHook
    > 18 |     const result = renderHookOriginal(callback, options);
         |                                      ^
      19 |
      20 |     // Очищаем после теста
      21 |     return {

      at render (node_modules/@testing-library/react/dist/pure.js:259:29)
      at renderHook (node_modules/@testing-library/react/dist/pure.js:339:7)
      at renderHook (src/__tests__/utils/renderHook.tsx:18:38)
      at Object.<anonymous> (src/__tests__/hooks/useNavigationLogic.test.tsx:251:44)

  ● useNavigationLogic › should provide access to dictionary data

    TypeError: baseElement.appendChild is not a function

      16 |
      17 |     // Вызываем оригинальный renderHook
    > 18 |     const result = renderHookOriginal(callback, options);
         |                                      ^
      19 |
      20 |     // Очищаем после теста
      21 |     return {

      at render (node_modules/@testing-library/react/dist/pure.js:259:29)
      at renderHook (node_modules/@testing-library/react/dist/pure.js:339:7)
      at renderHook (src/__tests__/utils/renderHook.tsx:18:38)
      at Object.<anonymous> (src/__tests__/hooks/useNavigationLogic.test.tsx:264:44)

  ● useNavigationLogic › should handle different languages

    TypeError: baseElement.appendChild is not a function

      16 |
      17 |     // Вызываем оригинальный renderHook
    > 18 |     const result = renderHookOriginal(callback, options);
         |                                      ^
      19 |
      20 |     // Очищаем после теста
      21 |     return {

      at render (node_modules/@testing-library/react/dist/pure.js:259:29)
      at renderHook (node_modules/@testing-library/react/dist/pure.js:339:7)
      at renderHook (src/__tests__/utils/renderHook.tsx:18:38)
      at Object.<anonymous> (src/__tests__/hooks/useNavigationLogic.test.tsx:279:44)

  ● useNavigationLogic › should handle scroll bar width calculation

    TypeError: baseElement.appendChild is not a function

      16 |
      17 |     // Вызываем оригинальный renderHook
    > 18 |     const result = renderHookOriginal(callback, options);
         |                                      ^
      19 |
      20 |     // Очищаем после теста
      21 |     return {

      at render (node_modules/@testing-library/react/dist/pure.js:259:29)
      at renderHook (node_modules/@testing-library/react/dist/pure.js:339:7)
      at renderHook (src/__tests__/utils/renderHook.tsx:18:38)
      at Object.<anonymous> (src/__tests__/hooks/useNavigationLogic.test.tsx:287:44)

  ● useNavigationLogic › should restore scroll position on menu close

    TypeError: baseElement.appendChild is not a function

      16 |
      17 |     // Вызываем оригинальный renderHook
    > 18 |     const result = renderHookOriginal(callback, options);
         |                                      ^
      19 |
      20 |     // Очищаем после теста
      21 |     return {

      at render (node_modules/@testing-library/react/dist/pure.js:259:29)
      at renderHook (node_modules/@testing-library/react/dist/pure.js:339:7)
      at renderHook (src/__tests__/utils/renderHook.tsx:18:38)
      at Object.<anonymous> (src/__tests__/hooks/useNavigationLogic.test.tsx:306:44)

FAIL src/__tests__/components/ui/RecaptchaNotice.test.tsx
  ● RecaptchaNotice Component › has separator between links

    SyntaxError: '.text-,,,px,' is not a valid selector

      126 |         render(<RecaptchaNotice lang="en" />);
      127 |
    > 128 |         const separator = document.querySelector('.text-[8px]');
          |                                    ^
      129 |         expect(separator).toBeInTheDocument();
      130 |         expect(separator).toHaveTextContent('&');
      131 |     });

      at emit (node_modules/nwsapi/src/nwsapi.js:670:17)
      at parse (node_modules/nwsapi/src/nwsapi.js:1612:13)
      at _querySelectorAll (node_modules/nwsapi/src/nwsapi.js:1701:44)
      at Object._querySelector [as first] (node_modules/nwsapi/src/nwsapi.js:1637:14)
      at DocumentImpl.querySelector (node_modules/jsdom/lib/jsdom/living/nodes/ParentNode-impl.js:69:44)
      at Document.querySelector (node_modules/jsdom/lib/jsdom/living/generated/Document.js:1026:58)
      at Object.querySelector (src/__tests__/components/ui/RecaptchaNotice.test.tsx:128:36)

FAIL src/__tests__/components/ui/ErrorMessage.test.tsx
  ● ErrorMessage Component › displays error with icon and text

    expect(received).toBeInTheDocument()

    received value must be an HTMLElement or an SVGElement.
    Received has value: null

      68 |
      69 |         expect(icon).toBeInTheDocument();
    > 70 |         expect(text).toBeInTheDocument();
         |                      ^
      71 |         expect(text).toHaveTextContent(defaultMessage);
      72 |     });
      73 | });

      at __EXTERNAL_MATCHER_TRAP__ (node_modules/expect/build/index.js:2240:22)
      at Object.throwingMatcher [as toBeInTheDocument] (node_modules/expect/build/index.js:2241:6)
      at Object.toBeInTheDocument (src/__tests__/components/ui/ErrorMessage.test.tsx:70:22)

FAIL src/__tests__/components/ui/FormFields.test.tsx
  ● FormFields Components › FormInput renders with correct props

    TestingLibraryElementError: Unable to find an element by: [data-testid="form-input"]

    Ignored nodes: comments, script, style
    [36m<body>[39m
      [36m<div>[39m
        [36m<input[39m
          [33mclass[39m=[32m"w-full px-5 py-3.5 rounded-2xl bg-white/50 dark:bg-dark-900/40 border backdrop-blur-md transition-all outline-none border-slate-200 dark:border-white/10 text-slate-900 dark:text-white focus:border-primary-500/50 dark:focus:border-primary-500/50 shadow-sm "[39m
          [33mid[39m=[32m"test-input"[39m
          [33mplaceholder[39m=[32m"Test placeholder"[39m
          [33mtype[39m=[32m"text"[39m
        [36m/>[39m
      [36m</div>[39m
    [36m</body>[39m

      31 |         render(<FormInput id="test-input" type="text" placeholder="Test placeholder" />);
      32 |
    > 33 |         const input = screen.getByTestId('form-input');
         |                              ^
      34 |         expect(input).toHaveAttribute('id', 'test-input');
      35 |         expect(input).toHaveAttribute('type', 'text');
      36 |         expect(input).toHaveAttribute('placeholder', 'Test placeholder');

      at Object.getElementError (node_modules/@testing-library/dom/dist/config.js:37:19)
      at node_modules/@testing-library/dom/dist/query-helpers.js:76:38
      at node_modules/@testing-library/dom/dist/query-helpers.js:52:17
      at node_modules/@testing-library/dom/dist/query-helpers.js:95:19
      at Object.getByTestId (src/__tests__/components/ui/FormFields.test.tsx:33:30)

  ● FormFields Components › FormInput shows error state

    TestingLibraryElementError: Unable to find an element by: [data-testid="form-input"]

    Ignored nodes: comments, script, style
    [36m<body>[39m
      [36m<div>[39m
        [36m<input[39m
          [33mclass[39m=[32m"w-full px-5 py-3.5 rounded-2xl bg-white/50 dark:bg-dark-900/40 border backdrop-blur-md transition-all outline-none border-red-500/50 text-red-900 dark:text-red-400 bg-red-50/10 "[39m
        [36m/>[39m
      [36m</div>[39m
    [36m</body>[39m

      40 |         render(<FormInput error={true} />);
      41 |
    > 42 |         const input = screen.getByTestId('form-input');
         |                              ^
      43 |         expect(input).toBeInTheDocument();
      44 |     });
      45 |

      at Object.getElementError (node_modules/@testing-library/dom/dist/config.js:37:19)
      at node_modules/@testing-library/dom/dist/query-helpers.js:76:38
      at node_modules/@testing-library/dom/dist/query-helpers.js:52:17
      at node_modules/@testing-library/dom/dist/query-helpers.js:95:19
      at Object.getByTestId (src/__tests__/components/ui/FormFields.test.tsx:42:30)

  ● FormFields Components › FormSelect renders with options

    TestingLibraryElementError: Unable to find an element by: [data-testid="form-select"]

    Ignored nodes: comments, script, style
    [36m<body>[39m
      [36m<div>[39m
        [36m<div[39m
          [33mclass[39m=[32m"relative"[39m
        [36m>[39m
          [36m<select[39m
            [33mclass[39m=[32m"w-full min-w-[200px] px-4 py-3 rounded-xl bg-white/80 dark:bg-dark-900/60 border transition-all outline-none appearance-none cursor-pointer text-sm whitespace-nowrap border-slate-300 dark:border-white/20 text-slate-900 dark:text-white focus:border-primary-500/50 dark:focus:border-primary-500/50 shadow-sm backdrop-blur-md hover:border-slate-400 dark:hover:border-white/30 "[39m
          [36m>[39m
            [36m<option[39m
              [33mvalue[39m=[32m"option1"[39m
            [36m>[39m
              [0mOption 1[0m
            [36m</option>[39m
            [36m<option[39m
              [33mvalue[39m=[32m"option2"[39m
            [36m>[39m
              [0mOption 2[0m
            [36m</option>[39m
          [36m</select>[39m
          [36m<div[39m
            [33mclass[39m=[32m"absolute right-4 top-1/2 -translate-y-1/2 pointer-events-none text-slate-500 dark:text-slate-400"[39m
          [36m>[39m
            [36m<svg[39m
              [33mclass[39m=[32m"w-4 h-4"[39m
              [33mfill[39m=[32m"none"[39m
              [33mstroke[39m=[32m"currentColor"[39m
              [33mviewBox[39m=[32m"0 0 24 24"[39m
            [36m>[39m
              [36m<path[39m
                [33md[39m=[32m"M19 9l-7 7-7-7"[39m
                [33mstroke-linecap[39m=[32m"round"[39m
                [33mstroke-linejoin[39m=[32m"round"[39m
                [33mstroke-width[39m=[32m"2"[39m
              [36m/>[39m
            [36m</svg>[39m
          [36m</div>[39m
        [36m</div>[39m
      [36m</div>[39m
    [36m</body>[39m

      52 |         );
      53 |
    > 54 |         const select = screen.getByTestId('form-select');
         |                               ^
      55 |         expect(select).toBeInTheDocument();
      56 |         expect(screen.getByText('Option 1')).toBeInTheDocument();
      57 |         expect(screen.getByText('Option 2')).toBeInTheDocument();

      at Object.getElementError (node_modules/@testing-library/dom/dist/config.js:37:19)
      at node_modules/@testing-library/dom/dist/query-helpers.js:76:38
      at node_modules/@testing-library/dom/dist/query-helpers.js:52:17
      at node_modules/@testing-library/dom/dist/query-helpers.js:95:19
      at Object.getByTestId (src/__tests__/components/ui/FormFields.test.tsx:54:31)

  ● FormFields Components › FormTextarea renders with correct props

    TestingLibraryElementError: Unable to find an element by: [data-testid="form-textarea"]

    Ignored nodes: comments, script, style
    [36m<body>[39m
      [36m<div>[39m
        [36m<textarea[39m
          [33mclass[39m=[32m"w-full px-5 py-4 rounded-2xl bg-white/50 dark:bg-dark-900/40 border backdrop-blur-md transition-all outline-none resize-none border-slate-200 dark:border-white/10 text-slate-900 dark:text-white focus:border-primary-500/50 dark:focus:border-primary-500/50 shadow-sm "[39m
          [33mplaceholder[39m=[32m"Test placeholder"[39m
          [33mrows[39m=[32m"5"[39m
        [36m/>[39m
      [36m</div>[39m
    [36m</body>[39m

      61 |         render(<FormTextarea rows={5} placeholder="Test placeholder" />);
      62 |
    > 63 |         const textarea = screen.getByTestId('form-textarea');
         |                                 ^
      64 |         expect(textarea).toHaveAttribute('rows', '5');
      65 |         expect(textarea).toHaveAttribute('placeholder', 'Test placeholder');
      66 |     });

      at Object.getElementError (node_modules/@testing-library/dom/dist/config.js:37:19)
      at node_modules/@testing-library/dom/dist/query-helpers.js:76:38
      at node_modules/@testing-library/dom/dist/query-helpers.js:52:17
      at node_modules/@testing-library/dom/dist/query-helpers.js:95:19
      at Object.getByTestId (src/__tests__/components/ui/FormFields.test.tsx:63:33)

FAIL src/__tests__/utils/cookieUtils.test.ts
  ● Cookie Utils › exists() › returns false for deleted cookie

    expect(received).toBe(expected) // Object.is equality

    Expected: false
    Received: true

      236 |
      237 |             cookieUtils.delete('to-delete');
    > 238 |             expect(cookieUtils.exists('to-delete')).toBe(false);
          |                                                     ^
      239 |         });
      240 |     });
      241 |

      at Object.toBe (src/__tests__/utils/cookieUtils.test.ts:238:53)

  ● Cookie Utils › delete() › deletes a cookie

    expect(received).toBe(expected) // Object.is equality

    Expected: null
    Received: ""

      246 |
      247 |             cookieUtils.delete('delete-me');
    > 248 |             expect(cookieUtils.get('delete-me')).toBe(null);
          |                                                  ^
      249 |         });
      250 |
      251 |         it('deletes cookie with path', () => {

      at Object.toBe (src/__tests__/utils/cookieUtils.test.ts:248:50)

  ● Cookie Utils › delete() › deletes cookie with path

    expect(received).toBe(expected) // Object.is equality

    Expected: null
    Received: ""

      252 |             cookieUtils.set('delete-path', 'value', { path: '/test' });
      253 |             cookieUtils.delete('delete-path', { path: '/test' });
    > 254 |             expect(cookieUtils.get('delete-path')).toBe(null);
          |                                                    ^
      255 |         });
      256 |
      257 |         it('deletes cookie with domain', () => {

      at Object.toBe (src/__tests__/utils/cookieUtils.test.ts:254:52)

  ● Cookie Utils › delete() › deletes cookie with domain

    expect(received).toBe(expected) // Object.is equality

    Expected: null
    Received: ""

      258 |             cookieUtils.set('delete-domain', 'value', { domain: 'example.com' });
      259 |             cookieUtils.delete('delete-domain', { domain: 'example.com' });
    > 260 |             expect(cookieUtils.get('delete-domain')).toBe(null);
          |                                                      ^
      261 |         });
      262 |     });
      263 |

      at Object.toBe (src/__tests__/utils/cookieUtils.test.ts:260:54)

  ● Cookie Utils › getAll() › returns all cookies as object

    expect(received).toEqual(expected) // deep equality

    - Expected  - 2
    + Received  + 0

      Object {
    -   "cookie1": "value1",
    -   "cookie2": "value2",
        "cookie3": "value3",
      }

      273 |
      274 |             const allCookies = cookieUtils.getAll();
    > 275 |             expect(allCookies).toEqual({
          |                                ^
      276 |                 cookie1: 'value1',
      277 |                 cookie2: 'value2',
      278 |                 cookie3: 'value3',

      at Object.toEqual (src/__tests__/utils/cookieUtils.test.ts:275:32)

  ● Cookie Utils › clearAll() › clears all cookies

    expect(received).toEqual(expected) // deep equality

    - Expected  - 2
    + Received  + 0

      Object {
    -   "keep1": "value1",
    -   "keep2": "value2",
        "keep3": "value3",
      }

      295 |             cookieUtils.set('keep3', 'value3');
      296 |
    > 297 |             expect(cookieUtils.getAll()).toEqual({
          |                                          ^
      298 |                 keep1: 'value1',
      299 |                 keep2: 'value2',
      300 |                 keep3: 'value3',

      at Object.toEqual (src/__tests__/utils/cookieUtils.test.ts:297:42)

  ● Cookie Utils › Edge Cases › handles multiple cookies with similar names

    expect(received).toBe(expected) // Object.is equality

    Expected: "value1"
    Received: null

      334 |             cookieUtils.set('tested', 'value3');
      335 |
    > 336 |             expect(cookieUtils.get('test')).toBe('value1');
          |                                             ^
      337 |             expect(cookieUtils.get('testing')).toBe('value2');
      338 |             expect(cookieUtils.get('tested')).toBe('value3');
      339 |         });

      at Object.toBe (src/__tests__/utils/cookieUtils.test.ts:336:45)

FAIL src/__tests__/utils/cookieUtils.simple.test.ts
  ● Cookie Utils › exists() › returns false for deleted cookie

    expect(received).toBe(expected) // Object.is equality

    Expected: false
    Received: true

      145 |
      146 |             cookieUtils.delete('to-delete');
    > 147 |             expect(cookieUtils.exists('to-delete')).toBe(false);
          |                                                     ^
      148 |         });
      149 |     });
      150 |

      at Object.toBe (src/__tests__/utils/cookieUtils.simple.test.ts:147:53)

  ● Cookie Utils › delete() › deletes a cookie

    expect(received).toBe(expected) // Object.is equality

    Expected: null
    Received: ""

      155 |
      156 |             cookieUtils.delete('delete-me');
    > 157 |             expect(cookieUtils.get('delete-me')).toBe(null);
          |                                                  ^
      158 |         });
      159 |     });
      160 |

      at Object.toBe (src/__tests__/utils/cookieUtils.simple.test.ts:157:50)

  ● Cookie Utils › getAll() › returns all cookies as object

    expect(received).toEqual(expected) // deep equality

    - Expected  - 2
    + Received  + 0

      Object {
    -   "cookie1": "value1",
    -   "cookie2": "value2",
        "cookie3": "value3",
      }

      170 |
      171 |             const allCookies = cookieUtils.getAll();
    > 172 |             expect(allCookies).toEqual({
          |                                ^
      173 |                 cookie1: 'value1',
      174 |                 cookie2: 'value2',
      175 |                 cookie3: 'value3',

      at Object.toEqual (src/__tests__/utils/cookieUtils.simple.test.ts:172:32)

  ● Cookie Utils › clearAll() › clears all cookies

    expect(received).toEqual(expected) // deep equality

    - Expected  - 2
    + Received  + 0

      Object {
    -   "keep1": "value1",
    -   "keep2": "value2",
        "keep3": "value3",
      }

      184 |             cookieUtils.set('keep3', 'value3');
      185 |
    > 186 |             expect(cookieUtils.getAll()).toEqual({
          |                                          ^
      187 |                 keep1: 'value1',
      188 |                 keep2: 'value2',
      189 |                 keep3: 'value3',

      at Object.toEqual (src/__tests__/utils/cookieUtils.simple.test.ts:186:42)

FAIL src/__tests__/components/Header.test.tsx
  ● Header › Rendering › renders correct links for English locale

    expect(element).toHaveAttribute("href", "/en/services") // element.getAttribute("href") === "/en/services"

    Expected the element to have attribute:
      href="/en/services"
    Received:
      href="/Services"

      150 |
      151 |             expect(screen.getByRole('link', { name: /home/i })).toHaveAttribute('href', '/en');
    > 152 |             expect(screen.getByRole('link', { name: /services/i })).toHaveAttribute(
          |                                                                     ^
      153 |                 'href',
      154 |                 '/en/services',
      155 |             );

      at Object.toHaveAttribute (src/__tests__/components/Header.test.tsx:152:69)

FAIL src/__tests__/components/ui/MobileMenu.test.tsx
  ● MobileMenu › calls closeMenu when backdrop is clicked

    TestingLibraryElementError: Unable to find an element by: [data-testid="mobile-menu-backdrop"]

    Ignored nodes: comments, script, style
    [36m<body>[39m
      [36m<div>[39m
        [36m<div[39m
          [33mclass[39m=[32m"fixed inset-0 z-[60] md:hidden"[39m
        [36m>[39m
          [36m<div[39m
            [33mclass[39m=[32m"absolute inset-0 bg-cream-50/70 dark:bg-dark-950/70 backdrop-blur-2xl"[39m
          [36m/>[39m
          [36m<div[39m
            [33mclass[39m=[32m"absolute inset-0 w-full h-full bg-cream-50/80 dark:bg-dark-950/80 backdrop-blur-2xl overflow-hidden"[39m
          [36m>[39m
            [36m<div[39m
              [33mclass[39m=[32m"relative z-10 h-full flex flex-col p-5 pt-8"[39m
            [36m>[39m
              [36m<div[39m
                [33mclass[39m=[32m"flex justify-between items-center mb-8 mr-2"[39m
              [36m>[39m
                [36m<h2[39m
                  [33mclass[39m=[32m"text-7xl sm:text-8xl md:text-9xl lg:text-10xl font-bold text-slate-900 dark:text-white ml-4 relative"[39m
                [36m>[39m
                  [0mMenu[0m
                  [36m<span[39m
                    [33mclass[39m=[32m"absolute bottom-0 left-0 w-full h-1 bg-gradient-to-r from-red-600 to-red-500 -mb-2"[39m
                  [36m/>[39m
                [36m</h2>[39m
                [36m<button[39m
                  [33maria-label[39m=[32m"Close"[39m
                  [33mclass[39m=[32m"flex items-center gap-2 text-slate-500 dark:text-slate-300 hover:text-slate-900 dark:hover:text-white transition-colors -mt-7"[39m
                [36m>[39m
                  [36m<span[39m
                    [33mclass[39m=[32m"text-[11px] tracking-wide"[39m
                  [36m>[39m
                    [0mClose[0m
                  [36m</span>[39m
                  [36m<svg[39m
                    [33mclass[39m=[32m"w-4 h-4"[39m
                    [33mfill[39m=[32m"none"[39m
                    [33mstroke[39m=[32m"currentColor"[39m
                    [33mviewBox[39m=[32m"0 0 24 24"[39m
                  [36m>[39m
                    [36m<path[39m
                      [33md[39m=[32m"M6 18L18 6M6 6l12 12"[39m
                      [33mstroke-linecap[39m=[32m"round"[39m
                      [33mstroke-linejoin[39m=[32m"round"[39m
                      [33mstroke-width[39m=[32m"2"[39m
                    [36m/>[39m
                  [36m</svg>[39m
                [36m</button>[39m
              [36m</div>[39m
              [36m<div[39m
                [33mclass[39m=[32m"flex-1 overflow-y-auto py-4 mt-8"[39m
              [36m>[39m
                [36m<div[39m
                  [33mclass[39m=[32m"flex flex-col gap-4"[39m
                [36m>[39m
                  [36m<div[39m
                    [33mclass[39m=[32m"rounded-2xl"[39m
                  [36m>[39m
                    [36m<a[39m
                      [33mclass[39m=[32m"group flex items-center justify-between px-4 py-3 transition-all duration-300 relative border-b border-slate-200/30 dark:border-white/10 text-red-600 dark:text-red-500"[39m
                      [33mhref[39m=[32m"/en"[39m
                    [36m>[39m
                      [36m<div[39m
                        [33mclass[39m=[32m"flex items-center gap-3"[39m
                      [36m>[39m
                        [36m<span[39m
                          [33mclass[39m=[32m"font-semibold text-base tracking-wide"[39m
                        [36m>[39m
                          [0mHome[0m
                        [36m</span>[39m
                      [36m</div>[39m
                      [36m<span[39m
                        [33mclass[39m=[32m"absolute bottom-0 left-4 right-4 h-px bg-gradient-to-r from-red-600 to-red-500"[39m
                      [36m/>[39m
                    [36m</a>[39m
                  [36m</div>[39m
                  [36m<div[39m
                    [33mclass[39m=[32m"rounded-2xl"[39m
                  [36m>[39m
                    [36m<div[39m
                      [33mclass[39m=[32m"relative"[39m
                    [36m>[39m
                      [36m<button[39m
                        [33mclass[39m=[32m"w-full flex items-center justify-between px-4 py-3 transition-all duration-300 relative border-b border-slate-200/30 dark:border-white/10 text-slate-700 dark:text-slate-200"[39m
                        [33mtype[39m=[32m"button"[39m
                      [36m>[39m
                        [36m<div[39m
                          [33mclass[39m=[32m"flex items-center gap-3"[39m
                        [36m>[39m
                          [36m<span[39m
                            [33mclass[39m=[32m"font-semibold text-base tracking-wide text-slate-700 dark:text-slate-200"[39m
                          [36m>[39m
                            [0mServices[0m
                          [36m</span>[39m
                        [36m</div>[39m
                        [36m<img[39m
                          [33malt[39m=[32m"Arrow"[39m
                          [33mclass[39m=[32m"w-4 h-4 transition-transform duration-300 mr-0 brightness-0 saturate-100 dark:brightness-0 dark:invert"[39m
                          [33msrc[39m=[32m"/arrow.png"[39m
                        [36m/>[39m
                        [36m<span[39m
                          [33mclass[39m=[32m"absolute bottom-0 left-4 right-4 h-px bg-gradient-to-r from-red-600 to-red-500"[39m
                        [36m/>[39m
                      [36m</button>[39m
                    [36m</div>[39m
                  [36m</div>[39m
                  [36m<div[39m
                    [33mclass[39m=[32m"rounded-2xl"[39m
                  [36m>[39m
                    [36m<a[39m
                      [33mclass[39m=[32m"group flex items-center justify-between px-4 py-3 transition-all duration-300 relative border-b border-slate-200/30 dark:border-white/10 text-slate-700 dark:text-slate-200"[39m
                      [33mhref[39m=[32m"/en/showreel"[39m
                    [36m>[39m
                      [36m<div[39m
                        [33mclass[39m=[32m"flex items-center gap-3"[39m
                      [36m>[39m
                        [36m<span[39m
                          [33mclass[39m=[32m"font-semibold text-base tracking-wide"[39m
                        [36m>[39m
                          [0mShowreel[0m
                        [36m</span>[39m
                      [36m</div>[39m
                      [36m<span[39m
                        [33mclass[39m=[32m"absolute bottom-0 left-4 right-4 h-px bg-gradient-to-r from-red-600 to-red-500"[39m
                      [36m/>[39m
                    [36m</a>[39m
                  [36m</div>[39m
                  [36m<div[39m
                    [33mclass[39m=[32m"rounded-2xl"[39m
                  [36m>[39m
                    [36m<a[39m
                      [33mclass[39m=[32m"group flex items-center justify-between px-4 py-3 transition-all duration-300 relative border-b border-slate-200/30 dark:border-white/10 text-slate-700 dark:text-slate-200"[39m
                      [33mhref[39m=[32m"/en/about"[39m
                    [36m>[39m
                      [36m<div[39m
                        [33mclass[39m=[32m"flex items-center gap-3"[39m
                      [36m>[39m
                        [36m<span[39m
                          [33mclass[39m=[32m"font-semibold text-base tracking-wide"[39m
                        [36m>[39m
                          [0mAbout[0m
                        [36m</span>[39m
                      [36m</div>[39m
                      [36m<span[39m
                        [33mclass[39m=[32m"absolute bottom-0 left-4 right-4 h-px bg-gradient-to-r from-red-600 to-red-500"[39m
                      [36m/>[39m
                    [36m</a>[39m
                  [36m</div>[39m
                  [36m<div[39m
                    [33mclass[39m=[32m"rounded-2xl"[39m
                  [36m>[39m
                    [36m<a[39m
                      [33mclass[39m=[32m"group flex items-center justify-between px-4 py-3 transition-all duration-300 relative border-b border-slate-200/30 dark:border-white/10 text-slate-700 dark:text-slate-200"[39m
                      [33mhref[39m=[32m"/en/contact"[39m
                    [36m>[39m
                      [36m<div[39m
                        [33mclass[39m=[32m"flex items-center gap-3"[39m
                      [36m>[39m
                        [36m<span[39m
                          [33mclass[39m=[32m"font-semibold text-base tracking-wide"[39m
                        [36m>[39m
                          [0mContact[0m
                        [36m</span>[39m
                      [36m</div>[39m
                      [36m<span[39m
                        [33mclass[39m=[32m"absolute bottom-0 left-4 right-4 h-px bg-gradient-to-r from-red-600 to-red-500"[39m
                      [36m/>[39m
                    [36m</a>[39m
                  [36m</div>[39m
                [36m</div>[39m
              [36m</div>[39m
              [36m<div[39m
                [33mclass[39m=[32m"pt-4 border-t border-slate-200/50 dark:border-white/10 flex items-center justify-between"[39m
              [36m>[39m
                [36m<span[39m
                  [33mclass[39m=[32m"text-xs font-medium text-slate-400 dark:text-slate-500 uppercase tracking-wider"[39m
                [36m>[39m
                  [0mLanguage[0m
                [36m</span>[39m
                [36m<div[39m
                  [33maria-label[39m=[32m"Select language"[39m
                  [33mclass[39m=[32m"
                    flex items-center gap-0.5 transition-opacity duration-300 max-w-fit
                    px-0 py-0 -my-2.5 -mx-1
                "[39m
                  [33mrole[39m=[32m"group"[39m
                [36m>[39m
                  [36m<button[39m
                    [33maria-label[39m=[32m"Switch to Español"[39m
                    [33maria-pressed[39m=[32m"false"[39m
                    [33mclass[39m=[32m"
                                relative px-2 py-1 text-xs font-bold uppercase
                                transition-all duration-300 rounded-full
                                text-slate-600 dark:text-slate-400 hover:text-red-600 dark:hover:text-red-500
                            "[39m
                  [36m>[39m
                    [36m<span[39m
                      [33mclass[39m=[32m"relative z-10"[39m
                    [36m>[39m
                      [0mES[0m
                    [36m</span>[39m
                  [36m</button>[39m
                  [36m<button[39m
                    [33maria-label[39m=[32m"Switch to English"[39m
                    [33maria-pressed[39m=[32m"true"[39m
                    [33mclass[39m=[32m"
                                relative px-2 py-1 text-xs font-bold uppercase
                                transition-all duration-300 rounded-full
                                text-red-600 dark:text-red-500
                            "[39m
                  [36m>[39m
                    [36m<span[39m
                      [33mclass[39m=[32m"relative z-10"[39m
                    [36m>[39m
                      [0mEN[0m
                    [36m</span>[39m
                  [36m</button>[39m
                  [36m<button[39m
                    [33maria-label[39m=[32m"Switch to Русский"[39m
                    [33maria-pressed[39m=[32m"false"[39m
                    [33mclass[39m=[32m"
                                relative px-2 py-1 text-xs font-bold uppercase
                                transition-all duration-300 rounded-full
                                text-slate-600 dark:text-slate-400 hover:text-red-600 dark:hover:text-red-500
                            "[39m
                  [36m>[39m
                    [36m<span[39m
                      [33mclass[39m=[32m"relative z-10"[39m
                    [36m>[39m
                      [0mRU[0m
                    [36m</span>[39m
                  [36m</button>[39m
                [36m</div>[39m
              [36m</div>[39m
              [36m<div[39m
                [33mclass[39m=[32m"mt-2"[39m
              [36m>[39m
                [36m<a[39m
                  [33mclass[39m=[32m"block w-full text-center px-5 py-3.5 rounded-2xl text-sm font-semibold text-white bg-red-600 shadow-lg shadow-red-600/20"[39m
                  [33mhref[39m=[32m"/en/contact"[39m
                [36m>[39m
                  [0mGet Started[0m
                [36m</a>[39m
              [36m</div>[39m
            [36m</div>[39m
          [36m</div>[39m
        [36m</div>[39m
      [36m</div>[39m
    [36m</body>[39m

      128 |         render(<MobileMenu {...defaultProps} isMobileMenuOpen={true} closeMenu={closeMenu} />);
      129 |
    > 130 |         const backdrop = screen.getByTestId('mobile-menu-backdrop');
          |                                 ^
      131 |         fireEvent.click(backdrop);
      132 |
      133 |         expect(closeMenu).toHaveBeenCalled();

      at Object.getElementError (node_modules/@testing-library/dom/dist/config.js:37:19)
      at node_modules/@testing-library/dom/dist/query-helpers.js:76:38
      at node_modules/@testing-library/dom/dist/query-helpers.js:52:17
      at node_modules/@testing-library/dom/dist/query-helpers.js:95:19
      at Object.getByTestId (src/__tests__/components/ui/MobileMenu.test.tsx:130:33)

  ● MobileMenu › renders navigation links correctly

    TestingLibraryElementError: Unable to find an accessible element with the role "link" and name `/services/i`

    Here are the accessible roles:

      heading:

      Name "Menu":
      [36m<h2[39m
        [33mclass[39m=[32m"text-7xl sm:text-8xl md:text-9xl lg:text-10xl font-bold text-slate-900 dark:text-white ml-4 relative"[39m
      [36m/>[39m

      --------------------------------------------------
      button:

      Name "Close":
      [36m<button[39m
        [33maria-label[39m=[32m"Close"[39m
        [33mclass[39m=[32m"flex items-center gap-2 text-slate-500 dark:text-slate-300 hover:text-slate-900 dark:hover:text-white transition-colors -mt-7"[39m
      [36m/>[39m

      Name "Services Arrow":
      [36m<button[39m
        [33mclass[39m=[32m"w-full flex items-center justify-between px-4 py-3 transition-all duration-300 relative border-b border-slate-200/30 dark:border-white/10 text-slate-700 dark:text-slate-200"[39m
        [33mtype[39m=[32m"button"[39m
      [36m/>[39m

      Name "Switch to Español":
      [36m<button[39m
        [33maria-label[39m=[32m"Switch to Español"[39m
        [33maria-pressed[39m=[32m"false"[39m
        [33mclass[39m=[32m"
                                  relative px-2 py-1 text-xs font-bold uppercase
                                  transition-all duration-300 rounded-full
                                  text-slate-600 dark:text-slate-400 hover:text-red-600 dark:hover:text-red-500
                              "[39m
      [36m/>[39m

      Name "Switch to English":
      [36m<button[39m
        [33maria-label[39m=[32m"Switch to English"[39m
        [33maria-pressed[39m=[32m"true"[39m
        [33mclass[39m=[32m"
                                  relative px-2 py-1 text-xs font-bold uppercase
                                  transition-all duration-300 rounded-full
                                  text-red-600 dark:text-red-500
                              "[39m
      [36m/>[39m

      Name "Switch to Русский":
      [36m<button[39m
        [33maria-label[39m=[32m"Switch to Русский"[39m
        [33maria-pressed[39m=[32m"false"[39m
        [33mclass[39m=[32m"
                                  relative px-2 py-1 text-xs font-bold uppercase
                                  transition-all duration-300 rounded-full
                                  text-slate-600 dark:text-slate-400 hover:text-red-600 dark:hover:text-red-500
                              "[39m
      [36m/>[39m

      --------------------------------------------------
      link:

      Name "Home":
      [36m<a[39m
        [33mclass[39m=[32m"group flex items-center justify-between px-4 py-3 transition-all duration-300 relative border-b border-slate-200/30 dark:border-white/10 text-red-600 dark:text-red-500"[39m
        [33mhref[39m=[32m"/en"[39m
      [36m/>[39m

      Name "Showreel":
      [36m<a[39m
        [33mclass[39m=[32m"group flex items-center justify-between px-4 py-3 transition-all duration-300 relative border-b border-slate-200/30 dark:border-white/10 text-slate-700 dark:text-slate-200"[39m
        [33mhref[39m=[32m"/en/showreel"[39m
      [36m/>[39m

      Name "About":
      [36m<a[39m
        [33mclass[39m=[32m"group flex items-center justify-between px-4 py-3 transition-all duration-300 relative border-b border-slate-200/30 dark:border-white/10 text-slate-700 dark:text-slate-200"[39m
        [33mhref[39m=[32m"/en/about"[39m
      [36m/>[39m

      Name "Contact":
      [36m<a[39m
        [33mclass[39m=[32m"group flex items-center justify-between px-4 py-3 transition-all duration-300 relative border-b border-slate-200/30 dark:border-white/10 text-slate-700 dark:text-slate-200"[39m
        [33mhref[39m=[32m"/en/contact"[39m
      [36m/>[39m

      Name "Get Started":
      [36m<a[39m
        [33mclass[39m=[32m"block w-full text-center px-5 py-3.5 rounded-2xl text-sm font-semibold text-white bg-red-600 shadow-lg shadow-red-600/20"[39m
        [33mhref[39m=[32m"/en/contact"[39m
      [36m/>[39m

      --------------------------------------------------
      img:

      Name "Arrow":
      [36m<img[39m
        [33malt[39m=[32m"Arrow"[39m
        [33mclass[39m=[32m"w-4 h-4 transition-transform duration-300 mr-0 brightness-0 saturate-100 dark:brightness-0 dark:invert"[39m
        [33msrc[39m=[32m"/arrow.png"[39m
      [36m/>[39m

      --------------------------------------------------
      group:

      Name "Select language":
      [36m<div[39m
        [33maria-label[39m=[32m"Select language"[39m
        [33mclass[39m=[32m"
                      flex items-center gap-0.5 transition-opacity duration-300 max-w-fit
                      px-0 py-0 -my-2.5 -mx-1
                  "[39m
        [33mrole[39m=[32m"group"[39m
      [36m/>[39m

      --------------------------------------------------

    Ignored nodes: comments, script, style
    [36m<body>[39m
      [36m<div>[39m
        [36m<div[39m
          [33mclass[39m=[32m"fixed inset-0 z-[60] md:hidden"[39m
        [36m>[39m
          [36m<div[39m
            [33mclass[39m=[32m"absolute inset-0 bg-cream-50/70 dark:bg-dark-950/70 backdrop-blur-2xl"[39m
          [36m/>[39m
          [36m<div[39m
            [33mclass[39m=[32m"absolute inset-0 w-full h-full bg-cream-50/80 dark:bg-dark-950/80 backdrop-blur-2xl overflow-hidden"[39m
          [36m>[39m
            [36m<div[39m
              [33mclass[39m=[32m"relative z-10 h-full flex flex-col p-5 pt-8"[39m
            [36m>[39m
              [36m<div[39m
                [33mclass[39m=[32m"flex justify-between items-center mb-8 mr-2"[39m
              [36m>[39m
                [36m<h2[39m
                  [33mclass[39m=[32m"text-7xl sm:text-8xl md:text-9xl lg:text-10xl font-bold text-slate-900 dark:text-white ml-4 relative"[39m
                [36m>[39m
                  [0mMenu[0m
                  [36m<span[39m
                    [33mclass[39m=[32m"absolute bottom-0 left-0 w-full h-1 bg-gradient-to-r from-red-600 to-red-500 -mb-2"[39m
                  [36m/>[39m
                [36m</h2>[39m
                [36m<button[39m
                  [33maria-label[39m=[32m"Close"[39m
                  [33mclass[39m=[32m"flex items-center gap-2 text-slate-500 dark:text-slate-300 hover:text-slate-900 dark:hover:text-white transition-colors -mt-7"[39m
                [36m>[39m
                  [36m<span[39m
                    [33mclass[39m=[32m"text-[11px] tracking-wide"[39m
                  [36m>[39m
                    [0mClose[0m
                  [36m</span>[39m
                  [36m<svg[39m
                    [33mclass[39m=[32m"w-4 h-4"[39m
                    [33mfill[39m=[32m"none"[39m
                    [33mstroke[39m=[32m"currentColor"[39m
                    [33mviewBox[39m=[32m"0 0 24 24"[39m
                  [36m>[39m
                    [36m<path[39m
                      [33md[39m=[32m"M6 18L18 6M6 6l12 12"[39m
                      [33mstroke-linecap[39m=[32m"round"[39m
                      [33mstroke-linejoin[39m=[32m"round"[39m
                      [33mstroke-width[39m=[32m"2"[39m
                    [36m/>[39m
                  [36m</svg>[39m
                [36m</button>[39m
              [36m</div>[39m
              [36m<div[39m
                [33mclass[39m=[32m"flex-1 overflow-y-auto py-4 mt-8"[39m
              [36m>[39m
                [36m<div[39m
                  [33mclass[39m=[32m"flex flex-col gap-4"[39m
                [36m>[39m
                  [36m<div[39m
                    [33mclass[39m=[32m"rounded-2xl"[39m
                  [36m>[39m
                    [36m<a[39m
                      [33mclass[39m=[32m"group flex items-center justify-between px-4 py-3 transition-all duration-300 relative border-b border-slate-200/30 dark:border-white/10 text-red-600 dark:text-red-500"[39m
                      [33mhref[39m=[32m"/en"[39m
                    [36m>[39m
                      [36m<div[39m
                        [33mclass[39m=[32m"flex items-center gap-3"[39m
                      [36m>[39m
                        [36m<span[39m
                          [33mclass[39m=[32m"font-semibold text-base tracking-wide"[39m
                        [36m>[39m
                          [0mHome[0m
                        [36m</span>[39m
                      [36m</div>[39m
                      [36m<span[39m
                        [33mclass[39m=[32m"absolute bottom-0 left-4 right-4 h-px bg-gradient-to-r from-red-600 to-red-500"[39m
                      [36m/>[39m
                    [36m</a>[39m
                  [36m</div>[39m
                  [36m<div[39m
                    [33mclass[39m=[32m"rounded-2xl"[39m
                  [36m>[39m
                    [36m<div[39m
                      [33mclass[39m=[32m"relative"[39m
                    [36m>[39m
                      [36m<button[39m
                        [33mclass[39m=[32m"w-full flex items-center justify-between px-4 py-3 transition-all duration-300 relative border-b border-slate-200/30 dark:border-white/10 text-slate-700 dark:text-slate-200"[39m
                        [33mtype[39m=[32m"button"[39m
                      [36m>[39m
                        [36m<div[39m
                          [33mclass[39m=[32m"flex items-center gap-3"[39m
                        [36m>[39m
                          [36m<span[39m
                            [33mclass[39m=[32m"font-semibold text-base tracking-wide text-slate-700 dark:text-slate-200"[39m
                          [36m>[39m
                            [0mServices[0m
                          [36m</span>[39m
                        [36m</div>[39m
                        [36m<img[39m
                          [33malt[39m=[32m"Arrow"[39m
                          [33mclass[39m=[32m"w-4 h-4 transition-transform duration-300 mr-0 brightness-0 saturate-100 dark:brightness-0 dark:invert"[39m
                          [33msrc[39m=[32m"/arrow.png"[39m
                        [36m/>[39m
                        [36m<span[39m
                          [33mclass[39m=[32m"absolute bottom-0 left-4 right-4 h-px bg-gradient-to-r from-red-600 to-red-500"[39m
                        [36m/>[39m
                      [36m</button>[39m
                    [36m</div>[39m
                  [36m</div>[39m
                  [36m<div[39m
                    [33mclass[39m=[32m"rounded-2xl"[39m
                  [36m>[39m
                    [36m<a[39m
                      [33mclass[39m=[32m"group flex items-center justify-between px-4 py-3 transition-all duration-300 relative border-b border-slate-200/30 dark:border-white/10 text-slate-700 dark:text-slate-200"[39m
                      [33mhref[39m=[32m"/en/showreel"[39m
                    [36m>[39m
                      [36m<div[39m
                        [33mclass[39m=[32m"flex items-center gap-3"[39m
                      [36m>[39m
                        [36m<span[39m
                          [33mclass[39m=[32m"font-semibold text-base tracking-wide"[39m
                        [36m>[39m
                          [0mShowreel[0m
                        [36m</span>[39m
                      [36m</div>[39m
                      [36m<span[39m
                        [33mclass[39m=[32m"absolute bottom-0 left-4 right-4 h-px bg-gradient-to-r from-red-600 to-red-500"[39m
                      [36m/>[39m
                    [36m</a>[39m
                  [36m</div>[39m
                  [36m<div[39m
                    [33mclass[39m=[32m"rounded-2xl"[39m
                  [36m>[39m
                    [36m<a[39m
                      [33mclass[39m=[32m"group flex items-center justify-between px-4 py-3 transition-all duration-300 relative border-b border-slate-200/30 dark:border-white/10 text-slate-700 dark:text-slate-200"[39m
                      [33mhref[39m=[32m"/en/about"[39m
                    [36m>[39m
                      [36m<div[39m
                        [33mclass[39m=[32m"flex items-center gap-3"[39m
                      [36m>[39m
                        [36m<span[39m
                          [33mclass[39m=[32m"font-semibold text-base tracking-wide"[39m
                        [36m>[39m
                          [0mAbout[0m
                        [36m</span>[39m
                      [36m</div>[39m
                      [36m<span[39m
                        [33mclass[39m=[32m"absolute bottom-0 left-4 right-4 h-px bg-gradient-to-r from-red-600 to-red-500"[39m
                      [36m/>[39m
                    [36m</a>[39m
                  [36m</div>[39m
                  [36m<div[39m
                    [33mclass[39m=[32m"rounded-2xl"[39m
                  [36m>[39m
                    [36m<a[39m
                      [33mclass[39m=[32m"group flex items-center justify-between px-4 py-3 transition-all duration-300 relative border-b border-slate-200/30 dark:border-white/10 text-slate-700 dark:text-slate-200"[39m
                      [33mhref[39m=[32m"/en/contact"[39m
                    [36m>[39m
                      [36m<div[39m
                        [33mclass[39m=[32m"flex items-center gap-3"[39m
                      [36m>[39m
                        [36m<span[39m
                          [33mclass[39m=[32m"font-semibold text-base tracking-wide"[39m
                        [36m>[39m
                          [0mContact[0m
                        [36m</span>[39m
                      [36m</div>[39m
                      [36m<span[39m
                        [33mclass[39m=[32m"absolute bottom-0 left-4 right-4 h-px bg-gradient-to-r from-red-600 to-red-500"[39m
                      [36m/>[39m
                    [36m</a>[39m
                  [36m</div>[39m
                [36m</div>[39m
              [36m</div>[39m
              [36m<div[39m
                [33mclass[39m=[32m"pt-4 border-t border-slate-200/50 dark:border-white/10 flex items-center justify-between"[39m
              [36m>[39m
                [36m<span[39m
                  [33mclass[39m=[32m"text-xs font-medium text-slate-400 dark:text-slate-500 uppercase tracking-wider"[39m
                [36m>[39m
                  [0mLanguage[0m
                [36m</span>[39m
                [36m<div[39m
                  [33maria-label[39m=[32m"Select language"[39m
                  [33mclass[39m=[32m"
                    flex items-center gap-0.5 transition-opacity duration-300 max-w-fit
                    px-0 py-0 -my-2.5 -mx-1
                "[39m
                  [33mrole[39m=[32m"group"[39m
                [36m>[39m
                  [36m<button[39m
                    [33maria-label[39m=[32m"Switch to Español"[39m
                    [33maria-pressed[39m=[32m"false"[39m
                    [33mclass[39m=[32m"
                                relative px-2 py-1 text-xs font-bold uppercase
                                transition-all duration-300 rounded-full
                                text-slate-600 dark:text-slate-400 hover:text-red-600 dark:hover:text-red-500
                            "[39m
                  [36m>[39m
                    [36m<span[39m
                      [33mclass[39m=[32m"relative z-10"[39m
                    [36m>[39m
                      [0mES[0m
                    [36m</span>[39m
                  [36m</button>[39m
                  [36m<button[39m
                    [33maria-label[39m=[32m"Switch to English"[39m
                    [33maria-pressed[39m=[32m"true"[39m
                    [33mclass[39m=[32m"
                                relative px-2 py-1 text-xs font-bold uppercase
                                transition-all duration-300 rounded-full
                                text-red-600 dark:text-red-500
                            "[39m
                  [36m>[39m
                    [36m<span[39m
                      [33mclass[39m=[32m"relative z-10"[39m
                    [36m>[39m
                      [0mEN[0m
                    [36m</span>[39m
                  [36m</button>[39m
                  [36m<button[39m
                    [33maria-label[39m=[32m"Switch to Русский"[39m
                    [33maria-pressed[39m=[32m"false"[39m
                    [33mclass[39m=[32m"
                                relative px-2 py-1 text-xs font-bold uppercase
                                transition-all duration-300 rounded-full
                                text-slate-600 dark:text-slate-400 hover:text-red-600 dark:hover:text-red-500
                            "[39m
                  [36m>[39m
                    [36m<span[39m
                      [33mclass[39m=[32m"relative z-10"[39m
                    [36m>[39m
                      [0mRU[0m
                    [36m</span>[39m
                  [36m</button>[39m
                [36m</div>[39m
              [36m</div>[39m
              [36m<div[39m
                [33mclass[39m=[32m"mt-2"[39m
              [36m>[39m
                [36m<a[39m
                  [33mclass[39m=[32m"block w-full text-center px-5 py-3.5 rounded-2xl text-sm font-semibold text-white bg-red-600 shadow-lg shadow-red-600/20"[39m
                  [33mhref[39m=[32m"/en/contact"[39m
                [36m>[39m
                  [0mGet Started[0m
                [36m</a>[39m
              [36m</div>[39m
            [36m</div>[39m
          [36m</div>[39m
        [36m</div>[39m
      [36m</div>[39m
    [36m</body>[39m

      137 |         render(<MobileMenu {...defaultProps} isMobileMenuOpen={true} />);
      138 |
    > 139 |         const servicesLink = screen.getByRole('link', { name: /services/i });
          |                                     ^
      140 |         expect(servicesLink).toHaveAttribute('href', '/en/services');
      141 |
      142 |         const showreelLink = screen.getByRole('link', { name: /showreel/i });

      at Object.getElementError (node_modules/@testing-library/dom/dist/config.js:37:19)
      at node_modules/@testing-library/dom/dist/query-helpers.js:76:38
      at node_modules/@testing-library/dom/dist/query-helpers.js:52:17
      at node_modules/@testing-library/dom/dist/query-helpers.js:95:19
      at Object.getByRole (src/__tests__/components/ui/MobileMenu.test.tsx:139:37)

  ● MobileMenu › does not highlight inactive links

    TestingLibraryElementError: Unable to find an accessible element with the role "link" and name `/services/i`

    Here are the accessible roles:

      heading:

      Name "Menu":
      [36m<h2[39m
        [33mclass[39m=[32m"text-7xl sm:text-8xl md:text-9xl lg:text-10xl font-bold text-slate-900 dark:text-white ml-4 relative"[39m
      [36m/>[39m

      --------------------------------------------------
      button:

      Name "Close":
      [36m<button[39m
        [33maria-label[39m=[32m"Close"[39m
        [33mclass[39m=[32m"flex items-center gap-2 text-slate-500 dark:text-slate-300 hover:text-slate-900 dark:hover:text-white transition-colors -mt-7"[39m
      [36m/>[39m

      Name "Services Arrow":
      [36m<button[39m
        [33mclass[39m=[32m"w-full flex items-center justify-between px-4 py-3 transition-all duration-300 relative border-b border-slate-200/30 dark:border-white/10 text-slate-700 dark:text-slate-200"[39m
        [33mtype[39m=[32m"button"[39m
      [36m/>[39m

      Name "Switch to Español":
      [36m<button[39m
        [33maria-label[39m=[32m"Switch to Español"[39m
        [33maria-pressed[39m=[32m"false"[39m
        [33mclass[39m=[32m"
                                  relative px-2 py-1 text-xs font-bold uppercase
                                  transition-all duration-300 rounded-full
                                  text-slate-600 dark:text-slate-400 hover:text-red-600 dark:hover:text-red-500
                              "[39m
      [36m/>[39m

      Name "Switch to English":
      [36m<button[39m
        [33maria-label[39m=[32m"Switch to English"[39m
        [33maria-pressed[39m=[32m"true"[39m
        [33mclass[39m=[32m"
                                  relative px-2 py-1 text-xs font-bold uppercase
                                  transition-all duration-300 rounded-full
                                  text-red-600 dark:text-red-500
                              "[39m
      [36m/>[39m

      Name "Switch to Русский":
      [36m<button[39m
        [33maria-label[39m=[32m"Switch to Русский"[39m
        [33maria-pressed[39m=[32m"false"[39m
        [33mclass[39m=[32m"
                                  relative px-2 py-1 text-xs font-bold uppercase
                                  transition-all duration-300 rounded-full
                                  text-slate-600 dark:text-slate-400 hover:text-red-600 dark:hover:text-red-500
                              "[39m
      [36m/>[39m

      --------------------------------------------------
      link:

      Name "Home":
      [36m<a[39m
        [33mclass[39m=[32m"group flex items-center justify-between px-4 py-3 transition-all duration-300 relative border-b border-slate-200/30 dark:border-white/10 text-red-600 dark:text-red-500"[39m
        [33mhref[39m=[32m"/en"[39m
      [36m/>[39m

      Name "Showreel":
      [36m<a[39m
        [33mclass[39m=[32m"group flex items-center justify-between px-4 py-3 transition-all duration-300 relative border-b border-slate-200/30 dark:border-white/10 text-slate-700 dark:text-slate-200"[39m
        [33mhref[39m=[32m"/en/showreel"[39m
      [36m/>[39m

      Name "About":
      [36m<a[39m
        [33mclass[39m=[32m"group flex items-center justify-between px-4 py-3 transition-all duration-300 relative border-b border-slate-200/30 dark:border-white/10 text-slate-700 dark:text-slate-200"[39m
        [33mhref[39m=[32m"/en/about"[39m
      [36m/>[39m

      Name "Contact":
      [36m<a[39m
        [33mclass[39m=[32m"group flex items-center justify-between px-4 py-3 transition-all duration-300 relative border-b border-slate-200/30 dark:border-white/10 text-slate-700 dark:text-slate-200"[39m
        [33mhref[39m=[32m"/en/contact"[39m
      [36m/>[39m

      Name "Get Started":
      [36m<a[39m
        [33mclass[39m=[32m"block w-full text-center px-5 py-3.5 rounded-2xl text-sm font-semibold text-white bg-red-600 shadow-lg shadow-red-600/20"[39m
        [33mhref[39m=[32m"/en/contact"[39m
      [36m/>[39m

      --------------------------------------------------
      img:

      Name "Arrow":
      [36m<img[39m
        [33malt[39m=[32m"Arrow"[39m
        [33mclass[39m=[32m"w-4 h-4 transition-transform duration-300 mr-0 brightness-0 saturate-100 dark:brightness-0 dark:invert"[39m
        [33msrc[39m=[32m"/arrow.png"[39m
      [36m/>[39m

      --------------------------------------------------
      group:

      Name "Select language":
      [36m<div[39m
        [33maria-label[39m=[32m"Select language"[39m
        [33mclass[39m=[32m"
                      flex items-center gap-0.5 transition-opacity duration-300 max-w-fit
                      px-0 py-0 -my-2.5 -mx-1
                  "[39m
        [33mrole[39m=[32m"group"[39m
      [36m/>[39m

      --------------------------------------------------

    Ignored nodes: comments, script, style
    [36m<body>[39m
      [36m<div>[39m
        [36m<div[39m
          [33mclass[39m=[32m"fixed inset-0 z-[60] md:hidden"[39m
        [36m>[39m
          [36m<div[39m
            [33mclass[39m=[32m"absolute inset-0 bg-cream-50/70 dark:bg-dark-950/70 backdrop-blur-2xl"[39m
          [36m/>[39m
          [36m<div[39m
            [33mclass[39m=[32m"absolute inset-0 w-full h-full bg-cream-50/80 dark:bg-dark-950/80 backdrop-blur-2xl overflow-hidden"[39m
          [36m>[39m
            [36m<div[39m
              [33mclass[39m=[32m"relative z-10 h-full flex flex-col p-5 pt-8"[39m
            [36m>[39m
              [36m<div[39m
                [33mclass[39m=[32m"flex justify-between items-center mb-8 mr-2"[39m
              [36m>[39m
                [36m<h2[39m
                  [33mclass[39m=[32m"text-7xl sm:text-8xl md:text-9xl lg:text-10xl font-bold text-slate-900 dark:text-white ml-4 relative"[39m
                [36m>[39m
                  [0mMenu[0m
                  [36m<span[39m
                    [33mclass[39m=[32m"absolute bottom-0 left-0 w-full h-1 bg-gradient-to-r from-red-600 to-red-500 -mb-2"[39m
                  [36m/>[39m
                [36m</h2>[39m
                [36m<button[39m
                  [33maria-label[39m=[32m"Close"[39m
                  [33mclass[39m=[32m"flex items-center gap-2 text-slate-500 dark:text-slate-300 hover:text-slate-900 dark:hover:text-white transition-colors -mt-7"[39m
                [36m>[39m
                  [36m<span[39m
                    [33mclass[39m=[32m"text-[11px] tracking-wide"[39m
                  [36m>[39m
                    [0mClose[0m
                  [36m</span>[39m
                  [36m<svg[39m
                    [33mclass[39m=[32m"w-4 h-4"[39m
                    [33mfill[39m=[32m"none"[39m
                    [33mstroke[39m=[32m"currentColor"[39m
                    [33mviewBox[39m=[32m"0 0 24 24"[39m
                  [36m>[39m
                    [36m<path[39m
                      [33md[39m=[32m"M6 18L18 6M6 6l12 12"[39m
                      [33mstroke-linecap[39m=[32m"round"[39m
                      [33mstroke-linejoin[39m=[32m"round"[39m
                      [33mstroke-width[39m=[32m"2"[39m
                    [36m/>[39m
                  [36m</svg>[39m
                [36m</button>[39m
              [36m</div>[39m
              [36m<div[39m
                [33mclass[39m=[32m"flex-1 overflow-y-auto py-4 mt-8"[39m
              [36m>[39m
                [36m<div[39m
                  [33mclass[39m=[32m"flex flex-col gap-4"[39m
                [36m>[39m
                  [36m<div[39m
                    [33mclass[39m=[32m"rounded-2xl"[39m
                  [36m>[39m
                    [36m<a[39m
                      [33mclass[39m=[32m"group flex items-center justify-between px-4 py-3 transition-all duration-300 relative border-b border-slate-200/30 dark:border-white/10 text-red-600 dark:text-red-500"[39m
                      [33mhref[39m=[32m"/en"[39m
                    [36m>[39m
                      [36m<div[39m
                        [33mclass[39m=[32m"flex items-center gap-3"[39m
                      [36m>[39m
                        [36m<span[39m
                          [33mclass[39m=[32m"font-semibold text-base tracking-wide"[39m
                        [36m>[39m
                          [0mHome[0m
                        [36m</span>[39m
                      [36m</div>[39m
                      [36m<span[39m
                        [33mclass[39m=[32m"absolute bottom-0 left-4 right-4 h-px bg-gradient-to-r from-red-600 to-red-500"[39m
                      [36m/>[39m
                    [36m</a>[39m
                  [36m</div>[39m
                  [36m<div[39m
                    [33mclass[39m=[32m"rounded-2xl"[39m
                  [36m>[39m
                    [36m<div[39m
                      [33mclass[39m=[32m"relative"[39m
                    [36m>[39m
                      [36m<button[39m
                        [33mclass[39m=[32m"w-full flex items-center justify-between px-4 py-3 transition-all duration-300 relative border-b border-slate-200/30 dark:border-white/10 text-slate-700 dark:text-slate-200"[39m
                        [33mtype[39m=[32m"button"[39m
                      [36m>[39m
                        [36m<div[39m
                          [33mclass[39m=[32m"flex items-center gap-3"[39m
                        [36m>[39m
                          [36m<span[39m
                            [33mclass[39m=[32m"font-semibold text-base tracking-wide text-slate-700 dark:text-slate-200"[39m
                          [36m>[39m
                            [0mServices[0m
                          [36m</span>[39m
                        [36m</div>[39m
                        [36m<img[39m
                          [33malt[39m=[32m"Arrow"[39m
                          [33mclass[39m=[32m"w-4 h-4 transition-transform duration-300 mr-0 brightness-0 saturate-100 dark:brightness-0 dark:invert"[39m
                          [33msrc[39m=[32m"/arrow.png"[39m
                        [36m/>[39m
                        [36m<span[39m
                          [33mclass[39m=[32m"absolute bottom-0 left-4 right-4 h-px bg-gradient-to-r from-red-600 to-red-500"[39m
                        [36m/>[39m
                      [36m</button>[39m
                    [36m</div>[39m
                  [36m</div>[39m
                  [36m<div[39m
                    [33mclass[39m=[32m"rounded-2xl"[39m
                  [36m>[39m
                    [36m<a[39m
                      [33mclass[39m=[32m"group flex items-center justify-between px-4 py-3 transition-all duration-300 relative border-b border-slate-200/30 dark:border-white/10 text-slate-700 dark:text-slate-200"[39m
                      [33mhref[39m=[32m"/en/showreel"[39m
                    [36m>[39m
                      [36m<div[39m
                        [33mclass[39m=[32m"flex items-center gap-3"[39m
                      [36m>[39m
                        [36m<span[39m
                          [33mclass[39m=[32m"font-semibold text-base tracking-wide"[39m
                        [36m>[39m
                          [0mShowreel[0m
                        [36m</span>[39m
                      [36m</div>[39m
                      [36m<span[39m
                        [33mclass[39m=[32m"absolute bottom-0 left-4 right-4 h-px bg-gradient-to-r from-red-600 to-red-500"[39m
                      [36m/>[39m
                    [36m</a>[39m
                  [36m</div>[39m
                  [36m<div[39m
                    [33mclass[39m=[32m"rounded-2xl"[39m
                  [36m>[39m
                    [36m<a[39m
                      [33mclass[39m=[32m"group flex items-center justify-between px-4 py-3 transition-all duration-300 relative border-b border-slate-200/30 dark:border-white/10 text-slate-700 dark:text-slate-200"[39m
                      [33mhref[39m=[32m"/en/about"[39m
                    [36m>[39m
                      [36m<div[39m
                        [33mclass[39m=[32m"flex items-center gap-3"[39m
                      [36m>[39m
                        [36m<span[39m
                          [33mclass[39m=[32m"font-semibold text-base tracking-wide"[39m
                        [36m>[39m
                          [0mAbout[0m
                        [36m</span>[39m
                      [36m</div>[39m
                      [36m<span[39m
                        [33mclass[39m=[32m"absolute bottom-0 left-4 right-4 h-px bg-gradient-to-r from-red-600 to-red-500"[39m
                      [36m/>[39m
                    [36m</a>[39m
                  [36m</div>[39m
                  [36m<div[39m
                    [33mclass[39m=[32m"rounded-2xl"[39m
                  [36m>[39m
                    [36m<a[39m
                      [33mclass[39m=[32m"group flex items-center justify-between px-4 py-3 transition-all duration-300 relative border-b border-slate-200/30 dark:border-white/10 text-slate-700 dark:text-slate-200"[39m
                      [33mhref[39m=[32m"/en/contact"[39m
                    [36m>[39m
                      [36m<div[39m
                        [33mclass[39m=[32m"flex items-center gap-3"[39m
                      [36m>[39m
                        [36m<span[39m
                          [33mclass[39m=[32m"font-semibold text-base tracking-wide"[39m
                        [36m>[39m
                          [0mContact[0m
                        [36m</span>[39m
                      [36m</div>[39m
                      [36m<span[39m
                        [33mclass[39m=[32m"absolute bottom-0 left-4 right-4 h-px bg-gradient-to-r from-red-600 to-red-500"[39m
                      [36m/>[39m
                    [36m</a>[39m
                  [36m</div>[39m
                [36m</div>[39m
              [36m</div>[39m
              [36m<div[39m
                [33mclass[39m=[32m"pt-4 border-t border-slate-200/50 dark:border-white/10 flex items-center justify-between"[39m
              [36m>[39m
                [36m<span[39m
                  [33mclass[39m=[32m"text-xs font-medium text-slate-400 dark:text-slate-500 uppercase tracking-wider"[39m
                [36m>[39m
                  [0mLanguage[0m
                [36m</span>[39m
                [36m<div[39m
                  [33maria-label[39m=[32m"Select language"[39m
                  [33mclass[39m=[32m"
                    flex items-center gap-0.5 transition-opacity duration-300 max-w-fit
                    px-0 py-0 -my-2.5 -mx-1
                "[39m
                  [33mrole[39m=[32m"group"[39m
                [36m>[39m
                  [36m<button[39m
                    [33maria-label[39m=[32m"Switch to Español"[39m
                    [33maria-pressed[39m=[32m"false"[39m
                    [33mclass[39m=[32m"
                                relative px-2 py-1 text-xs font-bold uppercase
                                transition-all duration-300 rounded-full
                                text-slate-600 dark:text-slate-400 hover:text-red-600 dark:hover:text-red-500
                            "[39m
                  [36m>[39m
                    [36m<span[39m
                      [33mclass[39m=[32m"relative z-10"[39m
                    [36m>[39m
                      [0mES[0m
                    [36m</span>[39m
                  [36m</button>[39m
                  [36m<button[39m
                    [33maria-label[39m=[32m"Switch to English"[39m
                    [33maria-pressed[39m=[32m"true"[39m
                    [33mclass[39m=[32m"
                                relative px-2 py-1 text-xs font-bold uppercase
                                transition-all duration-300 rounded-full
                                text-red-600 dark:text-red-500
                            "[39m
                  [36m>[39m
                    [36m<span[39m
                      [33mclass[39m=[32m"relative z-10"[39m
                    [36m>[39m
                      [0mEN[0m
                    [36m</span>[39m
                  [36m</button>[39m
                  [36m<button[39m
                    [33maria-label[39m=[32m"Switch to Русский"[39m
                    [33maria-pressed[39m=[32m"false"[39m
                    [33mclass[39m=[32m"
                                relative px-2 py-1 text-xs font-bold uppercase
                                transition-all duration-300 rounded-full
                                text-slate-600 dark:text-slate-400 hover:text-red-600 dark:hover:text-red-500
                            "[39m
                  [36m>[39m
                    [36m<span[39m
                      [33mclass[39m=[32m"relative z-10"[39m
                    [36m>[39m
                      [0mRU[0m
                    [36m</span>[39m
                  [36m</button>[39m
                [36m</div>[39m
              [36m</div>[39m
              [36m<div[39m
                [33mclass[39m=[32m"mt-2"[39m
              [36m>[39m
                [36m<a[39m
                  [33mclass[39m=[32m"block w-full text-center px-5 py-3.5 rounded-2xl text-sm font-semibold text-white bg-red-600 shadow-lg shadow-red-600/20"[39m
                  [33mhref[39m=[32m"/en/contact"[39m
                [36m>[39m
                  [0mGet Started[0m
                [36m</a>[39m
              [36m</div>[39m
            [36m</div>[39m
          [36m</div>[39m
        [36m</div>[39m
      [36m</div>[39m
    [36m</body>[39m

      160 |         render(<MobileMenu {...defaultProps} isMobileMenuOpen={true} />);
      161 |
    > 162 |         const servicesLink = screen.getByRole('link', { name: /services/i });
          |                                     ^
      163 |         expect(servicesLink).not.toHaveClass('text-red-600');
      164 |     });
      165 |

      at Object.getElementError (node_modules/@testing-library/dom/dist/config.js:37:19)
      at node_modules/@testing-library/dom/dist/query-helpers.js:76:38
      at node_modules/@testing-library/dom/dist/query-helpers.js:52:17
      at node_modules/@testing-library/dom/dist/query-helpers.js:95:19
      at Object.getByRole (src/__tests__/components/ui/MobileMenu.test.tsx:162:37)

  ● MobileMenu › renders services dropdown when open

    TestingLibraryElementError: Unable to find an element with the text: Branding description. This could be because the text is broken up by multiple elements. In this case, you can provide a function for your text matcher to make your matcher more flexible.

    Ignored nodes: comments, script, style
    [36m<body>[39m
      [36m<div>[39m
        [36m<div[39m
          [33mclass[39m=[32m"fixed inset-0 z-[60] md:hidden"[39m
        [36m>[39m
          [36m<div[39m
            [33mclass[39m=[32m"absolute inset-0 bg-cream-50/70 dark:bg-dark-950/70 backdrop-blur-2xl"[39m
          [36m/>[39m
          [36m<div[39m
            [33mclass[39m=[32m"absolute inset-0 w-full h-full bg-cream-50/80 dark:bg-dark-950/80 backdrop-blur-2xl overflow-hidden"[39m
          [36m>[39m
            [36m<div[39m
              [33mclass[39m=[32m"relative z-10 h-full flex flex-col p-5 pt-8"[39m
            [36m>[39m
              [36m<div[39m
                [33mclass[39m=[32m"flex justify-between items-center mb-8 mr-2"[39m
              [36m>[39m
                [36m<h2[39m
                  [33mclass[39m=[32m"text-7xl sm:text-8xl md:text-9xl lg:text-10xl font-bold text-slate-900 dark:text-white ml-4 relative"[39m
                [36m>[39m
                  [0mMenu[0m
                  [36m<span[39m
                    [33mclass[39m=[32m"absolute bottom-0 left-0 w-full h-1 bg-gradient-to-r from-red-600 to-red-500 -mb-2"[39m
                  [36m/>[39m
                [36m</h2>[39m
                [36m<button[39m
                  [33maria-label[39m=[32m"Close"[39m
                  [33mclass[39m=[32m"flex items-center gap-2 text-slate-500 dark:text-slate-300 hover:text-slate-900 dark:hover:text-white transition-colors -mt-7"[39m
                [36m>[39m
                  [36m<span[39m
                    [33mclass[39m=[32m"text-[11px] tracking-wide"[39m
                  [36m>[39m
                    [0mClose[0m
                  [36m</span>[39m
                  [36m<svg[39m
                    [33mclass[39m=[32m"w-4 h-4"[39m
                    [33mfill[39m=[32m"none"[39m
                    [33mstroke[39m=[32m"currentColor"[39m
                    [33mviewBox[39m=[32m"0 0 24 24"[39m
                  [36m>[39m
                    [36m<path[39m
                      [33md[39m=[32m"M6 18L18 6M6 6l12 12"[39m
                      [33mstroke-linecap[39m=[32m"round"[39m
                      [33mstroke-linejoin[39m=[32m"round"[39m
                      [33mstroke-width[39m=[32m"2"[39m
                    [36m/>[39m
                  [36m</svg>[39m
                [36m</button>[39m
              [36m</div>[39m
              [36m<div[39m
                [33mclass[39m=[32m"flex-1 overflow-y-auto py-4 mt-8"[39m
              [36m>[39m
                [36m<div[39m
                  [33mclass[39m=[32m"flex flex-col gap-4"[39m
                [36m>[39m
                  [36m<div[39m
                    [33mclass[39m=[32m"rounded-2xl"[39m
                  [36m>[39m
                    [36m<a[39m
                      [33mclass[39m=[32m"group flex items-center justify-between px-4 py-3 transition-all duration-300 relative border-b border-slate-200/30 dark:border-white/10 text-red-600 dark:text-red-500"[39m
                      [33mhref[39m=[32m"/en"[39m
                    [36m>[39m
                      [36m<div[39m
                        [33mclass[39m=[32m"flex items-center gap-3"[39m
                      [36m>[39m
                        [36m<span[39m
                          [33mclass[39m=[32m"font-semibold text-base tracking-wide"[39m
                        [36m>[39m
                          [0mHome[0m
                        [36m</span>[39m
                      [36m</div>[39m
                      [36m<span[39m
                        [33mclass[39m=[32m"absolute bottom-0 left-4 right-4 h-px bg-gradient-to-r from-red-600 to-red-500"[39m
                      [36m/>[39m
                    [36m</a>[39m
                  [36m</div>[39m
                  [36m<div[39m
                    [33mclass[39m=[32m"rounded-2xl"[39m
                  [36m>[39m
                    [36m<div[39m
                      [33mclass[39m=[32m"relative"[39m
                    [36m>[39m
                      [36m<button[39m
                        [33mclass[39m=[32m"w-full flex items-center justify-between px-4 py-3 transition-all duration-300 relative border-b border-slate-200/30 dark:border-white/10 text-red-600 dark:text-red-500"[39m
                        [33mtype[39m=[32m"button"[39m
                      [36m>[39m
                        [36m<div[39m
                          [33mclass[39m=[32m"flex items-center gap-3"[39m
                        [36m>[39m
                          [36m<span[39m
                            [33mclass[39m=[32m"font-semibold text-base tracking-wide text-red-600 dark:text-red-500"[39m
                          [36m>[39m
                            [0mServices[0m
                          [36m</span>[39m
                        [36m</div>[39m
                        [36m<img[39m
                          [33malt[39m=[32m"Arrow"[39m
                          [33mclass[39m=[32m"w-4 h-4 transition-transform duration-300 mr-0 brightness-0 saturate-100"[39m
                          [33msrc[39m=[32m"/arrow.png"[39m
                        [36m/>[39m
                        [36m<span[39m
                          [33mclass[39m=[32m"absolute bottom-0 left-4 right-4 h-px bg-gradient-to-r from-red-600 to-red-500"[39m
                        [36m/>[39m
                      [36m</button>[39m
                      [36m<div[39m
                        [33mclass[39m=[32m"px-4 pb-4 pt-3 flex flex-col gap-2"[39m
                      [36m>[39m
                        [36m<a[39m
                          [33mclass[39m=[32m"block px-3 py-2 text-sm font-medium text-slate-600 dark:text-dark-200 hover:text-red-600 dark:hover:text-red-500 transition-colors"[39m
                          [33mhref[39m=[32m"/en/services/branding"[39m
                        [36m>[39m
                          [0mBranding[0m
                        [36m</a>[39m
                        [36m<a[39m
                          [33mclass[39m=[32m"block px-3 py-2 text-sm font-medium text-slate-600 dark:text-dark-200 hover:text-red-600 dark:hover:text-red-500 transition-colors"[39m
                          [33mhref[39m=[32m"/en/services/websites"[39m
                        [36m>[39m
                          [0mWebsites[0m
                        [36m</a>[39m
                      [36m</div>[39m
                    [36m</div>[39m
                  [36m</div>[39m
                  [36m<div[39m
                    [33mclass[39m=[32m"rounded-2xl"[39m
                  [36m>[39m
                    [36m<a[39m
                      [33mclass[39m=[32m"group flex items-center justify-between px-4 py-3 transition-all duration-300 relative border-b border-slate-200/30 dark:border-white/10 text-slate-700 dark:text-slate-200"[39m
                      [33mhref[39m=[32m"/en/showreel"[39m
                    [36m>[39m
                      [36m<div[39m
                        [33mclass[39m=[32m"flex items-center gap-3"[39m
                      [36m>[39m
                        [36m<span[39m
                          [33mclass[39m=[32m"font-semibold text-base tracking-wide"[39m
                        [36m>[39m
                          [0mShowreel[0m
                        [36m</span>[39m
                      [36m</div>[39m
                      [36m<span[39m
                        [33mclass[39m=[32m"absolute bottom-0 left-4 right-4 h-px bg-gradient-to-r from-red-600 to-red-500"[39m
                      [36m/>[39m
                    [36m</a>[39m
                  [36m</div>[39m
                  [36m<div[39m
                    [33mclass[39m=[32m"rounded-2xl"[39m
                  [36m>[39m
                    [36m<a[39m
                      [33mclass[39m=[32m"group flex items-center justify-between px-4 py-3 transition-all duration-300 relative border-b border-slate-200/30 dark:border-white/10 text-slate-700 dark:text-slate-200"[39m
                      [33mhref[39m=[32m"/en/about"[39m
                    [36m>[39m
                      [36m<div[39m
                        [33mclass[39m=[32m"flex items-center gap-3"[39m
                      [36m>[39m
                        [36m<span[39m
                          [33mclass[39m=[32m"font-semibold text-base tracking-wide"[39m
                        [36m>[39m
                          [0mAbout[0m
                        [36m</span>[39m
                      [36m</div>[39m
                      [36m<span[39m
                        [33mclass[39m=[32m"absolute bottom-0 left-4 right-4 h-px bg-gradient-to-r from-red-600 to-red-500"[39m
                      [36m/>[39m
                    [36m</a>[39m
                  [36m</div>[39m
                  [36m<div[39m
                    [33mclass[39m=[32m"rounded-2xl"[39m
                  [36m>[39m
                    [36m<a[39m
                      [33mclass[39m=[32m"group flex items-center justify-between px-4 py-3 transition-all duration-300 relative border-b border-slate-200/30 dark:border-white/10 text-slate-700 dark:text-slate-200"[39m
                      [33mhref[39m=[32m"/en/contact"[39m
                    [36m>[39m
                      [36m<div[39m
                        [33mclass[39m=[32m"flex items-center gap-3"[39m
                      [36m>[39m
                        [36m<span[39m
                          [33mclass[39m=[32m"font-semibold text-base tracking-wide"[39m
                        [36m>[39m
                          [0mContact[0m
                        [36m</span>[39m
                      [36m</div>[39m
                      [36m<span[39m
                        [33mclass[39m=[32m"absolute bottom-0 left-4 right-4 h-px bg-gradient-to-r from-red-600 to-red-500"[39m
                      [36m/>[39m
                    [36m</a>[39m
                  [36m</div>[39m
                [36m</div>[39m
              [36m</div>[39m
              [36m<div[39m
                [33mclass[39m=[32m"pt-4 border-t border-slate-200/50 dark:border-white/10 flex items-center justify-between"[39m
              [36m>[39m
                [36m<span[39m
                  [33mclass[39m=[32m"text-xs font-medium text-slate-400 dark:text-slate-500 uppercase tracking-wider"[39m
                [36m>[39m
                  [0mLanguage[0m
                [36m</span>[39m
                [36m<div[39m
                  [33maria-label[39m=[32m"Select language"[39m
                  [33mclass[39m=[32m"
                    flex items-center gap-0.5 transition-opacity duration-300 max-w-fit
                    px-0 py-0 -my-2.5 -mx-1
                "[39m
                  [33mrole[39m=[32m"group"[39m
                [36m>[39m
                  [36m<button[39m
                    [33maria-label[39m=[32m"Switch to Español"[39m
                    [33maria-pressed[39m=[32m"false"[39m
                    [33mclass[39m=[32m"
                                relative px-2 py-1 text-xs font-bold uppercase
                                transition-all duration-300 rounded-full
                                text-slate-600 dark:text-slate-400 hover:text-red-600 dark:hover:text-red-500
                            "[39m
                  [36m>[39m
                    [36m<span[39m
                      [33mclass[39m=[32m"relative z-10"[39m
                    [36m>[39m
                      [0mES[0m
                    [36m</span>[39m
                  [36m</button>[39m
                  [36m<button[39m
                    [33maria-label[39m=[32m"Switch to English"[39m
                    [33maria-pressed[39m=[32m"true"[39m
                    [33mclass[39m=[32m"
                                relative px-2 py-1 text-xs font-bold uppercase
                                transition-all duration-300 rounded-full
                                text-red-600 dark:text-red-500
                            "[39m
                  [36m>[39m
                    [36m<span[39m
                      [33mclass[39m=[32m"relative z-10"[39m
                    [36m>[39m
                      [0mEN[0m
                    [36m</span>[39m
                  [36m</button>[39m
                  [36m<button[39m
                    [33maria-label[39m=[32m"Switch to Русский"[39m
                    [33maria-pressed[39m=[32m"false"[39m
                    [33mclass[39m=[32m"
                                relative px-2 py-1 text-xs font-bold uppercase
                                transition-all duration-300 rounded-full
                                text-slate-600 dark:text-slate-400 hover:text-red-600 dark:hover:text-red-500
                            "[39m
                  [36m>[39m
                    [36m<span[39m
                      [33mclass[39m=[32m"relative z-10"[39m
                    [36m>[39m
                      [0mRU[0m
                    [36m</span>[39m
                  [36m</button>[39m
                [36m</div>[39m
              [36m</div>[39m
              [36m<div[39m
                [33mclass[39m=[32m"mt-2"[39m
              [36m>[39m
                [36m<a[39m
                  [33mclass[39m=[32m"block w-full text-center px-5 py-3.5 rounded-2xl text-sm font-semibold text-white bg-red-600 shadow-lg shadow-red-600/20"[39m
                  [33mhref[39m=[32m"/en/contact"[39m
                [36m>[39m
                  [0mGet Started[0m
                [36m</a>[39m
              [36m</div>[39m
            [36m</div>[39m
          [36m</div>[39m
        [36m</div>[39m
      [36m</div>[39m
    [36m</body>[39m

      169 |         expect(screen.getByText('Branding')).toBeInTheDocument();
      170 |         expect(screen.getByText('Websites')).toBeInTheDocument();
    > 171 |         expect(screen.getByText('Branding description')).toBeInTheDocument();
          |                       ^
      172 |         expect(screen.getByText('Websites description')).toBeInTheDocument();
      173 |     });
      174 |

      at Object.getElementError (node_modules/@testing-library/dom/dist/config.js:37:19)
      at node_modules/@testing-library/dom/dist/query-helpers.js:76:38
      at node_modules/@testing-library/dom/dist/query-helpers.js:52:17
      at node_modules/@testing-library/dom/dist/query-helpers.js:95:19
      at Object.getByText (src/__tests__/components/ui/MobileMenu.test.tsx:171:23)

  ● MobileMenu › renders utility controls

    TestingLibraryElementError: Unable to find an element by: [data-testid="theme-toggle"]

    Ignored nodes: comments, script, style
    [36m<body>[39m
      [36m<div>[39m
        [36m<div[39m
          [33mclass[39m=[32m"fixed inset-0 z-[60] md:hidden"[39m
        [36m>[39m
          [36m<div[39m
            [33mclass[39m=[32m"absolute inset-0 bg-cream-50/70 dark:bg-dark-950/70 backdrop-blur-2xl"[39m
          [36m/>[39m
          [36m<div[39m
            [33mclass[39m=[32m"absolute inset-0 w-full h-full bg-cream-50/80 dark:bg-dark-950/80 backdrop-blur-2xl overflow-hidden"[39m
          [36m>[39m
            [36m<div[39m
              [33mclass[39m=[32m"relative z-10 h-full flex flex-col p-5 pt-8"[39m
            [36m>[39m
              [36m<div[39m
                [33mclass[39m=[32m"flex justify-between items-center mb-8 mr-2"[39m
              [36m>[39m
                [36m<h2[39m
                  [33mclass[39m=[32m"text-7xl sm:text-8xl md:text-9xl lg:text-10xl font-bold text-slate-900 dark:text-white ml-4 relative"[39m
                [36m>[39m
                  [0mMenu[0m
                  [36m<span[39m
                    [33mclass[39m=[32m"absolute bottom-0 left-0 w-full h-1 bg-gradient-to-r from-red-600 to-red-500 -mb-2"[39m
                  [36m/>[39m
                [36m</h2>[39m
                [36m<button[39m
                  [33maria-label[39m=[32m"Close"[39m
                  [33mclass[39m=[32m"flex items-center gap-2 text-slate-500 dark:text-slate-300 hover:text-slate-900 dark:hover:text-white transition-colors -mt-7"[39m
                [36m>[39m
                  [36m<span[39m
                    [33mclass[39m=[32m"text-[11px] tracking-wide"[39m
                  [36m>[39m
                    [0mClose[0m
                  [36m</span>[39m
                  [36m<svg[39m
                    [33mclass[39m=[32m"w-4 h-4"[39m
                    [33mfill[39m=[32m"none"[39m
                    [33mstroke[39m=[32m"currentColor"[39m
                    [33mviewBox[39m=[32m"0 0 24 24"[39m
                  [36m>[39m
                    [36m<path[39m
                      [33md[39m=[32m"M6 18L18 6M6 6l12 12"[39m
                      [33mstroke-linecap[39m=[32m"round"[39m
                      [33mstroke-linejoin[39m=[32m"round"[39m
                      [33mstroke-width[39m=[32m"2"[39m
                    [36m/>[39m
                  [36m</svg>[39m
                [36m</button>[39m
              [36m</div>[39m
              [36m<div[39m
                [33mclass[39m=[32m"flex-1 overflow-y-auto py-4 mt-8"[39m
              [36m>[39m
                [36m<div[39m
                  [33mclass[39m=[32m"flex flex-col gap-4"[39m
                [36m>[39m
                  [36m<div[39m
                    [33mclass[39m=[32m"rounded-2xl"[39m
                  [36m>[39m
                    [36m<a[39m
                      [33mclass[39m=[32m"group flex items-center justify-between px-4 py-3 transition-all duration-300 relative border-b border-slate-200/30 dark:border-white/10 text-red-600 dark:text-red-500"[39m
                      [33mhref[39m=[32m"/en"[39m
                    [36m>[39m
                      [36m<div[39m
                        [33mclass[39m=[32m"flex items-center gap-3"[39m
                      [36m>[39m
                        [36m<span[39m
                          [33mclass[39m=[32m"font-semibold text-base tracking-wide"[39m
                        [36m>[39m
                          [0mHome[0m
                        [36m</span>[39m
                      [36m</div>[39m
                      [36m<span[39m
                        [33mclass[39m=[32m"absolute bottom-0 left-4 right-4 h-px bg-gradient-to-r from-red-600 to-red-500"[39m
                      [36m/>[39m
                    [36m</a>[39m
                  [36m</div>[39m
                  [36m<div[39m
                    [33mclass[39m=[32m"rounded-2xl"[39m
                  [36m>[39m
                    [36m<div[39m
                      [33mclass[39m=[32m"relative"[39m
                    [36m>[39m
                      [36m<button[39m
                        [33mclass[39m=[32m"w-full flex items-center justify-between px-4 py-3 transition-all duration-300 relative border-b border-slate-200/30 dark:border-white/10 text-slate-700 dark:text-slate-200"[39m
                        [33mtype[39m=[32m"button"[39m
                      [36m>[39m
                        [36m<div[39m
                          [33mclass[39m=[32m"flex items-center gap-3"[39m
                        [36m>[39m
                          [36m<span[39m
                            [33mclass[39m=[32m"font-semibold text-base tracking-wide text-slate-700 dark:text-slate-200"[39m
                          [36m>[39m
                            [0mServices[0m
                          [36m</span>[39m
                        [36m</div>[39m
                        [36m<img[39m
                          [33malt[39m=[32m"Arrow"[39m
                          [33mclass[39m=[32m"w-4 h-4 transition-transform duration-300 mr-0 brightness-0 saturate-100 dark:brightness-0 dark:invert"[39m
                          [33msrc[39m=[32m"/arrow.png"[39m
                        [36m/>[39m
                        [36m<span[39m
                          [33mclass[39m=[32m"absolute bottom-0 left-4 right-4 h-px bg-gradient-to-r from-red-600 to-red-500"[39m
                        [36m/>[39m
                      [36m</button>[39m
                    [36m</div>[39m
                  [36m</div>[39m
                  [36m<div[39m
                    [33mclass[39m=[32m"rounded-2xl"[39m
                  [36m>[39m
                    [36m<a[39m
                      [33mclass[39m=[32m"group flex items-center justify-between px-4 py-3 transition-all duration-300 relative border-b border-slate-200/30 dark:border-white/10 text-slate-700 dark:text-slate-200"[39m
                      [33mhref[39m=[32m"/en/showreel"[39m
                    [36m>[39m
                      [36m<div[39m
                        [33mclass[39m=[32m"flex items-center gap-3"[39m
                      [36m>[39m
                        [36m<span[39m
                          [33mclass[39m=[32m"font-semibold text-base tracking-wide"[39m
                        [36m>[39m
                          [0mShowreel[0m
                        [36m</span>[39m
                      [36m</div>[39m
                      [36m<span[39m
                        [33mclass[39m=[32m"absolute bottom-0 left-4 right-4 h-px bg-gradient-to-r from-red-600 to-red-500"[39m
                      [36m/>[39m
                    [36m</a>[39m
                  [36m</div>[39m
                  [36m<div[39m
                    [33mclass[39m=[32m"rounded-2xl"[39m
                  [36m>[39m
                    [36m<a[39m
                      [33mclass[39m=[32m"group flex items-center justify-between px-4 py-3 transition-all duration-300 relative border-b border-slate-200/30 dark:border-white/10 text-slate-700 dark:text-slate-200"[39m
                      [33mhref[39m=[32m"/en/about"[39m
                    [36m>[39m
                      [36m<div[39m
                        [33mclass[39m=[32m"flex items-center gap-3"[39m
                      [36m>[39m
                        [36m<span[39m
                          [33mclass[39m=[32m"font-semibold text-base tracking-wide"[39m
                        [36m>[39m
                          [0mAbout[0m
                        [36m</span>[39m
                      [36m</div>[39m
                      [36m<span[39m
                        [33mclass[39m=[32m"absolute bottom-0 left-4 right-4 h-px bg-gradient-to-r from-red-600 to-red-500"[39m
                      [36m/>[39m
                    [36m</a>[39m
                  [36m</div>[39m
                  [36m<div[39m
                    [33mclass[39m=[32m"rounded-2xl"[39m
                  [36m>[39m
                    [36m<a[39m
                      [33mclass[39m=[32m"group flex items-center justify-between px-4 py-3 transition-all duration-300 relative border-b border-slate-200/30 dark:border-white/10 text-slate-700 dark:text-slate-200"[39m
                      [33mhref[39m=[32m"/en/contact"[39m
                    [36m>[39m
                      [36m<div[39m
                        [33mclass[39m=[32m"flex items-center gap-3"[39m
                      [36m>[39m
                        [36m<span[39m
                          [33mclass[39m=[32m"font-semibold text-base tracking-wide"[39m
                        [36m>[39m
                          [0mContact[0m
                        [36m</span>[39m
                      [36m</div>[39m
                      [36m<span[39m
                        [33mclass[39m=[32m"absolute bottom-0 left-4 right-4 h-px bg-gradient-to-r from-red-600 to-red-500"[39m
                      [36m/>[39m
                    [36m</a>[39m
                  [36m</div>[39m
                [36m</div>[39m
              [36m</div>[39m
              [36m<div[39m
                [33mclass[39m=[32m"pt-4 border-t border-slate-200/50 dark:border-white/10 flex items-center justify-between"[39m
              [36m>[39m
                [36m<span[39m
                  [33mclass[39m=[32m"text-xs font-medium text-slate-400 dark:text-slate-500 uppercase tracking-wider"[39m
                [36m>[39m
                  [0mLanguage[0m
                [36m</span>[39m
                [36m<div[39m
                  [33maria-label[39m=[32m"Select language"[39m
                  [33mclass[39m=[32m"
                    flex items-center gap-0.5 transition-opacity duration-300 max-w-fit
                    px-0 py-0 -my-2.5 -mx-1
                "[39m
                  [33mrole[39m=[32m"group"[39m
                [36m>[39m
                  [36m<button[39m
                    [33maria-label[39m=[32m"Switch to Español"[39m
                    [33maria-pressed[39m=[32m"false"[39m
                    [33mclass[39m=[32m"
                                relative px-2 py-1 text-xs font-bold uppercase
                                transition-all duration-300 rounded-full
                                text-slate-600 dark:text-slate-400 hover:text-red-600 dark:hover:text-red-500
                            "[39m
                  [36m>[39m
                    [36m<span[39m
                      [33mclass[39m=[32m"relative z-10"[39m
                    [36m>[39m
                      [0mES[0m
                    [36m</span>[39m
                  [36m</button>[39m
                  [36m<button[39m
                    [33maria-label[39m=[32m"Switch to English"[39m
                    [33maria-pressed[39m=[32m"true"[39m
                    [33mclass[39m=[32m"
                                relative px-2 py-1 text-xs font-bold uppercase
                                transition-all duration-300 rounded-full
                                text-red-600 dark:text-red-500
                            "[39m
                  [36m>[39m
                    [36m<span[39m
                      [33mclass[39m=[32m"relative z-10"[39m
                    [36m>[39m
                      [0mEN[0m
                    [36m</span>[39m
                  [36m</button>[39m
                  [36m<button[39m
                    [33maria-label[39m=[32m"Switch to Русский"[39m
                    [33maria-pressed[39m=[32m"false"[39m
                    [33mclass[39m=[32m"
                                relative px-2 py-1 text-xs font-bold uppercase
                                transition-all duration-300 rounded-full
                                text-slate-600 dark:text-slate-400 hover:text-red-600 dark:hover:text-red-500
                            "[39m
                  [36m>[39m
                    [36m<span[39m
                      [33mclass[39m=[32m"relative z-10"[39m
                    [36m>[39m
                      [0mRU[0m
                    [36m</span>[39m
                  [36m</button>[39m
                [36m</div>[39m
              [36m</div>[39m
              [36m<div[39m
                [33mclass[39m=[32m"mt-2"[39m
              [36m>[39m
                [36m<a[39m
                  [33mclass[39m=[32m"block w-full text-center px-5 py-3.5 rounded-2xl text-sm font-semibold text-white bg-red-600 shadow-lg shadow-red-600/20"[39m
                  [33mhref[39m=[32m"/en/contact"[39m
                [36m>[39m
                  [0mGet Started[0m
                [36m</a>[39m
              [36m</div>[39m
            [36m</div>[39m
          [36m</div>[39m
        [36m</div>[39m
      [36m</div>[39m
    [36m</body>[39m

      199 |         render(<MobileMenu {...defaultProps} isMobileMenuOpen={true} />);
      200 |
    > 201 |         expect(screen.getByTestId('theme-toggle')).toBeInTheDocument();
          |                       ^
      202 |         expect(screen.getByTestId('language-switcher')).toBeInTheDocument();
      203 |     });
      204 |

      at Object.getElementError (node_modules/@testing-library/dom/dist/config.js:37:19)
      at node_modules/@testing-library/dom/dist/query-helpers.js:76:38
      at node_modules/@testing-library/dom/dist/query-helpers.js:52:17
      at node_modules/@testing-library/dom/dist/query-helpers.js:95:19
      at Object.getByTestId (src/__tests__/components/ui/MobileMenu.test.tsx:201:23)

  ● MobileMenu › renders footer section

    TestingLibraryElementError: Unable to find an element with the text: All rights reserved.. This could be because the text is broken up by multiple elements. In this case, you can provide a function for your text matcher to make your matcher more flexible.

    Ignored nodes: comments, script, style
    [36m<body>[39m
      [36m<div>[39m
        [36m<div[39m
          [33mclass[39m=[32m"fixed inset-0 z-[60] md:hidden"[39m
        [36m>[39m
          [36m<div[39m
            [33mclass[39m=[32m"absolute inset-0 bg-cream-50/70 dark:bg-dark-950/70 backdrop-blur-2xl"[39m
          [36m/>[39m
          [36m<div[39m
            [33mclass[39m=[32m"absolute inset-0 w-full h-full bg-cream-50/80 dark:bg-dark-950/80 backdrop-blur-2xl overflow-hidden"[39m
          [36m>[39m
            [36m<div[39m
              [33mclass[39m=[32m"relative z-10 h-full flex flex-col p-5 pt-8"[39m
            [36m>[39m
              [36m<div[39m
                [33mclass[39m=[32m"flex justify-between items-center mb-8 mr-2"[39m
              [36m>[39m
                [36m<h2[39m
                  [33mclass[39m=[32m"text-7xl sm:text-8xl md:text-9xl lg:text-10xl font-bold text-slate-900 dark:text-white ml-4 relative"[39m
                [36m>[39m
                  [0mMenu[0m
                  [36m<span[39m
                    [33mclass[39m=[32m"absolute bottom-0 left-0 w-full h-1 bg-gradient-to-r from-red-600 to-red-500 -mb-2"[39m
                  [36m/>[39m
                [36m</h2>[39m
                [36m<button[39m
                  [33maria-label[39m=[32m"Close"[39m
                  [33mclass[39m=[32m"flex items-center gap-2 text-slate-500 dark:text-slate-300 hover:text-slate-900 dark:hover:text-white transition-colors -mt-7"[39m
                [36m>[39m
                  [36m<span[39m
                    [33mclass[39m=[32m"text-[11px] tracking-wide"[39m
                  [36m>[39m
                    [0mClose[0m
                  [36m</span>[39m
                  [36m<svg[39m
                    [33mclass[39m=[32m"w-4 h-4"[39m
                    [33mfill[39m=[32m"none"[39m
                    [33mstroke[39m=[32m"currentColor"[39m
                    [33mviewBox[39m=[32m"0 0 24 24"[39m
                  [36m>[39m
                    [36m<path[39m
                      [33md[39m=[32m"M6 18L18 6M6 6l12 12"[39m
                      [33mstroke-linecap[39m=[32m"round"[39m
                      [33mstroke-linejoin[39m=[32m"round"[39m
                      [33mstroke-width[39m=[32m"2"[39m
                    [36m/>[39m
                  [36m</svg>[39m
                [36m</button>[39m
              [36m</div>[39m
              [36m<div[39m
                [33mclass[39m=[32m"flex-1 overflow-y-auto py-4 mt-8"[39m
              [36m>[39m
                [36m<div[39m
                  [33mclass[39m=[32m"flex flex-col gap-4"[39m
                [36m>[39m
                  [36m<div[39m
                    [33mclass[39m=[32m"rounded-2xl"[39m
                  [36m>[39m
                    [36m<a[39m
                      [33mclass[39m=[32m"group flex items-center justify-between px-4 py-3 transition-all duration-300 relative border-b border-slate-200/30 dark:border-white/10 text-red-600 dark:text-red-500"[39m
                      [33mhref[39m=[32m"/en"[39m
                    [36m>[39m
                      [36m<div[39m
                        [33mclass[39m=[32m"flex items-center gap-3"[39m
                      [36m>[39m
                        [36m<span[39m
                          [33mclass[39m=[32m"font-semibold text-base tracking-wide"[39m
                        [36m>[39m
                          [0mHome[0m
                        [36m</span>[39m
                      [36m</div>[39m
                      [36m<span[39m
                        [33mclass[39m=[32m"absolute bottom-0 left-4 right-4 h-px bg-gradient-to-r from-red-600 to-red-500"[39m
                      [36m/>[39m
                    [36m</a>[39m
                  [36m</div>[39m
                  [36m<div[39m
                    [33mclass[39m=[32m"rounded-2xl"[39m
                  [36m>[39m
                    [36m<div[39m
                      [33mclass[39m=[32m"relative"[39m
                    [36m>[39m
                      [36m<button[39m
                        [33mclass[39m=[32m"w-full flex items-center justify-between px-4 py-3 transition-all duration-300 relative border-b border-slate-200/30 dark:border-white/10 text-slate-700 dark:text-slate-200"[39m
                        [33mtype[39m=[32m"button"[39m
                      [36m>[39m
                        [36m<div[39m
                          [33mclass[39m=[32m"flex items-center gap-3"[39m
                        [36m>[39m
                          [36m<span[39m
                            [33mclass[39m=[32m"font-semibold text-base tracking-wide text-slate-700 dark:text-slate-200"[39m
                          [36m>[39m
                            [0mServices[0m
                          [36m</span>[39m
                        [36m</div>[39m
                        [36m<img[39m
                          [33malt[39m=[32m"Arrow"[39m
                          [33mclass[39m=[32m"w-4 h-4 transition-transform duration-300 mr-0 brightness-0 saturate-100 dark:brightness-0 dark:invert"[39m
                          [33msrc[39m=[32m"/arrow.png"[39m
                        [36m/>[39m
                        [36m<span[39m
                          [33mclass[39m=[32m"absolute bottom-0 left-4 right-4 h-px bg-gradient-to-r from-red-600 to-red-500"[39m
                        [36m/>[39m
                      [36m</button>[39m
                    [36m</div>[39m
                  [36m</div>[39m
                  [36m<div[39m
                    [33mclass[39m=[32m"rounded-2xl"[39m
                  [36m>[39m
                    [36m<a[39m
                      [33mclass[39m=[32m"group flex items-center justify-between px-4 py-3 transition-all duration-300 relative border-b border-slate-200/30 dark:border-white/10 text-slate-700 dark:text-slate-200"[39m
                      [33mhref[39m=[32m"/en/showreel"[39m
                    [36m>[39m
                      [36m<div[39m
                        [33mclass[39m=[32m"flex items-center gap-3"[39m
                      [36m>[39m
                        [36m<span[39m
                          [33mclass[39m=[32m"font-semibold text-base tracking-wide"[39m
                        [36m>[39m
                          [0mShowreel[0m
                        [36m</span>[39m
                      [36m</div>[39m
                      [36m<span[39m
                        [33mclass[39m=[32m"absolute bottom-0 left-4 right-4 h-px bg-gradient-to-r from-red-600 to-red-500"[39m
                      [36m/>[39m
                    [36m</a>[39m
                  [36m</div>[39m
                  [36m<div[39m
                    [33mclass[39m=[32m"rounded-2xl"[39m
                  [36m>[39m
                    [36m<a[39m
                      [33mclass[39m=[32m"group flex items-center justify-between px-4 py-3 transition-all duration-300 relative border-b border-slate-200/30 dark:border-white/10 text-slate-700 dark:text-slate-200"[39m
                      [33mhref[39m=[32m"/en/about"[39m
                    [36m>[39m
                      [36m<div[39m
                        [33mclass[39m=[32m"flex items-center gap-3"[39m
                      [36m>[39m
                        [36m<span[39m
                          [33mclass[39m=[32m"font-semibold text-base tracking-wide"[39m
                        [36m>[39m
                          [0mAbout[0m
                        [36m</span>[39m
                      [36m</div>[39m
                      [36m<span[39m
                        [33mclass[39m=[32m"absolute bottom-0 left-4 right-4 h-px bg-gradient-to-r from-red-600 to-red-500"[39m
                      [36m/>[39m
                    [36m</a>[39m
                  [36m</div>[39m
                  [36m<div[39m
                    [33mclass[39m=[32m"rounded-2xl"[39m
                  [36m>[39m
                    [36m<a[39m
                      [33mclass[39m=[32m"group flex items-center justify-between px-4 py-3 transition-all duration-300 relative border-b border-slate-200/30 dark:border-white/10 text-slate-700 dark:text-slate-200"[39m
                      [33mhref[39m=[32m"/en/contact"[39m
                    [36m>[39m
                      [36m<div[39m
                        [33mclass[39m=[32m"flex items-center gap-3"[39m
                      [36m>[39m
                        [36m<span[39m
                          [33mclass[39m=[32m"font-semibold text-base tracking-wide"[39m
                        [36m>[39m
                          [0mContact[0m
                        [36m</span>[39m
                      [36m</div>[39m
                      [36m<span[39m
                        [33mclass[39m=[32m"absolute bottom-0 left-4 right-4 h-px bg-gradient-to-r from-red-600 to-red-500"[39m
                      [36m/>[39m
                    [36m</a>[39m
                  [36m</div>[39m
                [36m</div>[39m
              [36m</div>[39m
              [36m<div[39m
                [33mclass[39m=[32m"pt-4 border-t border-slate-200/50 dark:border-white/10 flex items-center justify-between"[39m
              [36m>[39m
                [36m<span[39m
                  [33mclass[39m=[32m"text-xs font-medium text-slate-400 dark:text-slate-500 uppercase tracking-wider"[39m
                [36m>[39m
                  [0mLanguage[0m
                [36m</span>[39m
                [36m<div[39m
                  [33maria-label[39m=[32m"Select language"[39m
                  [33mclass[39m=[32m"
                    flex items-center gap-0.5 transition-opacity duration-300 max-w-fit
                    px-0 py-0 -my-2.5 -mx-1
                "[39m
                  [33mrole[39m=[32m"group"[39m
                [36m>[39m
                  [36m<button[39m
                    [33maria-label[39m=[32m"Switch to Español"[39m
                    [33maria-pressed[39m=[32m"false"[39m
                    [33mclass[39m=[32m"
                                relative px-2 py-1 text-xs font-bold uppercase
                                transition-all duration-300 rounded-full
                                text-slate-600 dark:text-slate-400 hover:text-red-600 dark:hover:text-red-500
                            "[39m
                  [36m>[39m
                    [36m<span[39m
                      [33mclass[39m=[32m"relative z-10"[39m
                    [36m>[39m
                      [0mES[0m
                    [36m</span>[39m
                  [36m</button>[39m
                  [36m<button[39m
                    [33maria-label[39m=[32m"Switch to English"[39m
                    [33maria-pressed[39m=[32m"true"[39m
                    [33mclass[39m=[32m"
                                relative px-2 py-1 text-xs font-bold uppercase
                                transition-all duration-300 rounded-full
                                text-red-600 dark:text-red-500
                            "[39m
                  [36m>[39m
                    [36m<span[39m
                      [33mclass[39m=[32m"relative z-10"[39m
                    [36m>[39m
                      [0mEN[0m
                    [36m</span>[39m
                  [36m</button>[39m
                  [36m<button[39m
                    [33maria-label[39m=[32m"Switch to Русский"[39m
                    [33maria-pressed[39m=[32m"false"[39m
                    [33mclass[39m=[32m"
                                relative px-2 py-1 text-xs font-bold uppercase
                                transition-all duration-300 rounded-full
                                text-slate-600 dark:text-slate-400 hover:text-red-600 dark:hover:text-red-500
                            "[39m
                  [36m>[39m
                    [36m<span[39m
                      [33mclass[39m=[32m"relative z-10"[39m
                    [36m>[39m
                      [0mRU[0m
                    [36m</span>[39m
                  [36m</button>[39m
                [36m</div>[39m
              [36m</div>[39m
              [36m<div[39m
                [33mclass[39m=[32m"mt-2"[39m
              [36m>[39m
                [36m<a[39m
                  [33mclass[39m=[32m"block w-full text-center px-5 py-3.5 rounded-2xl text-sm font-semibold text-white bg-red-600 shadow-lg shadow-red-600/20"[39m
                  [33mhref[39m=[32m"/en/contact"[39m
                [36m>[39m
                  [0mGet Started[0m
                [36m</a>[39m
              [36m</div>[39m
            [36m</div>[39m
          [36m</div>[39m
        [36m</div>[39m
      [36m</div>[39m
    [36m</body>[39m

      206 |         render(<MobileMenu {...defaultProps} isMobileMenuOpen={true} />);
      207 |
    > 208 |         expect(screen.getByText('All rights reserved.')).toBeInTheDocument();
          |                       ^
      209 |     });
      210 |
      211 |     it('handles different languages correctly', () => {

      at Object.getElementError (node_modules/@testing-library/dom/dist/config.js:37:19)
      at node_modules/@testing-library/dom/dist/query-helpers.js:76:38
      at node_modules/@testing-library/dom/dist/query-helpers.js:52:17
      at node_modules/@testing-library/dom/dist/query-helpers.js:95:19
      at Object.getByText (src/__tests__/components/ui/MobileMenu.test.tsx:208:23)

  ● MobileMenu › handles missing navDict gracefully

    TestingLibraryElementError: Unable to find an accessible element with the role "navigation"

    Here are the accessible roles:

      heading:

      Name "Menu":
      [36m<h2[39m
        [33mclass[39m=[32m"text-7xl sm:text-8xl md:text-9xl lg:text-10xl font-bold text-slate-900 dark:text-white ml-4 relative"[39m
      [36m/>[39m

      --------------------------------------------------
      button:

      Name "Close":
      [36m<button[39m
        [33maria-label[39m=[32m"Close"[39m
        [33mclass[39m=[32m"flex items-center gap-2 text-slate-500 dark:text-slate-300 hover:text-slate-900 dark:hover:text-white transition-colors -mt-7"[39m
      [36m/>[39m

      Name "Arrow":
      [36m<button[39m
        [33mclass[39m=[32m"w-full flex items-center justify-between px-4 py-3 transition-all duration-300 relative border-b border-slate-200/30 dark:border-white/10 text-slate-700 dark:text-slate-200"[39m
        [33mtype[39m=[32m"button"[39m
      [36m/>[39m

      Name "Switch to Español":
      [36m<button[39m
        [33maria-label[39m=[32m"Switch to Español"[39m
        [33maria-pressed[39m=[32m"false"[39m
        [33mclass[39m=[32m"
                                  relative px-2 py-1 text-xs font-bold uppercase
                                  transition-all duration-300 rounded-full
                                  text-slate-600 dark:text-slate-400 hover:text-red-600 dark:hover:text-red-500
                              "[39m
      [36m/>[39m

      Name "Switch to English":
      [36m<button[39m
        [33maria-label[39m=[32m"Switch to English"[39m
        [33maria-pressed[39m=[32m"true"[39m
        [33mclass[39m=[32m"
                                  relative px-2 py-1 text-xs font-bold uppercase
                                  transition-all duration-300 rounded-full
                                  text-red-600 dark:text-red-500
                              "[39m
      [36m/>[39m

      Name "Switch to Русский":
      [36m<button[39m
        [33maria-label[39m=[32m"Switch to Русский"[39m
        [33maria-pressed[39m=[32m"false"[39m
        [33mclass[39m=[32m"
                                  relative px-2 py-1 text-xs font-bold uppercase
                                  transition-all duration-300 rounded-full
                                  text-slate-600 dark:text-slate-400 hover:text-red-600 dark:hover:text-red-500
                              "[39m
      [36m/>[39m

      --------------------------------------------------
      link:

      Name "":
      [36m<a[39m
        [33mclass[39m=[32m"group flex items-center justify-between px-4 py-3 transition-all duration-300 relative border-b border-slate-200/30 dark:border-white/10 text-red-600 dark:text-red-500"[39m
        [33mhref[39m=[32m"/en"[39m
      [36m/>[39m

      Name "":
      [36m<a[39m
        [33mclass[39m=[32m"group flex items-center justify-between px-4 py-3 transition-all duration-300 relative border-b border-slate-200/30 dark:border-white/10 text-slate-700 dark:text-slate-200"[39m
        [33mhref[39m=[32m"/en/showreel"[39m
      [36m/>[39m

      Name "":
      [36m<a[39m
        [33mclass[39m=[32m"group flex items-center justify-between px-4 py-3 transition-all duration-300 relative border-b border-slate-200/30 dark:border-white/10 text-slate-700 dark:text-slate-200"[39m
        [33mhref[39m=[32m"/en/about"[39m
      [36m/>[39m

      Name "":
      [36m<a[39m
        [33mclass[39m=[32m"group flex items-center justify-between px-4 py-3 transition-all duration-300 relative border-b border-slate-200/30 dark:border-white/10 text-slate-700 dark:text-slate-200"[39m
        [33mhref[39m=[32m"/en/contact"[39m
      [36m/>[39m

      Name "":
      [36m<a[39m
        [33mclass[39m=[32m"block w-full text-center px-5 py-3.5 rounded-2xl text-sm font-semibold text-white bg-red-600 shadow-lg shadow-red-600/20"[39m
        [33mhref[39m=[32m"/en/contact"[39m
      [36m/>[39m

      --------------------------------------------------
      img:

      Name "Arrow":
      [36m<img[39m
        [33malt[39m=[32m"Arrow"[39m
        [33mclass[39m=[32m"w-4 h-4 transition-transform duration-300 mr-0 brightness-0 saturate-100 dark:brightness-0 dark:invert"[39m
        [33msrc[39m=[32m"/arrow.png"[39m
      [36m/>[39m

      --------------------------------------------------
      group:

      Name "Select language":
      [36m<div[39m
        [33maria-label[39m=[32m"Select language"[39m
        [33mclass[39m=[32m"
                      flex items-center gap-0.5 transition-opacity duration-300 max-w-fit
                      px-0 py-0 -my-2.5 -mx-1
                  "[39m
        [33mrole[39m=[32m"group"[39m
      [36m/>[39m

      --------------------------------------------------

    Ignored nodes: comments, script, style
    [36m<body>[39m
      [36m<div>[39m
        [36m<div[39m
          [33mclass[39m=[32m"fixed inset-0 z-[60] md:hidden"[39m
        [36m>[39m
          [36m<div[39m
            [33mclass[39m=[32m"absolute inset-0 bg-cream-50/70 dark:bg-dark-950/70 backdrop-blur-2xl"[39m
          [36m/>[39m
          [36m<div[39m
            [33mclass[39m=[32m"absolute inset-0 w-full h-full bg-cream-50/80 dark:bg-dark-950/80 backdrop-blur-2xl overflow-hidden"[39m
          [36m>[39m
            [36m<div[39m
              [33mclass[39m=[32m"relative z-10 h-full flex flex-col p-5 pt-8"[39m
            [36m>[39m
              [36m<div[39m
                [33mclass[39m=[32m"flex justify-between items-center mb-8 mr-2"[39m
              [36m>[39m
                [36m<h2[39m
                  [33mclass[39m=[32m"text-7xl sm:text-8xl md:text-9xl lg:text-10xl font-bold text-slate-900 dark:text-white ml-4 relative"[39m
                [36m>[39m
                  [0mMenu[0m
                  [36m<span[39m
                    [33mclass[39m=[32m"absolute bottom-0 left-0 w-full h-1 bg-gradient-to-r from-red-600 to-red-500 -mb-2"[39m
                  [36m/>[39m
                [36m</h2>[39m
                [36m<button[39m
                  [33maria-label[39m=[32m"Close"[39m
                  [33mclass[39m=[32m"flex items-center gap-2 text-slate-500 dark:text-slate-300 hover:text-slate-900 dark:hover:text-white transition-colors -mt-7"[39m
                [36m>[39m
                  [36m<span[39m
                    [33mclass[39m=[32m"text-[11px] tracking-wide"[39m
                  [36m>[39m
                    [0mClose[0m
                  [36m</span>[39m
                  [36m<svg[39m
                    [33mclass[39m=[32m"w-4 h-4"[39m
                    [33mfill[39m=[32m"none"[39m
                    [33mstroke[39m=[32m"currentColor"[39m
                    [33mviewBox[39m=[32m"0 0 24 24"[39m
                  [36m>[39m
                    [36m<path[39m
                      [33md[39m=[32m"M6 18L18 6M6 6l12 12"[39m
                      [33mstroke-linecap[39m=[32m"round"[39m
                      [33mstroke-linejoin[39m=[32m"round"[39m
                      [33mstroke-width[39m=[32m"2"[39m
                    [36m/>[39m
                  [36m</svg>[39m
                [36m</button>[39m
              [36m</div>[39m
              [36m<div[39m
                [33mclass[39m=[32m"flex-1 overflow-y-auto py-4 mt-8"[39m
              [36m>[39m
                [36m<div[39m
                  [33mclass[39m=[32m"flex flex-col gap-4"[39m
                [36m>[39m
                  [36m<div[39m
                    [33mclass[39m=[32m"rounded-2xl"[39m
                  [36m>[39m
                    [36m<a[39m
                      [33mclass[39m=[32m"group flex items-center justify-between px-4 py-3 transition-all duration-300 relative border-b border-slate-200/30 dark:border-white/10 text-red-600 dark:text-red-500"[39m
                      [33mhref[39m=[32m"/en"[39m
                    [36m>[39m
                      [36m<div[39m
                        [33mclass[39m=[32m"flex items-center gap-3"[39m
                      [36m>[39m
                        [36m<span[39m
                          [33mclass[39m=[32m"font-semibold text-base tracking-wide"[39m
                        [36m/>[39m
                      [36m</div>[39m
                      [36m<span[39m
                        [33mclass[39m=[32m"absolute bottom-0 left-4 right-4 h-px bg-gradient-to-r from-red-600 to-red-500"[39m
                      [36m/>[39m
                    [36m</a>[39m
                  [36m</div>[39m
                  [36m<div[39m
                    [33mclass[39m=[32m"rounded-2xl"[39m
                  [36m>[39m
                    [36m<div[39m
                      [33mclass[39m=[32m"relative"[39m
                    [36m>[39m
                      [36m<button[39m
                        [33mclass[39m=[32m"w-full flex items-center justify-between px-4 py-3 transition-all duration-300 relative border-b border-slate-200/30 dark:border-white/10 text-slate-700 dark:text-slate-200"[39m
                        [33mtype[39m=[32m"button"[39m
                      [36m>[39m
                        [36m<div[39m
                          [33mclass[39m=[32m"flex items-center gap-3"[39m
                        [36m>[39m
                          [36m<span[39m
                            [33mclass[39m=[32m"font-semibold text-base tracking-wide text-slate-700 dark:text-slate-200"[39m
                          [36m/>[39m
                        [36m</div>[39m
                        [36m<img[39m
                          [33malt[39m=[32m"Arrow"[39m
                          [33mclass[39m=[32m"w-4 h-4 transition-transform duration-300 mr-0 brightness-0 saturate-100 dark:brightness-0 dark:invert"[39m
                          [33msrc[39m=[32m"/arrow.png"[39m
                        [36m/>[39m
                        [36m<span[39m
                          [33mclass[39m=[32m"absolute bottom-0 left-4 right-4 h-px bg-gradient-to-r from-red-600 to-red-500"[39m
                        [36m/>[39m
                      [36m</button>[39m
                    [36m</div>[39m
                  [36m</div>[39m
                  [36m<div[39m
                    [33mclass[39m=[32m"rounded-2xl"[39m
                  [36m>[39m
                    [36m<a[39m
                      [33mclass[39m=[32m"group flex items-center justify-between px-4 py-3 transition-all duration-300 relative border-b border-slate-200/30 dark:border-white/10 text-slate-700 dark:text-slate-200"[39m
                      [33mhref[39m=[32m"/en/showreel"[39m
                    [36m>[39m
                      [36m<div[39m
                        [33mclass[39m=[32m"flex items-center gap-3"[39m
                      [36m>[39m
                        [36m<span[39m
                          [33mclass[39m=[32m"font-semibold text-base tracking-wide"[39m
                        [36m/>[39m
                      [36m</div>[39m
                      [36m<span[39m
                        [33mclass[39m=[32m"absolute bottom-0 left-4 right-4 h-px bg-gradient-to-r from-red-600 to-red-500"[39m
                      [36m/>[39m
                    [36m</a>[39m
                  [36m</div>[39m
                  [36m<div[39m
                    [33mclass[39m=[32m"rounded-2xl"[39m
                  [36m>[39m
                    [36m<a[39m
                      [33mclass[39m=[32m"group flex items-center justify-between px-4 py-3 transition-all duration-300 relative border-b border-slate-200/30 dark:border-white/10 text-slate-700 dark:text-slate-200"[39m
                      [33mhref[39m=[32m"/en/about"[39m
                    [36m>[39m
                      [36m<div[39m
                        [33mclass[39m=[32m"flex items-center gap-3"[39m
                      [36m>[39m
                        [36m<span[39m
                          [33mclass[39m=[32m"font-semibold text-base tracking-wide"[39m
                        [36m/>[39m
                      [36m</div>[39m
                      [36m<span[39m
                        [33mclass[39m=[32m"absolute bottom-0 left-4 right-4 h-px bg-gradient-to-r from-red-600 to-red-500"[39m
                      [36m/>[39m
                    [36m</a>[39m
                  [36m</div>[39m
                  [36m<div[39m
                    [33mclass[39m=[32m"rounded-2xl"[39m
                  [36m>[39m
                    [36m<a[39m
                      [33mclass[39m=[32m"group flex items-center justify-between px-4 py-3 transition-all duration-300 relative border-b border-slate-200/30 dark:border-white/10 text-slate-700 dark:text-slate-200"[39m
                      [33mhref[39m=[32m"/en/contact"[39m
                    [36m>[39m
                      [36m<div[39m
                        [33mclass[39m=[32m"flex items-center gap-3"[39m
                      [36m>[39m
                        [36m<span[39m
                          [33mclass[39m=[32m"font-semibold text-base tracking-wide"[39m
                        [36m/>[39m
                      [36m</div>[39m
                      [36m<span[39m
                        [33mclass[39m=[32m"absolute bottom-0 left-4 right-4 h-px bg-gradient-to-r from-red-600 to-red-500"[39m
                      [36m/>[39m
                    [36m</a>[39m
                  [36m</div>[39m
                [36m</div>[39m
              [36m</div>[39m
              [36m<div[39m
                [33mclass[39m=[32m"pt-4 border-t border-slate-200/50 dark:border-white/10 flex items-center justify-between"[39m
              [36m>[39m
                [36m<span[39m
                  [33mclass[39m=[32m"text-xs font-medium text-slate-400 dark:text-slate-500 uppercase tracking-wider"[39m
                [36m>[39m
                  [0mLanguage[0m
                [36m</span>[39m
                [36m<div[39m
                  [33maria-label[39m=[32m"Select language"[39m
                  [33mclass[39m=[32m"
                    flex items-center gap-0.5 transition-opacity duration-300 max-w-fit
                    px-0 py-0 -my-2.5 -mx-1
                "[39m
                  [33mrole[39m=[32m"group"[39m
                [36m>[39m
                  [36m<button[39m
                    [33maria-label[39m=[32m"Switch to Español"[39m
                    [33maria-pressed[39m=[32m"false"[39m
                    [33mclass[39m=[32m"
                                relative px-2 py-1 text-xs font-bold uppercase
                                transition-all duration-300 rounded-full
                                text-slate-600 dark:text-slate-400 hover:text-red-600 dark:hover:text-red-500
                            "[39m
                  [36m>[39m
                    [36m<span[39m
                      [33mclass[39m=[32m"relative z-10"[39m
                    [36m>[39m
                      [0mES[0m
                    [36m</span>[39m
                  [36m</button>[39m
                  [36m<button[39m
                    [33maria-label[39m=[32m"Switch to English"[39m
                    [33maria-pressed[39m=[32m"true"[39m
                    [33mclass[39m=[32m"
                                relative px-2 py-1 text-xs font-bold uppercase
                                transition-all duration-300 rounded-full
                                text-red-600 dark:text-red-500
                            "[39m
                  [36m>[39m
                    [36m<span[39m
                      [33mclass[39m=[32m"relative z-10"[39m
                    [36m>[39m
                      [0mEN[0m
                    [36m</span>[39m
                  [36m</button>[39m
                  [36m<button[39m
                    [33maria-label[39m=[32m"Switch to Русский"[39m
                    [33maria-pressed[39m=[32m"false"[39m
                    [33mclass[39m=[32m"
                                relative px-2 py-1 text-xs font-bold uppercase
                                transition-all duration-300 rounded-full
                                text-slate-600 dark:text-slate-400 hover:text-red-600 dark:hover:text-red-500
                            "[39m
                  [36m>[39m
                    [36m<span[39m
                      [33mclass[39m=[32m"relative z-10"[39m
                    [36m>[39m
                      [0mRU[0m
                    [36m</span>[39m
                  [36m</button>[39m
                [36m</div>[39m
              [36m</div>[39m
              [36m<div[39m
                [33mclass[39m=[32m"mt-2"[39m
              [36m>[39m
                [36m<a[39m
                  [33mclass[39m=[32m"block w-full text-center px-5 py-3.5 rounded-2xl text-sm font-semibold text-white bg-red-600 shadow-lg shadow-red-600/20"[39m
                  [33mhref[39m=[32m"/en/contact"[39m
                [36m/>[39m
              [36m</div>[39m
            [36m</div>[39m
          [36m</div>[39m
        [36m</div>[39m
      [36m</div>[39m
    [36m</body>[39m

      248 |
      249 |         // Should render navigation without crashing
    > 250 |         expect(screen.getByRole('navigation')).toBeInTheDocument();
          |                       ^
      251 |     });
      252 |
      253 |     it('handles missing headerDict gracefully', () => {

      at Object.getElementError (node_modules/@testing-library/dom/dist/config.js:37:19)
      at node_modules/@testing-library/dom/dist/query-helpers.js:76:38
      at node_modules/@testing-library/dom/dist/query-helpers.js:52:17
      at node_modules/@testing-library/dom/dist/query-helpers.js:95:19
      at Object.getByRole (src/__tests__/components/ui/MobileMenu.test.tsx:250:23)

  ● MobileMenu › handles missing headerDict gracefully

    TestingLibraryElementError: Unable to find an accessible element with the role "navigation"

    Here are the accessible roles:

      heading:

      Name "":
      [36m<h2[39m
        [33mclass[39m=[32m"text-7xl sm:text-8xl md:text-9xl lg:text-10xl font-bold text-slate-900 dark:text-white ml-4 relative"[39m
      [36m/>[39m

      --------------------------------------------------
      button:

      Name "":
      [36m<button[39m
        [33maria-label[39m=[32m""[39m
        [33mclass[39m=[32m"flex items-center gap-2 text-slate-500 dark:text-slate-300 hover:text-slate-900 dark:hover:text-white transition-colors -mt-7"[39m
      [36m/>[39m

      Name "Services Arrow":
      [36m<button[39m
        [33mclass[39m=[32m"w-full flex items-center justify-between px-4 py-3 transition-all duration-300 relative border-b border-slate-200/30 dark:border-white/10 text-slate-700 dark:text-slate-200"[39m
        [33mtype[39m=[32m"button"[39m
      [36m/>[39m

      Name "Switch to Español":
      [36m<button[39m
        [33maria-label[39m=[32m"Switch to Español"[39m
        [33maria-pressed[39m=[32m"false"[39m
        [33mclass[39m=[32m"
                                  relative px-2 py-1 text-xs font-bold uppercase
                                  transition-all duration-300 rounded-full
                                  text-slate-600 dark:text-slate-400 hover:text-red-600 dark:hover:text-red-500
                              "[39m
      [36m/>[39m

      Name "Switch to English":
      [36m<button[39m
        [33maria-label[39m=[32m"Switch to English"[39m
        [33maria-pressed[39m=[32m"true"[39m
        [33mclass[39m=[32m"
                                  relative px-2 py-1 text-xs font-bold uppercase
                                  transition-all duration-300 rounded-full
                                  text-red-600 dark:text-red-500
                              "[39m
      [36m/>[39m

      Name "Switch to Русский":
      [36m<button[39m
        [33maria-label[39m=[32m"Switch to Русский"[39m
        [33maria-pressed[39m=[32m"false"[39m
        [33mclass[39m=[32m"
                                  relative px-2 py-1 text-xs font-bold uppercase
                                  transition-all duration-300 rounded-full
                                  text-slate-600 dark:text-slate-400 hover:text-red-600 dark:hover:text-red-500
                              "[39m
      [36m/>[39m

      --------------------------------------------------
      link:

      Name "Home":
      [36m<a[39m
        [33mclass[39m=[32m"group flex items-center justify-between px-4 py-3 transition-all duration-300 relative border-b border-slate-200/30 dark:border-white/10 text-red-600 dark:text-red-500"[39m
        [33mhref[39m=[32m"/en"[39m
      [36m/>[39m

      Name "Showreel":
      [36m<a[39m
        [33mclass[39m=[32m"group flex items-center justify-between px-4 py-3 transition-all duration-300 relative border-b border-slate-200/30 dark:border-white/10 text-slate-700 dark:text-slate-200"[39m
        [33mhref[39m=[32m"/en/showreel"[39m
      [36m/>[39m

      Name "About":
      [36m<a[39m
        [33mclass[39m=[32m"group flex items-center justify-between px-4 py-3 transition-all duration-300 relative border-b border-slate-200/30 dark:border-white/10 text-slate-700 dark:text-slate-200"[39m
        [33mhref[39m=[32m"/en/about"[39m
      [36m/>[39m

      Name "Contact":
      [36m<a[39m
        [33mclass[39m=[32m"group flex items-center justify-between px-4 py-3 transition-all duration-300 relative border-b border-slate-200/30 dark:border-white/10 text-slate-700 dark:text-slate-200"[39m
        [33mhref[39m=[32m"/en/contact"[39m
      [36m/>[39m

      Name "Get Started":
      [36m<a[39m
        [33mclass[39m=[32m"block w-full text-center px-5 py-3.5 rounded-2xl text-sm font-semibold text-white bg-red-600 shadow-lg shadow-red-600/20"[39m
        [33mhref[39m=[32m"/en/contact"[39m
      [36m/>[39m

      --------------------------------------------------
      img:

      Name "Arrow":
      [36m<img[39m
        [33malt[39m=[32m"Arrow"[39m
        [33mclass[39m=[32m"w-4 h-4 transition-transform duration-300 mr-0 brightness-0 saturate-100 dark:brightness-0 dark:invert"[39m
        [33msrc[39m=[32m"/arrow.png"[39m
      [36m/>[39m

      --------------------------------------------------
      group:

      Name "Select language":
      [36m<div[39m
        [33maria-label[39m=[32m"Select language"[39m
        [33mclass[39m=[32m"
                      flex items-center gap-0.5 transition-opacity duration-300 max-w-fit
                      px-0 py-0 -my-2.5 -mx-1
                  "[39m
        [33mrole[39m=[32m"group"[39m
      [36m/>[39m

      --------------------------------------------------

    Ignored nodes: comments, script, style
    [36m<body>[39m
      [36m<div>[39m
        [36m<div[39m
          [33mclass[39m=[32m"fixed inset-0 z-[60] md:hidden"[39m
        [36m>[39m
          [36m<div[39m
            [33mclass[39m=[32m"absolute inset-0 bg-cream-50/70 dark:bg-dark-950/70 backdrop-blur-2xl"[39m
          [36m/>[39m
          [36m<div[39m
            [33mclass[39m=[32m"absolute inset-0 w-full h-full bg-cream-50/80 dark:bg-dark-950/80 backdrop-blur-2xl overflow-hidden"[39m
          [36m>[39m
            [36m<div[39m
              [33mclass[39m=[32m"relative z-10 h-full flex flex-col p-5 pt-8"[39m
            [36m>[39m
              [36m<div[39m
                [33mclass[39m=[32m"flex justify-between items-center mb-8 mr-2"[39m
              [36m>[39m
                [36m<h2[39m
                  [33mclass[39m=[32m"text-7xl sm:text-8xl md:text-9xl lg:text-10xl font-bold text-slate-900 dark:text-white ml-4 relative"[39m
                [36m>[39m
                  [36m<span[39m
                    [33mclass[39m=[32m"absolute bottom-0 left-0 w-full h-1 bg-gradient-to-r from-red-600 to-red-500 -mb-2"[39m
                  [36m/>[39m
                [36m</h2>[39m
                [36m<button[39m
                  [33maria-label[39m=[32m""[39m
                  [33mclass[39m=[32m"flex items-center gap-2 text-slate-500 dark:text-slate-300 hover:text-slate-900 dark:hover:text-white transition-colors -mt-7"[39m
                [36m>[39m
                  [36m<span[39m
                    [33mclass[39m=[32m"text-[11px] tracking-wide"[39m
                  [36m/>[39m
                  [36m<svg[39m
                    [33mclass[39m=[32m"w-4 h-4"[39m
                    [33mfill[39m=[32m"none"[39m
                    [33mstroke[39m=[32m"currentColor"[39m
                    [33mviewBox[39m=[32m"0 0 24 24"[39m
                  [36m>[39m
                    [36m<path[39m
                      [33md[39m=[32m"M6 18L18 6M6 6l12 12"[39m
                      [33mstroke-linecap[39m=[32m"round"[39m
                      [33mstroke-linejoin[39m=[32m"round"[39m
                      [33mstroke-width[39m=[32m"2"[39m
                    [36m/>[39m
                  [36m</svg>[39m
                [36m</button>[39m
              [36m</div>[39m
              [36m<div[39m
                [33mclass[39m=[32m"flex-1 overflow-y-auto py-4 mt-8"[39m
              [36m>[39m
                [36m<div[39m
                  [33mclass[39m=[32m"flex flex-col gap-4"[39m
                [36m>[39m
                  [36m<div[39m
                    [33mclass[39m=[32m"rounded-2xl"[39m
                  [36m>[39m
                    [36m<a[39m
                      [33mclass[39m=[32m"group flex items-center justify-between px-4 py-3 transition-all duration-300 relative border-b border-slate-200/30 dark:border-white/10 text-red-600 dark:text-red-500"[39m
                      [33mhref[39m=[32m"/en"[39m
                    [36m>[39m
                      [36m<div[39m
                        [33mclass[39m=[32m"flex items-center gap-3"[39m
                      [36m>[39m
                        [36m<span[39m
                          [33mclass[39m=[32m"font-semibold text-base tracking-wide"[39m
                        [36m>[39m
                          [0mHome[0m
                        [36m</span>[39m
                      [36m</div>[39m
                      [36m<span[39m
                        [33mclass[39m=[32m"absolute bottom-0 left-4 right-4 h-px bg-gradient-to-r from-red-600 to-red-500"[39m
                      [36m/>[39m
                    [36m</a>[39m
                  [36m</div>[39m
                  [36m<div[39m
                    [33mclass[39m=[32m"rounded-2xl"[39m
                  [36m>[39m
                    [36m<div[39m
                      [33mclass[39m=[32m"relative"[39m
                    [36m>[39m
                      [36m<button[39m
                        [33mclass[39m=[32m"w-full flex items-center justify-between px-4 py-3 transition-all duration-300 relative border-b border-slate-200/30 dark:border-white/10 text-slate-700 dark:text-slate-200"[39m
                        [33mtype[39m=[32m"button"[39m
                      [36m>[39m
                        [36m<div[39m
                          [33mclass[39m=[32m"flex items-center gap-3"[39m
                        [36m>[39m
                          [36m<span[39m
                            [33mclass[39m=[32m"font-semibold text-base tracking-wide text-slate-700 dark:text-slate-200"[39m
                          [36m>[39m
                            [0mServices[0m
                          [36m</span>[39m
                        [36m</div>[39m
                        [36m<img[39m
                          [33malt[39m=[32m"Arrow"[39m
                          [33mclass[39m=[32m"w-4 h-4 transition-transform duration-300 mr-0 brightness-0 saturate-100 dark:brightness-0 dark:invert"[39m
                          [33msrc[39m=[32m"/arrow.png"[39m
                        [36m/>[39m
                        [36m<span[39m
                          [33mclass[39m=[32m"absolute bottom-0 left-4 right-4 h-px bg-gradient-to-r from-red-600 to-red-500"[39m
                        [36m/>[39m
                      [36m</button>[39m
                    [36m</div>[39m
                  [36m</div>[39m
                  [36m<div[39m
                    [33mclass[39m=[32m"rounded-2xl"[39m
                  [36m>[39m
                    [36m<a[39m
                      [33mclass[39m=[32m"group flex items-center justify-between px-4 py-3 transition-all duration-300 relative border-b border-slate-200/30 dark:border-white/10 text-slate-700 dark:text-slate-200"[39m
                      [33mhref[39m=[32m"/en/showreel"[39m
                    [36m>[39m
                      [36m<div[39m
                        [33mclass[39m=[32m"flex items-center gap-3"[39m
                      [36m>[39m
                        [36m<span[39m
                          [33mclass[39m=[32m"font-semibold text-base tracking-wide"[39m
                        [36m>[39m
                          [0mShowreel[0m
                        [36m</span>[39m
                      [36m</div>[39m
                      [36m<span[39m
                        [33mclass[39m=[32m"absolute bottom-0 left-4 right-4 h-px bg-gradient-to-r from-red-600 to-red-500"[39m
                      [36m/>[39m
                    [36m</a>[39m
                  [36m</div>[39m
                  [36m<div[39m
                    [33mclass[39m=[32m"rounded-2xl"[39m
                  [36m>[39m
                    [36m<a[39m
                      [33mclass[39m=[32m"group flex items-center justify-between px-4 py-3 transition-all duration-300 relative border-b border-slate-200/30 dark:border-white/10 text-slate-700 dark:text-slate-200"[39m
                      [33mhref[39m=[32m"/en/about"[39m
                    [36m>[39m
                      [36m<div[39m
                        [33mclass[39m=[32m"flex items-center gap-3"[39m
                      [36m>[39m
                        [36m<span[39m
                          [33mclass[39m=[32m"font-semibold text-base tracking-wide"[39m
                        [36m>[39m
                          [0mAbout[0m
                        [36m</span>[39m
                      [36m</div>[39m
                      [36m<span[39m
                        [33mclass[39m=[32m"absolute bottom-0 left-4 right-4 h-px bg-gradient-to-r from-red-600 to-red-500"[39m
                      [36m/>[39m
                    [36m</a>[39m
                  [36m</div>[39m
                  [36m<div[39m
                    [33mclass[39m=[32m"rounded-2xl"[39m
                  [36m>[39m
                    [36m<a[39m
                      [33mclass[39m=[32m"group flex items-center justify-between px-4 py-3 transition-all duration-300 relative border-b border-slate-200/30 dark:border-white/10 text-slate-700 dark:text-slate-200"[39m
                      [33mhref[39m=[32m"/en/contact"[39m
                    [36m>[39m
                      [36m<div[39m
                        [33mclass[39m=[32m"flex items-center gap-3"[39m
                      [36m>[39m
                        [36m<span[39m
                          [33mclass[39m=[32m"font-semibold text-base tracking-wide"[39m
                        [36m>[39m
                          [0mContact[0m
                        [36m</span>[39m
                      [36m</div>[39m
                      [36m<span[39m
                        [33mclass[39m=[32m"absolute bottom-0 left-4 right-4 h-px bg-gradient-to-r from-red-600 to-red-500"[39m
                      [36m/>[39m
                    [36m</a>[39m
                  [36m</div>[39m
                [36m</div>[39m
              [36m</div>[39m
              [36m<div[39m
                [33mclass[39m=[32m"pt-4 border-t border-slate-200/50 dark:border-white/10 flex items-center justify-between"[39m
              [36m>[39m
                [36m<span[39m
                  [33mclass[39m=[32m"text-xs font-medium text-slate-400 dark:text-slate-500 uppercase tracking-wider"[39m
                [36m/>[39m
                [36m<div[39m
                  [33maria-label[39m=[32m"Select language"[39m
                  [33mclass[39m=[32m"
                    flex items-center gap-0.5 transition-opacity duration-300 max-w-fit
                    px-0 py-0 -my-2.5 -mx-1
                "[39m
                  [33mrole[39m=[32m"group"[39m
                [36m>[39m
                  [36m<button[39m
                    [33maria-label[39m=[32m"Switch to Español"[39m
                    [33maria-pressed[39m=[32m"false"[39m
                    [33mclass[39m=[32m"
                                relative px-2 py-1 text-xs font-bold uppercase
                                transition-all duration-300 rounded-full
                                text-slate-600 dark:text-slate-400 hover:text-red-600 dark:hover:text-red-500
                            "[39m
                  [36m>[39m
                    [36m<span[39m
                      [33mclass[39m=[32m"relative z-10"[39m
                    [36m>[39m
                      [0mES[0m
                    [36m</span>[39m
                  [36m</button>[39m
                  [36m<button[39m
                    [33maria-label[39m=[32m"Switch to English"[39m
                    [33maria-pressed[39m=[32m"true"[39m
                    [33mclass[39m=[32m"
                                relative px-2 py-1 text-xs font-bold uppercase
                                transition-all duration-300 rounded-full
                                text-red-600 dark:text-red-500
                            "[39m
                  [36m>[39m
                    [36m<span[39m
                      [33mclass[39m=[32m"relative z-10"[39m
                    [36m>[39m
                      [0mEN[0m
                    [36m</span>[39m
                  [36m</button>[39m
                  [36m<button[39m
                    [33maria-label[39m=[32m"Switch to Русский"[39m
                    [33maria-pressed[39m=[32m"false"[39m
                    [33mclass[39m=[32m"
                                relative px-2 py-1 text-xs font-bold uppercase
                                transition-all duration-300 rounded-full
                                text-slate-600 dark:text-slate-400 hover:text-red-600 dark:hover:text-red-500
                            "[39m
                  [36m>[39m
                    [36m<span[39m
                      [33mclass[39m=[32m"relative z-10"[39m
                    [36m>[39m
                      [0mRU[0m
                    [36m</span>[39m
                  [36m</button>[39m
                [36m</div>[39m
              [36m</div>[39m
              [36m<div[39m
                [33mclass[39m=[32m"mt-2"[39m
              [36m>[39m
                [36m<a[39m
                  [33mclass[39m=[32m"block w-full text-center px-5 py-3.5 rounded-2xl text-sm font-semibold text-white bg-red-600 shadow-lg shadow-red-600/20"[39m
                  [33mhref[39m=[32m"/en/contact"[39m
                [36m>[39m
                  [0mGet Started[0m
                [36m</a>[39m
              [36m</div>[39m
            [36m</div>[39m
          [36m</div>[39m
        [36m</div>[39m
      [36m</div>[39m
    [36m</body>[39m

      255 |
      256 |         // Should render navigation without crashing
    > 257 |         expect(screen.getByRole('navigation')).toBeInTheDocument();
          |                       ^
      258 |     });
      259 |
      260 |     it('applies correct CSS classes for animations', () => {

      at Object.getElementError (node_modules/@testing-library/dom/dist/config.js:37:19)
      at node_modules/@testing-library/dom/dist/query-helpers.js:76:38
      at node_modules/@testing-library/dom/dist/query-helpers.js:52:17
      at node_modules/@testing-library/dom/dist/query-helpers.js:95:19
      at Object.getByRole (src/__tests__/components/ui/MobileMenu.test.tsx:257:23)

  ● MobileMenu › applies correct CSS classes for animations

    TestingLibraryElementError: Unable to find an element by: [data-testid="mobile-menu"]

    Ignored nodes: comments, script, style
    [36m<body>[39m
      [36m<div>[39m
        [36m<div[39m
          [33mclass[39m=[32m"fixed inset-0 z-[60] md:hidden"[39m
        [36m>[39m
          [36m<div[39m
            [33mclass[39m=[32m"absolute inset-0 bg-cream-50/70 dark:bg-dark-950/70 backdrop-blur-2xl"[39m
          [36m/>[39m
          [36m<div[39m
            [33mclass[39m=[32m"absolute inset-0 w-full h-full bg-cream-50/80 dark:bg-dark-950/80 backdrop-blur-2xl overflow-hidden"[39m
          [36m>[39m
            [36m<div[39m
              [33mclass[39m=[32m"relative z-10 h-full flex flex-col p-5 pt-8"[39m
            [36m>[39m
              [36m<div[39m
                [33mclass[39m=[32m"flex justify-between items-center mb-8 mr-2"[39m
              [36m>[39m
                [36m<h2[39m
                  [33mclass[39m=[32m"text-7xl sm:text-8xl md:text-9xl lg:text-10xl font-bold text-slate-900 dark:text-white ml-4 relative"[39m
                [36m>[39m
                  [0mMenu[0m
                  [36m<span[39m
                    [33mclass[39m=[32m"absolute bottom-0 left-0 w-full h-1 bg-gradient-to-r from-red-600 to-red-500 -mb-2"[39m
                  [36m/>[39m
                [36m</h2>[39m
                [36m<button[39m
                  [33maria-label[39m=[32m"Close"[39m
                  [33mclass[39m=[32m"flex items-center gap-2 text-slate-500 dark:text-slate-300 hover:text-slate-900 dark:hover:text-white transition-colors -mt-7"[39m
                [36m>[39m
                  [36m<span[39m
                    [33mclass[39m=[32m"text-[11px] tracking-wide"[39m
                  [36m>[39m
                    [0mClose[0m
                  [36m</span>[39m
                  [36m<svg[39m
                    [33mclass[39m=[32m"w-4 h-4"[39m
                    [33mfill[39m=[32m"none"[39m
                    [33mstroke[39m=[32m"currentColor"[39m
                    [33mviewBox[39m=[32m"0 0 24 24"[39m
                  [36m>[39m
                    [36m<path[39m
                      [33md[39m=[32m"M6 18L18 6M6 6l12 12"[39m
                      [33mstroke-linecap[39m=[32m"round"[39m
                      [33mstroke-linejoin[39m=[32m"round"[39m
                      [33mstroke-width[39m=[32m"2"[39m
                    [36m/>[39m
                  [36m</svg>[39m
                [36m</button>[39m
              [36m</div>[39m
              [36m<div[39m
                [33mclass[39m=[32m"flex-1 overflow-y-auto py-4 mt-8"[39m
              [36m>[39m
                [36m<div[39m
                  [33mclass[39m=[32m"flex flex-col gap-4"[39m
                [36m>[39m
                  [36m<div[39m
                    [33mclass[39m=[32m"rounded-2xl"[39m
                  [36m>[39m
                    [36m<a[39m
                      [33mclass[39m=[32m"group flex items-center justify-between px-4 py-3 transition-all duration-300 relative border-b border-slate-200/30 dark:border-white/10 text-red-600 dark:text-red-500"[39m
                      [33mhref[39m=[32m"/en"[39m
                    [36m>[39m
                      [36m<div[39m
                        [33mclass[39m=[32m"flex items-center gap-3"[39m
                      [36m>[39m
                        [36m<span[39m
                          [33mclass[39m=[32m"font-semibold text-base tracking-wide"[39m
                        [36m>[39m
                          [0mHome[0m
                        [36m</span>[39m
                      [36m</div>[39m
                      [36m<span[39m
                        [33mclass[39m=[32m"absolute bottom-0 left-4 right-4 h-px bg-gradient-to-r from-red-600 to-red-500"[39m
                      [36m/>[39m
                    [36m</a>[39m
                  [36m</div>[39m
                  [36m<div[39m
                    [33mclass[39m=[32m"rounded-2xl"[39m
                  [36m>[39m
                    [36m<div[39m
                      [33mclass[39m=[32m"relative"[39m
                    [36m>[39m
                      [36m<button[39m
                        [33mclass[39m=[32m"w-full flex items-center justify-between px-4 py-3 transition-all duration-300 relative border-b border-slate-200/30 dark:border-white/10 text-slate-700 dark:text-slate-200"[39m
                        [33mtype[39m=[32m"button"[39m
                      [36m>[39m
                        [36m<div[39m
                          [33mclass[39m=[32m"flex items-center gap-3"[39m
                        [36m>[39m
                          [36m<span[39m
                            [33mclass[39m=[32m"font-semibold text-base tracking-wide text-slate-700 dark:text-slate-200"[39m
                          [36m>[39m
                            [0mServices[0m
                          [36m</span>[39m
                        [36m</div>[39m
                        [36m<img[39m
                          [33malt[39m=[32m"Arrow"[39m
                          [33mclass[39m=[32m"w-4 h-4 transition-transform duration-300 mr-0 brightness-0 saturate-100 dark:brightness-0 dark:invert"[39m
                          [33msrc[39m=[32m"/arrow.png"[39m
                        [36m/>[39m
                        [36m<span[39m
                          [33mclass[39m=[32m"absolute bottom-0 left-4 right-4 h-px bg-gradient-to-r from-red-600 to-red-500"[39m
                        [36m/>[39m
                      [36m</button>[39m
                    [36m</div>[39m
                  [36m</div>[39m
                  [36m<div[39m
                    [33mclass[39m=[32m"rounded-2xl"[39m
                  [36m>[39m
                    [36m<a[39m
                      [33mclass[39m=[32m"group flex items-center justify-between px-4 py-3 transition-all duration-300 relative border-b border-slate-200/30 dark:border-white/10 text-slate-700 dark:text-slate-200"[39m
                      [33mhref[39m=[32m"/en/showreel"[39m
                    [36m>[39m
                      [36m<div[39m
                        [33mclass[39m=[32m"flex items-center gap-3"[39m
                      [36m>[39m
                        [36m<span[39m
                          [33mclass[39m=[32m"font-semibold text-base tracking-wide"[39m
                        [36m>[39m
                          [0mShowreel[0m
                        [36m</span>[39m
                      [36m</div>[39m
                      [36m<span[39m
                        [33mclass[39m=[32m"absolute bottom-0 left-4 right-4 h-px bg-gradient-to-r from-red-600 to-red-500"[39m
                      [36m/>[39m
                    [36m</a>[39m
                  [36m</div>[39m
                  [36m<div[39m
                    [33mclass[39m=[32m"rounded-2xl"[39m
                  [36m>[39m
                    [36m<a[39m
                      [33mclass[39m=[32m"group flex items-center justify-between px-4 py-3 transition-all duration-300 relative border-b border-slate-200/30 dark:border-white/10 text-slate-700 dark:text-slate-200"[39m
                      [33mhref[39m=[32m"/en/about"[39m
                    [36m>[39m
                      [36m<div[39m
                        [33mclass[39m=[32m"flex items-center gap-3"[39m
                      [36m>[39m
                        [36m<span[39m
                          [33mclass[39m=[32m"font-semibold text-base tracking-wide"[39m
                        [36m>[39m
                          [0mAbout[0m
                        [36m</span>[39m
                      [36m</div>[39m
                      [36m<span[39m
                        [33mclass[39m=[32m"absolute bottom-0 left-4 right-4 h-px bg-gradient-to-r from-red-600 to-red-500"[39m
                      [36m/>[39m
                    [36m</a>[39m
                  [36m</div>[39m
                  [36m<div[39m
                    [33mclass[39m=[32m"rounded-2xl"[39m
                  [36m>[39m
                    [36m<a[39m
                      [33mclass[39m=[32m"group flex items-center justify-between px-4 py-3 transition-all duration-300 relative border-b border-slate-200/30 dark:border-white/10 text-slate-700 dark:text-slate-200"[39m
                      [33mhref[39m=[32m"/en/contact"[39m
                    [36m>[39m
                      [36m<div[39m
                        [33mclass[39m=[32m"flex items-center gap-3"[39m
                      [36m>[39m
                        [36m<span[39m
                          [33mclass[39m=[32m"font-semibold text-base tracking-wide"[39m
                        [36m>[39m
                          [0mContact[0m
                        [36m</span>[39m
                      [36m</div>[39m
                      [36m<span[39m
                        [33mclass[39m=[32m"absolute bottom-0 left-4 right-4 h-px bg-gradient-to-r from-red-600 to-red-500"[39m
                      [36m/>[39m
                    [36m</a>[39m
                  [36m</div>[39m
                [36m</div>[39m
              [36m</div>[39m
              [36m<div[39m
                [33mclass[39m=[32m"pt-4 border-t border-slate-200/50 dark:border-white/10 flex items-center justify-between"[39m
              [36m>[39m
                [36m<span[39m
                  [33mclass[39m=[32m"text-xs font-medium text-slate-400 dark:text-slate-500 uppercase tracking-wider"[39m
                [36m>[39m
                  [0mLanguage[0m
                [36m</span>[39m
                [36m<div[39m
                  [33maria-label[39m=[32m"Select language"[39m
                  [33mclass[39m=[32m"
                    flex items-center gap-0.5 transition-opacity duration-300 max-w-fit
                    px-0 py-0 -my-2.5 -mx-1
                "[39m
                  [33mrole[39m=[32m"group"[39m
                [36m>[39m
                  [36m<button[39m
                    [33maria-label[39m=[32m"Switch to Español"[39m
                    [33maria-pressed[39m=[32m"false"[39m
                    [33mclass[39m=[32m"
                                relative px-2 py-1 text-xs font-bold uppercase
                                transition-all duration-300 rounded-full
                                text-slate-600 dark:text-slate-400 hover:text-red-600 dark:hover:text-red-500
                            "[39m
                  [36m>[39m
                    [36m<span[39m
                      [33mclass[39m=[32m"relative z-10"[39m
                    [36m>[39m
                      [0mES[0m
                    [36m</span>[39m
                  [36m</button>[39m
                  [36m<button[39m
                    [33maria-label[39m=[32m"Switch to English"[39m
                    [33maria-pressed[39m=[32m"true"[39m
                    [33mclass[39m=[32m"
                                relative px-2 py-1 text-xs font-bold uppercase
                                transition-all duration-300 rounded-full
                                text-red-600 dark:text-red-500
                            "[39m
                  [36m>[39m
                    [36m<span[39m
                      [33mclass[39m=[32m"relative z-10"[39m
                    [36m>[39m
                      [0mEN[0m
                    [36m</span>[39m
                  [36m</button>[39m
                  [36m<button[39m
                    [33maria-label[39m=[32m"Switch to Русский"[39m
                    [33maria-pressed[39m=[32m"false"[39m
                    [33mclass[39m=[32m"
                                relative px-2 py-1 text-xs font-bold uppercase
                                transition-all duration-300 rounded-full
                                text-slate-600 dark:text-slate-400 hover:text-red-600 dark:hover:text-red-500
                            "[39m
                  [36m>[39m
                    [36m<span[39m
                      [33mclass[39m=[32m"relative z-10"[39m
                    [36m>[39m
                      [0mRU[0m
                    [36m</span>[39m
                  [36m</button>[39m
                [36m</div>[39m
              [36m</div>[39m
              [36m<div[39m
                [33mclass[39m=[32m"mt-2"[39m
              [36m>[39m
                [36m<a[39m
                  [33mclass[39m=[32m"block w-full text-center px-5 py-3.5 rounded-2xl text-sm font-semibold text-white bg-red-600 shadow-lg shadow-red-600/20"[39m
                  [33mhref[39m=[32m"/en/contact"[39m
                [36m>[39m
                  [0mGet Started[0m
                [36m</a>[39m
              [36m</div>[39m
            [36m</div>[39m
          [36m</div>[39m
        [36m</div>[39m
      [36m</div>[39m
    [36m</body>[39m

      261 |         render(<MobileMenu {...defaultProps} isMobileMenuOpen={true} />);
      262 |
    > 263 |         const menu = screen.getByTestId('mobile-menu');
          |                             ^
      264 |         expect(menu).toHaveClass('fixed');
      265 |         expect(menu).toHaveClass('inset-0');
      266 |     });

      at Object.getElementError (node_modules/@testing-library/dom/dist/config.js:37:19)
      at node_modules/@testing-library/dom/dist/query-helpers.js:76:38
      at node_modules/@testing-library/dom/dist/query-helpers.js:52:17
      at node_modules/@testing-library/dom/dist/query-helpers.js:95:19
      at Object.getByTestId (src/__tests__/components/ui/MobileMenu.test.tsx:263:29)

  ● MobileMenu › renders with correct accessibility attributes

    TestingLibraryElementError: Unable to find an accessible element with the role "navigation"

    Here are the accessible roles:

      heading:

      Name "Menu":
      [36m<h2[39m
        [33mclass[39m=[32m"text-7xl sm:text-8xl md:text-9xl lg:text-10xl font-bold text-slate-900 dark:text-white ml-4 relative"[39m
      [36m/>[39m

      --------------------------------------------------
      button:

      Name "Close":
      [36m<button[39m
        [33maria-label[39m=[32m"Close"[39m
        [33mclass[39m=[32m"flex items-center gap-2 text-slate-500 dark:text-slate-300 hover:text-slate-900 dark:hover:text-white transition-colors -mt-7"[39m
      [36m/>[39m

      Name "Services Arrow":
      [36m<button[39m
        [33mclass[39m=[32m"w-full flex items-center justify-between px-4 py-3 transition-all duration-300 relative border-b border-slate-200/30 dark:border-white/10 text-slate-700 dark:text-slate-200"[39m
        [33mtype[39m=[32m"button"[39m
      [36m/>[39m

      Name "Switch to Español":
      [36m<button[39m
        [33maria-label[39m=[32m"Switch to Español"[39m
        [33maria-pressed[39m=[32m"false"[39m
        [33mclass[39m=[32m"
                                  relative px-2 py-1 text-xs font-bold uppercase
                                  transition-all duration-300 rounded-full
                                  text-slate-600 dark:text-slate-400 hover:text-red-600 dark:hover:text-red-500
                              "[39m
      [36m/>[39m

      Name "Switch to English":
      [36m<button[39m
        [33maria-label[39m=[32m"Switch to English"[39m
        [33maria-pressed[39m=[32m"true"[39m
        [33mclass[39m=[32m"
                                  relative px-2 py-1 text-xs font-bold uppercase
                                  transition-all duration-300 rounded-full
                                  text-red-600 dark:text-red-500
                              "[39m
      [36m/>[39m

      Name "Switch to Русский":
      [36m<button[39m
        [33maria-label[39m=[32m"Switch to Русский"[39m
        [33maria-pressed[39m=[32m"false"[39m
        [33mclass[39m=[32m"
                                  relative px-2 py-1 text-xs font-bold uppercase
                                  transition-all duration-300 rounded-full
                                  text-slate-600 dark:text-slate-400 hover:text-red-600 dark:hover:text-red-500
                              "[39m
      [36m/>[39m

      --------------------------------------------------
      link:

      Name "Home":
      [36m<a[39m
        [33mclass[39m=[32m"group flex items-center justify-between px-4 py-3 transition-all duration-300 relative border-b border-slate-200/30 dark:border-white/10 text-red-600 dark:text-red-500"[39m
        [33mhref[39m=[32m"/en"[39m
      [36m/>[39m

      Name "Showreel":
      [36m<a[39m
        [33mclass[39m=[32m"group flex items-center justify-between px-4 py-3 transition-all duration-300 relative border-b border-slate-200/30 dark:border-white/10 text-slate-700 dark:text-slate-200"[39m
        [33mhref[39m=[32m"/en/showreel"[39m
      [36m/>[39m

      Name "About":
      [36m<a[39m
        [33mclass[39m=[32m"group flex items-center justify-between px-4 py-3 transition-all duration-300 relative border-b border-slate-200/30 dark:border-white/10 text-slate-700 dark:text-slate-200"[39m
        [33mhref[39m=[32m"/en/about"[39m
      [36m/>[39m

      Name "Contact":
      [36m<a[39m
        [33mclass[39m=[32m"group flex items-center justify-between px-4 py-3 transition-all duration-300 relative border-b border-slate-200/30 dark:border-white/10 text-slate-700 dark:text-slate-200"[39m
        [33mhref[39m=[32m"/en/contact"[39m
      [36m/>[39m

      Name "Get Started":
      [36m<a[39m
        [33mclass[39m=[32m"block w-full text-center px-5 py-3.5 rounded-2xl text-sm font-semibold text-white bg-red-600 shadow-lg shadow-red-600/20"[39m
        [33mhref[39m=[32m"/en/contact"[39m
      [36m/>[39m

      --------------------------------------------------
      img:

      Name "Arrow":
      [36m<img[39m
        [33malt[39m=[32m"Arrow"[39m
        [33mclass[39m=[32m"w-4 h-4 transition-transform duration-300 mr-0 brightness-0 saturate-100 dark:brightness-0 dark:invert"[39m
        [33msrc[39m=[32m"/arrow.png"[39m
      [36m/>[39m

      --------------------------------------------------
      group:

      Name "Select language":
      [36m<div[39m
        [33maria-label[39m=[32m"Select language"[39m
        [33mclass[39m=[32m"
                      flex items-center gap-0.5 transition-opacity duration-300 max-w-fit
                      px-0 py-0 -my-2.5 -mx-1
                  "[39m
        [33mrole[39m=[32m"group"[39m
      [36m/>[39m

      --------------------------------------------------

    Ignored nodes: comments, script, style
    [36m<body>[39m
      [36m<div>[39m
        [36m<div[39m
          [33mclass[39m=[32m"fixed inset-0 z-[60] md:hidden"[39m
        [36m>[39m
          [36m<div[39m
            [33mclass[39m=[32m"absolute inset-0 bg-cream-50/70 dark:bg-dark-950/70 backdrop-blur-2xl"[39m
          [36m/>[39m
          [36m<div[39m
            [33mclass[39m=[32m"absolute inset-0 w-full h-full bg-cream-50/80 dark:bg-dark-950/80 backdrop-blur-2xl overflow-hidden"[39m
          [36m>[39m
            [36m<div[39m
              [33mclass[39m=[32m"relative z-10 h-full flex flex-col p-5 pt-8"[39m
            [36m>[39m
              [36m<div[39m
                [33mclass[39m=[32m"flex justify-between items-center mb-8 mr-2"[39m
              [36m>[39m
                [36m<h2[39m
                  [33mclass[39m=[32m"text-7xl sm:text-8xl md:text-9xl lg:text-10xl font-bold text-slate-900 dark:text-white ml-4 relative"[39m
                [36m>[39m
                  [0mMenu[0m
                  [36m<span[39m
                    [33mclass[39m=[32m"absolute bottom-0 left-0 w-full h-1 bg-gradient-to-r from-red-600 to-red-500 -mb-2"[39m
                  [36m/>[39m
                [36m</h2>[39m
                [36m<button[39m
                  [33maria-label[39m=[32m"Close"[39m
                  [33mclass[39m=[32m"flex items-center gap-2 text-slate-500 dark:text-slate-300 hover:text-slate-900 dark:hover:text-white transition-colors -mt-7"[39m
                [36m>[39m
                  [36m<span[39m
                    [33mclass[39m=[32m"text-[11px] tracking-wide"[39m
                  [36m>[39m
                    [0mClose[0m
                  [36m</span>[39m
                  [36m<svg[39m
                    [33mclass[39m=[32m"w-4 h-4"[39m
                    [33mfill[39m=[32m"none"[39m
                    [33mstroke[39m=[32m"currentColor"[39m
                    [33mviewBox[39m=[32m"0 0 24 24"[39m
                  [36m>[39m
                    [36m<path[39m
                      [33md[39m=[32m"M6 18L18 6M6 6l12 12"[39m
                      [33mstroke-linecap[39m=[32m"round"[39m
                      [33mstroke-linejoin[39m=[32m"round"[39m
                      [33mstroke-width[39m=[32m"2"[39m
                    [36m/>[39m
                  [36m</svg>[39m
                [36m</button>[39m
              [36m</div>[39m
              [36m<div[39m
                [33mclass[39m=[32m"flex-1 overflow-y-auto py-4 mt-8"[39m
              [36m>[39m
                [36m<div[39m
                  [33mclass[39m=[32m"flex flex-col gap-4"[39m
                [36m>[39m
                  [36m<div[39m
                    [33mclass[39m=[32m"rounded-2xl"[39m
                  [36m>[39m
                    [36m<a[39m
                      [33mclass[39m=[32m"group flex items-center justify-between px-4 py-3 transition-all duration-300 relative border-b border-slate-200/30 dark:border-white/10 text-red-600 dark:text-red-500"[39m
                      [33mhref[39m=[32m"/en"[39m
                    [36m>[39m
                      [36m<div[39m
                        [33mclass[39m=[32m"flex items-center gap-3"[39m
                      [36m>[39m
                        [36m<span[39m
                          [33mclass[39m=[32m"font-semibold text-base tracking-wide"[39m
                        [36m>[39m
                          [0mHome[0m
                        [36m</span>[39m
                      [36m</div>[39m
                      [36m<span[39m
                        [33mclass[39m=[32m"absolute bottom-0 left-4 right-4 h-px bg-gradient-to-r from-red-600 to-red-500"[39m
                      [36m/>[39m
                    [36m</a>[39m
                  [36m</div>[39m
                  [36m<div[39m
                    [33mclass[39m=[32m"rounded-2xl"[39m
                  [36m>[39m
                    [36m<div[39m
                      [33mclass[39m=[32m"relative"[39m
                    [36m>[39m
                      [36m<button[39m
                        [33mclass[39m=[32m"w-full flex items-center justify-between px-4 py-3 transition-all duration-300 relative border-b border-slate-200/30 dark:border-white/10 text-slate-700 dark:text-slate-200"[39m
                        [33mtype[39m=[32m"button"[39m
                      [36m>[39m
                        [36m<div[39m
                          [33mclass[39m=[32m"flex items-center gap-3"[39m
                        [36m>[39m
                          [36m<span[39m
                            [33mclass[39m=[32m"font-semibold text-base tracking-wide text-slate-700 dark:text-slate-200"[39m
                          [36m>[39m
                            [0mServices[0m
                          [36m</span>[39m
                        [36m</div>[39m
                        [36m<img[39m
                          [33malt[39m=[32m"Arrow"[39m
                          [33mclass[39m=[32m"w-4 h-4 transition-transform duration-300 mr-0 brightness-0 saturate-100 dark:brightness-0 dark:invert"[39m
                          [33msrc[39m=[32m"/arrow.png"[39m
                        [36m/>[39m
                        [36m<span[39m
                          [33mclass[39m=[32m"absolute bottom-0 left-4 right-4 h-px bg-gradient-to-r from-red-600 to-red-500"[39m
                        [36m/>[39m
                      [36m</button>[39m
                    [36m</div>[39m
                  [36m</div>[39m
                  [36m<div[39m
                    [33mclass[39m=[32m"rounded-2xl"[39m
                  [36m>[39m
                    [36m<a[39m
                      [33mclass[39m=[32m"group flex items-center justify-between px-4 py-3 transition-all duration-300 relative border-b border-slate-200/30 dark:border-white/10 text-slate-700 dark:text-slate-200"[39m
                      [33mhref[39m=[32m"/en/showreel"[39m
                    [36m>[39m
                      [36m<div[39m
                        [33mclass[39m=[32m"flex items-center gap-3"[39m
                      [36m>[39m
                        [36m<span[39m
                          [33mclass[39m=[32m"font-semibold text-base tracking-wide"[39m
                        [36m>[39m
                          [0mShowreel[0m
                        [36m</span>[39m
                      [36m</div>[39m
                      [36m<span[39m
                        [33mclass[39m=[32m"absolute bottom-0 left-4 right-4 h-px bg-gradient-to-r from-red-600 to-red-500"[39m
                      [36m/>[39m
                    [36m</a>[39m
                  [36m</div>[39m
                  [36m<div[39m
                    [33mclass[39m=[32m"rounded-2xl"[39m
                  [36m>[39m
                    [36m<a[39m
                      [33mclass[39m=[32m"group flex items-center justify-between px-4 py-3 transition-all duration-300 relative border-b border-slate-200/30 dark:border-white/10 text-slate-700 dark:text-slate-200"[39m
                      [33mhref[39m=[32m"/en/about"[39m
                    [36m>[39m
                      [36m<div[39m
                        [33mclass[39m=[32m"flex items-center gap-3"[39m
                      [36m>[39m
                        [36m<span[39m
                          [33mclass[39m=[32m"font-semibold text-base tracking-wide"[39m
                        [36m>[39m
                          [0mAbout[0m
                        [36m</span>[39m
                      [36m</div>[39m
                      [36m<span[39m
                        [33mclass[39m=[32m"absolute bottom-0 left-4 right-4 h-px bg-gradient-to-r from-red-600 to-red-500"[39m
                      [36m/>[39m
                    [36m</a>[39m
                  [36m</div>[39m
                  [36m<div[39m
                    [33mclass[39m=[32m"rounded-2xl"[39m
                  [36m>[39m
                    [36m<a[39m
                      [33mclass[39m=[32m"group flex items-center justify-between px-4 py-3 transition-all duration-300 relative border-b border-slate-200/30 dark:border-white/10 text-slate-700 dark:text-slate-200"[39m
                      [33mhref[39m=[32m"/en/contact"[39m
                    [36m>[39m
                      [36m<div[39m
                        [33mclass[39m=[32m"flex items-center gap-3"[39m
                      [36m>[39m
                        [36m<span[39m
                          [33mclass[39m=[32m"font-semibold text-base tracking-wide"[39m
                        [36m>[39m
                          [0mContact[0m
                        [36m</span>[39m
                      [36m</div>[39m
                      [36m<span[39m
                        [33mclass[39m=[32m"absolute bottom-0 left-4 right-4 h-px bg-gradient-to-r from-red-600 to-red-500"[39m
                      [36m/>[39m
                    [36m</a>[39m
                  [36m</div>[39m
                [36m</div>[39m
              [36m</div>[39m
              [36m<div[39m
                [33mclass[39m=[32m"pt-4 border-t border-slate-200/50 dark:border-white/10 flex items-center justify-between"[39m
              [36m>[39m
                [36m<span[39m
                  [33mclass[39m=[32m"text-xs font-medium text-slate-400 dark:text-slate-500 uppercase tracking-wider"[39m
                [36m>[39m
                  [0mLanguage[0m
                [36m</span>[39m
                [36m<div[39m
                  [33maria-label[39m=[32m"Select language"[39m
                  [33mclass[39m=[32m"
                    flex items-center gap-0.5 transition-opacity duration-300 max-w-fit
                    px-0 py-0 -my-2.5 -mx-1
                "[39m
                  [33mrole[39m=[32m"group"[39m
                [36m>[39m
                  [36m<button[39m
                    [33maria-label[39m=[32m"Switch to Español"[39m
                    [33maria-pressed[39m=[32m"false"[39m
                    [33mclass[39m=[32m"
                                relative px-2 py-1 text-xs font-bold uppercase
                                transition-all duration-300 rounded-full
                                text-slate-600 dark:text-slate-400 hover:text-red-600 dark:hover:text-red-500
                            "[39m
                  [36m>[39m
                    [36m<span[39m
                      [33mclass[39m=[32m"relative z-10"[39m
                    [36m>[39m
                      [0mES[0m
                    [36m</span>[39m
                  [36m</button>[39m
                  [36m<button[39m
                    [33maria-label[39m=[32m"Switch to English"[39m
                    [33maria-pressed[39m=[32m"true"[39m
                    [33mclass[39m=[32m"
                                relative px-2 py-1 text-xs font-bold uppercase
                                transition-all duration-300 rounded-full
                                text-red-600 dark:text-red-500
                            "[39m
                  [36m>[39m
                    [36m<span[39m
                      [33mclass[39m=[32m"relative z-10"[39m
                    [36m>[39m
                      [0mEN[0m
                    [36m</span>[39m
                  [36m</button>[39m
                  [36m<button[39m
                    [33maria-label[39m=[32m"Switch to Русский"[39m
                    [33maria-pressed[39m=[32m"false"[39m
                    [33mclass[39m=[32m"
                                relative px-2 py-1 text-xs font-bold uppercase
                                transition-all duration-300 rounded-full
                                text-slate-600 dark:text-slate-400 hover:text-red-600 dark:hover:text-red-500
                            "[39m
                  [36m>[39m
                    [36m<span[39m
                      [33mclass[39m=[32m"relative z-10"[39m
                    [36m>[39m
                      [0mRU[0m
                    [36m</span>[39m
                  [36m</button>[39m
                [36m</div>[39m
              [36m</div>[39m
              [36m<div[39m
                [33mclass[39m=[32m"mt-2"[39m
              [36m>[39m
                [36m<a[39m
                  [33mclass[39m=[32m"block w-full text-center px-5 py-3.5 rounded-2xl text-sm font-semibold text-white bg-red-600 shadow-lg shadow-red-600/20"[39m
                  [33mhref[39m=[32m"/en/contact"[39m
                [36m>[39m
                  [0mGet Started[0m
                [36m</a>[39m
              [36m</div>[39m
            [36m</div>[39m
          [36m</div>[39m
        [36m</div>[39m
      [36m</div>[39m
    [36m</body>[39m

      269 |         render(<MobileMenu {...defaultProps} isMobileMenuOpen={true} />);
      270 |
    > 271 |         const nav = screen.getByRole('navigation');
          |                            ^
      272 |         expect(nav).toHaveAttribute('aria-label');
      273 |     });
      274 |

      at Object.getElementError (node_modules/@testing-library/dom/dist/config.js:37:19)
      at node_modules/@testing-library/dom/dist/query-helpers.js:76:38
      at node_modules/@testing-library/dom/dist/query-helpers.js:52:17
      at node_modules/@testing-library/dom/dist/query-helpers.js:95:19
      at Object.getByRole (src/__tests__/components/ui/MobileMenu.test.tsx:271:28)

FAIL src/__tests__/components/ContactForm.accessibility.test.tsx
  ● ContactForm - Accessibility (a11y) › Form Structure Accessibility › has proper labels for all form fields

    TestingLibraryElementError: Unable to find a label with the text of: /Phone/i

    Ignored nodes: comments, script, style
    [36m<body>[39m
      [36m<div>[39m
        [36m<div[39m
          [33mclass[39m=[32m"contact-form p-4 sm:p-6 lg:p-10 shadow-2xl relative overflow-hidden group/card transition-all duration-500 overflow-x-hidden"[39m
        [36m>[39m
          [36m<div[39m
            [33mclass[39m=[32m"space-y-8 relative z-10"[39m
          [36m>[39m
            [36m<div[39m
              [33mclass[39m=[32m"flex p-1 bg-slate-200/50 dark:bg-dark-950/40 backdrop-blur-sm rounded-2xl w-full max-w-md mx-auto relative border border-slate-300/30 dark:border-white/5"[39m
            [36m>[39m
              [36m<div[39m
                [33mclass[39m=[32m"absolute top-1 bottom-1 rounded-xl bg-white dark:bg-dark-800 shadow-md border border-slate-200/50 dark:border-white/5"[39m
                [33mstyle[39m=[32m"width: calc(50% - 4px);"[39m
              [36m/>[39m
              [36m<button[39m
                [33mclass[39m=[32m"relative flex-1 py-2.5 text-xs sm:text-sm font-bold rounded-xl transition-all duration-300 z-10 text-primary-600 dark:text-primary-400"[39m
                [33mtype[39m=[32m"button"[39m
              [36m>[39m
                [0mSend a message[0m
              [36m</button>[39m
              [36m<button[39m
                [33mclass[39m=[32m"relative flex-1 py-2.5 text-xs sm:text-sm font-bold rounded-xl transition-all duration-300 z-10 text-slate-500 dark:text-dark-500 hover:text-slate-700 dark:hover:text-dark-300"[39m
                [33mtype[39m=[32m"button"[39m
              [36m>[39m
                [0mRequest a callback[0m
              [36m</button>[39m
            [36m</div>[39m
            [36m<form[39m
              [33maria-live[39m=[32m"polite"[39m
              [33mclass[39m=[32m"form-grid grid grid-cols-1 md:grid-cols-2 gap-x-4 sm:gap-x-6 gap-y-4 sm:gap-y-6"[39m
              [33mnovalidate[39m=[32m""[39m
            [36m>[39m
              [36m<div[39m
                [33maria-hidden[39m=[32m"true"[39m
                [33mclass[39m=[32m"hidden"[39m
              [36m>[39m
                [36m<input[39m
                  [33mautocomplete[39m=[32m"off"[39m
                  [33mname[39m=[32m"website"[39m
                  [33mreadonly[39m=[32m""[39m
                  [33mtabindex[39m=[32m"-1"[39m
                  [33mtype[39m=[32m"text"[39m
                  [33mvalue[39m=[32m""[39m
                [36m/>[39m
              [36m</div>[39m
              [36m<div[39m
                [33mclass[39m=[32m"col-span-1 md:col-span-2 grid grid-cols-1 md:grid-cols-2 gap-x-6 gap-y-7"[39m
              [36m>[39m
                [36m<div[39m
                  [33mclass[39m=[32m"group/input "[39m
                [36m>[39m
                  [36m<label[39m
                    [33mclass[39m=[32m"block text-xs font-bold text-slate-500 dark:text-dark-500 uppercase tracking-[0.15em] mb-2.5 transition-colors group-focus-within/input:text-primary-500"[39m
                    [33mfor[39m=[32m"name"[39m
                  [36m>[39m
                    [0mFull Name[0m
                    [36m<span[39m
                      [33mclass[39m=[32m"text-red-500"[39m
                    [36m>[39m
                      [0m *[0m
                    [36m</span>[39m
                  [36m</label>[39m
                  [36m<input[39m
                    [33mclass[39m=[32m"w-full px-5 py-3.5 rounded-2xl bg-white/50 dark:bg-dark-900/40 border backdrop-blur-md transition-all outline-none border-slate-200 dark:border-white/10 text-slate-900 dark:text-white focus:border-primary-500/50 dark:focus:border-primary-500/50 shadow-sm "[39m
                    [33mid[39m=[32m"name"[39m
                    [33mname[39m=[32m"name"[39m
                    [33mplaceholder[39m=[32m"Jane Doe"[39m
                    [33mvalue[39m=[32m""[39m
                  [36m/>[39m
                [36m</div>[39m
                [36m<div[39m
                  [33mclass[39m=[32m"group/input "[39m
                [36m>[39m
                  [36m<label[39m
                    [33mclass[39m=[32m"block text-xs font-bold text-slate-500 dark:text-dark-500 uppercase tracking-[0.15em] mb-2.5 transition-colors group-focus-within/input:text-primary-500"[39m
                    [33mfor[39m=[32m"email"[39m
                  [36m>[39m
                    [0mEmail[0m
                    [36m<span[39m
                      [33mclass[39m=[32m"text-red-500"[39m
                    [36m>[39m
                      [0m *[0m
                    [36m</span>[39m
                  [36m</label>[39m
                  [36m<input[39m
                    [33mclass[39m=[32m"w-full px-5 py-3.5 rounded-2xl bg-white/50 dark:bg-dark-900/40 border backdrop-blur-md transition-all outline-none border-slate-200 dark:border-white/10 text-slate-900 dark:text-white focus:border-primary-500/50 dark:focus:border-primary-500/50 shadow-sm "[39m
                    [33mid[39m=[32m"email"[39m
                    [33mname[39m=[32m"email"[39m
                    [33mplaceholder[39m=[32m"jane@company.com"[39m
                    [33mtype[39m=[32m"email"[39m
                    [33mvalue[39m=[32m""[39m
                  [36m/>[39m
                [36m</div>[39m
                [36m<div[39m
                  [33mclass[39m=[32m"group/input "[39m
                [36m>[39m
                  [36m<label[39m
                    [33mclass[39m=[32m"block text-xs font-bold text-slate-500 dark:text-dark-500 uppercase tracking-[0.15em] mb-2.5 transition-colors group-focus-within/input:text-primary-500"[39m
                    [33mfor[39m=[32m"company"[39m
                  [36m>[39m
                    [0mCompany[0m
                  [36m</label>[39m
                  [36m<input[39m
                    [33mclass[39m=[32m"w-full px-5 py-3.5 rounded-2xl bg-white/50 dark:bg-dark-900/40 border backdrop-blur-md transition-all outline-none border-slate-200 dark:border-white/10 text-slate-900 dark:text-white focus:border-primary-500/50 dark:focus:border-primary-500/50 shadow-sm "[39m
                    [33mid[39m=[32m"company"[39m
                    [33mname[39m=[32m"company"[39m
                    [33mplaceholder[39m=[32m"Your company name"[39m
                    [33mvalue[39m=[32m""[39m
                  [36m/>[39m
                [36m</div>[39m
                [36m<div[39m
                  [33mclass[39m=[32m"group/input "[39m
                [36m>[39m
                  [36m<label[39m
                    [33mclass[39m=[32m"block text-xs font-bold text-slate-500 dark:text-dark-500 uppercase tracking-[0.15em] mb-2.5 transition-colors group-focus-within/input:text-primary-500"[39m
                    [33mfor[39m=[32m"service"[39m
                  [36m>[39m
                    [0mService[0m
                    [36m<span[39m
                      [33mclass[39m=[32m"text-red-500"[39m
                    [36m>[39m
                      [0m *[0m
                    [36m</span>[39m
                  [36m</label>[39m
                  [36m<div[39m
                    [33mclass[39m=[32m"relative"[39m
                  [36m>[39m
                    [36m<select[39m
                      [33mclass[39m=[32m"w-full min-w-[200px] px-4 py-3 rounded-xl bg-wh...

      22 |             expect(document.querySelector('[name="name"]')).toBeInTheDocument();
      23 |             expect(screen.getByLabelText(/Email/i)).toBeInTheDocument();
    > 24 |             expect(screen.getByLabelText(/Phone/i)).toBeInTheDocument();
         |                           ^
      25 |             expect(screen.getByLabelText(/Company/i)).toBeInTheDocument();
      26 |             expect(screen.getByLabelText(/Service/i)).toBeInTheDocument();
      27 |             expect(screen.getByLabelText(/Budget/i)).toBeInTheDocument();

      at Object.getElementError (node_modules/@testing-library/dom/dist/config.js:37:19)
      at getAllByLabelText (node_modules/@testing-library/dom/dist/queries/label-text.js:111:38)
      at node_modules/@testing-library/dom/dist/query-helpers.js:52:17
      at node_modules/@testing-library/dom/dist/query-helpers.js:95:19
      at Object.getByLabelText (src/__tests__/components/ContactForm.accessibility.test.tsx:24:27)

  ● ContactForm - Accessibility (a11y) › Form Structure Accessibility › has proper ARIA attributes

    expect(element).toHaveAttribute("aria-hidden", "true") // element.getAttribute("aria-hidden") === "true"

    Expected the element to have attribute:
      aria-hidden="true"
    Received:
      null

      54 |             // Check for ARIA attributes on form elements
      55 |             const honeypotField = document.querySelector('input[name="website"]')!;
    > 56 |             expect(honeypotField).toHaveAttribute('aria-hidden', 'true');
         |                                   ^
      57 |             expect(honeypotField).toHaveAttribute('tabindex', '-1');
      58 |         });
      59 |     });

      at Object.toHaveAttribute (src/__tests__/components/ContactForm.accessibility.test.tsx:56:35)

  ● ContactForm - Accessibility (a11y) › Screen Reader Support › has descriptive text for form fields

    TestingLibraryElementError: Unable to find an element with the text: /Full Name \*/. This could be because the text is broken up by multiple elements. In this case, you can provide a function for your text matcher to make your matcher more flexible.

    Ignored nodes: comments, script, style
    [36m<body>[39m
      [36m<div>[39m
        [36m<div[39m
          [33mclass[39m=[32m"contact-form p-4 sm:p-6 lg:p-10 shadow-2xl relative overflow-hidden group/card transition-all duration-500 overflow-x-hidden"[39m
        [36m>[39m
          [36m<div[39m
            [33mclass[39m=[32m"space-y-8 relative z-10"[39m
          [36m>[39m
            [36m<div[39m
              [33mclass[39m=[32m"flex p-1 bg-slate-200/50 dark:bg-dark-950/40 backdrop-blur-sm rounded-2xl w-full max-w-md mx-auto relative border border-slate-300/30 dark:border-white/5"[39m
            [36m>[39m
              [36m<div[39m
                [33mclass[39m=[32m"absolute top-1 bottom-1 rounded-xl bg-white dark:bg-dark-800 shadow-md border border-slate-200/50 dark:border-white/5"[39m
                [33mstyle[39m=[32m"width: calc(50% - 4px);"[39m
              [36m/>[39m
              [36m<button[39m
                [33mclass[39m=[32m"relative flex-1 py-2.5 text-xs sm:text-sm font-bold rounded-xl transition-all duration-300 z-10 text-primary-600 dark:text-primary-400"[39m
                [33mtype[39m=[32m"button"[39m
              [36m>[39m
                [0mSend a message[0m
              [36m</button>[39m
              [36m<button[39m
                [33mclass[39m=[32m"relative flex-1 py-2.5 text-xs sm:text-sm font-bold rounded-xl transition-all duration-300 z-10 text-slate-500 dark:text-dark-500 hover:text-slate-700 dark:hover:text-dark-300"[39m
                [33mtype[39m=[32m"button"[39m
              [36m>[39m
                [0mRequest a callback[0m
              [36m</button>[39m
            [36m</div>[39m
            [36m<form[39m
              [33maria-live[39m=[32m"polite"[39m
              [33mclass[39m=[32m"form-grid grid grid-cols-1 md:grid-cols-2 gap-x-4 sm:gap-x-6 gap-y-4 sm:gap-y-6"[39m
              [33mnovalidate[39m=[32m""[39m
            [36m>[39m
              [36m<div[39m
                [33maria-hidden[39m=[32m"true"[39m
                [33mclass[39m=[32m"hidden"[39m
              [36m>[39m
                [36m<input[39m
                  [33mautocomplete[39m=[32m"off"[39m
                  [33mname[39m=[32m"website"[39m
                  [33mreadonly[39m=[32m""[39m
                  [33mtabindex[39m=[32m"-1"[39m
                  [33mtype[39m=[32m"text"[39m
                  [33mvalue[39m=[32m""[39m
                [36m/>[39m
              [36m</div>[39m
              [36m<div[39m
                [33mclass[39m=[32m"col-span-1 md:col-span-2 grid grid-cols-1 md:grid-cols-2 gap-x-6 gap-y-7"[39m
              [36m>[39m
                [36m<div[39m
                  [33mclass[39m=[32m"group/input "[39m
                [36m>[39m
                  [36m<label[39m
                    [33mclass[39m=[32m"block text-xs font-bold text-slate-500 dark:text-dark-500 uppercase tracking-[0.15em] mb-2.5 transition-colors group-focus-within/input:text-primary-500"[39m
                    [33mfor[39m=[32m"name"[39m
                  [36m>[39m
                    [0mFull Name[0m
                    [36m<span[39m
                      [33mclass[39m=[32m"text-red-500"[39m
                    [36m>[39m
                      [0m *[0m
                    [36m</span>[39m
                  [36m</label>[39m
                  [36m<input[39m
                    [33mclass[39m=[32m"w-full px-5 py-3.5 rounded-2xl bg-white/50 dark:bg-dark-900/40 border backdrop-blur-md transition-all outline-none border-slate-200 dark:border-white/10 text-slate-900 dark:text-white focus:border-primary-500/50 dark:focus:border-primary-500/50 shadow-sm "[39m
                    [33mid[39m=[32m"name"[39m
                    [33mname[39m=[32m"name"[39m
                    [33mplaceholder[39m=[32m"Jane Doe"[39m
                    [33mvalue[39m=[32m""[39m
                  [36m/>[39m
                [36m</div>[39m
                [36m<div[39m
                  [33mclass[39m=[32m"group/input "[39m
                [36m>[39m
                  [36m<label[39m
                    [33mclass[39m=[32m"block text-xs font-bold text-slate-500 dark:text-dark-500 uppercase tracking-[0.15em] mb-2.5 transition-colors group-focus-within/input:text-primary-500"[39m
                    [33mfor[39m=[32m"email"[39m
                  [36m>[39m
                    [0mEmail[0m
                    [36m<span[39m
                      [33mclass[39m=[32m"text-red-500"[39m
                    [36m>[39m
                      [0m *[0m
                    [36m</span>[39m
                  [36m</label>[39m
                  [36m<input[39m
                    [33mclass[39m=[32m"w-full px-5 py-3.5 rounded-2xl bg-white/50 dark:bg-dark-900/40 border backdrop-blur-md transition-all outline-none border-slate-200 dark:border-white/10 text-slate-900 dark:text-white focus:border-primary-500/50 dark:focus:border-primary-500/50 shadow-sm "[39m
                    [33mid[39m=[32m"email"[39m
                    [33mname[39m=[32m"email"[39m
                    [33mplaceholder[39m=[32m"jane@company.com"[39m
                    [33mtype[39m=[32m"email"[39m
                    [33mvalue[39m=[32m""[39m
                  [36m/>[39m
                [36m</div>[39m
                [36m<div[39m
                  [33mclass[39m=[32m"group/input "[39m
                [36m>[39m
                  [36m<label[39m
                    [33mclass[39m=[32m"block text-xs font-bold text-slate-500 dark:text-dark-500 uppercase tracking-[0.15em] mb-2.5 transition-colors group-focus-within/input:text-primary-500"[39m
                    [33mfor[39m=[32m"company"[39m
                  [36m>[39m
                    [0mCompany[0m
                  [36m</label>[39m
                  [36m<input[39m
                    [33mclass[39m=[32m"w-full px-5 py-3.5 rounded-2xl bg-white/50 dark:bg-dark-900/40 border backdrop-blur-md transition-all outline-none border-slate-200 dark:border-white/10 text-slate-900 dark:text-white focus:border-primary-500/50 dark:focus:border-primary-500/50 shadow-sm "[39m
                    [33mid[39m=[32m"company"[39m
                    [33mname[39m=[32m"company"[39m
                    [33mplaceholder[39m=[32m"Your company name"[39m
                    [33mvalue[39m=[32m""[39m
                  [36m/>[39m
                [36m</div>[39m
                [36m<div[39m
                  [33mclass[39m=[32m"group/input "[39m
                [36m>[39m
                  [36m<label[39m
                    [33mclass[39m=[32m"block text-xs font-bold text-slate-500 dark:text-dark-500 uppercase tracking-[0.15em] mb-2.5 transition-colors group-focus-within/input:text-primary-500"[39m
                    [33mfor[39m=[32m"service"[39m
                  [36m>[39m
                    [0mService[0m
                    [36m<span[39m
                      [33mclass[39m=[32m"text-red-500"[39m
                    [36m>[39m
                      [0m *[0m
                    [36m</span>[39m
                  [36m</label>[39m
                  [36m<div[39m
                    [33mclass[39m=[32m"relative"[39m
                  [36m>[39m
                    [36m<select[39m
                      [33mclass[39m=[32m"w-full min-w-[200px] px-4 py-3 rounded-xl bg-wh...

       97 |             render(<ContactForm lang="en" dict={mockContactFormDict} />);
       98 |
    >  99 |             expect(screen.getByText(/Full Name \*/)).toBeInTheDocument();
          |                           ^
      100 |             expect(screen.getByText(/Email \*/)).toBeInTheDocument();
      101 |             expect(screen.getByText(/Service \*/)).toBeInTheDocument();
      102 |             expect(screen.getByText(/Project Details \*/)).toBeInTheDocument();

      at Object.getElementError (node_modules/@testing-library/dom/dist/config.js:37:19)
      at node_modules/@testing-library/dom/dist/query-helpers.js:76:38
      at node_modules/@testing-library/dom/dist/query-helpers.js:52:17
      at node_modules/@testing-library/dom/dist/query-helpers.js:95:19
      at Object.getByText (src/__tests__/components/ContactForm.accessibility.test.tsx:99:27)

  ● ContactForm - Accessibility (a11y) › Screen Reader Support › has proper error announcements

    expect(received).toBeGreaterThan(expected)

    Expected: > 0
    Received:   0

      114 |             // Check for error messages (they should be in the DOM)
      115 |             const errorElements = container.querySelectorAll('[data-testid="field-error"]');
    > 116 |             expect(errorElements.length).toBeGreaterThan(0);
          |                                          ^
      117 |         });
      118 |
      119 |         it('has proper success message announcements', async () => {

      at Object.toBeGreaterThan (src/__tests__/components/ContactForm.accessibility.test.tsx:116:42)

  ● ContactForm - Accessibility (a11y) › Screen Reader Support › has proper success message announcements

    expect(received).toBeInTheDocument()

    received value must be an HTMLElement or an SVGElement.
    Received has value: null

      142 |             // Check for success message
      143 |             const successElement = container.querySelector('[data-testid="success-message"]');
    > 144 |             expect(successElement).toBeInTheDocument();
          |                                    ^
      145 |         });
      146 |
      147 |         it('has proper loading state announcements', () => {

      at __EXTERNAL_MATCHER_TRAP__ (node_modules/expect/build/index.js:2240:22)
      at Object.throwingMatcher [as toBeInTheDocument] (node_modules/expect/build/index.js:2241:6)
      at Object.toBeInTheDocument (src/__tests__/components/ContactForm.accessibility.test.tsx:144:36)

  ● ContactForm - Accessibility (a11y) › Visual Accessibility › has proper focus indicators

    expect(element).toHaveClass("focus:ring-4 focus:ring-primary-500/10")

    Expected the element to have class:
      focus:ring-4 focus:ring-primary-500/10
    Received:
      w-full px-5 py-3.5 rounded-2xl bg-white/50 dark:bg-dark-900/40 border backdrop-blur-md transition-all outline-none border-slate-200 dark:border-white/10 text-slate-900 dark:text-white focus:border-primary-500/50 dark:focus:border-primary-500/50 shadow-sm

      173 |
      174 |             // Check for focus classes
    > 175 |             expect(nameInput).toHaveClass('focus:ring-4', 'focus:ring-primary-500/10');
          |                               ^
      176 |         });
      177 |
      178 |         it('has proper error state styling', async () => {

      at Object.toHaveClass (src/__tests__/components/ContactForm.accessibility.test.tsx:175:31)

  ● ContactForm - Accessibility (a11y) › Visual Accessibility › has proper error state styling

    expect(received).toBeGreaterThan(expected)

    Expected: > 0
    Received:   0

      187 |             // Check for error styling
      188 |             const errorElements = container.querySelectorAll('[data-testid="field-error"]');
    > 189 |             expect(errorElements.length).toBeGreaterThan(0);
          |                                          ^
      190 |         });
      191 |     });
      192 |

      at Object.toBeGreaterThan (src/__tests__/components/ContactForm.accessibility.test.tsx:189:42)

  ● ContactForm - Accessibility (a11y) › Cognitive Accessibility › has clear instructions and feedback

    TestingLibraryElementError: Unable to find an element with the text: /Full Name \*/. This could be because the text is broken up by multiple elements. In this case, you can provide a function for your text matcher to make your matcher more flexible.

    Ignored nodes: comments, script, style
    [36m<body>[39m
      [36m<div>[39m
        [36m<div[39m
          [33mclass[39m=[32m"contact-form p-4 sm:p-6 lg:p-10 shadow-2xl relative overflow-hidden group/card transition-all duration-500 overflow-x-hidden"[39m
        [36m>[39m
          [36m<div[39m
            [33mclass[39m=[32m"space-y-8 relative z-10"[39m
          [36m>[39m
            [36m<div[39m
              [33mclass[39m=[32m"flex p-1 bg-slate-200/50 dark:bg-dark-950/40 backdrop-blur-sm rounded-2xl w-full max-w-md mx-auto relative border border-slate-300/30 dark:border-white/5"[39m
            [36m>[39m
              [36m<div[39m
                [33mclass[39m=[32m"absolute top-1 bottom-1 rounded-xl bg-white dark:bg-dark-800 shadow-md border border-slate-200/50 dark:border-white/5"[39m
                [33mstyle[39m=[32m"width: calc(50% - 4px);"[39m
              [36m/>[39m
              [36m<button[39m
                [33mclass[39m=[32m"relative flex-1 py-2.5 text-xs sm:text-sm font-bold rounded-xl transition-all duration-300 z-10 text-primary-600 dark:text-primary-400"[39m
                [33mtype[39m=[32m"button"[39m
              [36m>[39m
                [0mSend a message[0m
              [36m</button>[39m
              [36m<button[39m
                [33mclass[39m=[32m"relative flex-1 py-2.5 text-xs sm:text-sm font-bold rounded-xl transition-all duration-300 z-10 text-slate-500 dark:text-dark-500 hover:text-slate-700 dark:hover:text-dark-300"[39m
                [33mtype[39m=[32m"button"[39m
              [36m>[39m
                [0mRequest a callback[0m
              [36m</button>[39m
            [36m</div>[39m
            [36m<form[39m
              [33maria-live[39m=[32m"polite"[39m
              [33mclass[39m=[32m"form-grid grid grid-cols-1 md:grid-cols-2 gap-x-4 sm:gap-x-6 gap-y-4 sm:gap-y-6"[39m
              [33mnovalidate[39m=[32m""[39m
            [36m>[39m
              [36m<div[39m
                [33maria-hidden[39m=[32m"true"[39m
                [33mclass[39m=[32m"hidden"[39m
              [36m>[39m
                [36m<input[39m
                  [33mautocomplete[39m=[32m"off"[39m
                  [33mname[39m=[32m"website"[39m
                  [33mreadonly[39m=[32m""[39m
                  [33mtabindex[39m=[32m"-1"[39m
                  [33mtype[39m=[32m"text"[39m
                  [33mvalue[39m=[32m""[39m
                [36m/>[39m
              [36m</div>[39m
              [36m<div[39m
                [33mclass[39m=[32m"col-span-1 md:col-span-2 grid grid-cols-1 md:grid-cols-2 gap-x-6 gap-y-7"[39m
              [36m>[39m
                [36m<div[39m
                  [33mclass[39m=[32m"group/input "[39m
                [36m>[39m
                  [36m<label[39m
                    [33mclass[39m=[32m"block text-xs font-bold text-slate-500 dark:text-dark-500 uppercase tracking-[0.15em] mb-2.5 transition-colors group-focus-within/input:text-primary-500"[39m
                    [33mfor[39m=[32m"name"[39m
                  [36m>[39m
                    [0mFull Name[0m
                    [36m<span[39m
                      [33mclass[39m=[32m"text-red-500"[39m
                    [36m>[39m
                      [0m *[0m
                    [36m</span>[39m
                  [36m</label>[39m
                  [36m<input[39m
                    [33mclass[39m=[32m"w-full px-5 py-3.5 rounded-2xl bg-white/50 dark:bg-dark-900/40 border backdrop-blur-md transition-all outline-none border-slate-200 dark:border-white/10 text-slate-900 dark:text-white focus:border-primary-500/50 dark:focus:border-primary-500/50 shadow-sm "[39m
                    [33mid[39m=[32m"name"[39m
                    [33mname[39m=[32m"name"[39m
                    [33mplaceholder[39m=[32m"Jane Doe"[39m
                    [33mvalue[39m=[32m""[39m
                  [36m/>[39m
                [36m</div>[39m
                [36m<div[39m
                  [33mclass[39m=[32m"group/input "[39m
                [36m>[39m
                  [36m<label[39m
                    [33mclass[39m=[32m"block text-xs font-bold text-slate-500 dark:text-dark-500 uppercase tracking-[0.15em] mb-2.5 transition-colors group-focus-within/input:text-primary-500"[39m
                    [33mfor[39m=[32m"email"[39m
                  [36m>[39m
                    [0mEmail[0m
                    [36m<span[39m
                      [33mclass[39m=[32m"text-red-500"[39m
                    [36m>[39m
                      [0m *[0m
                    [36m</span>[39m
                  [36m</label>[39m
                  [36m<input[39m
                    [33mclass[39m=[32m"w-full px-5 py-3.5 rounded-2xl bg-white/50 dark:bg-dark-900/40 border backdrop-blur-md transition-all outline-none border-slate-200 dark:border-white/10 text-slate-900 dark:text-white focus:border-primary-500/50 dark:focus:border-primary-500/50 shadow-sm "[39m
                    [33mid[39m=[32m"email"[39m
                    [33mname[39m=[32m"email"[39m
                    [33mplaceholder[39m=[32m"jane@company.com"[39m
                    [33mtype[39m=[32m"email"[39m
                    [33mvalue[39m=[32m""[39m
                  [36m/>[39m
                [36m</div>[39m
                [36m<div[39m
                  [33mclass[39m=[32m"group/input "[39m
                [36m>[39m
                  [36m<label[39m
                    [33mclass[39m=[32m"block text-xs font-bold text-slate-500 dark:text-dark-500 uppercase tracking-[0.15em] mb-2.5 transition-colors group-focus-within/input:text-primary-500"[39m
                    [33mfor[39m=[32m"company"[39m
                  [36m>[39m
                    [0mCompany[0m
                  [36m</label>[39m
                  [36m<input[39m
                    [33mclass[39m=[32m"w-full px-5 py-3.5 rounded-2xl bg-white/50 dark:bg-dark-900/40 border backdrop-blur-md transition-all outline-none border-slate-200 dark:border-white/10 text-slate-900 dark:text-white focus:border-primary-500/50 dark:focus:border-primary-500/50 shadow-sm "[39m
                    [33mid[39m=[32m"company"[39m
                    [33mname[39m=[32m"company"[39m
                    [33mplaceholder[39m=[32m"Your company name"[39m
                    [33mvalue[39m=[32m""[39m
                  [36m/>[39m
                [36m</div>[39m
                [36m<div[39m
                  [33mclass[39m=[32m"group/input "[39m
                [36m>[39m
                  [36m<label[39m
                    [33mclass[39m=[32m"block text-xs font-bold text-slate-500 dark:text-dark-500 uppercase tracking-[0.15em] mb-2.5 transition-colors group-focus-within/input:text-primary-500"[39m
                    [33mfor[39m=[32m"service"[39m
                  [36m>[39m
                    [0mService[0m
                    [36m<span[39m
                      [33mclass[39m=[32m"text-red-500"[39m
                    [36m>[39m
                      [0m *[0m
                    [36m</span>[39m
                  [36m</label>[39m
                  [36m<div[39m
                    [33mclass[39m=[32m"relative"[39m
                  [36m>[39m
                    [36m<select[39m
                      [33mclass[39m=[32m"w-full min-w-[200px] px-4 py-3 rounded-xl bg-wh...

      208 |
      209 |             // Check for clear field labels
    > 210 |             expect(screen.getByText(/Full Name \*/)).toBeInTheDocument();
          |                           ^
      211 |             expect(screen.getByText(/Email \*/)).toBeInTheDocument();
      212 |
      213 |             // Check for clear submit button text

      at Object.getElementError (node_modules/@testing-library/dom/dist/config.js:37:19)
      at node_modules/@testing-library/dom/dist/query-helpers.js:76:38
      at node_modules/@testing-library/dom/dist/query-helpers.js:52:17
      at node_modules/@testing-library/dom/dist/query-helpers.js:95:19
      at Object.getByText (src/__tests__/components/ContactForm.accessibility.test.tsx:210:27)

  ● ContactForm - Accessibility (a11y) › Cognitive Accessibility › has consistent error messaging

    expect(received).toBeGreaterThan(expected)

    Expected: > 0
    Received:   0

      226 |             // Check for consistent error styling
      227 |             const errorElements = container.querySelectorAll('[data-testid="field-error"]');
    > 228 |             expect(errorElements.length).toBeGreaterThan(0);
          |                                          ^
      229 |         });
      230 |
      231 |         it('has proper form completion feedback', async () => {

      at Object.toBeGreaterThan (src/__tests__/components/ContactForm.accessibility.test.tsx:228:42)

  ● ContactForm - Accessibility (a11y) › Cognitive Accessibility › has proper form completion feedback

    expect(received).toBeInTheDocument()

    received value must be an HTMLElement or an SVGElement.
    Received has value: null

      254 |             // Check for clear success feedback
      255 |             const successElement = container.querySelector('[data-testid="success-message"]');
    > 256 |             expect(successElement).toBeInTheDocument();
          |                                    ^
      257 |         });
      258 |     });
      259 |

      at __EXTERNAL_MATCHER_TRAP__ (node_modules/expect/build/index.js:2240:22)
      at Object.throwingMatcher [as toBeInTheDocument] (node_modules/expect/build/index.js:2241:6)
      at Object.toBeInTheDocument (src/__tests__/components/ContactForm.accessibility.test.tsx:256:36)

  ● ContactForm - Accessibility (a11y) › Motor Accessibility › has appropriate click targets

    expect(element).toHaveClass("py-2.5")

    Expected the element to have class:
      py-2.5
    Received:
      btn-primary group/btn relative overflow-hidden w-full max-w-xs mx-auto block

      269 |
      270 |             tabButtons.forEach((button) => {
    > 271 |                 expect(button).toHaveClass('py-2.5');
          |                                ^
      272 |             });
      273 |         });
      274 |

      at toHaveClass (src/__tests__/components/ContactForm.accessibility.test.tsx:271:32)
          at Array.forEach (<anonymous>)
      at Object.forEach (src/__tests__/components/ContactForm.accessibility.test.tsx:270:24)

FAIL src/__tests__/components/ContactForm.test.tsx
  ● ContactForm › Honeypot field › blocks submission when honeypot is filled

    expect(jest.fn()).not.toHaveBeenCalled()

    Expected number of calls: 0
    Received number of calls: 1

    1: "/api/contact", {"body": "{\"name\":\"John Doe\",\"email\":\"john@example.com\",\"company\":\"\",\"message\":\"Type: Inquiry\\nService: Web Development\\nBudget: Not specified\\n\\nTest message\",\"recaptchaToken\":\"mock-recaptcha-token\"}", "headers": {"Content-Type": "application/json"}, "method": "POST"}

      102 |
      103 |             // Should not call API (honeypot should block submission)
    > 104 |             expect(mockFetch).not.toHaveBeenCalled();
          |                                   ^
      105 |         });
      106 |     });
      107 |

      at Object.toHaveBeenCalled (src/__tests__/components/ContactForm.test.tsx:104:35)

FAIL src/__tests__/components/ContactForm.enhanced.test.tsx (6.15 s)
  ● ContactForm - Enhanced Testing › Form Functionality › renders form with all required fields

    expect(received).toBeInTheDocument()

    received value must be an HTMLElement or an SVGElement.
    Received has value: null

      19 |             render(<ContactForm lang="en" dict={mockContactFormDict} />);
      20 |
    > 21 |             expect(document.querySelector('[name="name"]')!).toBeInTheDocument();
         |                                                              ^
      22 |             expect(document.querySelector('[name="email"]')!).toBeInTheDocument();
      23 |             expect(document.querySelector('select[name="service"]')!).toBeInTheDocument();
      24 |             expect(document.querySelector('[name="message"]')!).toBeInTheDocument();

      at __EXTERNAL_MATCHER_TRAP__ (node_modules/expect/build/index.js:2240:22)
      at Object.throwingMatcher [as toBeInTheDocument] (node_modules/expect/build/index.js:2241:6)
      at Object.toBeInTheDocument (src/__tests__/components/ContactForm.enhanced.test.tsx:21:62)

  ● ContactForm - Enhanced Testing › Form Functionality › switches between message and callback tabs

    expect(element).not.toBeInTheDocument()

    expected document not to contain element, found <input class="w-full px-5 py-3.5 rounded-2xl bg-white/50 dark:bg-dark-900/40 border backdrop-blur-md transition-all outline-none border-slate-200 dark:border-white/10 text-slate-900 dark:text-white focus:border-primary-500/50 dark:focus:border-primary-500/50 shadow-sm " id="email" name="email" placeholder="jane@company.com" type="email" value="" /> instead

      37 |
      38 |             expect(screen.getByLabelText(/Phone/i)).toBeInTheDocument();
    > 39 |             expect(screen.queryByLabelText(/Email/i)).not.toBeInTheDocument();
         |                                                           ^
      40 |         });
      41 |
      42 |         it('shows validation errors for required fields', async () => {

      at Object.toBeInTheDocument (src/__tests__/components/ContactForm.enhanced.test.tsx:39:59)

  ● ContactForm - Enhanced Testing › Form Functionality › allows sending another message after success

    Unable to find an element with the text: Thank you!. This could be because the text is broken up by multiple elements. In this case, you can provide a function for your text matcher to make your matcher more flexible.

    Ignored nodes: comments, script, style
    [36m<body>[39m
      [36m<div>[39m
        [36m<div[39m
          [33mclass[39m=[32m"contact-form p-4 sm:p-6 lg:p-10 shadow-2xl relative overflow-hidden group/card transition-all duration-500 overflow-x-hidden"[39m
        [36m>[39m
          [36m<div[39m
            [33mclass[39m=[32m"space-y-8 relative z-10"[39m
          [36m>[39m
            [36m<div[39m
              [33mclass[39m=[32m"flex p-1 bg-slate-200/50 dark:bg-dark-950/40 backdrop-blur-sm rounded-2xl w-full max-w-md mx-auto relative border border-slate-300/30 dark:border-white/5"[39m
            [36m>[39m
              [36m<div[39m
                [33mclass[39m=[32m"absolute top-1 bottom-1 rounded-xl bg-white dark:bg-dark-800 shadow-md border border-slate-200/50 dark:border-white/5"[39m
                [33mstyle[39m=[32m"width: calc(50% - 4px);"[39m
              [36m/>[39m
              [36m<button[39m
                [33mclass[39m=[32m"relative flex-1 py-2.5 text-xs sm:text-sm font-bold rounded-xl transition-all duration-300 z-10 text-primary-600 dark:text-primary-400"[39m
                [33mtype[39m=[32m"button"[39m
              [36m>[39m
                [0mSend a message[0m
              [36m</button>[39m
              [36m<button[39m
                [33mclass[39m=[32m"relative flex-1 py-2.5 text-xs sm:text-sm font-bold rounded-xl transition-all duration-300 z-10 text-slate-500 dark:text-dark-500 hover:text-slate-700 dark:hover:text-dark-300"[39m
                [33mtype[39m=[32m"button"[39m
              [36m>[39m
                [0mRequest a callback[0m
              [36m</button>[39m
            [36m</div>[39m
            [36m<form[39m
              [33maria-live[39m=[32m"polite"[39m
              [33mclass[39m=[32m"form-grid grid grid-cols-1 md:grid-cols-2 gap-x-4 sm:gap-x-6 gap-y-4 sm:gap-y-6"[39m
              [33mnovalidate[39m=[32m""[39m
            [36m>[39m
              [36m<div[39m
                [33maria-hidden[39m=[32m"true"[39m
                [33mclass[39m=[32m"hidden"[39m
              [36m>[39m
                [36m<input[39m
                  [33mautocomplete[39m=[32m"off"[39m
                  [33mname[39m=[32m"website"[39m
                  [33mreadonly[39m=[32m""[39m
                  [33mtabindex[39m=[32m"-1"[39m
                  [33mtype[39m=[32m"text"[39m
                  [33mvalue[39m=[32m""[39m
                [36m/>[39m
              [36m</div>[39m
              [36m<div[39m
                [33mclass[39m=[32m"col-span-1 md:col-span-2 grid grid-cols-1 md:grid-cols-2 gap-x-6 gap-y-7"[39m
              [36m>[39m
                [36m<div[39m
                  [33mclass[39m=[32m"group/input "[39m
                [36m>[39m
                  [36m<label[39m
                    [33mclass[39m=[32m"block text-xs font-bold text-slate-500 dark:text-dark-500 uppercase tracking-[0.15em] mb-2.5 transition-colors group-focus-within/input:text-primary-500"[39m
                    [33mfor[39m=[32m"name"[39m
                  [36m>[39m
                    [0mFull Name[0m
                    [36m<span[39m
                      [33mclass[39m=[32m"text-red-500"[39m
                    [36m>[39m
                      [0m *[0m
                    [36m</span>[39m
                  [36m</label>[39m
                  [36m<input[39m
                    [33mclass[39m=[32m"w-full px-5 py-3.5 rounded-2xl bg-white/50 dark:bg-dark-900/40 border backdrop-blur-md transition-all outline-none border-slate-200 dark:border-white/10 text-slate-900 dark:text-white focus:border-primary-500/50 dark:focus:border-primary-500/50 shadow-sm "[39m
                    [33mid[39m=[32m"name"[39m
                    [33mname[39m=[32m"name"[39m
                    [33mplaceholder[39m=[32m"Jane Doe"[39m
                    [33mvalue[39m=[32m"John Doe"[39m
                  [36m/>[39m
                [36m</div>[39m
                [36m<div[39m
                  [33mclass[39m=[32m"group/input "[39m
                [36m>[39m
                  [36m<label[39m
                    [33mclass[39m=[32m"block text-xs font-bold text-slate-500 dark:text-dark-500 uppercase tracking-[0.15em] mb-2.5 transition-colors group-focus-within/input:text-primary-500"[39m
                    [33mfor[39m=[32m"email"[39m
                  [36m>[39m
                    [0mEmail[0m
                    [36m<span[39m
                      [33mclass[39m=[32m"text-red-500"[39m
                    [36m>[39m
                      [0m *[0m
                    [36m</span>[39m
                  [36m</label>[39m
                  [36m<input[39m
                    [33mclass[39m=[32m"w-full px-5 py-3.5 rounded-2xl bg-white/50 dark:bg-dark-900/40 border backdrop-blur-md transition-all outline-none border-slate-200 dark:border-white/10 text-slate-900 dark:text-white focus:border-primary-500/50 dark:focus:border-primary-500/50 shadow-sm "[39m
                    [33mid[39m=[32m"email"[39m
                    [33mname[39m=[32m"email"[39m
                    [33mplaceholder[39m=[32m"jane@company.com"[39m
                    [33mtype[39m=[32m"email"[39m
                    [33mvalue[39m=[32m"john@example.com"[39m
                  [36m/>[39m
                [36m</div>[39m
                [36m<div[39m
                  [33mclass[39m=[32m"group/input "[39m
                [36m>[39m
                  [36m<label[39m
                    [33mclass[39m=[32m"block text-xs font-bold text-slate-500 dark:text-dark-500 uppercase tracking-[0.15em] mb-2.5 transition-colors group-focus-within/input:text-primary-500"[39m
                    [33mfor[39m=[32m"company"[39m
                  [36m>[39m
                    [0mCompany[0m
                  [36m</label>[39m
                  [36m<input[39m
                    [33mclass[39m=[32m"w-full px-5 py-3.5 rounded-2xl bg-white/50 dark:bg-dark-900/40 border backdrop-blur-md transition-all outline-none border-slate-200 dark:border-white/10 text-slate-900 dark:text-white focus:border-primary-500/50 dark:focus:border-primary-500/50 shadow-sm "[39m
                    [33mid[39m=[32m"company"[39m
                    [33mname[39m=[32m"company"[39m
                    [33mplaceholder[39m=[32m"Your company name"[39m
                    [33mvalue[39m=[32m""[39m
                  [36m/>[39m
                [36m</div>[39m
                [36m<div[39m
                  [33mclass[39m=[32m"group/input "[39m
                [36m>[39m
                  [36m<label[39m
                    [33mclass[39m=[32m"block text-xs font-bold text-slate-500 dark:text-dark-500 uppercase tracking-[0.15em] mb-2.5 transition-colors group-focus-within/input:text-primary-500"[39m
                    [33mfor[39m=[32m"service"[39m
                  [36m>[39m
                    [0mService[0m
                    [36m<span[39m
                      [33mclass[39m=[32m"text-red-500"[39m
                    [36m>[39m
                      [0m *[0m
                    [36m</span>[39m
                  [36m</label>[39m
                  [36m<div[39m
                    [33mclass[39m=[32m"relative"[39m
                  [36m>[39m
                    [36m<select[39m
                      [33mclass[39m=[32m"w-full min-w-[200px] px...

      93 |
      94 |             // Wait for success message
    > 95 |             await waitFor(() => {
         |                          ^
      96 |                 expect(screen.getByText('Thank you!')).toBeInTheDocument();
      97 |             });
      98 |

      at waitForWrapper (node_modules/@testing-library/dom/dist/wait-for.js:163:27)
      at Object.<anonymous> (src/__tests__/components/ContactForm.enhanced.test.tsx:95:26)

  ● ContactForm - Enhanced Testing › Accessibility › has proper form structure

    expect(element).toHaveAttribute("rows", "5") // element.getAttribute("rows") === "5"

    Expected the element to have attribute:
      rows="5"
    Received:
      rows="4"

      213 |             expect(document.querySelector('[name="name"]')!.getAttribute('type') || 'text').toBe('text');
      214 |             expect(document.querySelector('[name="email"]')!).toHaveAttribute('type', 'email');
    > 215 |             expect(document.querySelector('[name="message"]')!).toHaveAttribute('rows', '5');
          |                                                                 ^
      216 |         });
      217 |
      218 |         it('indicates required fields', () => {

      at Object.toHaveAttribute (src/__tests__/components/ContactForm.enhanced.test.tsx:215:65)

  ● ContactForm - Enhanced Testing › Edge Cases › handles empty dictionary gracefully

    expect(received).not.toThrow()

    Error name:    "TypeError"
    Error message: "Cannot read properties of undefined (reading 'message')"

          32 |                 }`}
          33 |             >
        > 34 |                 {tabs.message}
             |                       ^
          35 |             </button>
          36 |             <button
          37 |                 type="button"

      at message (src/components/ui/TabSwitcher.tsx:34:23)
      at renderWithHooks (node_modules/react-dom/cjs/react-dom.development.js:15486:18)
      at mountIndeterminateComponent (node_modules/react-dom/cjs/react-dom.development.js:20103:13)
      at beginWork (node_modules/react-dom/cjs/react-dom.development.js:21626:16)
      at beginWork$1 (node_modules/react-dom/cjs/react-dom.development.js:27465:14)
      at performUnitOfWork (node_modules/react-dom/cjs/react-dom.development.js:26599:12)
      at workLoopSync (node_modules/react-dom/cjs/react-dom.development.js:26505:5)
      at renderRootSync (node_modules/react-dom/cjs/react-dom.development.js:26473:7)
      at recoverFromConcurrentError (node_modules/react-dom/cjs/react-dom.development.js:25889:20)
      at performConcurrentWorkOnRoot (node_modules/react-dom/cjs/react-dom.development.js:25789:22)
      at flushActQueue (node_modules/react/cjs/react.development.js:2667:24)
      at act (node_modules/react/cjs/react.development.js:2582:11)
      at node_modules/@testing-library/react/dist/act-compat.js:46:25
      at renderRoot (node_modules/@testing-library/react/dist/pure.js:189:26)
      at render (node_modules/@testing-library/react/dist/pure.js:291:10)
      at customRender (src/__tests__/utils/test-utils.tsx:13:18)
      at src/__tests__/components/ContactForm.enhanced.test.tsx:309:23
      at Object.<anonymous> (node_modules/expect/build/index.js:1824:9)
      at Object.throwingMatcher [as toThrow] (node_modules/expect/build/index.js:2235:93)
      at Object.toThrow (src/__tests__/components/ContactForm.enhanced.test.tsx:310:20)
      at Object.toThrow (src/__tests__/components/ContactForm.enhanced.test.tsx:310:20)


Test Suites: 17 failed, 10 passed, 27 total
Tests:       102 failed, 273 passed, 375 total
Snapshots:   0 total
Time:        8.808 s
Ran all test suites.
